./gradlew : 
At line:1 char:1
+ ./gradlew assembleDebug 
--stacktrace > 
build_error.log 2>&1
+ ~~~~~~~~~~~~~~~~~~~~~~~~~~
~~~~~~~~~~~~~~~~~~~~~~~~~~~~
~~~~~
    + CategoryInfo          
    : NotSpecified: (:Stri  
  ng) [], RemoteException
    + FullyQualifiedErrorId 
    : NativeCommandError
 
FAILURE: Build failed with 
an exception.

* What went wrong:
Gradle could not start your 
build.
> Cannot create service of 
type 
BuildSessionActionExecutor 
using method LauncherService
s$ToolingBuildSessionScopeSe
rvices.createActionExecutor(
) as there is a problem 
with parameter #21 of type F
ileSystemWatchingInformation
.
   > Cannot create service 
of type BuildLifecycleAwareV
irtualFileSystem using 
method VirtualFileSystemServ
ices$GradleUserHomeServices.
createVirtualFileSystem() 
as there is a problem with 
parameter #1 of type 
FileWatchingFilter.
      > Cannot create 
service of type 
FileWatchingFilter using 
method VirtualFileSystemServ
ices$GradleUserHomeServices.
createFileWatchingFilter() 
as there is a problem with 
parameter #1 of type 
GlobalCacheLocations.
         > Cannot create 
service of type 
GlobalCacheLocations using 
method GradleUserHomeScopeSe
rvices.createGlobalCacheLoca
tions() as there is a 
problem with parameter #1 
of type List<GlobalCache>.
            > Could not 
create service of type 
FileAccessTimeJournal using 
GradleUserHomeScopeServices.
createFileAccessTimeJournal(
).
               > Timeout 
waiting to lock journal 
cache (C:\Users\kinda\.gradl
e\caches\journal-1). It is 
currently in use by another 
Gradle instance.
                 Owner PID: 
43580
                 Our PID: 
4464
                 Owner 
Operation: 
                 Our 
operation: 
                 Lock file: 
C:\Users\kinda\.gradle\cache
s\journal-1\journal-1.lock

* Try:
> Run with --info or 
--debug option to get more 
log output.
> Run with --scan to get 
full insights.
> Get more help at 
https://help.gradle.org.

* Exception is:
org.gradle.initialization.ex
ception.InitializationExcept
ion: Gradle could not start 
your build.
	at org.gradle.initializatio
n.exception.DefaultException
Analyser.collectFailures(Def
aultExceptionAnalyser.java:5
7)
	at org.gradle.initializatio
n.exception.MultipleBuildFai
luresExceptionAnalyser.trans
form(MultipleBuildFailuresEx
ceptionAnalyser.java:55)
	at org.gradle.initializatio
n.exception.MultipleBuildFai
luresExceptionAnalyser.trans
form(MultipleBuildFailuresEx
ceptionAnalyser.java:38)
	at org.gradle.initializatio
n.exception.StackTraceSaniti
zingExceptionAnalyser.transf
orm(StackTraceSanitizingExce
ptionAnalyser.java:33)
	at org.gradle.tooling.inter
nal.provider.SessionFailureR
eportingActionExecuter.execu
te(SessionFailureReportingAc
tionExecuter.java:60)
	at org.gradle.tooling.inter
nal.provider.SessionFailureR
eportingActionExecuter.execu
te(SessionFailureReportingAc
tionExecuter.java:39)
	at org.gradle.tooling.inter
nal.provider.SetupLoggingAct
ionExecuter.execute(SetupLog
gingActionExecuter.java:47)
	at org.gradle.tooling.inter
nal.provider.SetupLoggingAct
ionExecuter.execute(SetupLog
gingActionExecuter.java:31)
	at org.gradle.launcher.daem
on.server.exec.ExecuteBuild.
doBuild(ExecuteBuild.java:65
)
	at org.gradle.launcher.daem
on.server.exec.BuildCommandO
nly.execute(BuildCommandOnly
.java:37)
	at org.gradle.launcher.daem
on.server.api.DaemonCommandE
xecution.proceed(DaemonComma
ndExecution.java:104)
	at org.gradle.launcher.daem
on.server.exec.WatchForDisco
nnection.execute(WatchForDis
connection.java:39)
	at org.gradle.launcher.daem
on.server.api.DaemonCommandE
xecution.proceed(DaemonComma
ndExecution.java:104)
	at org.gradle.launcher.daem
on.server.exec.ResetDeprecat
ionLogger.execute(ResetDepre
cationLogger.java:29)
	at org.gradle.launcher.daem
on.server.api.DaemonCommandE
xecution.proceed(DaemonComma
ndExecution.java:104)
	at org.gradle.launcher.daem
on.server.exec.RequestStopIf
SingleUsedDaemon.execute(Req
uestStopIfSingleUsedDaemon.j
ava:35)
	at org.gradle.launcher.daem
on.server.api.DaemonCommandE
xecution.proceed(DaemonComma
ndExecution.java:104)
	at org.gradle.launcher.daem
on.server.exec.ForwardClient
Input$2.create(ForwardClient
Input.java:78)
	at org.gradle.launcher.daem
on.server.exec.ForwardClient
Input$2.create(ForwardClient
Input.java:75)
	at org.gradle.util.internal
.Swapper.swap(Swapper.java:3
8)
	at org.gradle.launcher.daem
on.server.exec.ForwardClient
Input.execute(ForwardClientI
nput.java:75)
	at org.gradle.launcher.daem
on.server.api.DaemonCommandE
xecution.proceed(DaemonComma
ndExecution.java:104)
	at org.gradle.launcher.daem
on.server.exec.LogAndCheckHe
alth.execute(LogAndCheckHeal
th.java:64)
	at org.gradle.launcher.daem
on.server.api.DaemonCommandE
xecution.proceed(DaemonComma
ndExecution.java:104)
	at org.gradle.launcher.daem
on.server.exec.LogToClient.d
oBuild(LogToClient.java:63)
	at org.gradle.launcher.daem
on.server.exec.BuildCommandO
nly.execute(BuildCommandOnly
.java:37)
	at org.gradle.launcher.daem
on.server.api.DaemonCommandE
xecution.proceed(DaemonComma
ndExecution.java:104)
	at org.gradle.launcher.daem
on.server.exec.EstablishBuil
dEnvironment.doBuild(Establi
shBuildEnvironment.java:84)
	at org.gradle.launcher.daem
on.server.exec.BuildCommandO
nly.execute(BuildCommandOnly
.java:37)
	at org.gradle.launcher.daem
on.server.api.DaemonCommandE
xecution.proceed(DaemonComma
ndExecution.java:104)
	at org.gradle.launcher.daem
on.server.exec.StartBuildOrR
espondWithBusy$1.run(StartBu
ildOrRespondWithBusy.java:52
)
	at org.gradle.launcher.daem
on.server.DaemonStateCoordin
ator$1.run(DaemonStateCoordi
nator.java:297)
	at org.gradle.internal.conc
urrent.ExecutorPolicy$CatchA
ndRecordFailures.onExecute(E
xecutorPolicy.java:64)
	at org.gradle.internal.conc
urrent.AbstractManagedExecut
or$1.run(AbstractManagedExec
utor.java:47)
Caused by: org.gradle.intern
al.service.ServiceCreationEx
ception: Cannot create 
service of type 
BuildSessionActionExecutor 
using method LauncherService
s$ToolingBuildSessionScopeSe
rvices.createActionExecutor(
) as there is a problem 
with parameter #21 of type F
ileSystemWatchingInformation
.
	at org.gradle.internal.serv
ice.DefaultServiceRegistry$F
actoryService.bind(DefaultSe
rviceRegistry.java:819)
	at org.gradle.internal.serv
ice.DefaultServiceRegistry$S
ingletonService.prepare(Defa
ultServiceRegistry.java:704)
	at org.gradle.internal.serv
ice.DefaultServiceRegistry$S
ingletonService.getService(D
efaultServiceRegistry.java:7
27)
	at org.gradle.internal.serv
ice.DefaultServiceRegistry$O
wnServices.getService(Defaul
tServiceRegistry.java:454)
	at org.gradle.internal.serv
ice.DefaultServiceRegistry$C
ompositeServiceProvider.getS
ervice(DefaultServiceRegistr
y.java:1012)
	at org.gradle.internal.serv
ice.DefaultServiceRegistry.f
ind(DefaultServiceRegistry.j
ava:1099)
	at org.gradle.internal.serv
ice.DefaultServiceRegistry.g
etService(DefaultServiceRegi
stry.java:332)
	at org.gradle.internal.serv
ice.DefaultServiceRegistry.f
ind(DefaultServiceRegistry.j
ava:325)
	at org.gradle.internal.serv
ice.DefaultServiceRegistry.g
et(DefaultServiceRegistry.ja
va:310)
	at org.gradle.internal.serv
ice.DefaultServiceRegistry.g
et(DefaultServiceRegistry.ja
va:305)
	at org.gradle.internal.sess
ion.DefaultBuildSessionConte
xt.execute(DefaultBuildSessi
onContext.java:46)
	at org.gradle.tooling.inter
nal.provider.BuildSessionLif
ecycleBuildActionExecuter$Ac
tionImpl.apply(BuildSessionL
ifecycleBuildActionExecuter.
java:92)
	at org.gradle.tooling.inter
nal.provider.BuildSessionLif
ecycleBuildActionExecuter$Ac
tionImpl.apply(BuildSessionL
ifecycleBuildActionExecuter.
java:80)
	at org.gradle.internal.sess
ion.BuildSessionState.run(Bu
ildSessionState.java:69)
	at org.gradle.tooling.inter
nal.provider.BuildSessionLif
ecycleBuildActionExecuter.ex
ecute(BuildSessionLifecycleB
uildActionExecuter.java:62)
	at org.gradle.tooling.inter
nal.provider.BuildSessionLif
ecycleBuildActionExecuter.ex
ecute(BuildSessionLifecycleB
uildActionExecuter.java:41)
	at org.gradle.tooling.inter
nal.provider.StartParamsVali
datingActionExecuter.execute
(StartParamsValidatingAction
Executer.java:64)
	at org.gradle.tooling.inter
nal.provider.StartParamsVali
datingActionExecuter.execute
(StartParamsValidatingAction
Executer.java:32)
	at org.gradle.tooling.inter
nal.provider.SessionFailureR
eportingActionExecuter.execu
te(SessionFailureReportingAc
tionExecuter.java:51)
	... 29 more
Caused by: org.gradle.intern
al.service.ServiceCreationEx
ception: Cannot create 
service of type BuildLifecyc
leAwareVirtualFileSystem 
using method VirtualFileSyst
emServices$GradleUserHomeSer
vices.createVirtualFileSyste
m() as there is a problem 
with parameter #1 of type 
FileWatchingFilter.
	at org.gradle.internal.serv
ice.DefaultServiceRegistry$F
actoryService.bind(DefaultSe
rviceRegistry.java:819)
	at org.gradle.internal.serv
ice.DefaultServiceRegistry$S
ingletonService.prepare(Defa
ultServiceRegistry.java:704)
	at org.gradle.internal.serv
ice.DefaultServiceRegistry$S
ingletonService.getService(D
efaultServiceRegistry.java:7
27)
	at org.gradle.internal.serv
ice.DefaultServiceRegistry$O
wnServices.getService(Defaul
tServiceRegistry.java:454)
	at org.gradle.internal.serv
ice.DefaultServiceRegistry$C
ompositeServiceProvider.getS
ervice(DefaultServiceRegistr
y.java:1012)
	at org.gradle.internal.serv
ice.DefaultServiceRegistry$P
arentServices.getService(Def
aultServiceRegistry.java:106
6)
	at org.gradle.internal.serv
ice.DefaultServiceRegistry$C
ompositeServiceProvider.getS
ervice(DefaultServiceRegistr
y.java:1012)
	at org.gradle.internal.serv
ice.DefaultServiceRegistry$C
ompositeServiceProvider.getS
ervice(DefaultServiceRegistr
y.java:1012)
	at org.gradle.internal.serv
ice.DefaultServiceRegistry.f
ind(DefaultServiceRegistry.j
ava:1099)
	at org.gradle.internal.serv
ice.DefaultServiceRegistry.a
ccess$1600(DefaultServiceReg
istry.java:84)
	at org.gradle.internal.serv
ice.DefaultServiceRegistry$F
actoryService.bind(DefaultSe
rviceRegistry.java:817)
	... 47 more
Caused by: org.gradle.intern
al.service.ServiceCreationEx
ception: Cannot create 
service of type 
FileWatchingFilter using 
method VirtualFileSystemServ
ices$GradleUserHomeServices.
createFileWatchingFilter() 
as there is a problem with 
parameter #1 of type 
GlobalCacheLocations.
	at org.gradle.internal.serv
ice.DefaultServiceRegistry$F
actoryService.bind(DefaultSe
rviceRegistry.java:819)
	at org.gradle.internal.serv
ice.DefaultServiceRegistry$S
ingletonService.prepare(Defa
ultServiceRegistry.java:704)
	at org.gradle.internal.serv
ice.DefaultServiceRegistry$S
ingletonService.getService(D
efaultServiceRegistry.java:7
27)
	at org.gradle.internal.serv
ice.DefaultServiceRegistry$O
wnServices.getService(Defaul
tServiceRegistry.java:454)
	at org.gradle.internal.serv
ice.DefaultServiceRegistry$C
ompositeServiceProvider.getS
ervice(DefaultServiceRegistr
y.java:1012)
	at org.gradle.internal.serv
ice.DefaultServiceRegistry.f
ind(DefaultServiceRegistry.j
ava:1099)
	at org.gradle.internal.serv
ice.DefaultServiceRegistry.a
ccess$1600(DefaultServiceReg
istry.java:84)
	at org.gradle.internal.serv
ice.DefaultServiceRegistry$F
actoryService.bind(DefaultSe
rviceRegistry.java:817)
	... 57 more
Caused by: org.gradle.intern
al.service.ServiceCreationEx
ception: Cannot create 
service of type 
GlobalCacheLocations using 
method GradleUserHomeScopeSe
rvices.createGlobalCacheLoca
tions() as there is a 
problem with parameter #1 
of type List<GlobalCache>.
	at org.gradle.internal.serv
ice.DefaultServiceRegistry$F
actoryService.bind(DefaultSe
rviceRegistry.java:819)
	at org.gradle.internal.serv
ice.DefaultServiceRegistry$S
ingletonService.prepare(Defa
ultServiceRegistry.java:704)
	at org.gradle.internal.serv
ice.DefaultServiceRegistry$S
ingletonService.getService(D
efaultServiceRegistry.java:7
27)
	at org.gradle.internal.serv
ice.DefaultServiceRegistry$O
wnServices.getService(Defaul
tServiceRegistry.java:454)
	at org.gradle.internal.serv
ice.DefaultServiceRegistry$C
ompositeServiceProvider.getS
ervice(DefaultServiceRegistr
y.java:1012)
	at org.gradle.internal.serv
ice.DefaultServiceRegistry.f
ind(DefaultServiceRegistry.j
ava:1099)
	at org.gradle.internal.serv
ice.DefaultServiceRegistry.a
ccess$1600(DefaultServiceReg
istry.java:84)
	at org.gradle.internal.serv
ice.DefaultServiceRegistry$F
actoryService.bind(DefaultSe
rviceRegistry.java:817)
	... 64 more
Caused by: org.gradle.intern
al.service.ServiceCreationEx
ception: Could not create 
service of type 
FileAccessTimeJournal using 
GradleUserHomeScopeServices.
createFileAccessTimeJournal(
).
	at org.gradle.internal.serv
ice.DefaultServiceRegistry$F
actoryMethodService.invokeMe
thod(DefaultServiceRegistry.
java:917)
	at org.gradle.internal.serv
ice.DefaultServiceRegistry$F
actoryService.createServiceI
nstance(DefaultServiceRegist
ry.java:842)
	at org.gradle.internal.serv
ice.DefaultServiceRegistry$M
anagedObjectServiceProvider.
getInstance(DefaultServiceRe
gistry.java:627)
	at org.gradle.internal.serv
ice.DefaultServiceRegistry$S
ingletonService.get(DefaultS
erviceRegistry.java:690)
	at org.gradle.internal.serv
ice.DefaultServiceRegistry$F
actoryService.assembleParame
ters(DefaultServiceRegistry.
java:855)
	at org.gradle.internal.serv
ice.DefaultServiceRegistry$F
actoryService.createServiceI
nstance(DefaultServiceRegist
ry.java:841)
	at org.gradle.internal.serv
ice.DefaultServiceRegistry$M
anagedObjectServiceProvider.
getInstance(DefaultServiceRe
gistry.java:627)
	at org.gradle.internal.serv
ice.DefaultServiceRegistry$S
ingletonService.get(DefaultS
erviceRegistry.java:690)
	at org.gradle.internal.serv
ice.DefaultServiceRegistry$F
actoryService.assembleParame
ters(DefaultServiceRegistry.
java:855)
	at org.gradle.internal.serv
ice.DefaultServiceRegistry$F
actoryService.createServiceI
nstance(DefaultServiceRegist
ry.java:841)
	at org.gradle.internal.serv
ice.DefaultServiceRegistry$M
anagedObjectServiceProvider.
getInstance(DefaultServiceRe
gistry.java:627)
	at org.gradle.internal.serv
ice.DefaultServiceRegistry$S
ingletonService.get(DefaultS
erviceRegistry.java:690)
	at org.gradle.internal.serv
ice.DefaultServiceRegistry.g
etCollectionService(DefaultS
erviceRegistry.java:1147)
	at org.gradle.internal.serv
ice.DefaultServiceRegistry.g
etCollectionService(DefaultS
erviceRegistry.java:1129)
	at org.gradle.internal.serv
ice.DefaultServiceRegistry.f
ind(DefaultServiceRegistry.j
ava:1091)
	at org.gradle.internal.serv
ice.DefaultServiceRegistry.a
ccess$1600(DefaultServiceReg
istry.java:84)
	at org.gradle.internal.serv
ice.DefaultServiceRegistry$F
actoryService.bind(DefaultSe
rviceRegistry.java:817)
	... 71 more
Caused by: org.gradle.cache.
LockTimeoutException: 
Timeout waiting to lock 
journal cache (C:\Users\kind
a\.gradle\caches\journal-1).
 It is currently in use by 
another Gradle instance.
Owner PID: 43580
Our PID: 4464
Owner Operation: 
Our operation: 
Lock file: C:\Users\kinda\.g
radle\caches\journal-1\journ
al-1.lock
	at org.gradle.cache.interna
l.DefaultFileLockManager$Def
aultFileLock.timeoutExceptio
n(DefaultFileLockManager.jav
a:359)
	at org.gradle.cache.interna
l.DefaultFileLockManager$Def
aultFileLock.lock(DefaultFil
eLockManager.java:320)
	at org.gradle.cache.interna
l.DefaultFileLockManager$Def
aultFileLock.<init>(DefaultF
ileLockManager.java:164)
	at org.gradle.cache.interna
l.DefaultFileLockManager.loc
k(DefaultFileLockManager.jav
a:110)
	at org.gradle.cache.interna
l.LockOnDemandCrossProcessCa
cheAccess.incrementLockCount
(LockOnDemandCrossProcessCac
heAccess.java:106)
	at org.gradle.cache.interna
l.LockOnDemandCrossProcessCa
cheAccess.acquireFileLock(Lo
ckOnDemandCrossProcessCacheA
ccess.java:168)
	at org.gradle.cache.interna
l.DefaultCacheCoordinator.on
StartWork(DefaultCacheCoordi
nator.java:398)
	at org.gradle.cache.interna
l.DefaultCacheCoordinator.us
eCache(DefaultCacheCoordinat
or.java:239)
	at org.gradle.cache.interna
l.DefaultCacheCoordinator.us
eCache(DefaultCacheCoordinat
or.java:229)
	at org.gradle.cache.interna
l.DefaultCacheCoordinator.ne
wCache(DefaultCacheCoordinat
or.java:320)
	at org.gradle.cache.interna
l.DefaultPersistentDirectory
Store.createIndexedCache(Def
aultPersistentDirectoryStore
.java:164)
	at org.gradle.cache.interna
l.DefaultCacheFactory$Refere
nceTrackingCache.createIndex
edCache(DefaultCacheFactory.
java:199)
	at org.gradle.api.internal.
changedetection.state.Defaul
tFileAccessTimeJournal.<init
>(DefaultFileAccessTimeJourn
al.java:55)
	at org.gradle.internal.serv
ice.scopes.GradleUserHomeSco
peServices.createFileAccessT
imeJournal(GradleUserHomeSco
peServices.java:239)
	at java.base/jdk.internal.r
eflect.NativeMethodAccessorI
mpl.invoke0(Native Method)
	at java.base/jdk.internal.r
eflect.NativeMethodAccessorI
mpl.invoke(NativeMethodAcces
sorImpl.java:77)
	at java.base/jdk.internal.r
eflect.DelegatingMethodAcces
sorImpl.invoke(DelegatingMet
hodAccessorImpl.java:43)
	at org.gradle.internal.refl
ect.JavaMethod.invoke(JavaMe
thod.java:125)
	at org.gradle.internal.serv
ice.ReflectionBasedServiceMe
thod.invoke(ReflectionBasedS
erviceMethod.java:35)
	at org.gradle.internal.serv
ice.DefaultServiceRegistry$F
actoryMethodService.invokeMe
thod(DefaultServiceRegistry.
java:915)
	... 87 more


BUILD FAILED in 1m 2s
