> Task :app:checkKotlinGradlePluginConfigurationErrors SKIPPED
> com.android.manifmerger.ManifestMerger2$MergeFailureException: Error parsing C:\Users\kinda\RetroS\app\src\main\AndroidManifest.xml
Caused by: java.lang.RuntimeException: com.android.manifmerger.ManifestMerger2$MergeFailureException: Error parsing C:\Users\kinda\RetroS\app\src\main\AndroidManifest.xml
Caused by: com.android.manifmerger.ManifestMerger2$MergeFailureException: Error parsing C:\Users\kinda\RetroS\app\src\main\AndroidManifest.xml
	at java.xml/com.sun.org.apache.xerces.internal.util.ErrorHandlerWrapper.createSAXParseException(ErrorHandlerWrapper.java:204)
	at java.xml/com.sun.org.apache.xerces.internal.util.ErrorHandlerWrapper.fatalError(ErrorHandlerWrapper.java:178)
	at java.xml/com.sun.org.apache.xerces.internal.impl.XMLErrorReporter.reportError(XMLErrorReporter.java:400)
	at java.xml/com.sun.org.apache.xerces.internal.impl.XMLErrorReporter.reportError(XMLErrorReporter.java:327)
	at java.xml/com.sun.org.apache.xerces.internal.impl.XMLScanner.reportFatalError(XMLScanner.java:1465)
