--------- beginning of system
02-13 09:49:49.419  1738  1791 D CompatibilityChangeReporter: Compat change id reported: 173031413; UID 1000; state: ENABLED
02-13 09:49:50.298  1738  1890 I PowerManagerService: Powering on display group fromDozing (groupId=0, uid=1000, reason=WAKE_REASON_POWER_BUTTON, details=android.policy:POWER)...
02-13 09:49:50.298  1738  1890 I PowerManagerService: Waking up from Dozing (uid=1000, reason=WAKE_REASON_POWER_BUTTON, details=android.policy:POWER)...
02-13 09:49:50.301  1738  1815 I DisplayPowerController: Blocking screen on until initial contents have been drawn.
02-13 09:49:50.326  1738  1800 W BroadcastQueue: Background execution not allowed: receiving Intent { act=android.intent.action.USER_PRESENT flg=0x24200010 } to com.google.android.gms/.auth.setup.devicesignals.LockScreenReceiver
02-13 09:49:50.326  1738  1800 W BroadcastQueue: Background execution not allowed: receiving Intent { act=android.intent.action.USER_PRESENT flg=0x24200010 } to com.google.android.gms/.chimera.GmsIntentOperationService$PersistentTrustedReceiver
02-13 09:49:50.331  1738  1815 V DisplayPowerController: Brightness [0.728] reason changing to: 'manual', previous reason: 'screen_off'.
02-13 09:49:50.333  1738  1793 I DisplayDeviceRepository: Display device changed state: "Built-in Screen", ON
02-13 09:49:50.365  1738  6973 D ActivityTaskManager: Top Process State changed to PROCESS_STATE_TOP
02-13 09:49:50.367  1738  2599 W ContextImpl: Calling a method in the system process without a qualified user: android.app.ContextImpl.bindService:1896 android.content.ContextWrapper.bindService:812 com.qualcomm.qti.activityextension.ActivityNotifier.bindToDynamicDDSService:103 com.qualcomm.qti.activityextension.ActivityNotifier.handleSendActivityInvokeNotification:184 com.qualcomm.qti.activityextension.ActivityNotifier.access$300:26 
02-13 09:49:50.367  1738  2599 W ActivityManager: Unable to start service Intent { cmp=com.qualcomm.qti.dynamicddsservice/.DynamicDDSService } U=0: not found
02-13 09:49:50.369  1738  6973 D WindowManager: ctstest  switch orientation: 6
02-13 09:49:50.377  1738  1788 D BiometricService: canAuthenticate: User=0, Caller=0, Authenticators=255
02-13 09:49:50.377  1738  1788 D BiometricService/PreAuthInfo: getCanAuthenticateInternal Modality: 0 AuthenticatorStatus: 2
02-13 09:49:50.377  1738  1788 D AuthService: canAuthenticate, userId: 0, callingUserId: 0, authenticators: 255, result: 12
02-13 09:49:50.377  1738  9240 D BiometricService: canAuthenticate: User=0, Caller=0, Authenticators=15
02-13 09:49:50.377  1738  9240 D BiometricService/PreAuthInfo: getCanAuthenticateInternal Modality: 0 AuthenticatorStatus: 2
02-13 09:49:50.378  1738  9240 D AuthService: canAuthenticate, userId: 0, callingUserId: 0, authenticators: 15, result: 12
02-13 09:49:50.401  1738  1815 I DisplayPowerController: Unblocked screen on after 99 ms
02-13 09:49:50.440  1738  1794 D CompatibilityChangeReporter: Compat change id reported: 158002302; UID 10191; state: ENABLED
02-13 09:49:50.574  1738  1815 W PowerManagerService: Screen on took 280 ms
02-13 09:49:50.574  1738  1815 I DreamManagerService: Gently waking up from dream.
02-13 09:49:50.575  1738  1790 I DreamManagerService: Performing gentle wake from dream.
02-13 09:49:50.585  1738  1815 D AutomaticBrightnessController: xxx mAmbientLux ==213.03001    newScreenAutoBrightness  ==0.73289454  value  ==0.73289454  screenAutoBrightness  0.732
02-13 09:49:50.585  1738  1815 D AutomaticBrightnessController: xxx mScreenAutoBrightness ==0.732  newScreenAutoBrightness  ==0.732  sendUpdate  ==true
02-13 09:49:50.586  1738  1815 V DisplayPowerController: Brightness [0.732] reason changing to: 'automatic', previous reason: 'manual'.
02-13 09:49:50.598  1738  2951 I DreamManagerService: Leaving dreamland.
02-13 09:49:50.598  1738  1790 I DreamManagerService: Performing gentle wake from dream.
02-13 09:49:50.598  1738  1790 I DreamController: Stopping dream: name=ComponentInfo{com.android.systemui/com.android.systemui.doze.DozeService}, isTest=false, canDoze=true, userId=0, reason='finished self'(from 'requested stopDream')
02-13 09:49:50.601  1738  1738 W ContextImpl: Calling a method in the system process without a qualified user: android.app.ContextImpl.sendBroadcast:1188 com.android.providers.settings.SettingsProvider$SettingsRegistry$MyHandler.handleMessage:4412 android.os.Handler.dispatchMessage:106 android.os.Looper.loopOnce:201 android.os.Looper.loop:288 
02-13 09:49:50.760  1738  1738 D WindowManager: powerPress: eventTime=324918647 interactive=true count=1 beganFromNonInteractive=true mShortPressOnPowerBehavior=1
02-13 09:49:50.919  1738  2418 D BATTERYCHANGED: batteryLevel ==99mPlugType  ==2
02-13 09:49:50.934  1738 11960 W BatteryExternalStatsWorker: error reading modem stats:ERROR_INVALID_INFO_RECEIVED
02-13 09:49:52.777  1738  1791 D WindowManager: ctstest  switch orientation: 6
02-13 09:49:54.033  1738 11960 I ActivityTaskManager: START u0 {act=android.settings.MANAGE_APP_ALL_FILES_ACCESS_PERMISSION dat=package:com.glyph.launcher flg=0x10000000 cmp=com.android.settings/.Settings$AppManageExternalStorageActivity} from uid 10191
02-13 09:49:54.037  1738 11960 W ActivityTaskManager: Can't find TaskDisplayArea to determine support for multi window. Task id=557 attached=false
02-13 09:49:54.039  1738 11960 D CompatibilityChangeReporter: Compat change id reported: 174042980; UID 1000; state: DISABLED
02-13 09:49:54.040  1738  2599 W ContextImpl: Calling a method in the system process without a qualified user: android.app.ContextImpl.bindService:1896 android.content.ContextWrapper.bindService:812 com.qualcomm.qti.activityextension.ActivityNotifier.bindToDynamicDDSService:103 com.qualcomm.qti.activityextension.ActivityNotifier.handleSendActivityInvokeNotification:184 com.qualcomm.qti.activityextension.ActivityNotifier.access$300:26 
02-13 09:49:54.041  1738  2599 W ActivityManager: Unable to start service Intent { cmp=com.qualcomm.qti.dynamicddsservice/.DynamicDDSService } U=0: not found
02-13 09:49:54.041  1738  2599 W ContextImpl: Calling a method in the system process without a qualified user: android.app.ContextImpl.bindService:1896 android.content.ContextWrapper.bindService:812 com.qualcomm.qti.activityextension.ActivityNotifier.bindToDynamicDDSService:103 com.qualcomm.qti.activityextension.ActivityNotifier.handleSendActivityInvokeNotification:184 com.qualcomm.qti.activityextension.ActivityNotifier.access$300:26 
02-13 09:49:54.041  1738  2599 W ActivityManager: Unable to start service Intent { cmp=com.qualcomm.qti.dynamicddsservice/.DynamicDDSService } U=0: not found
02-13 09:49:54.041  1738  2599 W ContextImpl: Calling a method in the system process without a qualified user: android.app.ContextImpl.bindService:1896 android.content.ContextWrapper.bindService:812 com.qualcomm.qti.activityextension.ActivityNotifier.bindToDynamicDDSService:103 com.qualcomm.qti.activityextension.ActivityNotifier.handleSendActivitySuspendNotification:154 com.qualcomm.qti.activityextension.ActivityNotifier.access$400:26 
02-13 09:49:54.041  1738  2599 W ActivityManager: Unable to start service Intent { cmp=com.qualcomm.qti.dynamicddsservice/.DynamicDDSService } U=0: not found
02-13 09:49:54.047  1738  2599 W ContextImpl: Calling a method in the system process without a qualified user: android.app.ContextImpl.bindService:1896 android.content.ContextWrapper.bindService:812 com.qualcomm.qti.activityextension.ActivityNotifier.bindToDynamicDDSService:103 com.qualcomm.qti.activityextension.ActivityNotifier.handleSendActivityInvokeNotification:184 com.qualcomm.qti.activityextension.ActivityNotifier.access$300:26 
02-13 09:49:54.047  1738  2599 W ActivityManager: Unable to start service Intent { cmp=com.qualcomm.qti.dynamicddsservice/.DynamicDDSService } U=0: not found
02-13 09:49:54.048  1738 11960 I ActivityTaskManager: The Process com.android.settings Already Exists in BG. So sending its PID: 28405
02-13 09:49:54.048  1738 11960 W ActivityTaskManager: Tried to set launchTime (0) < mLastActivityLaunchTime (324676631)
02-13 09:49:54.049  1738 11960 D WindowManager: ctstest  switch orientation: -1
02-13 09:49:54.049  1738 11960 D WindowManager: ctstest  switch orientation: -1
02-13 09:49:54.049  1738 11960 D WindowManager: ctstest  switch orientation: -1
02-13 09:49:54.055  1738  1815 D AutomaticBrightnessController: xxx mAmbientLux ==213.03001    newScreenAutoBrightness  ==0.73289454  value  ==0.73289454  screenAutoBrightness  0.732
02-13 09:49:54.669  1738  2599 W ContextImpl: Calling a method in the system process without a qualified user: android.app.ContextImpl.bindService:1896 android.content.ContextWrapper.bindService:812 com.qualcomm.qti.activityextension.ActivityNotifier.bindToDynamicDDSService:103 com.qualcomm.qti.activityextension.ActivityNotifier.handleSendActivitySuspendNotification:154 com.qualcomm.qti.activityextension.ActivityNotifier.access$400:26 
02-13 09:49:54.669  1738  2599 W ActivityManager: Unable to start service Intent { cmp=com.qualcomm.qti.dynamicddsservice/.DynamicDDSService } U=0: not found
02-13 09:49:55.780  1738  1815 D AutomaticBrightnessController: xxx mAmbientLux ==313.0943    newScreenAutoBrightness  ==0.98125947  value  ==0.98125947  screenAutoBrightness  0.981
02-13 09:49:55.780  1738  1815 D AutomaticBrightnessController: xxx mScreenAutoBrightness ==0.981  newScreenAutoBrightness  ==0.981  sendUpdate  ==true
02-13 09:49:55.786  1738  1738 W ContextImpl: Calling a method in the system process without a qualified user: android.app.ContextImpl.sendBroadcast:1188 com.android.providers.settings.SettingsProvider$SettingsRegistry$MyHandler.handleMessage:4412 android.os.Handler.dispatchMessage:106 android.os.Looper.loopOnce:201 android.os.Looper.loop:288 
02-13 09:50:00.012  1738  2599 W ContextImpl: Calling a method in the system process without a qualified user: android.app.ContextImpl.bindService:1896 android.content.ContextWrapper.bindService:812 com.qualcomm.qti.activityextension.ActivityNotifier.bindToDynamicDDSService:103 com.qualcomm.qti.activityextension.ActivityNotifier.handleSendActivitySuspendNotification:154 com.qualcomm.qti.activityextension.ActivityNotifier.access$400:26 
02-13 09:50:00.012  1738  2599 W ActivityManager: Unable to start service Intent { cmp=com.qualcomm.qti.dynamicddsservice/.DynamicDDSService } U=0: not found
02-13 09:50:00.023  1738  2599 W ContextImpl: Calling a method in the system process without a qualified user: android.app.ContextImpl.bindService:1896 android.content.ContextWrapper.bindService:812 com.qualcomm.qti.activityextension.ActivityNotifier.bindToDynamicDDSService:103 com.qualcomm.qti.activityextension.ActivityNotifier.handleSendActivityInvokeNotification:184 com.qualcomm.qti.activityextension.ActivityNotifier.access$300:26 
02-13 09:50:00.023  1738  2599 W ActivityManager: Unable to start service Intent { cmp=com.qualcomm.qti.dynamicddsservice/.DynamicDDSService } U=0: not found
02-13 09:50:00.024  1738  2883 D WindowManager: ctstest  switch orientation: 6
02-13 09:50:00.029  1738  2883 D CompatibilityChangeReporter: Compat change id reported: 181136395; UID 10191; state: DISABLED
02-13 09:50:00.031  1738  2883 D CompatibilityChangeReporter: Compat change id reported: 174042936; UID 10191; state: DISABLED
02-13 09:50:00.043  1738  1815 D AutomaticBrightnessController: xxx mAmbientLux ==313.0943    newScreenAutoBrightness  ==0.98125947  value  ==0.98125947  screenAutoBrightness  0.981
02-13 09:50:00.680  1738  2599 W ContextImpl: Calling a method in the system process without a qualified user: android.app.ContextImpl.bindService:1896 android.content.ContextWrapper.bindService:812 com.qualcomm.qti.activityextension.ActivityNotifier.bindToDynamicDDSService:103 com.qualcomm.qti.activityextension.ActivityNotifier.handleSendActivitySuspendNotification:154 com.qualcomm.qti.activityextension.ActivityNotifier.access$400:26 
02-13 09:50:00.681  1738  2599 W ActivityManager: Unable to start service Intent { cmp=com.qualcomm.qti.dynamicddsservice/.DynamicDDSService } U=0: not found
02-13 09:50:00.918  1738  1794 W ActivityTaskManager: Can't find TaskDisplayArea to determine support for multi window. Task id=557 attached=false
02-13 09:50:00.918  1738  1794 W ActivityTaskManager: Can't find TaskDisplayArea to determine support for multi window. Task id=557 attached=false
02-13 09:50:01.386  1738  2418 D BATTERYCHANGED: batteryLevel ==100mPlugType  ==2
02-13 09:50:02.381  1738  9240 I ActivityTaskManager: START u0 {act=android.intent.action.OPEN_DOCUMENT_TREE cmp=com.google.android.documentsui/com.android.documentsui.picker.PickActivity} from uid 10191
02-13 09:50:02.387  1738  9240 D CompatibilityChangeReporter: Compat change id reported: 174042980; UID 10042; state: DISABLED
02-13 09:50:02.388  1738  9240 D CompatibilityChangeReporter: Compat change id reported: 184838306; UID 10042; state: DISABLED
02-13 09:50:02.388  1738  9240 D CompatibilityChangeReporter: Compat change id reported: 185004937; UID 10042; state: DISABLED
02-13 09:50:02.388  1738  9240 D CompatibilityChangeReporter: Compat change id reported: 181136395; UID 10042; state: DISABLED
02-13 09:50:02.389  1738  9240 D CompatibilityChangeReporter: Compat change id reported: 174042936; UID 10042; state: DISABLED
02-13 09:50:02.390  1738  2599 W ContextImpl: Calling a method in the system process without a qualified user: android.app.ContextImpl.bindService:1896 android.content.ContextWrapper.bindService:812 com.qualcomm.qti.activityextension.ActivityNotifier.bindToDynamicDDSService:103 com.qualcomm.qti.activityextension.ActivityNotifier.handleSendActivityInvokeNotification:184 com.qualcomm.qti.activityextension.ActivityNotifier.access$300:26 
02-13 09:50:02.390  1738  2599 W ActivityManager: Unable to start service Intent { cmp=com.qualcomm.qti.dynamicddsservice/.DynamicDDSService } U=0: not found
02-13 09:50:02.391  1738  2599 W ContextImpl: Calling a method in the system process without a qualified user: android.app.ContextImpl.bindService:1896 android.content.ContextWrapper.bindService:812 com.qualcomm.qti.activityextension.ActivityNotifier.bindToDynamicDDSService:103 com.qualcomm.qti.activityextension.ActivityNotifier.handleSendActivityInvokeNotification:184 com.qualcomm.qti.activityextension.ActivityNotifier.access$300:26 
02-13 09:50:02.391  1738  2599 W ActivityManager: Unable to start service Intent { cmp=com.qualcomm.qti.dynamicddsservice/.DynamicDDSService } U=0: not found
02-13 09:50:02.391  1738  2599 W ContextImpl: Calling a method in the system process without a qualified user: android.app.ContextImpl.bindService:1896 android.content.ContextWrapper.bindService:812 com.qualcomm.qti.activityextension.ActivityNotifier.bindToDynamicDDSService:103 com.qualcomm.qti.activityextension.ActivityNotifier.handleSendActivitySuspendNotification:154 com.qualcomm.qti.activityextension.ActivityNotifier.access$400:26 
02-13 09:50:02.391  1738  2599 W ActivityManager: Unable to start service Intent { cmp=com.qualcomm.qti.dynamicddsservice/.DynamicDDSService } U=0: not found
02-13 09:50:02.397  1738  2599 W ContextImpl: Calling a method in the system process without a qualified user: android.app.ContextImpl.bindService:1896 android.content.ContextWrapper.bindService:812 com.qualcomm.qti.activityextension.ActivityNotifier.bindToDynamicDDSService:103 com.qualcomm.qti.activityextension.ActivityNotifier.handleSendActivityInvokeNotification:184 com.qualcomm.qti.activityextension.ActivityNotifier.access$300:26 
02-13 09:50:02.397  1738  2883 I ActivityTaskManager: The Process com.google.android.documentsui Already Exists in BG. So sending its PID: 25519
02-13 09:50:02.397  1738  2599 W ActivityManager: Unable to start service Intent { cmp=com.qualcomm.qti.dynamicddsservice/.DynamicDDSService } U=0: not found
02-13 09:50:02.397  1738  2883 W ActivityTaskManager: Tried to set launchTime (0) < mLastActivityLaunchTime (323684330)
02-13 09:50:02.397  1738  2883 D WindowManager: ctstest  switch orientation: -1
02-13 09:50:02.397  1738  2883 D WindowManager: ctstest  switch orientation: -1
02-13 09:50:02.397  1738  2883 D WindowManager: ctstest  switch orientation: -1
02-13 09:50:02.402  1738  1815 D AutomaticBrightnessController: xxx mAmbientLux ==313.0943    newScreenAutoBrightness  ==0.98125947  value  ==0.98125947  screenAutoBrightness  0.981
02-13 09:50:02.416  1738  9240 D CompatibilityChangeReporter: Compat change id reported: 141600225; UID 10191; state: ENABLED
02-13 09:50:02.426  1738  9240 D ActivityManager: pid 24912 com.android.externalstorage  received async transactions while frozen
02-13 09:50:02.426  1738  9240 D ActivityManager: sync unfroze 24912 com.android.externalstorage
02-13 09:50:02.914  1738  2599 W ContextImpl: Calling a method in the system process without a qualified user: android.app.ContextImpl.bindService:1896 android.content.ContextWrapper.bindService:812 com.qualcomm.qti.activityextension.ActivityNotifier.bindToDynamicDDSService:103 com.qualcomm.qti.activityextension.ActivityNotifier.handleSendActivitySuspendNotification:154 com.qualcomm.qti.activityextension.ActivityNotifier.access$400:26 
02-13 09:50:02.914  1738  2599 W ActivityManager: Unable to start service Intent { cmp=com.qualcomm.qti.dynamicddsservice/.DynamicDDSService } U=0: not found
02-13 09:50:05.177  1738  2599 W ContextImpl: Calling a method in the system process without a qualified user: android.app.ContextImpl.bindService:1896 android.content.ContextWrapper.bindService:812 com.qualcomm.qti.activityextension.ActivityNotifier.bindToDynamicDDSService:103 com.qualcomm.qti.activityextension.ActivityNotifier.handleSendActivitySuspendNotification:154 com.qualcomm.qti.activityextension.ActivityNotifier.access$400:26 
02-13 09:50:05.177  1738  2599 W ActivityManager: Unable to start service Intent { cmp=com.qualcomm.qti.dynamicddsservice/.DynamicDDSService } U=0: not found
02-13 09:50:05.187  1738  2883 D WindowManager: ctstest  switch orientation: 6
02-13 09:50:05.188  1738  2599 W ContextImpl: Calling a method in the system process without a qualified user: android.app.ContextImpl.bindService:1896 android.content.ContextWrapper.bindService:812 com.qualcomm.qti.activityextension.ActivityNotifier.bindToDynamicDDSService:103 com.qualcomm.qti.activityextension.ActivityNotifier.handleSendActivityInvokeNotification:184 com.qualcomm.qti.activityextension.ActivityNotifier.access$300:26 
02-13 09:50:05.188  1738  2599 W ActivityManager: Unable to start service Intent { cmp=com.qualcomm.qti.dynamicddsservice/.DynamicDDSService } U=0: not found
02-13 09:50:05.198  1738  1815 D AutomaticBrightnessController: xxx mAmbientLux ==313.0943    newScreenAutoBrightness  ==0.98125947  value  ==0.98125947  screenAutoBrightness  0.981
02-13 09:50:05.228  1738  3807 D CompatibilityChangeReporter: Compat change id reported: 168419799; UID 10191; state: DISABLED
02-13 09:50:05.774  1738  2599 W ContextImpl: Calling a method in the system process without a qualified user: android.app.ContextImpl.bindService:1896 android.content.ContextWrapper.bindService:812 com.qualcomm.qti.activityextension.ActivityNotifier.bindToDynamicDDSService:103 com.qualcomm.qti.activityextension.ActivityNotifier.handleSendActivitySuspendNotification:154 com.qualcomm.qti.activityextension.ActivityNotifier.access$400:26 
02-13 09:50:05.774  1738  2599 W ActivityManager: Unable to start service Intent { cmp=com.qualcomm.qti.dynamicddsservice/.DynamicDDSService } U=0: not found
02-13 09:50:48.582  1738  1815 D AutomaticBrightnessController: xxx mAmbientLux ==218.13722    newScreenAutoBrightness  ==0.7353861  value  ==0.7353861  screenAutoBrightness  0.735
02-13 09:50:48.582  1738  1815 D AutomaticBrightnessController: xxx mScreenAutoBrightness ==0.735  newScreenAutoBrightness  ==0.735  sendUpdate  ==true
02-13 09:50:48.611  1738  1738 W ContextImpl: Calling a method in the system process without a qualified user: android.app.ContextImpl.sendBroadcast:1188 com.android.providers.settings.SettingsProvider$SettingsRegistry$MyHandler.handleMessage:4412 android.os.Handler.dispatchMessage:106 android.os.Looper.loopOnce:201 android.os.Looper.loop:288 
02-13 09:50:50.915  1738  2418 D BATTERYCHANGED: batteryLevel ==99mPlugType  ==2
02-13 09:50:50.925  1738  1807 D KernelCpuUidUserSysTimeReader: Removing uids 99182-99182
02-13 09:51:20.937  1738  1788 I ActivityManager: Killing 19516:com.google.android.youtube/u0a127 (adj 935): empty for 1804s
02-13 09:51:38.723  1738  3807 D WindowManager: ctstest  switch orientation: -1
02-13 09:51:39.151  1738  2599 W ContextImpl: Calling a method in the system process without a qualified user: android.app.ContextImpl.bindService:1896 android.content.ContextWrapper.bindService:812 com.qualcomm.qti.activityextension.ActivityNotifier.bindToDynamicDDSService:103 com.qualcomm.qti.activityextension.ActivityNotifier.handleSendActivityInvokeNotification:184 com.qualcomm.qti.activityextension.ActivityNotifier.access$300:26 
02-13 09:51:39.151  1738  2599 W ActivityManager: Unable to start service Intent { cmp=com.qualcomm.qti.dynamicddsservice/.DynamicDDSService } U=0: not found
02-13 09:51:39.152  1738  9240 D WindowManager: ctstest  switch orientation: -1
02-13 09:51:39.152  1738  2599 W ContextImpl: Calling a method in the system process without a qualified user: android.app.ContextImpl.bindService:1896 android.content.ContextWrapper.bindService:812 com.qualcomm.qti.activityextension.ActivityNotifier.bindToDynamicDDSService:103 com.qualcomm.qti.activityextension.ActivityNotifier.handleSendActivitySuspendNotification:154 com.qualcomm.qti.activityextension.ActivityNotifier.access$400:26 
02-13 09:51:39.153  1738  2599 W ActivityManager: Unable to start service Intent { cmp=com.qualcomm.qti.dynamicddsservice/.DynamicDDSService } U=0: not found
02-13 09:51:39.161  1738  1815 D AutomaticBrightnessController: xxx mAmbientLux ==218.13722    newScreenAutoBrightness  ==0.7353861  value  ==0.7353861  screenAutoBrightness  0.735
02-13 09:51:39.175  1738  2599 W ContextImpl: Calling a method in the system process without a qualified user: android.app.ContextImpl.bindService:1896 android.content.ContextWrapper.bindService:812 com.qualcomm.qti.activityextension.ActivityNotifier.bindToDynamicDDSService:103 com.qualcomm.qti.activityextension.ActivityNotifier.handleSendActivitySuspendNotification:154 com.qualcomm.qti.activityextension.ActivityNotifier.access$400:26 
02-13 09:51:39.176  1738  2599 W ActivityManager: Unable to start service Intent { cmp=com.qualcomm.qti.dynamicddsservice/.DynamicDDSService } U=0: not found
02-13 09:51:41.125  1738  6973 I ActivityTaskManager: START u0 {act=android.intent.action.MAIN cat=[android.intent.category.LAUNCHER] flg=0x10200000 cmp=com.google.android.gm/.ConversationListActivityGmail bnds=[588,926][1122,1152]} from uid 10146
02-13 09:51:41.160  1738  6973 W ActivityTaskManager: Can't find TaskDisplayArea to determine support for multi window. Task id=558 attached=false
02-13 09:51:41.162  1738  6973 D CompatibilityChangeReporter: Compat change id reported: 174042980; UID 10133; state: DISABLED
02-13 09:51:41.162  1738  6973 D CompatibilityChangeReporter: Compat change id reported: 184838306; UID 10133; state: DISABLED
02-13 09:51:41.163  1738  6973 D CompatibilityChangeReporter: Compat change id reported: 185004937; UID 10133; state: DISABLED
02-13 09:51:41.163  1738  6973 D CompatibilityChangeReporter: Compat change id reported: 181136395; UID 10133; state: DISABLED
02-13 09:51:41.163  1738  6973 D CompatibilityChangeReporter: Compat change id reported: 174042936; UID 10133; state: DISABLED
02-13 09:51:41.165  1738  2599 W ContextImpl: Calling a method in the system process without a qualified user: android.app.ContextImpl.bindService:1896 android.content.ContextWrapper.bindService:812 com.qualcomm.qti.activityextension.ActivityNotifier.bindToDynamicDDSService:103 com.qualcomm.qti.activityextension.ActivityNotifier.handleSendActivityInvokeNotification:184 com.qualcomm.qti.activityextension.ActivityNotifier.access$300:26 
02-13 09:51:41.165  1738  2599 W ActivityManager: Unable to start service Intent { cmp=com.qualcomm.qti.dynamicddsservice/.DynamicDDSService } U=0: not found
02-13 09:51:41.166  1738  2599 W ContextImpl: Calling a method in the system process without a qualified user: android.app.ContextImpl.bindService:1896 android.content.ContextWrapper.bindService:812 com.qualcomm.qti.activityextension.ActivityNotifier.bindToDynamicDDSService:103 com.qualcomm.qti.activityextension.ActivityNotifier.handleSendActivityInvokeNotification:184 com.qualcomm.qti.activityextension.ActivityNotifier.access$300:26 
02-13 09:51:41.166  1738  2599 W ActivityManager: Unable to start service Intent { cmp=com.qualcomm.qti.dynamicddsservice/.DynamicDDSService } U=0: not found
02-13 09:51:41.168  1738  2599 W ContextImpl: Calling a method in the system process without a qualified user: android.app.ContextImpl.bindService:1896 android.content.ContextWrapper.bindService:812 com.qualcomm.qti.activityextension.ActivityNotifier.bindToDynamicDDSService:103 com.qualcomm.qti.activityextension.ActivityNotifier.handleSendActivitySuspendNotification:154 com.qualcomm.qti.activityextension.ActivityNotifier.access$400:26 
02-13 09:51:41.168  1738  2599 W ActivityManager: Unable to start service Intent { cmp=com.qualcomm.qti.dynamicddsservice/.DynamicDDSService } U=0: not found
02-13 09:51:41.170  1738  2599 W ContextImpl: Calling a method in the system process without a qualified user: android.app.ContextImpl.bindService:1896 android.content.ContextWrapper.bindService:812 com.qualcomm.qti.activityextension.ActivityNotifier.bindToDynamicDDSService:103 com.qualcomm.qti.activityextension.ActivityNotifier.handleSendActivityInvokeNotification:184 com.qualcomm.qti.activityextension.ActivityNotifier.access$300:26 
02-13 09:51:41.170  1738  2599 W ActivityManager: Unable to start service Intent { cmp=com.qualcomm.qti.dynamicddsservice/.DynamicDDSService } U=0: not found
02-13 09:51:41.170  1738  6973 I ActivityTaskManager: The Process com.google.android.gm Already Exists in BG. So sending its PID: 19911
02-13 09:51:41.171  1738  6973 D WindowManager: ctstest  switch orientation: -1
02-13 09:51:41.171  1738  6973 D WindowManager: ctstest  switch orientation: -1
02-13 09:51:41.171  1738  6973 D WindowManager: ctstest  switch orientation: -1
02-13 09:51:41.181  1738  1815 D AutomaticBrightnessController: xxx mAmbientLux ==218.13722    newScreenAutoBrightness  ==0.7353861  value  ==0.7353861  screenAutoBrightness  0.735
02-13 09:51:41.546  1738  1794 D CompatibilityChangeReporter: Compat change id reported: 158002302; UID 10133; state: ENABLED
02-13 09:51:41.966  1738  2599 W ContextImpl: Calling a method in the system process without a qualified user: android.app.ContextImpl.bindService:1896 android.content.ContextWrapper.bindService:812 com.qualcomm.qti.activityextension.ActivityNotifier.bindToDynamicDDSService:103 com.qualcomm.qti.activityextension.ActivityNotifier.handleSendActivitySuspendNotification:154 com.qualcomm.qti.activityextension.ActivityNotifier.access$400:26 
02-13 09:51:41.966  1738  2599 W ActivityManager: Unable to start service Intent { cmp=com.qualcomm.qti.dynamicddsservice/.DynamicDDSService } U=0: not found
02-13 09:51:41.968  1738  8310 W WindowManager: Failed looking up window session=Session{9f3efc4 2358:u0a10149} callers=com.android.server.wm.WindowManagerService.windowForClientLocked:5610 com.android.server.wm.WindowManagerService.removeWindow:2033 com.android.server.wm.Session.remove:218 
02-13 09:51:42.003  1738  2818 D CompatibilityChangeReporter: Compat change id reported: 135634846; UID 10133; state: DISABLED
02-13 09:51:42.003  1738  2818 D CompatibilityChangeReporter: Compat change id reported: 177438394; UID 10133; state: DISABLED
02-13 09:51:42.003  1738  2818 D CompatibilityChangeReporter: Compat change id reported: 135772972; UID 10133; state: DISABLED
02-13 09:51:42.003  1738  2818 D CompatibilityChangeReporter: Compat change id reported: 135754954; UID 10133; state: ENABLED
02-13 09:51:42.003  1738  1801 D CompatibilityChangeReporter: Compat change id reported: 143937733; UID 10133; state: ENABLED
02-13 09:51:42.015  1738  1801 I ActivityManager: Start proc 29854:com.google.android.webview:sandboxed_process0:org.chromium.content.app.SandboxedProcessService0:0/u0i184 for  {com.google.android.gm/org.chromium.content.app.SandboxedProcessService0:0}
02-13 09:51:42.253  1738  2402 I ActivityManager: Process com.android.providers.calendar (pid 18298) has died: cch+75 CEM 
02-13 09:51:42.359  1738  1738 D CompatibilityChangeReporter: Compat change id reported: 175319604; UID 1000; state: ENABLED
02-13 09:51:43.059  1738  9865 D CompatibilityChangeReporter: Compat change id reported: 135634846; UID 10102; state: DISABLED
02-13 09:51:43.060  1738  1801 D CompatibilityChangeReporter: Compat change id reported: 143937733; UID 10102; state: ENABLED
02-13 09:51:43.070  1738  1801 I ActivityManager: Start proc 30016:com.android.chrome:privileged_process0/u0a102 for service {com.android.chrome/org.chromium.content.app.PrivilegedProcessService0}
02-13 09:51:43.188  1738  1801 W ActivityManager: Slow operation: 122ms so far, now at startProcess: returned from zygote!
02-13 09:51:43.188  1738  1801 W ActivityManager: Slow operation: 122ms so far, now at startProcess: done updating battery stats
02-13 09:51:43.188  1738  1801 W ActivityManager: Slow operation: 122ms so far, now at startProcess: building log message
02-13 09:51:43.188  1738  1801 I ActivityManager: Start proc 30049:com.android.chrome:sandboxed_process0:org.chromium.content.app.SandboxedProcessService0:3/u0ai0 for  {com.android.chrome/org.chromium.content.app.SandboxedProcessService0:3}
02-13 09:51:43.188  1738  1801 W ActivityManager: Slow operation: 122ms so far, now at startProcess: starting to update pids map
02-13 09:51:43.188  1738  1801 W ActivityManager: Slow operation: 122ms so far, now at startProcess: done updating pids map
02-13 09:51:43.276  1738  9865 I ActivityManager: Process com.google.process.gapps (pid 20743) has died: cch+65 CEM 
02-13 09:51:43.449  1738  1794 D CompatibilityChangeReporter: Compat change id reported: 158002302; UID 10110; state: ENABLED
02-13 09:51:50.900  1738  2418 D BATTERYCHANGED: batteryLevel ==100mPlugType  ==2
02-13 09:51:51.182  1738  1815 D AutomaticBrightnessController: xxx mAmbientLux ==355.03827    newScreenAutoBrightness  ==0.9814277  value  ==0.9814277  screenAutoBrightness  0.981
02-13 09:51:51.182  1738  1815 D AutomaticBrightnessController: xxx mScreenAutoBrightness ==0.981  newScreenAutoBrightness  ==0.981  sendUpdate  ==true
02-13 09:51:51.190  1738  1738 W ContextImpl: Calling a method in the system process without a qualified user: android.app.ContextImpl.sendBroadcast:1188 com.android.providers.settings.SettingsProvider$SettingsRegistry$MyHandler.handleMessage:4412 android.os.Handler.dispatchMessage:106 android.os.Looper.loopOnce:201 android.os.Looper.loop:288 
02-13 09:51:51.196  1738  1807 D KernelCpuUidUserSysTimeReader: Removing uids 10181-10181
02-13 09:51:53.187  1738  8310 E ClipboardService: Denying clipboard access to com.android.chrome, application is not in focus nor is it a system service for user 0
02-13 09:51:53.188  1738  8310 E ClipboardService: Denying clipboard access to com.google.android.gms, application is not in focus nor is it a system service for user 0
02-13 09:51:53.192  1738  9865 E ClipboardService: Denying clipboard access to com.android.chrome, application is not in focus nor is it a system service for user 0
02-13 09:51:53.192  1738  9865 E ClipboardService: Denying clipboard access to com.google.android.gms, application is not in focus nor is it a system service for user 0
02-13 09:51:53.207  1738  2314 E ClipboardService: Denying clipboard access to com.android.chrome, application is not in focus nor is it a system service for user 0
02-13 09:51:53.207  1738  2314 E ClipboardService: Denying clipboard access to com.google.android.gms, application is not in focus nor is it a system service for user 0
02-13 09:51:53.953  1738  9865 D WindowManager: ctstest  switch orientation: -1
02-13 09:51:54.505  1738  2599 W ContextImpl: Calling a method in the system process without a qualified user: android.app.ContextImpl.bindService:1896 android.content.ContextWrapper.bindService:812 com.qualcomm.qti.activityextension.ActivityNotifier.bindToDynamicDDSService:103 com.qualcomm.qti.activityextension.ActivityNotifier.handleSendActivityInvokeNotification:184 com.qualcomm.qti.activityextension.ActivityNotifier.access$300:26 
02-13 09:51:54.505  1738  2599 W ActivityManager: Unable to start service Intent { cmp=com.qualcomm.qti.dynamicddsservice/.DynamicDDSService } U=0: not found
02-13 09:51:54.507  1738  2599 W ContextImpl: Calling a method in the system process without a qualified user: android.app.ContextImpl.bindService:1896 android.content.ContextWrapper.bindService:812 com.qualcomm.qti.activityextension.ActivityNotifier.bindToDynamicDDSService:103 com.qualcomm.qti.activityextension.ActivityNotifier.handleSendActivitySuspendNotification:154 com.qualcomm.qti.activityextension.ActivityNotifier.access$400:26 
02-13 09:51:54.507  1738  2599 W ActivityManager: Unable to start service Intent { cmp=com.qualcomm.qti.dynamicddsservice/.DynamicDDSService } U=0: not found
02-13 09:51:54.511  1738  9865 D WindowManager: ctstest  switch orientation: -1
02-13 09:51:54.517  1738  1815 D AutomaticBrightnessController: xxx mAmbientLux ==355.03827    newScreenAutoBrightness  ==0.9814277  value  ==0.9814277  screenAutoBrightness  0.981
02-13 09:51:54.522  1738  2599 W ContextImpl: Calling a method in the system process without a qualified user: android.app.ContextImpl.bindService:1896 android.content.ContextWrapper.bindService:812 com.qualcomm.qti.activityextension.ActivityNotifier.bindToDynamicDDSService:103 com.qualcomm.qti.activityextension.ActivityNotifier.handleSendActivitySuspendNotification:154 com.qualcomm.qti.activityextension.ActivityNotifier.access$400:26 
02-13 09:51:54.529  1738  2599 W ActivityManager: Unable to start service Intent { cmp=com.qualcomm.qti.dynamicddsservice/.DynamicDDSService } U=0: not found
02-13 09:51:56.019  1738  2599 W ContextImpl: Calling a method in the system process without a qualified user: android.app.ContextImpl.bindService:1896 android.content.ContextWrapper.bindService:812 com.qualcomm.qti.activityextension.ActivityNotifier.bindToDynamicDDSService:103 com.qualcomm.qti.activityextension.ActivityNotifier.handleSendActivityInvokeNotification:184 com.qualcomm.qti.activityextension.ActivityNotifier.access$300:26 
02-13 09:51:56.020  1738  2599 W ActivityManager: Unable to start service Intent { cmp=com.qualcomm.qti.dynamicddsservice/.DynamicDDSService } U=0: not found
02-13 09:51:56.020  1738  2599 W ContextImpl: Calling a method in the system process without a qualified user: android.app.ContextImpl.bindService:1896 android.content.ContextWrapper.bindService:812 com.qualcomm.qti.activityextension.ActivityNotifier.bindToDynamicDDSService:103 com.qualcomm.qti.activityextension.ActivityNotifier.handleSendActivitySuspendNotification:154 com.qualcomm.qti.activityextension.ActivityNotifier.access$400:26 
02-13 09:51:56.020  1738  2599 W ActivityManager: Unable to start service Intent { cmp=com.qualcomm.qti.dynamicddsservice/.DynamicDDSService } U=0: not found
02-13 09:51:56.028  1738  2599 W ContextImpl: Calling a method in the system process without a qualified user: android.app.ContextImpl.bindService:1896 android.content.ContextWrapper.bindService:812 com.qualcomm.qti.activityextension.ActivityNotifier.bindToDynamicDDSService:103 com.qualcomm.qti.activityextension.ActivityNotifier.handleSendActivityInvokeNotification:184 com.qualcomm.qti.activityextension.ActivityNotifier.access$300:26 
02-13 09:51:56.029  1738  2599 W ActivityManager: Unable to start service Intent { cmp=com.qualcomm.qti.dynamicddsservice/.DynamicDDSService } U=0: not found
02-13 09:51:56.030  1738  6973 D WindowManager: ctstest  switch orientation: 6
02-13 09:51:56.039  1738  1815 D AutomaticBrightnessController: xxx mAmbientLux ==355.03827    newScreenAutoBrightness  ==0.9814277  value  ==0.9814277  screenAutoBrightness  0.981
02-13 09:51:56.415  1738  2599 W ContextImpl: Calling a method in the system process without a qualified user: android.app.ContextImpl.bindService:1896 android.content.ContextWrapper.bindService:812 com.qualcomm.qti.activityextension.ActivityNotifier.bindToDynamicDDSService:103 com.qualcomm.qti.activityextension.ActivityNotifier.handleSendActivitySuspendNotification:154 com.qualcomm.qti.activityextension.ActivityNotifier.access$400:26 
02-13 09:51:56.415  1738  2599 W ActivityManager: Unable to start service Intent { cmp=com.qualcomm.qti.dynamicddsservice/.DynamicDDSService } U=0: not found
02-13 09:52:02.230  1738  2402 D WindowManager: ctstest  switch orientation: -1
02-13 09:52:03.297  1738  2599 W ContextImpl: Calling a method in the system process without a qualified user: android.app.ContextImpl.bindService:1896 android.content.ContextWrapper.bindService:812 com.qualcomm.qti.activityextension.ActivityNotifier.bindToDynamicDDSService:103 com.qualcomm.qti.activityextension.ActivityNotifier.handleSendActivitySuspendNotification:154 com.qualcomm.qti.activityextension.ActivityNotifier.access$400:26 
02-13 09:52:03.298  1738  2599 W ActivityManager: Unable to start service Intent { cmp=com.qualcomm.qti.dynamicddsservice/.DynamicDDSService } U=0: not found
02-13 09:52:03.299  1738  1793 I ActivityManager: PendingStartActivityUids startActivity to updateOomAdj delay:1068ms, uid:10146
02-13 09:52:03.327  1738  1799 W UsageStatsService: Unexpected activity event reported! (com.android.launcher3/com.android.searchlauncher.SearchLauncher event : 23 instanceId : 59559038)
02-13 09:52:10.985  1738  8310 I ClipboardService: Glyph pasted from your clipboard
02-13 09:52:15.107  1738  1788 W NotificationService: Toast already killed. pkg=android token=android.os.Binder@83be456
02-13 09:52:25.838  1738  1738 W WindowManager: removeWindowToken: Attempted to remove non-existing token: android.os.Binder@19790fc
02-13 09:52:50.916  1738  2418 D BATTERYCHANGED: batteryLevel ==99mPlugType  ==2
02-13 09:52:51.181  1738  1815 D AutomaticBrightnessController: xxx mAmbientLux ==224.22034    newScreenAutoBrightness  ==0.7389196  value  ==0.7389196  screenAutoBrightness  0.738
02-13 09:52:51.182  1738  1815 D AutomaticBrightnessController: xxx mScreenAutoBrightness ==0.738  newScreenAutoBrightness  ==0.738  sendUpdate  ==true
02-13 09:52:51.193  1738  1738 W ContextImpl: Calling a method in the system process without a qualified user: android.app.ContextImpl.sendBroadcast:1188 com.android.providers.settings.SettingsProvider$SettingsRegistry$MyHandler.handleMessage:4412 android.os.Handler.dispatchMessage:106 android.os.Looper.loopOnce:201 android.os.Looper.loop:288 
--------- beginning of main
02-13 09:53:01.264 29002 30788 I okhttp.OkHttpClient: ","language":"eng","games_count":439,"image_background":"https://media.rawg.io/media/screenshots/eac/eac72edc97a61b3b75b394fb97edf494.jpg"},{"id":1743,"name":"collect","slug":"collect","language":"eng","games_count":5934,"image_background":"https://media.rawg.io/media/screenshots/2ba/2baa9e5c2c019a947705cd865ce0b08b.jpg"},{"id":8234,"name":"fall","slug":"fall","language":"eng","games_count":2395,"image_background":"https://media.rawg.io/media/screenshots/5ad/5ad4b49c5332fe35133816bfc8bcdc3b.jpg"}],"esrb_rating":null,"user_game":null,"reviews_count":0,"community_rating":0,"saturated_color":"0f0f0f","dominant_color":"0f0f0f","short_screenshots":[{"id":-1,"image":"https://media.rawg.io/media/screenshots/b24/b24e7eba6f3e2b2a2e907b8e426d2c17.jpg"},{"id":1368471,"image":"https://media.rawg.io/media/screenshots/f77/f7700c175dfecfd45e1c403b762c15d9.jpg"},{"id":1368472,"image":"https://media.rawg.io/media/screenshots/0a6/0a6e17997291799937e3c66a47736514.jpg"},{"id":1368473,"image":"https://media.rawg.io/media/screenshots/f5e/f5e8bc41de8866e5642f011fb453c7cb.jpg"},{"id":1368474,"image":"https://media.rawg.io/media/screenshots/2de/2de1c12a9d6171d220785aa6ff34ed9a.jpg"},{"id":1368475,"image":"https://media.rawg.io/media/screenshots/42e/42ec6cfc994e2cc10800c4242302f8ca.jpg"},{"id":1368476,"image":"https://media.rawg.io/media/screenshots/19e/19ef260e7209d6ddac45988e01fb575d.jpg"}],"parent_platforms":[{"platform":{"id":8,"name":"Android","slug":"android"}}],"genres":[{"id":11,"name":"Arcade","slug":"arcade"}]}],"user_platforms":false}
02-13 09:53:01.264 29002 30788 I okhttp.OkHttpClient: <-- END HTTP (33854-byte body)
02-13 09:53:01.270  2701  5554 I TSAPP_TSService: monitorTemperature screen is on 
02-13 09:53:01.272  2701  5554 I TSAPP_AppProcessManager: isSystemApplications false : [com.glyph.launcher]
02-13 09:53:01.279 29002 30782 D GlyphScraper:   rawg -> no match
02-13 09:53:01.279 29002 30782 D GlyphScraper:   No results from any scraper
02-13 09:53:01.279  2701  5554 I TSAPP_RRM: foregroundRunningAppSets : [com.glyph.launcher]
02-13 09:53:01.279  2701  5554 I TSAPP_RRM: appRunningRefreshRate runningApp : com.glyph.launcher
02-13 09:53:01.285  2701  5554 I TSAPP_TSService: monitorTemperature mQuietTemp = 30.232
02-13 09:53:01.287  2701  5554 I TSAPP_AppProcessManager: isSystemApplications false : [com.glyph.launcher]
02-13 09:53:01.297  2701  5554 I TSAPP_TSService: monitorTemperature screen is on 
02-13 09:53:01.299  2701  5554 I TSAPP_AppProcessManager: isSystemApplications false : [com.glyph.launcher]
02-13 09:53:01.307  2701  5554 I TSAPP_RRM: foregroundRunningAppSets : [com.glyph.launcher]
02-13 09:53:01.307  2701  5554 I TSAPP_RRM: appRunningRefreshRate runningApp : com.glyph.launcher
02-13 09:53:01.313  2701  5554 I TSAPP_TSService: monitorTemperature mQuietTemp = 30.221
02-13 09:53:01.314  2701  5554 I TSAPP_AppProcessManager: isSystemApplications false : [com.glyph.launcher]
02-13 09:53:01.322  2701  5554 I TSAPP_TSService: monitorTemperature screen is on 
02-13 09:53:01.323  2701  5554 I TSAPP_AppProcessManager: isSystemApplications false : [com.glyph.launcher]
02-13 09:53:01.330  2701  5554 I TSAPP_RRM: foregroundRunningAppSets : [com.glyph.launcher]
02-13 09:53:01.330  2701  5554 I TSAPP_RRM: appRunningRefreshRate runningApp : com.glyph.launcher
02-13 09:53:01.335  2701  5554 I TSAPP_TSService: monitorTemperature mQuietTemp = 30.232
02-13 09:53:01.337  2701  5554 I TSAPP_AppProcessManager: isSystemApplications false : [com.glyph.launcher]
02-13 09:53:01.344  2701  5554 I TSAPP_TSService: monitorTemperature screen is on 
02-13 09:53:01.345  2701  5554 I TSAPP_AppProcessManager: isSystemApplications false : [com.glyph.launcher]
02-13 09:53:01.352  2701  5554 I TSAPP_RRM: foregroundRunningAppSets : [com.glyph.launcher]
02-13 09:53:01.352  2701  5554 I TSAPP_RRM: appRunningRefreshRate runningApp : com.glyph.launcher
02-13 09:53:01.354  1143  1586 W VsyncModulator: setTransactionSchedule: Unexpected EarlyEnd
02-13 09:53:01.361  2701  5554 I TSAPP_TSService: monitorTemperature mQuietTemp = 30.232
02-13 09:53:01.363  2701  5554 I TSAPP_AppProcessManager: isSystemApplications false : [com.glyph.launcher]
02-13 09:53:01.372  2701  5554 I TSAPP_TSService: monitorTemperature screen is on 
02-13 09:53:01.373  2701  5554 I TSAPP_AppProcessManager: isSystemApplications false : [com.glyph.launcher]
02-13 09:53:01.381  2701  5554 I TSAPP_RRM: foregroundRunningAppSets : [com.glyph.launcher]
02-13 09:53:01.381  2701  5554 I TSAPP_RRM: appRunningRefreshRate runningApp : com.glyph.launcher
02-13 09:53:01.387  2701  5554 I TSAPP_TSService: monitorTemperature mQuietTemp = 30.238
02-13 09:53:01.388  2701  5554 I TSAPP_AppProcessManager: isSystemApplications false : [com.glyph.launcher]
02-13 09:53:01.398  2701  5554 I TSAPP_TSService: monitorTemperature screen is on 
02-13 09:53:01.400  2701  5554 I TSAPP_AppProcessManager: isSystemApplications false : [com.glyph.launcher]
02-13 09:53:01.409  2701  5554 I TSAPP_RRM: foregroundRunningAppSets : [com.glyph.launcher]
02-13 09:53:01.409  2701  5554 I TSAPP_RRM: appRunningRefreshRate runningApp : com.glyph.launcher
02-13 09:53:01.414  2701  5554 I TSAPP_TSService: monitorTemperature mQuietTemp = 30.232
02-13 09:53:01.415  2701  5554 I TSAPP_AppProcessManager: isSystemApplications false : [com.glyph.launcher]
02-13 09:53:01.425  2701  5554 I TSAPP_TSService: monitorTemperature screen is on 
02-13 09:53:01.426  2701  5554 I TSAPP_AppProcessManager: isSystemApplications false : [com.glyph.launcher]
02-13 09:53:01.434  2701  5554 I TSAPP_RRM: foregroundRunningAppSets : [com.glyph.launcher]
02-13 09:53:01.434  2701  5554 I TSAPP_RRM: appRunningRefreshRate runningApp : com.glyph.launcher
02-13 09:53:01.440  2701  5554 I TSAPP_TSService: monitorTemperature mQuietTemp = 30.232
02-13 09:53:01.441  2701  5554 I TSAPP_AppProcessManager: isSystemApplications false : [com.glyph.launcher]
02-13 09:53:01.449  2701  5554 I TSAPP_TSService: monitorTemperature screen is on 
02-13 09:53:01.450  2701  5554 I TSAPP_AppProcessManager: isSystemApplications false : [com.glyph.launcher]
02-13 09:53:01.457  2701  5554 I TSAPP_RRM: foregroundRunningAppSets : [com.glyph.launcher]
02-13 09:53:01.457  2701  5554 I TSAPP_RRM: appRunningRefreshRate runningApp : com.glyph.launcher
02-13 09:53:01.463  2701  5554 I TSAPP_TSService: monitorTemperature mQuietTemp = 30.232
02-13 09:53:01.465  2701  5554 I TSAPP_AppProcessManager: isSystemApplications false : [com.glyph.launcher]
02-13 09:53:01.467 29002 30786 I okhttp.OkHttpClient: <-- 200 https://api.rawg.io/api/games?key=a1ed69b873054e1baf63be8c4cb41781&search=Disney%27s%20Donald%20Duck%20Goin%27%20Quackers&platforms=21&page_size=10 (612ms)
02-13 09:53:01.467 29002 30786 I okhttp.OkHttpClient: date: Fri, 13 Feb 2026 08:52:58 GMT
02-13 09:53:01.467 29002 30786 I okhttp.OkHttpClient: content-type: application/json
02-13 09:53:01.467 29002 30786 I okhttp.OkHttpClient: server: cloudflare
02-13 09:53:01.467 29002 30786 I okhttp.OkHttpClient: allow: GET, POST, HEAD, OPTIONS
02-13 09:53:01.467 29002 30786 I okhttp.OkHttpClient: path: api-game-list
02-13 09:53:01.468 29002 30786 I okhttp.OkHttpClient: x-frame-options: SAMEORIGIN
02-13 09:53:01.468 29002 30786 I okhttp.OkHttpClient: vary: Origin
02-13 09:53:01.468 29002 30786 I okhttp.OkHttpClient: content-language: en
02-13 09:53:01.468 29002 30786 I okhttp.OkHttpClient: api-user: 758837
02-13 09:53:01.468 29002 30786 I okhttp.OkHttpClient: x-cache-status: MISS
02-13 09:53:01.468 29002 30786 I okhttp.OkHttpClient: x-server: api_rawg_io
02-13 09:53:01.468 29002 30786 I okhttp.OkHttpClient: cf-cache-status: DYNAMIC
02-13 09:53:01.468 29002 30786 I okhttp.OkHttpClient: strict-transport-security: max-age=0; includeSubDomains; preload
02-13 09:53:01.468 29002 30786 I okhttp.OkHttpClient: report-to: {"group":"cf-nel","max_age":604800,"endpoints":[{"url":"https://a.nel.cloudflare.com/report/v4?s=J99P2pahdzOa%2BYar0q4gbdiMGwaDtvYU9bLJCGp%2BE7I%2BdSek9jtiZk%2F4OStp9k%2F4fjZZhCAroJfb7RlBWDA5L1QAe5k1jeOaF6o%3D"}]}
02-13 09:53:01.468 29002 30786 I okhttp.OkHttpClient: nel: {"report_to":"cf-nel","success_fraction":0.0,"max_age":604800}
02-13 09:53:01.468 29002 30786 I okhttp.OkHttpClient: cf-ray: 9cd317b7ab9e0d38-ARN
