02-13 09:53:08.881  2701  5554 I TSAPP_TSService: monitorTemperature mQuietTemp = 30.254
02-13 09:53:08.882  2701  5554 I TSAPP_AppProcessManager: isSystemApplications false : [com.glyph.launcher]
02-13 09:53:08.885  2701  5554 I TSAPP_TSService: monitorTemperature screen is on 
02-13 09:53:08.886  2701  5554 I TSAPP_AppProcessManager: isSystemApplications false : [com.glyph.launcher]
02-13 09:53:08.889  2701  5554 I TSAPP_RRM: foregroundRunningAppSets : [com.glyph.launcher]
02-13 09:53:08.889  2701  5554 I TSAPP_RRM: appRunningRefreshRate runningApp : com.glyph.launcher
02-13 09:53:08.895  2701  5554 I TSAPP_TSService: monitorTemperature mQuietTemp = 30.254
02-13 09:53:08.895  2701  5554 I TSAPP_AppProcessManager: isSystemApplications false : [com.glyph.launcher]
02-13 09:53:08.899  2701  5554 I TSAPP_TSService: monitorTemperature screen is on 
02-13 09:53:08.900  2701  5554 I TSAPP_AppProcessManager: isSystemApplications false : [com.glyph.launcher]
02-13 09:53:08.905  2701  5554 I TSAPP_RRM: foregroundRunningAppSets : [com.glyph.launcher]
02-13 09:53:08.905  2701  5554 I TSAPP_RRM: appRunningRefreshRate runningApp : com.glyph.launcher
02-13 09:53:08.910  2701  5554 I TSAPP_TSService: monitorTemperature mQuietTemp = 30.254
02-13 09:53:08.911  2701  5554 I TSAPP_AppProcessManager: isSystemApplications false : [com.glyph.launcher]
02-13 09:53:08.914  2701  5554 I TSAPP_TSService: monitorTemperature screen is on 
02-13 09:53:08.920  2701  5554 I TSAPP_AppProcessManager: isSystemApplications false : [com.glyph.launcher]
02-13 09:53:08.923  2701  5554 I TSAPP_RRM: foregroundRunningAppSets : [com.glyph.launcher]
02-13 09:53:08.923  2701  5554 I TSAPP_RRM: appRunningRefreshRate runningApp : com.glyph.launcher
02-13 09:53:08.931  2701  5554 I TSAPP_TSService: monitorTemperature mQuietTemp = 30.249
02-13 09:53:08.932  2701  5554 I TSAPP_AppProcessManager: isSystemApplications false : [com.glyph.launcher]
02-13 09:53:08.935  2701  5554 I TSAPP_TSService: monitorTemperature screen is on 
02-13 09:53:08.936  2701  5554 I TSAPP_AppProcessManager: isSystemApplications false : [com.glyph.launcher]
02-13 09:53:08.938  2701  5554 I TSAPP_RRM: foregroundRunningAppSets : [com.glyph.launcher]
02-13 09:53:08.938  2701  5554 I TSAPP_RRM: appRunningRefreshRate runningApp : com.glyph.launcher
02-13 09:53:08.946  2701  5554 I TSAPP_TSService: monitorTemperature mQuietTemp = 30.254
02-13 09:53:08.946  2701  5554 I TSAPP_AppProcessManager: isSystemApplications false : [com.glyph.launcher]
02-13 09:53:08.949  2701  5554 I TSAPP_TSService: monitorTemperature screen is on 
02-13 09:53:08.949  2701  5554 I TSAPP_AppProcessManager: isSystemApplications false : [com.glyph.launcher]
02-13 09:53:08.953  2701  5554 I TSAPP_RRM: foregroundRunningAppSets : [com.glyph.launcher]
02-13 09:53:08.953  2701  5554 I TSAPP_RRM: appRunningRefreshRate runningApp : com.glyph.launcher
02-13 09:53:08.961  2701  5554 I TSAPP_TSService: monitorTemperature mQuietTemp = 30.254
02-13 09:53:08.962  2701  5554 I TSAPP_AppProcessManager: isSystemApplications false : [com.glyph.launcher]
02-13 09:53:08.965  2701  5554 I TSAPP_TSService: monitorTemperature screen is on 
02-13 09:53:08.966  2701  5554 I TSAPP_AppProcessManager: isSystemApplications false : [com.glyph.launcher]
02-13 09:53:08.969  2701  5554 I TSAPP_RRM: foregroundRunningAppSets : [com.glyph.launcher]
02-13 09:53:08.969  2701  5554 I TSAPP_RRM: appRunningRefreshRate runningApp : com.glyph.launcher
02-13 09:53:08.978  2701  5554 I TSAPP_TSService: monitorTemperature mQuietTemp = 30.254
02-13 09:53:08.979  2701  5554 I TSAPP_AppProcessManager: isSystemApplications false : [com.glyph.launcher]
02-13 09:53:08.982  2701  5554 I TSAPP_TSService: monitorTemperature screen is on 
02-13 09:53:08.982  2701  5554 I TSAPP_AppProcessManager: isSystemApplications false : [com.glyph.launcher]
02-13 09:53:08.986  2701  5554 I TSAPP_RRM: foregroundRunningAppSets : [com.glyph.launcher]
02-13 09:53:08.986  2701  5554 I TSAPP_RRM: appRunningRefreshRate runningApp : com.glyph.launcher
02-13 09:53:08.991  2701  5554 I TSAPP_TSService: monitorTemperature mQuietTemp = 30.254
02-13 09:53:08.992  2701  5554 I TSAPP_AppProcessManager: isSystemApplications false : [com.glyph.launcher]
02-13 09:53:08.995  2701  5554 I TSAPP_TSService: monitorTemperature screen is on 
02-13 09:53:08.996  2701  5554 I TSAPP_AppProcessManager: isSystemApplications false : [com.glyph.launcher]
02-13 09:53:08.999  2701  5554 I TSAPP_RRM: foregroundRunningAppSets : [com.glyph.launcher]
02-13 09:53:08.999  2701  5554 I TSAPP_RRM: appRunningRefreshRate runningApp : com.glyph.launcher
02-13 09:53:09.004  2701  5554 I TSAPP_TSService: monitorTemperature mQuietTemp = 30.249
02-13 09:53:09.005  2701  5554 I TSAPP_AppProcessManager: isSystemApplications false : [com.glyph.launcher]
02-13 09:53:09.007  2701  5554 I TSAPP_TSService: monitorTemperature screen is on 
02-13 09:53:09.007  2701  5554 I TSAPP_AppProcessManager: isSystemApplications false : [com.glyph.launcher]
02-13 09:53:09.009  2701  5554 I TSAPP_RRM: foregroundRunningAppSets : [com.glyph.launcher]
02-13 09:53:09.009  2701  5554 I TSAPP_RRM: appRunningRefreshRate runningApp : com.glyph.launcher
02-13 09:53:09.015  2701  5554 I TSAPP_TSService: monitorTemperature mQuietTemp = 30.243
02-13 09:53:09.015  2701  5554 I TSAPP_AppProcessManager: isSystemApplications false : [com.glyph.launcher]
02-13 09:53:09.017  2701  5554 I TSAPP_TSService: monitorTemperature screen is on 
02-13 09:53:09.018  2701  5554 I TSAPP_AppProcessManager: isSystemApplications false : [com.glyph.launcher]
02-13 09:53:09.020  2701  5554 I TSAPP_RRM: foregroundRunningAppSets : [com.glyph.launcher]
02-13 09:53:09.020  2701  5554 I TSAPP_RRM: appRunningRefreshRate runningApp : com.glyph.launcher
02-13 09:53:09.025  2701  5554 I TSAPP_TSService: monitorTemperature mQuietTemp = 30.249
02-13 09:53:09.025  2701  5554 I TSAPP_AppProcessManager: isSystemApplications false : [com.glyph.launcher]
02-13 09:53:09.029  2701  5554 I TSAPP_TSService: monitorTemperature screen is on 
02-13 09:53:09.029  2701  5554 I TSAPP_AppProcessManager: isSystemApplications false : [com.glyph.launcher]
02-13 09:53:09.031  2701  5554 I TSAPP_RRM: foregroundRunningAppSets : [com.glyph.launcher]
02-13 09:53:09.031  2701  5554 I TSAPP_RRM: appRunningRefreshRate runningApp : com.glyph.launcher
02-13 09:53:09.036  2701  5554 I TSAPP_TSService: monitorTemperature mQuietTemp = 30.254
02-13 09:53:09.039  2701  5554 I TSAPP_AppProcessManager: isSystemApplications false : [com.glyph.launcher]
02-13 09:53:09.041  2701  5554 I TSAPP_TSService: monitorTemperature screen is on 
02-13 09:53:09.042  2701  5554 I TSAPP_AppProcessManager: isSystemApplications false : [com.glyph.launcher]
02-13 09:53:09.044  2701  5554 I TSAPP_RRM: foregroundRunningAppSets : [com.glyph.launcher]
02-13 09:53:09.044  2701  5554 I TSAPP_RRM: appRunningRefreshRate runningApp : com.glyph.launcher
02-13 09:53:09.050  2701  5554 I TSAPP_TSService: monitorTemperature mQuietTemp = 30.243
02-13 09:53:09.050  2701  5554 I TSAPP_AppProcessManager: isSystemApplications false : [com.glyph.launcher]
02-13 09:53:09.052  2701  5554 I TSAPP_TSService: monitorTemperature screen is on 
02-13 09:53:09.053  2701  5554 I TSAPP_AppProcessManager: isSystemApplications false : [com.glyph.launcher]
02-13 09:53:09.056  2701  5554 I TSAPP_RRM: foregroundRunningAppSets : [com.glyph.launcher]
02-13 09:53:09.056  2701  5554 I TSAPP_RRM: appRunningRefreshRate runningApp : com.glyph.launcher
02-13 09:53:09.061  2701  5554 I TSAPP_TSService: monitorTemperature mQuietTemp = 30.243
02-13 09:53:09.062  2701  5554 I TSAPP_AppProcessManager: isSystemApplications false : [com.glyph.launcher]
02-13 09:53:09.065  2701  5554 I TSAPP_TSService: monitorTemperature screen is on 
02-13 09:53:09.066  2701  5554 I TSAPP_AppProcessManager: isSystemApplications false : [com.glyph.launcher]
02-13 09:53:09.069  2701  5554 I TSAPP_RRM: foregroundRunningAppSets : [com.glyph.launcher]
02-13 09:53:09.069  2701  5554 I TSAPP_RRM: appRunningRefreshRate runningApp : com.glyph.launcher
02-13 09:53:09.076  2701  5554 I TSAPP_TSService: monitorTemperature mQuietTemp = 30.254
02-13 09:53:09.077  2701  5554 I TSAPP_AppProcessManager: isSystemApplications false : [com.glyph.launcher]
02-13 09:53:09.080  2701  5554 I TSAPP_TSService: monitorTemperature screen is on 
02-13 09:53:09.081  2701  5554 I TSAPP_AppProcessManager: isSystemApplications false : [com.glyph.launcher]
02-13 09:53:09.084  2701  5554 I TSAPP_RRM: foregroundRunningAppSets : [com.glyph.launcher]
02-13 09:53:09.084  2701  5554 I TSAPP_RRM: appRunningRefreshRate runningApp : com.glyph.launcher
02-13 09:53:09.089  2701  5554 I TSAPP_TSService: monitorTemperature mQuietTemp = 30.259
02-13 09:53:09.090  2701  5554 I TSAPP_AppProcessManager: isSystemApplications false : [com.glyph.launcher]
02-13 09:53:09.093  2701  5554 I TSAPP_TSService: monitorTemperature screen is on 
02-13 09:53:09.093  2701  5554 I TSAPP_AppProcessManager: isSystemApplications false : [com.glyph.launcher]
02-13 09:53:09.096  2701  5554 I TSAPP_RRM: foregroundRunningAppSets : [com.glyph.launcher]
02-13 09:53:09.097  2701  5554 I TSAPP_RRM: appRunningRefreshRate runningApp : com.glyph.launcher
02-13 09:53:09.102  2701  5554 I TSAPP_TSService: monitorTemperature mQuietTemp = 30.254
02-13 09:53:09.102  2701  5554 I TSAPP_AppProcessManager: isSystemApplications false : [com.glyph.launcher]
02-13 09:53:09.106  2701  5554 I TSAPP_TSService: monitorTemperature screen is on 
02-13 09:53:09.106  2701  5554 I TSAPP_AppProcessManager: isSystemApplications false : [com.glyph.launcher]
02-13 09:53:09.109  2701  5554 I TSAPP_RRM: foregroundRunningAppSets : [com.glyph.launcher]
02-13 09:53:09.109  2701  5554 I TSAPP_RRM: appRunningRefreshRate runningApp : com.glyph.launcher
02-13 09:53:09.115  2701  5554 I TSAPP_TSService: monitorTemperature mQuietTemp = 30.254
02-13 09:53:09.116  2701  5554 I TSAPP_AppProcessManager: isSystemApplications false : [com.glyph.launcher]
02-13 09:53:09.119  2701  5554 I TSAPP_TSService: monitorTemperature screen is on 
02-13 09:53:09.120  2701  5554 I TSAPP_AppProcessManager: isSystemApplications false : [com.glyph.launcher]
02-13 09:53:09.123  2701  5554 I TSAPP_RRM: foregroundRunningAppSets : [com.glyph.launcher]
02-13 09:53:09.123  2701  5554 I TSAPP_RRM: appRunningRefreshRate runningApp : com.glyph.launcher
02-13 09:53:09.128  2701  5554 I TSAPP_TSService: monitorTemperature mQuietTemp = 30.249
02-13 09:53:09.129  2701  5554 I TSAPP_AppProcessManager: isSystemApplications false : [com.glyph.launcher]
02-13 09:53:09.133  2701  5554 I TSAPP_TSService: monitorTemperature screen is on 
02-13 09:53:09.134 31533 31533 D OrientationTouchTransformer: set  ACTION_DOWN:  444 rect:RectF(0.0, 1008.0, 2400.0, 1080.0) rotation: 1
02-13 09:53:09.134  2701  5554 I TSAPP_AppProcessManager: isSystemApplications false : [com.glyph.launcher]
02-13 09:53:09.134 31533 31533 D OrientationTouchTransformer: lincaiqin contains x:1305.456, y:678.3719 ; left:0.0 ; top:1008.0 ; right:2400.0 ; bottom:1080.0 ; mRotation:1
02-13 09:53:09.134 31533 31533 D ruiruiconfig -- showrotation : contains  xx  = 1
02-13 09:53:09.138  2701  5554 I TSAPP_RRM: foregroundRunningAppSets : [com.glyph.launcher]
02-13 09:53:09.138  2701  5554 I TSAPP_RRM: appRunningRefreshRate runningApp : com.glyph.launcher
02-13 09:53:09.143  2701  5554 I TSAPP_TSService: monitorTemperature mQuietTemp = 30.254
02-13 09:53:09.144  2701  5554 I TSAPP_AppProcessManager: isSystemApplications false : [com.glyph.launcher]
02-13 09:53:09.147  2701  5554 I TSAPP_TSService: monitorTemperature screen is on 
02-13 09:53:09.148  2701  5554 I TSAPP_AppProcessManager: isSystemApplications false : [com.glyph.launcher]
02-13 09:53:09.151  2701  5554 I TSAPP_RRM: foregroundRunningAppSets : [com.glyph.launcher]
02-13 09:53:09.151  2701  5554 I TSAPP_RRM: appRunningRefreshRate runningApp : com.glyph.launcher
02-13 09:53:09.156  2701  5554 I TSAPP_TSService: monitorTemperature mQuietTemp = 30.254
02-13 09:53:09.157  2701  5554 I TSAPP_AppProcessManager: isSystemApplications false : [com.glyph.launcher]
02-13 09:53:09.161  2701  5554 I TSAPP_TSService: monitorTemperature screen is on 
02-13 09:53:09.162  2701  5554 I TSAPP_AppProcessManager: isSystemApplications false : [com.glyph.launcher]
02-13 09:53:09.168  2701  5554 I TSAPP_RRM: foregroundRunningAppSets : [com.glyph.launcher]
02-13 09:53:09.168  2701  5554 I TSAPP_RRM: appRunningRefreshRate runningApp : com.glyph.launcher
02-13 09:53:09.174  2701  5554 I TSAPP_TSService: monitorTemperature mQuietTemp = 30.254
02-13 09:53:09.175  2701  5554 I TSAPP_AppProcessManager: isSystemApplications false : [com.glyph.launcher]
02-13 09:53:09.177  2701  5554 I TSAPP_TSService: monitorTemperature screen is on 
02-13 09:53:09.178  2701  5554 I TSAPP_AppProcessManager: isSystemApplications false : [com.glyph.launcher]
02-13 09:53:09.181  2701  5554 I TSAPP_RRM: foregroundRunningAppSets : [com.glyph.launcher]
02-13 09:53:09.181  2701  5554 I TSAPP_RRM: appRunningRefreshRate runningApp : com.glyph.launcher
02-13 09:53:09.185  2701  5554 I TSAPP_TSService: monitorTemperature mQuietTemp = 30.259
02-13 09:53:09.185  2701  5554 I TSAPP_AppProcessManager: isSystemApplications false : [com.glyph.launcher]
02-13 09:53:09.188  2701  5554 I TSAPP_TSService: monitorTemperature screen is on 
02-13 09:53:09.188  2701  5554 I TSAPP_AppProcessManager: isSystemApplications false : [com.glyph.launcher]
02-13 09:53:09.190  2701  5554 I TSAPP_RRM: foregroundRunningAppSets : [com.glyph.launcher]
02-13 09:53:09.190  2701  5554 I TSAPP_RRM: appRunningRefreshRate runningApp : com.glyph.launcher
02-13 09:53:09.196  2701  5554 I TSAPP_TSService: monitorTemperature mQuietTemp = 30.254
02-13 09:53:09.197  2701  5554 I TSAPP_AppProcessManager: isSystemApplications false : [com.glyph.launcher]
02-13 09:53:09.203  2701  5554 I TSAPP_TSService: monitorTemperature screen is on 
02-13 09:53:09.203  2701  5554 I TSAPP_AppProcessManager: isSystemApplications false : [com.glyph.launcher]
02-13 09:53:09.208  2701  5554 I TSAPP_RRM: foregroundRunningAppSets : [com.glyph.launcher]
02-13 09:53:09.208  2701  5554 I TSAPP_RRM: appRunningRefreshRate runningApp : com.glyph.launcher
02-13 09:53:09.213  2701  5554 I TSAPP_TSService: monitorTemperature mQuietTemp = 30.249
02-13 09:53:09.214  2701  5554 I TSAPP_AppProcessManager: isSystemApplications false : [com.glyph.launcher]
02-13 09:53:09.220  2701  5554 I TSAPP_TSService: monitorTemperature screen is on 
02-13 09:53:09.221  2701  5554 I TSAPP_AppProcessManager: isSystemApplications false : [com.glyph.launcher]
02-13 09:53:09.223  2701  5554 I TSAPP_RRM: foregroundRunningAppSets : [com.glyph.launcher]
02-13 09:53:09.223  2701  5554 I TSAPP_RRM: appRunningRefreshRate runningApp : com.glyph.launcher
02-13 09:53:09.228  2701  5554 I TSAPP_TSService: monitorTemperature mQuietTemp = 30.259
02-13 09:53:09.229  2701  5554 I TSAPP_AppProcessManager: isSystemApplications false : [com.glyph.launcher]
02-13 09:53:09.231  2701  5554 I TSAPP_TSService: monitorTemperature screen is on 
02-13 09:53:09.232  2701  5554 I TSAPP_AppProcessManager: isSystemApplications false : [com.glyph.launcher]
02-13 09:53:09.236  2701  5554 I TSAPP_RRM: foregroundRunningAppSets : [com.glyph.launcher]
02-13 09:53:09.236  2701  5554 I TSAPP_RRM: appRunningRefreshRate runningApp : com.glyph.launcher
02-13 09:53:09.241  2701  5554 I TSAPP_TSService: monitorTemperature mQuietTemp = 30.254
02-13 09:53:09.241  2701  5554 I TSAPP_AppProcessManager: isSystemApplications false : [com.glyph.launcher]
02-13 09:53:09.245  2701  5554 I TSAPP_TSService: monitorTemperature screen is on 
02-13 09:53:09.245  2701  5554 I TSAPP_AppProcessManager: isSystemApplications false : [com.glyph.launcher]
02-13 09:53:09.247  2701  5554 I TSAPP_RRM: foregroundRunningAppSets : [com.glyph.launcher]
02-13 09:53:09.247  2701  5554 I TSAPP_RRM: appRunningRefreshRate runningApp : com.glyph.launcher
02-13 09:53:09.252  2701  5554 I TSAPP_TSService: monitorTemperature mQuietTemp = 30.254
02-13 09:53:09.253  2701  5554 I TSAPP_AppProcessManager: isSystemApplications false : [com.glyph.launcher]
02-13 09:53:09.255  2701  5554 I TSAPP_TSService: monitorTemperature screen is on 
02-13 09:53:09.255  2701  5554 I TSAPP_AppProcessManager: isSystemApplications false : [com.glyph.launcher]
02-13 09:53:09.257  2701  5554 I TSAPP_RRM: foregroundRunningAppSets : [com.glyph.launcher]
02-13 09:53:09.257  2701  5554 I TSAPP_RRM: appRunningRefreshRate runningApp : com.glyph.launcher
02-13 09:53:09.259 19966 19966 W PerfettoTrace: type=1400 audit(0.0:149374): avc: denied { write } for name="traced_producer" dev="tmpfs" ino=30636 scontext=u:r:gmscore_app:s0:c512,c768 tcontext=u:object_r:traced_producer_socket:s0 tclass=sock_file permissive=0 app=com.google.android.gms
02-13 09:53:09.262  2701  5554 I TSAPP_TSService: monitorTemperature mQuietTemp = 30.254
02-13 09:53:09.263  2701  5554 I TSAPP_AppProcessManager: isSystemApplications false : [com.glyph.launcher]
02-13 09:53:09.266  2701  5554 I TSAPP_TSService: monitorTemperature screen is on 
02-13 09:53:09.267  2701  5554 I TSAPP_AppProcessManager: isSystemApplications false : [com.glyph.launcher]
02-13 09:53:09.270  2701  5554 I TSAPP_RRM: foregroundRunningAppSets : [com.glyph.launcher]
02-13 09:53:09.270  2701  5554 I TSAPP_RRM: appRunningRefreshRate runningApp : com.glyph.launcher
02-13 09:53:09.275  2701  5554 I TSAPP_TSService: monitorTemperature mQuietTemp = 30.254
02-13 09:53:09.276  2701  5554 I TSAPP_AppProcessManager: isSystemApplications false : [com.glyph.launcher]
02-13 09:53:09.279  2701  5554 I TSAPP_TSService: monitorTemperature screen is on 
02-13 09:53:09.280  2701  5554 I TSAPP_AppProcessManager: isSystemApplications false : [com.glyph.launcher]
02-13 09:53:09.284  2701  5554 I TSAPP_RRM: foregroundRunningAppSets : [com.glyph.launcher]
02-13 09:53:09.284  2701  5554 I TSAPP_RRM: appRunningRefreshRate runningApp : com.glyph.launcher
02-13 09:53:09.289  2701  5554 I TSAPP_TSService: monitorTemperature mQuietTemp = 30.259
02-13 09:53:09.290  2701  5554 I TSAPP_AppProcessManager: isSystemApplications false : [com.glyph.launcher]
02-13 09:53:09.292  2701  5554 I TSAPP_TSService: monitorTemperature screen is on 
02-13 09:53:09.293  2701  5554 I TSAPP_AppProcessManager: isSystemApplications false : [com.glyph.launcher]
02-13 09:53:09.295  2701  5554 I TSAPP_RRM: foregroundRunningAppSets : [com.glyph.launcher]
02-13 09:53:09.295  2701  5554 I TSAPP_RRM: appRunningRefreshRate runningApp : com.glyph.launcher
02-13 09:53:09.300  2701  5554 I TSAPP_TSService: monitorTemperature mQuietTemp = 30.254
02-13 09:53:09.300  2701  5554 I TSAPP_AppProcessManager: isSystemApplications false : [com.glyph.launcher]
02-13 09:53:09.303  2701  5554 I TSAPP_TSService: monitorTemperature screen is on 
02-13 09:53:09.303  2701  5554 I TSAPP_AppProcessManager: isSystemApplications false : [com.glyph.launcher]
02-13 09:53:09.305  2701  5554 I TSAPP_RRM: foregroundRunningAppSets : [com.glyph.launcher]
02-13 09:53:09.305  2701  5554 I TSAPP_RRM: appRunningRefreshRate runningApp : com.glyph.launcher
02-13 09:53:09.310  2701  5554 I TSAPP_TSService: monitorTemperature mQuietTemp = 30.249
02-13 09:53:09.311  2701  5554 I TSAPP_AppProcessManager: isSystemApplications false : [com.glyph.launcher]
02-13 09:53:09.315  2701  5554 I TSAPP_TSService: monitorTemperature screen is on 
02-13 09:53:09.315  2701  5554 I TSAPP_AppProcessManager: isSystemApplications false : [com.glyph.launcher]
02-13 09:53:09.318  2701  5554 I TSAPP_RRM: foregroundRunningAppSets : [com.glyph.launcher]
02-13 09:53:09.318  2701  5554 I TSAPP_RRM: appRunningRefreshRate runningApp : com.glyph.launcher
02-13 09:53:09.323  2701  5554 I TSAPP_TSService: monitorTemperature mQuietTemp = 30.254
02-13 09:53:09.324  2701  5554 I TSAPP_AppProcessManager: isSystemApplications false : [com.glyph.launcher]
02-13 09:53:09.326  2701  5554 I TSAPP_TSService: monitorTemperature screen is on 
02-13 09:53:09.326  2701  5554 I TSAPP_AppProcessManager: isSystemApplications false : [com.glyph.launcher]
02-13 09:53:09.328  2701  5554 I TSAPP_RRM: foregroundRunningAppSets : [com.glyph.launcher]
02-13 09:53:09.328  2701  5554 I TSAPP_RRM: appRunningRefreshRate runningApp : com.glyph.launcher
02-13 09:53:09.337  2701  5554 I TSAPP_TSService: monitorTemperature mQuietTemp = 30.254
02-13 09:53:09.338  2701  5554 I TSAPP_AppProcessManager: isSystemApplications false : [com.glyph.launcher]
02-13 09:53:09.341  2701  5554 I TSAPP_TSService: monitorTemperature screen is on 
02-13 09:53:09.342  2701  5554 I TSAPP_AppProcessManager: isSystemApplications false : [com.glyph.launcher]
02-13 09:53:09.346  2701  5554 I TSAPP_RRM: foregroundRunningAppSets : [com.glyph.launcher]
02-13 09:53:09.346  2701  5554 I TSAPP_RRM: appRunningRefreshRate runningApp : com.glyph.launcher
02-13 09:53:09.352  2701  5554 I TSAPP_TSService: monitorTemperature mQuietTemp = 30.259
02-13 09:53:09.354  2701  5554 I TSAPP_AppProcessManager: isSystemApplications false : [com.glyph.launcher]
02-13 09:53:09.362  2701  5554 I TSAPP_TSService: monitorTemperature screen is on 
02-13 09:53:09.364  2701  5554 I TSAPP_AppProcessManager: isSystemApplications false : [com.glyph.launcher]
02-13 09:53:09.372  2701  5554 I TSAPP_RRM: foregroundRunningAppSets : [com.glyph.launcher]
02-13 09:53:09.372  2701  5554 I TSAPP_RRM: appRunningRefreshRate runningApp : com.glyph.launcher
02-13 09:53:09.378  2701  5554 I TSAPP_TSService: monitorTemperature mQuietTemp = 30.254
02-13 09:53:09.380  2701  5554 I TSAPP_AppProcessManager: isSystemApplications false : [com.glyph.launcher]
02-13 09:53:09.390  2701  5554 I TSAPP_TSService: monitorTemperature screen is on 
02-13 09:53:09.392  2701  5554 I TSAPP_AppProcessManager: isSystemApplications false : [com.glyph.launcher]
02-13 09:53:09.400  2701  5554 I TSAPP_RRM: foregroundRunningAppSets : [com.glyph.launcher]
02-13 09:53:09.400  2701  5554 I TSAPP_RRM: appRunningRefreshRate runningApp : com.glyph.launcher
02-13 09:53:09.406  2701  5554 I TSAPP_TSService: monitorTemperature mQuietTemp = 30.243
02-13 09:53:09.408  2701  5554 I TSAPP_AppProcessManager: isSystemApplications false : [com.glyph.launcher]
02-13 09:53:09.418  2701  5554 I TSAPP_TSService: monitorTemperature screen is on 
02-13 09:53:09.419 31533 31533 D OrientationTouchTransformer: set  ACTION_DOWN:  444 rect:RectF(0.0, 1008.0, 2400.0, 1080.0) rotation: 1
02-13 09:53:09.419 31533 31533 D OrientationTouchTransformer: lincaiqin contains x:1298.459, y:647.4006 ; left:0.0 ; top:1008.0 ; right:2400.0 ; bottom:1080.0 ; mRotation:1
02-13 09:53:09.419 31533 31533 D ruiruiconfig -- showrotation : contains  xx  = 1
02-13 09:53:09.421  2701  5554 I TSAPP_AppProcessManager: isSystemApplications false : [com.glyph.launcher]
02-13 09:53:09.429  2701  5554 I TSAPP_RRM: foregroundRunningAppSets : [com.glyph.launcher]
02-13 09:53:09.429  2701  5554 I TSAPP_RRM: appRunningRefreshRate runningApp : com.glyph.launcher
02-13 09:53:09.435  2701  5554 I TSAPP_TSService: monitorTemperature mQuietTemp = 30.254
02-13 09:53:09.437  2701  5554 I TSAPP_AppProcessManager: isSystemApplications false : [com.glyph.launcher]
02-13 09:53:09.445  2701  5554 I TSAPP_TSService: monitorTemperature screen is on 
02-13 09:53:09.447  2701  5554 I TSAPP_AppProcessManager: isSystemApplications false : [com.glyph.launcher]
02-13 09:53:09.453  2701  5554 I TSAPP_RRM: foregroundRunningAppSets : [com.glyph.launcher]
02-13 09:53:09.453  2701  5554 I TSAPP_RRM: appRunningRefreshRate runningApp : com.glyph.launcher
02-13 09:53:09.458  2701  5554 I TSAPP_TSService: monitorTemperature mQuietTemp = 30.259
02-13 09:53:09.459  2701  5554 I TSAPP_AppProcessManager: isSystemApplications false : [com.glyph.launcher]
02-13 09:53:09.464  2701  5554 I TSAPP_TSService: monitorTemperature screen is on 
02-13 09:53:09.465  2701  5554 I TSAPP_AppProcessManager: isSystemApplications false : [com.glyph.launcher]
02-13 09:53:09.471  2701  5554 I TSAPP_RRM: foregroundRunningAppSets : [com.glyph.launcher]
02-13 09:53:09.471  2701  5554 I TSAPP_RRM: appRunningRefreshRate runningApp : com.glyph.launcher
02-13 09:53:09.478  2701  5554 I TSAPP_TSService: monitorTemperature mQuietTemp = 30.249
02-13 09:53:09.479  2701  5554 I TSAPP_AppProcessManager: isSystemApplications false : [com.glyph.launcher]
02-13 09:53:09.482  2701  5554 I TSAPP_TSService: monitorTemperature screen is on 
02-13 09:53:09.483  2701  5554 I TSAPP_AppProcessManager: isSystemApplications false : [com.glyph.launcher]
02-13 09:53:09.486  2701  5554 I TSAPP_RRM: foregroundRunningAppSets : [com.glyph.launcher]
02-13 09:53:09.486  2701  5554 I TSAPP_RRM: appRunningRefreshRate runningApp : com.glyph.launcher
02-13 09:53:09.495  2701  5554 I TSAPP_TSService: monitorTemperature mQuietTemp = 30.249
02-13 09:53:09.496  2701  5554 I TSAPP_AppProcessManager: isSystemApplications false : [com.glyph.launcher]
02-13 09:53:09.500  2701  5554 I TSAPP_TSService: monitorTemperature screen is on 
02-13 09:53:09.500  2701  5554 I TSAPP_AppProcessManager: isSystemApplications false : [com.glyph.launcher]
02-13 09:53:09.503  2701  5554 I TSAPP_RRM: foregroundRunningAppSets : [com.glyph.launcher]
02-13 09:53:09.503  2701  5554 I TSAPP_RRM: appRunningRefreshRate runningApp : com.glyph.launcher
02-13 09:53:09.508  2701  5554 I TSAPP_TSService: monitorTemperature mQuietTemp = 30.254
02-13 09:53:09.508  2701  5554 I TSAPP_AppProcessManager: isSystemApplications false : [com.glyph.launcher]
02-13 09:53:09.509 29002 29457 I OpenGLRenderer: Davey! duration=9223046919026ms; Flags=0, FrameTimelineVsyncId=4071445, IntendedVsync=325117828344707, Vsync=325117828344707, InputEventId=752932015, HandleInputStart=325117828695345, AnimationStart=325117830672220, PerformTraversalsStart=325117851012116, DrawStart=325117851086022, FrameDeadline=325117840011374, FrameInterval=325117828689928, FrameStartTime=8333333, SyncQueued=325117854924355, SyncStart=325117854965293, IssueDrawCommandsStart=325117855043835, SwapBuffers=325117855734147, FrameCompleted=9223372036854775807, DequeueBufferDuration=12396, QueueBufferDuration=421198, GpuCompleted=9223372036854775807, SwapBuffersCompleted=325117856515189, DisplayPresentTime=0, 
02-13 09:53:09.511  2701  5554 I TSAPP_TSService: monitorTemperature screen is on 
02-13 09:53:09.511  2701  5554 I TSAPP_AppProcessManager: isSystemApplications false : [com.glyph.launcher]
02-13 09:53:09.513  2701  5554 I TSAPP_RRM: foregroundRunningAppSets : [com.glyph.launcher]
02-13 09:53:09.513  2701  5554 I TSAPP_RRM: appRunningRefreshRate runningApp : com.glyph.launcher
02-13 09:53:09.518  2701  5554 I TSAPP_TSService: monitorTemperature mQuietTemp = 30.243
02-13 09:53:09.519  2701  5554 I TSAPP_AppProcessManager: isSystemApplications false : [com.glyph.launcher]
02-13 09:53:09.521  2701  5554 I TSAPP_TSService: monitorTemperature screen is on 
02-13 09:53:09.522  2701  5554 I TSAPP_AppProcessManager: isSystemApplications false : [com.glyph.launcher]
02-13 09:53:09.524  2701  5554 I TSAPP_RRM: foregroundRunningAppSets : [com.glyph.launcher]
02-13 09:53:09.524  2701  5554 I TSAPP_RRM: appRunningRefreshRate runningApp : com.glyph.launcher
02-13 09:53:09.532  2701  5554 I TSAPP_TSService: monitorTemperature mQuietTemp = 30.243
02-13 09:53:09.532  2701  5554 I TSAPP_AppProcessManager: isSystemApplications false : [com.glyph.launcher]
02-13 09:53:09.534  2701  5554 I TSAPP_TSService: monitorTemperature screen is on 
02-13 09:53:09.535  2701  5554 I TSAPP_AppProcessManager: isSystemApplications false : [com.glyph.launcher]
02-13 09:53:09.537  2701  5554 I TSAPP_RRM: foregroundRunningAppSets : [com.glyph.launcher]
02-13 09:53:09.537  2701  5554 I TSAPP_RRM: appRunningRefreshRate runningApp : com.glyph.launcher
02-13 09:53:09.547  2701  5554 I TSAPP_TSService: monitorTemperature mQuietTemp = 30.249
02-13 09:53:09.548  2701  5554 I TSAPP_AppProcessManager: isSystemApplications false : [com.glyph.launcher]
02-13 09:53:09.550  2701  5554 I TSAPP_TSService: monitorTemperature screen is on 
02-13 09:53:09.550  2701  5554 I TSAPP_AppProcessManager: isSystemApplications false : [com.glyph.launcher]
02-13 09:53:09.552  2701  5554 I TSAPP_RRM: foregroundRunningAppSets : [com.glyph.launcher]
02-13 09:53:09.552  2701  5554 I TSAPP_RRM: appRunningRefreshRate runningApp : com.glyph.launcher
02-13 09:53:09.557  2701  5554 I TSAPP_TSService: monitorTemperature mQuietTemp = 30.254
02-13 09:53:09.558  2701  5554 I TSAPP_AppProcessManager: isSystemApplications false : [com.glyph.launcher]
02-13 09:53:09.561  2701  5554 I TSAPP_TSService: monitorTemperature screen is on 
02-13 09:53:09.562  2701  5554 I TSAPP_AppProcessManager: isSystemApplications false : [com.glyph.launcher]
02-13 09:53:09.565  3323  3457 I ThermalEngine: usb charge en high temp lock=0,temp=24.629999 
02-13 09:53:09.565  2701  5554 I TSAPP_RRM: foregroundRunningAppSets : [com.glyph.launcher]
02-13 09:53:09.565  2701  5554 I TSAPP_RRM: appRunningRefreshRate runningApp : com.glyph.launcher
02-13 09:53:09.570  2701  5554 I TSAPP_TSService: monitorTemperature mQuietTemp = 30.254
02-13 09:53:09.571  2701  5554 I TSAPP_AppProcessManager: isSystemApplications false : [com.glyph.launcher]
02-13 09:53:09.574  2701  5554 I TSAPP_TSService: monitorTemperature screen is on 
02-13 09:53:09.574  2701  5554 I TSAPP_AppProcessManager: isSystemApplications false : [com.glyph.launcher]
02-13 09:53:09.576  2701  5554 I TSAPP_RRM: foregroundRunningAppSets : [com.glyph.launcher]
02-13 09:53:09.576  2701  5554 I TSAPP_RRM: appRunningRefreshRate runningApp : com.glyph.launcher
02-13 09:53:09.581  2701  5554 I TSAPP_TSService: monitorTemperature mQuietTemp = 30.249
02-13 09:53:09.582  2701  5554 I TSAPP_AppProcessManager: isSystemApplications false : [com.glyph.launcher]
02-13 09:53:09.584  2701  5554 I TSAPP_TSService: monitorTemperature screen is on 
02-13 09:53:09.585  2701  5554 I TSAPP_AppProcessManager: isSystemApplications false : [com.glyph.launcher]
02-13 09:53:09.587  2701  5554 I TSAPP_RRM: foregroundRunningAppSets : [com.glyph.launcher]
02-13 09:53:09.587  2701  5554 I TSAPP_RRM: appRunningRefreshRate runningApp : com.glyph.launcher
02-13 09:53:09.592  2701  5554 I TSAPP_TSService: monitorTemperature mQuietTemp = 30.259
02-13 09:53:09.592  2701  5554 I TSAPP_AppProcessManager: isSystemApplications false : [com.glyph.launcher]
02-13 09:53:09.594  2701  5554 I TSAPP_TSService: monitorTemperature screen is on 
02-13 09:53:09.594  2701  5554 I TSAPP_AppProcessManager: isSystemApplications false : [com.glyph.launcher]
02-13 09:53:09.597  2701  5554 I TSAPP_RRM: foregroundRunningAppSets : [com.glyph.launcher]
02-13 09:53:09.597  2701  5554 I TSAPP_RRM: appRunningRefreshRate runningApp : com.glyph.launcher
02-13 09:53:09.602  2701  5554 I TSAPP_TSService: monitorTemperature mQuietTemp = 30.254
02-13 09:53:09.602  2701  5554 I TSAPP_AppProcessManager: isSystemApplications false : [com.glyph.launcher]
02-13 09:53:09.604  2701  5554 I TSAPP_TSService: monitorTemperature screen is on 
02-13 09:53:09.605  2701  5554 I TSAPP_AppProcessManager: isSystemApplications false : [com.glyph.launcher]
02-13 09:53:09.607  2701  5554 I TSAPP_RRM: foregroundRunningAppSets : [com.glyph.launcher]
02-13 09:53:09.607  2701  5554 I TSAPP_RRM: appRunningRefreshRate runningApp : com.glyph.launcher
02-13 09:53:09.612  2701  5554 I TSAPP_TSService: monitorTemperature mQuietTemp = 30.249
02-13 09:53:09.613  2701  5554 I TSAPP_AppProcessManager: isSystemApplications false : [com.glyph.launcher]
02-13 09:53:09.616  2701  5554 I TSAPP_TSService: monitorTemperature screen is on 
02-13 09:53:09.617  2701  5554 I TSAPP_AppProcessManager: isSystemApplications false : [com.glyph.launcher]
02-13 09:53:09.621  2701  5554 I TSAPP_RRM: foregroundRunningAppSets : [com.glyph.launcher]
02-13 09:53:09.621  2701  5554 I TSAPP_RRM: appRunningRefreshRate runningApp : com.glyph.launcher
02-13 09:53:09.626  2701  5554 I TSAPP_TSService: monitorTemperature mQuietTemp = 30.259
02-13 09:53:09.627  2701  5554 I TSAPP_AppProcessManager: isSystemApplications false : [com.glyph.launcher]
02-13 09:53:09.630  2701  5554 I TSAPP_TSService: monitorTemperature screen is on 
02-13 09:53:09.631  2701  5554 I TSAPP_AppProcessManager: isSystemApplications false : [com.glyph.launcher]
02-13 09:53:09.634  2701  5554 I TSAPP_RRM: foregroundRunningAppSets : [com.glyph.launcher]
02-13 09:53:09.634  2701  5554 I TSAPP_RRM: appRunningRefreshRate runningApp : com.glyph.launcher
02-13 09:53:09.639  2701  5554 I TSAPP_TSService: monitorTemperature mQuietTemp = 30.254
02-13 09:53:09.640  2701  5554 I TSAPP_AppProcessManager: isSystemApplications false : [com.glyph.launcher]
02-13 09:53:09.643  2701  5554 I TSAPP_TSService: monitorTemperature screen is on 
02-13 09:53:09.644  2701  5554 I TSAPP_AppProcessManager: isSystemApplications false : [com.glyph.launcher]
02-13 09:53:09.647  2701  5554 I TSAPP_RRM: foregroundRunningAppSets : [com.glyph.launcher]
02-13 09:53:09.647  2701  5554 I TSAPP_RRM: appRunningRefreshRate runningApp : com.glyph.launcher
02-13 09:53:09.652  2701  5554 I TSAPP_TSService: monitorTemperature mQuietTemp = 30.243
02-13 09:53:09.653  2701  5554 I TSAPP_AppProcessManager: isSystemApplications false : [com.glyph.launcher]
02-13 09:53:09.656  2701  5554 I TSAPP_TSService: monitorTemperature screen is on 
02-13 09:53:09.657  2701  5554 I TSAPP_AppProcessManager: isSystemApplications false : [com.glyph.launcher]
02-13 09:53:09.660  2701  5554 I TSAPP_RRM: foregroundRunningAppSets : [com.glyph.launcher]
02-13 09:53:09.660  2701  5554 I TSAPP_RRM: appRunningRefreshRate runningApp : com.glyph.launcher
02-13 09:53:09.666  2701  5554 I TSAPP_TSService: monitorTemperature mQuietTemp = 30.254
02-13 09:53:09.667  2701  5554 I TSAPP_AppProcessManager: isSystemApplications false : [com.glyph.launcher]
02-13 09:53:09.670  2701  5554 I TSAPP_TSService: monitorTemperature screen is on 
02-13 09:53:09.671  2701  5554 I TSAPP_AppProcessManager: isSystemApplications false : [com.glyph.launcher]
02-13 09:53:09.674  2701  5554 I TSAPP_RRM: foregroundRunningAppSets : [com.glyph.launcher]
02-13 09:53:09.674  2701  5554 I TSAPP_RRM: appRunningRefreshRate runningApp : com.glyph.launcher
02-13 09:53:09.679  2701  5554 I TSAPP_TSService: monitorTemperature mQuietTemp = 30.243
02-13 09:53:09.680  2701  5554 I TSAPP_AppProcessManager: isSystemApplications false : [com.glyph.launcher]
02-13 09:53:09.683  2701  5554 I TSAPP_TSService: monitorTemperature screen is on 
02-13 09:53:09.683  2701  5554 I TSAPP_AppProcessManager: isSystemApplications false : [com.glyph.launcher]
02-13 09:53:09.686  2701  5554 I TSAPP_RRM: foregroundRunningAppSets : [com.glyph.launcher]
02-13 09:53:09.686  2701  5554 I TSAPP_RRM: appRunningRefreshRate runningApp : com.glyph.launcher
02-13 09:53:09.692 31533 31533 D OrientationTouchTransformer: set  ACTION_DOWN:  444 rect:RectF(0.0, 1008.0, 2400.0, 1080.0) rotation: 1
02-13 09:53:09.692 31533 31533 D OrientationTouchTransformer: lincaiqin contains x:1333.4443, y:689.3617 ; left:0.0 ; top:1008.0 ; right:2400.0 ; bottom:1080.0 ; mRotation:1
02-13 09:53:09.692 31533 31533 D ruiruiconfig -- showrotation : contains  xx  = 1
02-13 09:53:09.692  2701  5554 I TSAPP_TSService: monitorTemperature mQuietTemp = 30.249
02-13 09:53:09.693  2701  5554 I TSAPP_AppProcessManager: isSystemApplications false : [com.glyph.launcher]
02-13 09:53:09.696  2701  5554 I TSAPP_TSService: monitorTemperature screen is on 
02-13 09:53:09.697  2701  5554 I TSAPP_AppProcessManager: isSystemApplications false : [com.glyph.launcher]
02-13 09:53:09.700  2701  5554 I TSAPP_RRM: foregroundRunningAppSets : [com.glyph.launcher]
02-13 09:53:09.700  2701  5554 I TSAPP_RRM: appRunningRefreshRate runningApp : com.glyph.launcher
02-13 09:53:09.705  2701  5554 I TSAPP_TSService: monitorTemperature mQuietTemp = 30.238
02-13 09:53:09.706  2701  5554 I TSAPP_AppProcessManager: isSystemApplications false : [com.glyph.launcher]
02-13 09:53:09.709  2701  5554 I TSAPP_TSService: monitorTemperature screen is on 
02-13 09:53:09.710  2701  5554 I TSAPP_AppProcessManager: isSystemApplications false : [com.glyph.launcher]
02-13 09:53:09.713  2701  5554 I TSAPP_RRM: foregroundRunningAppSets : [com.glyph.launcher]
02-13 09:53:09.713  2701  5554 I TSAPP_RRM: appRunningRefreshRate runningApp : com.glyph.launcher
02-13 09:53:09.718  2701  5554 I TSAPP_TSService: monitorTemperature mQuietTemp = 30.254
02-13 09:53:09.719  2701  5554 I TSAPP_AppProcessManager: isSystemApplications false : [com.glyph.launcher]
02-13 09:53:09.724  2701  5554 I TSAPP_TSService: monitorTemperature screen is on 
02-13 09:53:09.725  2701  5554 I TSAPP_AppProcessManager: isSystemApplications false : [com.glyph.launcher]
02-13 09:53:09.730  2701  5554 I TSAPP_RRM: foregroundRunningAppSets : [com.glyph.launcher]
02-13 09:53:09.730  2701  5554 I TSAPP_RRM: appRunningRefreshRate runningApp : com.glyph.launcher
02-13 09:53:09.736  2701  5554 I TSAPP_TSService: monitorTemperature mQuietTemp = 30.249
02-13 09:53:09.737  2701  5554 I TSAPP_AppProcessManager: isSystemApplications false : [com.glyph.launcher]
02-13 09:53:09.743  2701  5554 I TSAPP_TSService: monitorTemperature screen is on 
02-13 09:53:09.744  2701  5554 I TSAPP_AppProcessManager: isSystemApplications false : [com.glyph.launcher]
02-13 09:53:09.750  2701  5554 I TSAPP_RRM: foregroundRunningAppSets : [com.glyph.launcher]
02-13 09:53:09.750  2701  5554 I TSAPP_RRM: appRunningRefreshRate runningApp : com.glyph.launcher
02-13 09:53:09.761  2701  5554 I TSAPP_TSService: monitorTemperature mQuietTemp = 30.243
02-13 09:53:09.762  2701  5554 I TSAPP_AppProcessManager: isSystemApplications false : [com.glyph.launcher]
02-13 09:53:09.768  2701  5554 I TSAPP_TSService: monitorTemperature screen is on 
02-13 09:53:09.769  2701  5554 I TSAPP_AppProcessManager: isSystemApplications false : [com.glyph.launcher]
02-13 09:53:09.776  2701  5554 I TSAPP_RRM: foregroundRunningAppSets : [com.glyph.launcher]
02-13 09:53:09.776  2701  5554 I TSAPP_RRM: appRunningRefreshRate runningApp : com.glyph.launcher
02-13 09:53:09.781  2701  5554 I TSAPP_TSService: monitorTemperature mQuietTemp = 30.249
02-13 09:53:09.781  2701  5554 I TSAPP_AppProcessManager: isSystemApplications false : [com.glyph.launcher]
02-13 09:53:09.785  2701  5554 I TSAPP_TSService: monitorTemperature screen is on 
02-13 09:53:09.785  2701  5554 I TSAPP_AppProcessManager: isSystemApplications false : [com.glyph.launcher]
02-13 09:53:09.789  2701  5554 I TSAPP_RRM: foregroundRunningAppSets : [com.glyph.launcher]
02-13 09:53:09.789  2701  5554 I TSAPP_RRM: appRunningRefreshRate runningApp : com.glyph.launcher
02-13 09:53:09.793  2701  5554 I TSAPP_TSService: monitorTemperature mQuietTemp = 30.254
02-13 09:53:09.794  2701  5554 I TSAPP_AppProcessManager: isSystemApplications false : [com.glyph.launcher]
02-13 09:53:09.796  2701  5554 I TSAPP_TSService: monitorTemperature screen is on 
02-13 09:53:09.797  2701  5554 I TSAPP_AppProcessManager: isSystemApplications false : [com.glyph.launcher]
02-13 09:53:09.799  2701  5554 I TSAPP_RRM: foregroundRunningAppSets : [com.glyph.launcher]
02-13 09:53:09.799  2701  5554 I TSAPP_RRM: appRunningRefreshRate runningApp : com.glyph.launcher
02-13 09:53:09.804  2701  5554 I TSAPP_TSService: monitorTemperature mQuietTemp = 30.254
02-13 09:53:09.804  2701  5554 I TSAPP_AppProcessManager: isSystemApplications false : [com.glyph.launcher]
02-13 09:53:09.807  2701  5554 I TSAPP_TSService: monitorTemperature screen is on 
02-13 09:53:09.808  2701  5554 I TSAPP_AppProcessManager: isSystemApplications false : [com.glyph.launcher]
02-13 09:53:09.810  2701  5554 I TSAPP_RRM: foregroundRunningAppSets : [com.glyph.launcher]
02-13 09:53:09.810  2701  5554 I TSAPP_RRM: appRunningRefreshRate runningApp : com.glyph.launcher
02-13 09:53:09.815  2701  5554 I TSAPP_TSService: monitorTemperature mQuietTemp = 30.254
02-13 09:53:09.815  2701  5554 I TSAPP_AppProcessManager: isSystemApplications false : [com.glyph.launcher]
02-13 09:53:09.819  2701  5554 I TSAPP_TSService: monitorTemperature screen is on 
02-13 09:53:09.820  2701  5554 I TSAPP_AppProcessManager: isSystemApplications false : [com.glyph.launcher]
02-13 09:53:09.822  2701  5554 I TSAPP_RRM: foregroundRunningAppSets : [com.glyph.launcher]
02-13 09:53:09.822  2701  5554 I TSAPP_RRM: appRunningRefreshRate runningApp : com.glyph.launcher
02-13 09:53:09.827  2701  5554 I TSAPP_TSService: monitorTemperature mQuietTemp = 30.254
02-13 09:53:09.828  2701  5554 I TSAPP_AppProcessManager: isSystemApplications false : [com.glyph.launcher]
02-13 09:53:09.830  2701  5554 I TSAPP_TSService: monitorTemperature screen is on 
02-13 09:53:09.831  2701  5554 I TSAPP_AppProcessManager: isSystemApplications false : [com.glyph.launcher]
02-13 09:53:09.835  2701  5554 I TSAPP_RRM: foregroundRunningAppSets : [com.glyph.launcher]
02-13 09:53:09.835  2701  5554 I TSAPP_RRM: appRunningRefreshRate runningApp : com.glyph.launcher
02-13 09:53:09.840  2701  5554 I TSAPP_TSService: monitorTemperature mQuietTemp = 30.243
02-13 09:53:09.840  2701  5554 I TSAPP_AppProcessManager: isSystemApplications false : [com.glyph.launcher]
02-13 09:53:09.845  2701  5554 I TSAPP_TSService: monitorTemperature screen is on 
02-13 09:53:09.845  2701  5554 I TSAPP_AppProcessManager: isSystemApplications false : [com.glyph.launcher]
02-13 09:53:09.847  2701  5554 I TSAPP_RRM: foregroundRunningAppSets : [com.glyph.launcher]
02-13 09:53:09.847  2701  5554 I TSAPP_RRM: appRunningRefreshRate runningApp : com.glyph.launcher
02-13 09:53:09.855  2701  5554 I TSAPP_TSService: monitorTemperature mQuietTemp = 30.254
02-13 09:53:09.855  2701  5554 I TSAPP_AppProcessManager: isSystemApplications false : [com.glyph.launcher]
02-13 09:53:09.857  2701  5554 I TSAPP_TSService: monitorTemperature screen is on 
02-13 09:53:09.858  2701  5554 I TSAPP_AppProcessManager: isSystemApplications false : [com.glyph.launcher]
02-13 09:53:09.860  2701  5554 I TSAPP_RRM: foregroundRunningAppSets : [com.glyph.launcher]
02-13 09:53:09.860  2701  5554 I TSAPP_RRM: appRunningRefreshRate runningApp : com.glyph.launcher
02-13 09:53:09.865  2701  5554 I TSAPP_TSService: monitorTemperature mQuietTemp = 30.254
02-13 09:53:09.865  2701  5554 I TSAPP_AppProcessManager: isSystemApplications false : [com.glyph.launcher]
02-13 09:53:09.868  2701  5554 I TSAPP_TSService: monitorTemperature screen is on 
02-13 09:53:09.868  2701  5554 I TSAPP_AppProcessManager: isSystemApplications false : [com.glyph.launcher]
02-13 09:53:09.870  2701  5554 I TSAPP_RRM: foregroundRunningAppSets : [com.glyph.launcher]
02-13 09:53:09.870  2701  5554 I TSAPP_RRM: appRunningRefreshRate runningApp : com.glyph.launcher
02-13 09:53:09.875  2701  5554 I TSAPP_TSService: monitorTemperature mQuietTemp = 30.249
02-13 09:53:09.876  2701  5554 I TSAPP_AppProcessManager: isSystemApplications false : [com.glyph.launcher]
02-13 09:53:09.878  2701  5554 I TSAPP_TSService: monitorTemperature screen is on 
02-13 09:53:09.879  2701  5554 I TSAPP_AppProcessManager: isSystemApplications false : [com.glyph.launcher]
02-13 09:53:09.881  2701  5554 I TSAPP_RRM: foregroundRunningAppSets : [com.glyph.launcher]
02-13 09:53:09.881  2701  5554 I TSAPP_RRM: appRunningRefreshRate runningApp : com.glyph.launcher
02-13 09:53:09.885  2701  5554 I TSAPP_TSService: monitorTemperature mQuietTemp = 30.249
02-13 09:53:09.886  2701  5554 I TSAPP_AppProcessManager: isSystemApplications false : [com.glyph.launcher]
02-13 09:53:09.889  2701  5554 I TSAPP_TSService: monitorTemperature screen is on 
02-13 09:53:09.889  2701  5554 I TSAPP_AppProcessManager: isSystemApplications false : [com.glyph.launcher]
02-13 09:53:09.893  2701  5554 I TSAPP_RRM: foregroundRunningAppSets : [com.glyph.launcher]
02-13 09:53:09.893  2701  5554 I TSAPP_RRM: appRunningRefreshRate runningApp : com.glyph.launcher
02-13 09:53:09.898  2701  5554 I TSAPP_TSService: monitorTemperature mQuietTemp = 30.243
02-13 09:53:09.898  2701  5554 I TSAPP_AppProcessManager: isSystemApplications false : [com.glyph.launcher]
02-13 09:53:09.901  2701  5554 I TSAPP_TSService: monitorTemperature screen is on 
02-13 09:53:09.901  2701  5554 I TSAPP_AppProcessManager: isSystemApplications false : [com.glyph.launcher]
02-13 09:53:09.904  2701  5554 I TSAPP_RRM: foregroundRunningAppSets : [com.glyph.launcher]
02-13 09:53:09.904  2701  5554 I TSAPP_RRM: appRunningRefreshRate runningApp : com.glyph.launcher
02-13 09:53:09.909  2701  5554 I TSAPP_TSService: monitorTemperature mQuietTemp = 30.254
02-13 09:53:09.909  2701  5554 I TSAPP_AppProcessManager: isSystemApplications false : [com.glyph.launcher]
02-13 09:53:09.913  2701  5554 I TSAPP_TSService: monitorTemperature screen is on 
02-13 09:53:09.913  2701  5554 I TSAPP_AppProcessManager: isSystemApplications false : [com.glyph.launcher]
02-13 09:53:09.917  2701  5554 I TSAPP_RRM: foregroundRunningAppSets : [com.glyph.launcher]
02-13 09:53:09.917  2701  5554 I TSAPP_RRM: appRunningRefreshRate runningApp : com.glyph.launcher
02-13 09:53:09.922  2701  5554 I TSAPP_TSService: monitorTemperature mQuietTemp = 30.249
02-13 09:53:09.923  2701  5554 I TSAPP_AppProcessManager: isSystemApplications false : [com.glyph.launcher]
02-13 09:53:09.926  2701  5554 I TSAPP_TSService: monitorTemperature screen is on 
02-13 09:53:09.927  2701  5554 I TSAPP_AppProcessManager: isSystemApplications false : [com.glyph.launcher]
02-13 09:53:09.930  2701  5554 I TSAPP_RRM: foregroundRunningAppSets : [com.glyph.launcher]
02-13 09:53:09.930  2701  5554 I TSAPP_RRM: appRunningRefreshRate runningApp : com.glyph.launcher
02-13 09:53:09.938  2701  5554 I TSAPP_TSService: monitorTemperature mQuietTemp = 30.254
02-13 09:53:09.940  2701  5554 I TSAPP_AppProcessManager: isSystemApplications false : [com.glyph.launcher]
02-13 09:53:09.948  2701  5554 I TSAPP_TSService: monitorTemperature screen is on 
02-13 09:53:09.950  2701  5554 I TSAPP_AppProcessManager: isSystemApplications false : [com.glyph.launcher]
02-13 09:53:09.958  2701  5554 I TSAPP_RRM: foregroundRunningAppSets : [com.glyph.launcher]
02-13 09:53:09.958  2701  5554 I TSAPP_RRM: appRunningRefreshRate runningApp : com.glyph.launcher
02-13 09:53:09.964  2701  5554 I TSAPP_TSService: monitorTemperature mQuietTemp = 30.243
02-13 09:53:09.965  2701  5554 I TSAPP_AppProcessManager: isSystemApplications false : [com.glyph.launcher]
02-13 09:53:09.975  2701  5554 I TSAPP_TSService: monitorTemperature screen is on 
02-13 09:53:09.976 31533 31533 D OrientationTouchTransformer: set  ACTION_DOWN:  444 rect:RectF(0.0, 1008.0, 2400.0, 1080.0) rotation: 1
02-13 09:53:09.976 31533 31533 D OrientationTouchTransformer: lincaiqin contains x:1297.4594, y:736.31824 ; left:0.0 ; top:1008.0 ; right:2400.0 ; bottom:1080.0 ; mRotation:1
02-13 09:53:09.976 31533 31533 D ruiruiconfig -- showrotation : contains  xx  = 1
02-13 09:53:09.978  2701  5554 I TSAPP_AppProcessManager: isSystemApplications false : [com.glyph.launcher]
02-13 09:53:09.986  2701  5554 I TSAPP_RRM: foregroundRunningAppSets : [com.glyph.launcher]
02-13 09:53:09.986  2701  5554 I TSAPP_RRM: appRunningRefreshRate runningApp : com.glyph.launcher
02-13 09:53:09.992  2701  5554 I TSAPP_TSService: monitorTemperature mQuietTemp = 30.254
02-13 09:53:09.994  2701  5554 I TSAPP_AppProcessManager: isSystemApplications false : [com.glyph.launcher]
02-13 09:53:10.002  2701  5554 I TSAPP_TSService: monitorTemperature screen is on 
02-13 09:53:10.004  2701  5554 I TSAPP_AppProcessManager: isSystemApplications false : [com.glyph.launcher]
02-13 09:53:10.011  2701  5554 I TSAPP_RRM: foregroundRunningAppSets : [com.glyph.launcher]
02-13 09:53:10.011  2701  5554 I TSAPP_RRM: appRunningRefreshRate runningApp : com.glyph.launcher
02-13 09:53:10.020  2701  5554 I TSAPP_TSService: monitorTemperature mQuietTemp = 30.254
02-13 09:53:10.020  2701  5554 I TSAPP_AppProcessManager: isSystemApplications false : [com.glyph.launcher]
02-13 09:53:10.027  2701  5554 I TSAPP_TSService: monitorTemperature screen is on 
02-13 09:53:10.028  2701  5554 I TSAPP_AppProcessManager: isSystemApplications false : [com.glyph.launcher]
02-13 09:53:10.034  2701  5554 I TSAPP_RRM: foregroundRunningAppSets : [com.glyph.launcher]
02-13 09:53:10.034  2701  5554 I TSAPP_RRM: appRunningRefreshRate runningApp : com.glyph.launcher
02-13 09:53:10.039  2701  5554 I TSAPP_TSService: monitorTemperature mQuietTemp = 30.243
02-13 09:53:10.040  2701  5554 I TSAPP_AppProcessManager: isSystemApplications false : [com.glyph.launcher]
02-13 09:53:10.046  2701  5554 I TSAPP_TSService: monitorTemperature screen is on 
02-13 09:53:10.047  2701  5554 I TSAPP_AppProcessManager: isSystemApplications false : [com.glyph.launcher]
02-13 09:53:10.050  2701  5554 I TSAPP_RRM: foregroundRunningAppSets : [com.glyph.launcher]
02-13 09:53:10.050  2701  5554 I TSAPP_RRM: appRunningRefreshRate runningApp : com.glyph.launcher
02-13 09:53:10.056  2701  5554 I TSAPP_TSService: monitorTemperature mQuietTemp = 30.249
02-13 09:53:10.056  2701  5554 I TSAPP_AppProcessManager: isSystemApplications false : [com.glyph.launcher]
02-13 09:53:10.060  2701  5554 I TSAPP_TSService: monitorTemperature screen is on 
02-13 09:53:10.060  2701  5554 I TSAPP_AppProcessManager: isSystemApplications false : [com.glyph.launcher]
02-13 09:53:10.064  2701  5554 I TSAPP_RRM: foregroundRunningAppSets : [com.glyph.launcher]
02-13 09:53:10.064  2701  5554 I TSAPP_RRM: appRunningRefreshRate runningApp : com.glyph.launcher
02-13 09:53:10.069  2701  5554 I TSAPP_TSService: monitorTemperature mQuietTemp = 30.243
02-13 09:53:10.070  2701  5554 I TSAPP_AppProcessManager: isSystemApplications false : [com.glyph.launcher]
02-13 09:53:10.073  2701  5554 I TSAPP_TSService: monitorTemperature screen is on 
02-13 09:53:10.074  2701  5554 I TSAPP_AppProcessManager: isSystemApplications false : [com.glyph.launcher]
02-13 09:53:10.077  2701  5554 I TSAPP_RRM: foregroundRunningAppSets : [com.glyph.launcher]
