02-13 09:53:04.185  2701  5554 I TSAPP_AppProcessManager: isSystemApplications false : [com.glyph.launcher]
02-13 09:53:04.193  2701  5554 I TSAPP_TSService: monitorTemperature screen is on 
02-13 09:53:04.194  2701  5554 I TSAPP_AppProcessManager: isSystemApplications false : [com.glyph.launcher]
02-13 09:53:04.202  2701  5554 I TSAPP_RRM: foregroundRunningAppSets : [com.glyph.launcher]
02-13 09:53:04.202  2701  5554 I TSAPP_RRM: appRunningRefreshRate runningApp : com.glyph.launcher
02-13 09:53:04.208  2701  5554 I TSAPP_TSService: monitorTemperature mQuietTemp = 30.254
02-13 09:53:04.209  2701  5554 I TSAPP_AppProcessManager: isSystemApplications false : [com.glyph.launcher]
02-13 09:53:04.217  2701  5554 I TSAPP_TSService: monitorTemperature screen is on 
02-13 09:53:04.217  1143  1586 W VsyncModulator: setTransactionSchedule: Unexpected EarlyEnd
02-13 09:53:04.218  2701  5554 I TSAPP_AppProcessManager: isSystemApplications false : [com.glyph.launcher]
02-13 09:53:04.226  2701  5554 I TSAPP_RRM: foregroundRunningAppSets : [com.glyph.launcher]
02-13 09:53:04.226  2701  5554 I TSAPP_RRM: appRunningRefreshRate runningApp : com.glyph.launcher
02-13 09:53:04.232  2701  5554 I TSAPP_TSService: monitorTemperature mQuietTemp = 30.259
02-13 09:53:04.233  2701  5554 I TSAPP_AppProcessManager: isSystemApplications false : [com.glyph.launcher]
02-13 09:53:04.242  2701  5554 I TSAPP_TSService: monitorTemperature screen is on 
02-13 09:53:04.245  2701  5554 I TSAPP_AppProcessManager: isSystemApplications false : [com.glyph.launcher]
02-13 09:53:04.253  2701  5554 I TSAPP_RRM: foregroundRunningAppSets : [com.glyph.launcher]
02-13 09:53:04.253  2701  5554 I TSAPP_RRM: appRunningRefreshRate runningApp : com.glyph.launcher
02-13 09:53:04.259  2701  5554 I TSAPP_TSService: monitorTemperature mQuietTemp = 30.254
02-13 09:53:04.260  2701  5554 I TSAPP_AppProcessManager: isSystemApplications false : [com.glyph.launcher]
02-13 09:53:04.269  2701  5554 I TSAPP_TSService: monitorTemperature screen is on 
02-13 09:53:04.270  2701  5554 I TSAPP_AppProcessManager: isSystemApplications false : [com.glyph.launcher]
02-13 09:53:04.278  2701  5554 I TSAPP_RRM: foregroundRunningAppSets : [com.glyph.launcher]
02-13 09:53:04.278  2701  5554 I TSAPP_RRM: appRunningRefreshRate runningApp : com.glyph.launcher
02-13 09:53:04.285  2701  5554 I TSAPP_TSService: monitorTemperature mQuietTemp = 30.254
02-13 09:53:04.286  2701  5554 I TSAPP_AppProcessManager: isSystemApplications false : [com.glyph.launcher]
02-13 09:53:04.297  2701  5554 I TSAPP_TSService: monitorTemperature screen is on 
02-13 09:53:04.298  2701  5554 I TSAPP_AppProcessManager: isSystemApplications false : [com.glyph.launcher]
02-13 09:53:04.306  2701  5554 I TSAPP_RRM: foregroundRunningAppSets : [com.glyph.launcher]
02-13 09:53:04.307  2701  5554 I TSAPP_RRM: appRunningRefreshRate runningApp : com.glyph.launcher
02-13 09:53:04.312  2701  5554 I TSAPP_TSService: monitorTemperature mQuietTemp = 30.259
02-13 09:53:04.314  2701  5554 I TSAPP_AppProcessManager: isSystemApplications false : [com.glyph.launcher]
02-13 09:53:04.323  2701  5554 I TSAPP_TSService: monitorTemperature screen is on 
02-13 09:53:04.324  2701  5554 I TSAPP_AppProcessManager: isSystemApplications false : [com.glyph.launcher]
02-13 09:53:04.332  2701  5554 I TSAPP_RRM: foregroundRunningAppSets : [com.glyph.launcher]
02-13 09:53:04.332  2701  5554 I TSAPP_RRM: appRunningRefreshRate runningApp : com.glyph.launcher
02-13 09:53:04.337  2701  5554 I TSAPP_TSService: monitorTemperature mQuietTemp = 30.259
02-13 09:53:04.338  2701  5554 I TSAPP_AppProcessManager: isSystemApplications false : [com.glyph.launcher]
02-13 09:53:04.346  2701  5554 I TSAPP_TSService: monitorTemperature screen is on 
02-13 09:53:04.348  2701  5554 I TSAPP_AppProcessManager: isSystemApplications false : [com.glyph.launcher]
02-13 09:53:04.355  2701  5554 I TSAPP_RRM: foregroundRunningAppSets : [com.glyph.launcher]
02-13 09:53:04.355  2701  5554 I TSAPP_RRM: appRunningRefreshRate runningApp : com.glyph.launcher
02-13 09:53:04.361  2701  5554 I TSAPP_TSService: monitorTemperature mQuietTemp = 30.254
02-13 09:53:04.362  2701  5554 I TSAPP_AppProcessManager: isSystemApplications false : [com.glyph.launcher]
02-13 09:53:04.370  2701  5554 I TSAPP_TSService: monitorTemperature screen is on 
02-13 09:53:04.372  2701  5554 I TSAPP_AppProcessManager: isSystemApplications false : [com.glyph.launcher]
02-13 09:53:04.379  2701  5554 I TSAPP_RRM: foregroundRunningAppSets : [com.glyph.launcher]
02-13 09:53:04.379  2701  5554 I TSAPP_RRM: appRunningRefreshRate runningApp : com.glyph.launcher
02-13 09:53:04.388  2701  5554 I TSAPP_TSService: monitorTemperature mQuietTemp = 30.259
02-13 09:53:04.389  2701  5554 I TSAPP_AppProcessManager: isSystemApplications false : [com.glyph.launcher]
02-13 09:53:04.400  2701  5554 I TSAPP_TSService: monitorTemperature screen is on 
02-13 09:53:04.401  2701  5554 I TSAPP_AppProcessManager: isSystemApplications false : [com.glyph.launcher]
02-13 09:53:04.410  2701  5554 I TSAPP_RRM: foregroundRunningAppSets : [com.glyph.launcher]
02-13 09:53:04.410  2701  5554 I TSAPP_RRM: appRunningRefreshRate runningApp : com.glyph.launcher
02-13 09:53:04.416  2701  5554 I TSAPP_TSService: monitorTemperature mQuietTemp = 30.254
02-13 09:53:04.417  2701  5554 I TSAPP_AppProcessManager: isSystemApplications false : [com.glyph.launcher]
02-13 09:53:04.426  2701  5554 I TSAPP_TSService: monitorTemperature screen is on 
02-13 09:53:04.427  2701  5554 I TSAPP_AppProcessManager: isSystemApplications false : [com.glyph.launcher]
02-13 09:53:04.434  2701  5554 I TSAPP_RRM: foregroundRunningAppSets : [com.glyph.launcher]
02-13 09:53:04.434  2701  5554 I TSAPP_RRM: appRunningRefreshRate runningApp : com.glyph.launcher
02-13 09:53:04.440  2701  5554 I TSAPP_TSService: monitorTemperature mQuietTemp = 30.254
02-13 09:53:04.441  2701  5554 I TSAPP_AppProcessManager: isSystemApplications false : [com.glyph.launcher]
02-13 09:53:04.449  2701  5554 I TSAPP_TSService: monitorTemperature screen is on 
02-13 09:53:04.450  2701  5554 I TSAPP_AppProcessManager: isSystemApplications false : [com.glyph.launcher]
02-13 09:53:04.458  2701  5554 I TSAPP_RRM: foregroundRunningAppSets : [com.glyph.launcher]
02-13 09:53:04.458  2701  5554 I TSAPP_RRM: appRunningRefreshRate runningApp : com.glyph.launcher
02-13 09:53:04.468  2701  5554 I TSAPP_TSService: monitorTemperature mQuietTemp = 30.259
02-13 09:53:04.470  2701  5554 I TSAPP_AppProcessManager: isSystemApplications false : [com.glyph.launcher]
02-13 09:53:04.481  2701  5554 I TSAPP_TSService: monitorTemperature screen is on 
02-13 09:53:04.482  2701  5554 I TSAPP_AppProcessManager: isSystemApplications false : [com.glyph.launcher]
02-13 09:53:04.490  2701  5554 I TSAPP_RRM: foregroundRunningAppSets : [com.glyph.launcher]
02-13 09:53:04.490  2701  5554 I TSAPP_RRM: appRunningRefreshRate runningApp : com.glyph.launcher
02-13 09:53:04.496  2701  5554 I TSAPP_TSService: monitorTemperature mQuietTemp = 30.254
02-13 09:53:04.497  2701  5554 I TSAPP_AppProcessManager: isSystemApplications false : [com.glyph.launcher]
02-13 09:53:04.506  2701  5554 I TSAPP_TSService: monitorTemperature screen is on 
02-13 09:53:04.507  2701  5554 I TSAPP_AppProcessManager: isSystemApplications false : [com.glyph.launcher]
02-13 09:53:04.515  2701  5554 I TSAPP_RRM: foregroundRunningAppSets : [com.glyph.launcher]
02-13 09:53:04.515  2701  5554 I TSAPP_RRM: appRunningRefreshRate runningApp : com.glyph.launcher
02-13 09:53:04.520  2701  5554 I TSAPP_TSService: monitorTemperature mQuietTemp = 30.259
02-13 09:53:04.521  2701  5554 I TSAPP_AppProcessManager: isSystemApplications false : [com.glyph.launcher]
02-13 09:53:04.529  2701  5554 I TSAPP_TSService: monitorTemperature screen is on 
02-13 09:53:04.530  2701  5554 I TSAPP_AppProcessManager: isSystemApplications false : [com.glyph.launcher]
02-13 09:53:04.538  2701  5554 I TSAPP_RRM: foregroundRunningAppSets : [com.glyph.launcher]
02-13 09:53:04.538  2701  5554 I TSAPP_RRM: appRunningRefreshRate runningApp : com.glyph.launcher
02-13 09:53:04.543  2701  5554 I TSAPP_TSService: monitorTemperature mQuietTemp = 30.254
02-13 09:53:04.545  2701  5554 I TSAPP_AppProcessManager: isSystemApplications false : [com.glyph.launcher]
02-13 09:53:04.552  2701  5554 I TSAPP_TSService: monitorTemperature screen is on 
02-13 09:53:04.553  2701  5554 I TSAPP_AppProcessManager: isSystemApplications false : [com.glyph.launcher]
02-13 09:53:04.561  2701  5554 I TSAPP_RRM: foregroundRunningAppSets : [com.glyph.launcher]
02-13 09:53:04.561  2701  5554 I TSAPP_RRM: appRunningRefreshRate runningApp : com.glyph.launcher
02-13 09:53:04.566  2701  5554 I TSAPP_TSService: monitorTemperature mQuietTemp = 30.254
02-13 09:53:04.567  2701  5554 I TSAPP_AppProcessManager: isSystemApplications false : [com.glyph.launcher]
02-13 09:53:04.577  2701  5554 I TSAPP_TSService: monitorTemperature screen is on 
02-13 09:53:04.578  2701  5554 I TSAPP_AppProcessManager: isSystemApplications false : [com.glyph.launcher]
02-13 09:53:04.586  2701  5554 I TSAPP_RRM: foregroundRunningAppSets : [com.glyph.launcher]
02-13 09:53:04.586  2701  5554 I TSAPP_RRM: appRunningRefreshRate runningApp : com.glyph.launcher
02-13 09:53:04.592  2701  5554 I TSAPP_TSService: monitorTemperature mQuietTemp = 30.249
02-13 09:53:04.593  2701  5554 I TSAPP_AppProcessManager: isSystemApplications false : [com.glyph.launcher]
02-13 09:53:04.601  2701  5554 I TSAPP_TSService: monitorTemperature screen is on 
02-13 09:53:04.602  2701  5554 I TSAPP_AppProcessManager: isSystemApplications false : [com.glyph.launcher]
02-13 09:53:04.610  2701  5554 I TSAPP_RRM: foregroundRunningAppSets : [com.glyph.launcher]
02-13 09:53:04.610  2701  5554 I TSAPP_RRM: appRunningRefreshRate runningApp : com.glyph.launcher
02-13 09:53:04.621  2701  5554 I TSAPP_TSService: monitorTemperature mQuietTemp = 30.259
02-13 09:53:04.622  2701  5554 I TSAPP_AppProcessManager: isSystemApplications false : [com.glyph.launcher]
02-13 09:53:04.634  2701  5554 I TSAPP_TSService: monitorTemperature screen is on 
02-13 09:53:04.636  2701  5554 I TSAPP_AppProcessManager: isSystemApplications false : [com.glyph.launcher]
02-13 09:53:04.645  2701  5554 I TSAPP_RRM: foregroundRunningAppSets : [com.glyph.launcher]
02-13 09:53:04.645  2701  5554 I TSAPP_RRM: appRunningRefreshRate runningApp : com.glyph.launcher
02-13 09:53:04.651  2701  5554 I TSAPP_TSService: monitorTemperature mQuietTemp = 30.259
02-13 09:53:04.653  2701  5554 I TSAPP_AppProcessManager: isSystemApplications false : [com.glyph.launcher]
02-13 09:53:04.662  2701  5554 I TSAPP_TSService: monitorTemperature screen is on 
02-13 09:53:04.664  2701  5554 I TSAPP_AppProcessManager: isSystemApplications false : [com.glyph.launcher]
02-13 09:53:04.672  2701  5554 I TSAPP_RRM: foregroundRunningAppSets : [com.glyph.launcher]
02-13 09:53:04.672  2701  5554 I TSAPP_RRM: appRunningRefreshRate runningApp : com.glyph.launcher
02-13 09:53:04.681  2701  5554 I TSAPP_TSService: monitorTemperature mQuietTemp = 30.259
02-13 09:53:04.683  2701  5554 I TSAPP_AppProcessManager: isSystemApplications false : [com.glyph.launcher]
02-13 09:53:04.693  2701  5554 I TSAPP_TSService: monitorTemperature screen is on 
02-13 09:53:04.695  2701  5554 I TSAPP_AppProcessManager: isSystemApplications false : [com.glyph.launcher]
02-13 09:53:04.704  2701  5554 I TSAPP_RRM: foregroundRunningAppSets : [com.glyph.launcher]
02-13 09:53:04.704  2701  5554 I TSAPP_RRM: appRunningRefreshRate runningApp : com.glyph.launcher
02-13 09:53:04.709  2701  5554 I TSAPP_TSService: monitorTemperature mQuietTemp = 30.254
02-13 09:53:04.710  2701  5554 I TSAPP_AppProcessManager: isSystemApplications false : [com.glyph.launcher]
02-13 09:53:04.720  2701  5554 I TSAPP_TSService: monitorTemperature screen is on 
02-13 09:53:04.721  2701  5554 I TSAPP_AppProcessManager: isSystemApplications false : [com.glyph.launcher]
02-13 09:53:04.724  1143  1247 W VsyncModulator: setTransactionSchedule: Unexpected EarlyEnd
02-13 09:53:04.730  2701  5554 I TSAPP_RRM: foregroundRunningAppSets : [com.glyph.launcher]
02-13 09:53:04.730  2701  5554 I TSAPP_RRM: appRunningRefreshRate runningApp : com.glyph.launcher
02-13 09:53:04.736  2701  5554 I TSAPP_TSService: monitorTemperature mQuietTemp = 30.259
02-13 09:53:04.738  2701  5554 I TSAPP_AppProcessManager: isSystemApplications false : [com.glyph.launcher]
02-13 09:53:04.746  2701  5554 I TSAPP_TSService: monitorTemperature screen is on 
02-13 09:53:04.747  2701  5554 I TSAPP_AppProcessManager: isSystemApplications false : [com.glyph.launcher]
02-13 09:53:04.755  2701  5554 I TSAPP_RRM: foregroundRunningAppSets : [com.glyph.launcher]
02-13 09:53:04.755  2701  5554 I TSAPP_RRM: appRunningRefreshRate runningApp : com.glyph.launcher
02-13 09:53:04.761  2701  5554 I TSAPP_TSService: monitorTemperature mQuietTemp = 30.254
02-13 09:53:04.762  2701  5554 I TSAPP_AppProcessManager: isSystemApplications false : [com.glyph.launcher]
02-13 09:53:04.771  2701  5554 I TSAPP_TSService: monitorTemperature screen is on 
02-13 09:53:04.772  2701  5554 I TSAPP_AppProcessManager: isSystemApplications false : [com.glyph.launcher]
02-13 09:53:04.780  2701  5554 I TSAPP_RRM: foregroundRunningAppSets : [com.glyph.launcher]
02-13 09:53:04.780  2701  5554 I TSAPP_RRM: appRunningRefreshRate runningApp : com.glyph.launcher
02-13 09:53:04.788  2701  5554 I TSAPP_TSService: monitorTemperature mQuietTemp = 30.259
02-13 09:53:04.790  2701  5554 I TSAPP_AppProcessManager: isSystemApplications false : [com.glyph.launcher]
02-13 09:53:04.802  2701  5554 I TSAPP_TSService: monitorTemperature screen is on 
02-13 09:53:04.804  2701  5554 I TSAPP_AppProcessManager: isSystemApplications false : [com.glyph.launcher]
02-13 09:53:04.814  2701  5554 I TSAPP_RRM: foregroundRunningAppSets : [com.glyph.launcher]
02-13 09:53:04.814  2701  5554 I TSAPP_RRM: appRunningRefreshRate runningApp : com.glyph.launcher
02-13 09:53:04.819  2701  5554 I TSAPP_TSService: monitorTemperature mQuietTemp = 30.259
02-13 09:53:04.820  2701  5554 I TSAPP_AppProcessManager: isSystemApplications false : [com.glyph.launcher]
02-13 09:53:04.830  2701  5554 I TSAPP_TSService: monitorTemperature screen is on 
02-13 09:53:04.832  2701  5554 I TSAPP_AppProcessManager: isSystemApplications false : [com.glyph.launcher]
02-13 09:53:04.841  2701  5554 I TSAPP_RRM: foregroundRunningAppSets : [com.glyph.launcher]
02-13 09:53:04.841  2701  5554 I TSAPP_RRM: appRunningRefreshRate runningApp : com.glyph.launcher
02-13 09:53:04.846  2701  5554 I TSAPP_TSService: monitorTemperature mQuietTemp = 30.259
02-13 09:53:04.848  2701  5554 I TSAPP_AppProcessManager: isSystemApplications false : [com.glyph.launcher]
02-13 09:53:04.856  2701  5554 I TSAPP_TSService: monitorTemperature screen is on 
02-13 09:53:04.857  2701  5554 I TSAPP_AppProcessManager: isSystemApplications false : [com.glyph.launcher]
02-13 09:53:04.864  2701  5554 I TSAPP_RRM: foregroundRunningAppSets : [com.glyph.launcher]
02-13 09:53:04.864  2701  5554 I TSAPP_RRM: appRunningRefreshRate runningApp : com.glyph.launcher
02-13 09:53:04.872  2701  5554 I TSAPP_TSService: monitorTemperature mQuietTemp = 30.254
02-13 09:53:04.873  2701  5554 I TSAPP_AppProcessManager: isSystemApplications false : [com.glyph.launcher]
02-13 09:53:04.884  2701  5554 I TSAPP_TSService: monitorTemperature screen is on 
02-13 09:53:04.885  2701  5554 I TSAPP_AppProcessManager: isSystemApplications false : [com.glyph.launcher]
02-13 09:53:04.893  2701  5554 I TSAPP_RRM: foregroundRunningAppSets : [com.glyph.launcher]
02-13 09:53:04.893  2701  5554 I TSAPP_RRM: appRunningRefreshRate runningApp : com.glyph.launcher
02-13 09:53:04.899  2701  5554 I TSAPP_TSService: monitorTemperature mQuietTemp = 30.254
02-13 09:53:04.900  2701  5554 I TSAPP_AppProcessManager: isSystemApplications false : [com.glyph.launcher]
02-13 09:53:04.909  2701  5554 I TSAPP_TSService: monitorTemperature screen is on 
02-13 09:53:04.910  2701  5554 I TSAPP_AppProcessManager: isSystemApplications false : [com.glyph.launcher]
02-13 09:53:04.918  2701  5554 I TSAPP_RRM: foregroundRunningAppSets : [com.glyph.launcher]
02-13 09:53:04.918  2701  5554 I TSAPP_RRM: appRunningRefreshRate runningApp : com.glyph.launcher
02-13 09:53:04.924  2701  5554 I TSAPP_TSService: monitorTemperature mQuietTemp = 30.259
02-13 09:53:04.925  2701  5554 I TSAPP_AppProcessManager: isSystemApplications false : [com.glyph.launcher]
02-13 09:53:04.934  2701  5554 I TSAPP_TSService: monitorTemperature screen is on 
02-13 09:53:04.936  2701  5554 I TSAPP_AppProcessManager: isSystemApplications false : [com.glyph.launcher]
02-13 09:53:04.944  2701  5554 I TSAPP_RRM: foregroundRunningAppSets : [com.glyph.launcher]
02-13 09:53:04.944  2701  5554 I TSAPP_RRM: appRunningRefreshRate runningApp : com.glyph.launcher
02-13 09:53:04.949  2701  5554 I TSAPP_TSService: monitorTemperature mQuietTemp = 30.254
02-13 09:53:04.950  2701  5554 I TSAPP_AppProcessManager: isSystemApplications false : [com.glyph.launcher]
02-13 09:53:04.959  2701  5554 I TSAPP_TSService: monitorTemperature screen is on 
02-13 09:53:04.960  2701  5554 I TSAPP_AppProcessManager: isSystemApplications false : [com.glyph.launcher]
02-13 09:53:04.968  2701  5554 I TSAPP_RRM: foregroundRunningAppSets : [com.glyph.launcher]
02-13 09:53:04.968  2701  5554 I TSAPP_RRM: appRunningRefreshRate runningApp : com.glyph.launcher
02-13 09:53:04.974  2701  5554 I TSAPP_TSService: monitorTemperature mQuietTemp = 30.259
02-13 09:53:04.976  2701  5554 I TSAPP_AppProcessManager: isSystemApplications false : [com.glyph.launcher]
02-13 09:53:04.986  2701  5554 I TSAPP_TSService: monitorTemperature screen is on 
02-13 09:53:04.987  2701  5554 I TSAPP_AppProcessManager: isSystemApplications false : [com.glyph.launcher]
02-13 09:53:04.995  2701  5554 I TSAPP_RRM: foregroundRunningAppSets : [com.glyph.launcher]
02-13 09:53:04.995  2701  5554 I TSAPP_RRM: appRunningRefreshRate runningApp : com.glyph.launcher
02-13 09:53:05.001  2701  5554 I TSAPP_TSService: monitorTemperature mQuietTemp = 30.254
02-13 09:53:05.002  2701  5554 I TSAPP_AppProcessManager: isSystemApplications false : [com.glyph.launcher]
02-13 09:53:05.010  2701  5554 I TSAPP_TSService: monitorTemperature screen is on 
02-13 09:53:05.011  2701  5554 I TSAPP_AppProcessManager: isSystemApplications false : [com.glyph.launcher]
02-13 09:53:05.018  2701  5554 I TSAPP_RRM: foregroundRunningAppSets : [com.glyph.launcher]
02-13 09:53:05.018  2701  5554 I TSAPP_RRM: appRunningRefreshRate runningApp : com.glyph.launcher
02-13 09:53:05.024  2701  5554 I TSAPP_TSService: monitorTemperature mQuietTemp = 30.259
02-13 09:53:05.025  2701  5554 I TSAPP_AppProcessManager: isSystemApplications false : [com.glyph.launcher]
02-13 09:53:05.033  2701  5554 I TSAPP_TSService: monitorTemperature screen is on 
02-13 09:53:05.034  2701  5554 I TSAPP_AppProcessManager: isSystemApplications false : [com.glyph.launcher]
02-13 09:53:05.042  2701  5554 I TSAPP_RRM: foregroundRunningAppSets : [com.glyph.launcher]
02-13 09:53:05.042  2701  5554 I TSAPP_RRM: appRunningRefreshRate runningApp : com.glyph.launcher
02-13 09:53:05.047  2701  5554 I TSAPP_TSService: monitorTemperature mQuietTemp = 30.259
02-13 09:53:05.049  2701  5554 I TSAPP_AppProcessManager: isSystemApplications false : [com.glyph.launcher]
02-13 09:53:05.057  2701  5554 I TSAPP_TSService: monitorTemperature screen is on 
02-13 09:53:05.058  2701  5554 I TSAPP_AppProcessManager: isSystemApplications false : [com.glyph.launcher]
02-13 09:53:05.066  2701  5554 I TSAPP_RRM: foregroundRunningAppSets : [com.glyph.launcher]
02-13 09:53:05.066  2701  5554 I TSAPP_RRM: appRunningRefreshRate runningApp : com.glyph.launcher
02-13 09:53:05.075  2701  5554 I TSAPP_TSService: monitorTemperature mQuietTemp = 30.259
02-13 09:53:05.076  2701  5554 I TSAPP_AppProcessManager: isSystemApplications false : [com.glyph.launcher]
02-13 09:53:05.090  2701  5554 I TSAPP_TSService: monitorTemperature screen is on 
02-13 09:53:05.092  2701  5554 I TSAPP_AppProcessManager: isSystemApplications false : [com.glyph.launcher]
02-13 09:53:05.101  2701  5554 I TSAPP_RRM: foregroundRunningAppSets : [com.glyph.launcher]
02-13 09:53:05.101  2701  5554 I TSAPP_RRM: appRunningRefreshRate runningApp : com.glyph.launcher
02-13 09:53:05.106  2701  5554 I TSAPP_TSService: monitorTemperature mQuietTemp = 30.259
02-13 09:53:05.107  2701  5554 I TSAPP_AppProcessManager: isSystemApplications false : [com.glyph.launcher]
02-13 09:53:05.116  2701  5554 I TSAPP_TSService: monitorTemperature screen is on 
02-13 09:53:05.118  2701  5554 I TSAPP_AppProcessManager: isSystemApplications false : [com.glyph.launcher]
02-13 09:53:05.126  2701  5554 I TSAPP_RRM: foregroundRunningAppSets : [com.glyph.launcher]
02-13 09:53:05.126  2701  5554 I TSAPP_RRM: appRunningRefreshRate runningApp : com.glyph.launcher
02-13 09:53:05.131  2701  5554 I TSAPP_TSService: monitorTemperature mQuietTemp = 30.259
02-13 09:53:05.132  2701  5554 I TSAPP_AppProcessManager: isSystemApplications false : [com.glyph.launcher]
02-13 09:53:05.142  2701  5554 I TSAPP_TSService: monitorTemperature screen is on 
02-13 09:53:05.144  2701  5554 I TSAPP_AppProcessManager: isSystemApplications false : [com.glyph.launcher]
02-13 09:53:05.152  2701  5554 I TSAPP_RRM: foregroundRunningAppSets : [com.glyph.launcher]
02-13 09:53:05.152  2701  5554 I TSAPP_RRM: appRunningRefreshRate runningApp : com.glyph.launcher
02-13 09:53:05.158  2701  5554 I TSAPP_TSService: monitorTemperature mQuietTemp = 30.259
02-13 09:53:05.160  2701  5554 I TSAPP_AppProcessManager: isSystemApplications false : [com.glyph.launcher]
02-13 09:53:05.171  2701  5554 I TSAPP_TSService: monitorTemperature screen is on 
02-13 09:53:05.172  2701  5554 I TSAPP_AppProcessManager: isSystemApplications false : [com.glyph.launcher]
02-13 09:53:05.180  2701  5554 I TSAPP_RRM: foregroundRunningAppSets : [com.glyph.launcher]
02-13 09:53:05.180  2701  5554 I TSAPP_RRM: appRunningRefreshRate runningApp : com.glyph.launcher
02-13 09:53:05.186  2701  5554 I TSAPP_TSService: monitorTemperature mQuietTemp = 30.259
02-13 09:53:05.188  2701  5554 I TSAPP_AppProcessManager: isSystemApplications false : [com.glyph.launcher]
02-13 09:53:05.197  2701  5554 I TSAPP_TSService: monitorTemperature screen is on 
02-13 09:53:05.198  2701  5554 I TSAPP_AppProcessManager: isSystemApplications false : [com.glyph.launcher]
02-13 09:53:05.206  2701  5554 I TSAPP_RRM: foregroundRunningAppSets : [com.glyph.launcher]
02-13 09:53:05.206  2701  5554 I TSAPP_RRM: appRunningRefreshRate runningApp : com.glyph.launcher
02-13 09:53:05.211  2701  5554 I TSAPP_TSService: monitorTemperature mQuietTemp = 30.259
02-13 09:53:05.212  2701  5554 I TSAPP_AppProcessManager: isSystemApplications false : [com.glyph.launcher]
02-13 09:53:05.217  1143  1586 W VsyncModulator: setTransactionSchedule: Unexpected EarlyEnd
02-13 09:53:05.220  2701  5554 I TSAPP_TSService: monitorTemperature screen is on 
02-13 09:53:05.221  2701  5554 I TSAPP_AppProcessManager: isSystemApplications false : [com.glyph.launcher]
02-13 09:53:05.230  2701  5554 I TSAPP_RRM: foregroundRunningAppSets : [com.glyph.launcher]
02-13 09:53:05.230  2701  5554 I TSAPP_RRM: appRunningRefreshRate runningApp : com.glyph.launcher
02-13 09:53:05.236  2701  5554 I TSAPP_TSService: monitorTemperature mQuietTemp = 30.259
02-13 09:53:05.237  2701  5554 I TSAPP_AppProcessManager: isSystemApplications false : [com.glyph.launcher]
02-13 09:53:05.245  2701  5554 I TSAPP_TSService: monitorTemperature screen is on 
02-13 09:53:05.247  2701  5554 I TSAPP_AppProcessManager: isSystemApplications false : [com.glyph.launcher]
02-13 09:53:05.254  2701  5554 I TSAPP_RRM: foregroundRunningAppSets : [com.glyph.launcher]
02-13 09:53:05.254  2701  5554 I TSAPP_RRM: appRunningRefreshRate runningApp : com.glyph.launcher
02-13 09:53:05.260  2701  5554 I TSAPP_TSService: monitorTemperature mQuietTemp = 30.259
02-13 09:53:05.261  2701  5554 I TSAPP_AppProcessManager: isSystemApplications false : [com.glyph.launcher]
02-13 09:53:05.270  2701  5554 I TSAPP_TSService: monitorTemperature screen is on 
02-13 09:53:05.272  2701  5554 I TSAPP_AppProcessManager: isSystemApplications false : [com.glyph.launcher]
02-13 09:53:05.280  2701  5554 I TSAPP_RRM: foregroundRunningAppSets : [com.glyph.launcher]
02-13 09:53:05.280  2701  5554 I TSAPP_RRM: appRunningRefreshRate runningApp : com.glyph.launcher
02-13 09:53:05.285  2701  5554 I TSAPP_TSService: monitorTemperature mQuietTemp = 30.265
02-13 09:53:05.287  2701  5554 I TSAPP_AppProcessManager: isSystemApplications false : [com.glyph.launcher]
02-13 09:53:05.294  2701  5554 I TSAPP_TSService: monitorTemperature screen is on 
02-13 09:53:05.295  2701  5554 I TSAPP_AppProcessManager: isSystemApplications false : [com.glyph.launcher]
02-13 09:53:05.303  2701  5554 I TSAPP_RRM: foregroundRunningAppSets : [com.glyph.launcher]
02-13 09:53:05.303  2701  5554 I TSAPP_RRM: appRunningRefreshRate runningApp : com.glyph.launcher
02-13 09:53:05.308  2701  5554 I TSAPP_TSService: monitorTemperature mQuietTemp = 30.254
02-13 09:53:05.309  2701  5554 I TSAPP_AppProcessManager: isSystemApplications false : [com.glyph.launcher]
02-13 09:53:05.318  2701  5554 I TSAPP_TSService: monitorTemperature screen is on 
02-13 09:53:05.320  2701  5554 I TSAPP_AppProcessManager: isSystemApplications false : [com.glyph.launcher]
02-13 09:53:05.329  2701  5554 I TSAPP_RRM: foregroundRunningAppSets : [com.glyph.launcher]
02-13 09:53:05.329  2701  5554 I TSAPP_RRM: appRunningRefreshRate runningApp : com.glyph.launcher
02-13 09:53:05.334  2701  5554 I TSAPP_TSService: monitorTemperature mQuietTemp = 30.265
02-13 09:53:05.336  2701  5554 I TSAPP_AppProcessManager: isSystemApplications false : [com.glyph.launcher]
02-13 09:53:05.346  2701  5554 I TSAPP_TSService: monitorTemperature screen is on 
02-13 09:53:05.347  2701  5554 I TSAPP_AppProcessManager: isSystemApplications false : [com.glyph.launcher]
02-13 09:53:05.355  2701  5554 I TSAPP_RRM: foregroundRunningAppSets : [com.glyph.launcher]
02-13 09:53:05.355  2701  5554 I TSAPP_RRM: appRunningRefreshRate runningApp : com.glyph.launcher
02-13 09:53:05.363  2701  5554 I TSAPP_TSService: monitorTemperature mQuietTemp = 30.259
02-13 09:53:05.364  2701  5554 I TSAPP_AppProcessManager: isSystemApplications false : [com.glyph.launcher]
02-13 09:53:05.375  2701  5554 I TSAPP_TSService: monitorTemperature screen is on 
02-13 09:53:05.377  2701  5554 I TSAPP_AppProcessManager: isSystemApplications false : [com.glyph.launcher]
02-13 09:53:05.386  2701  5554 I TSAPP_RRM: foregroundRunningAppSets : [com.glyph.launcher]
02-13 09:53:05.386  2701  5554 I TSAPP_RRM: appRunningRefreshRate runningApp : com.glyph.launcher
02-13 09:53:05.391  2701  5554 I TSAPP_TSService: monitorTemperature mQuietTemp = 30.259
02-13 09:53:05.392  2701  5554 I TSAPP_AppProcessManager: isSystemApplications false : [com.glyph.launcher]
02-13 09:53:05.401  2701  5554 I TSAPP_TSService: monitorTemperature screen is on 
02-13 09:53:05.402  2701  5554 I TSAPP_AppProcessManager: isSystemApplications false : [com.glyph.launcher]
02-13 09:53:05.409  2701  5554 I TSAPP_RRM: foregroundRunningAppSets : [com.glyph.launcher]
02-13 09:53:05.409  2701  5554 I TSAPP_RRM: appRunningRefreshRate runningApp : com.glyph.launcher
02-13 09:53:05.414  2701  5554 I TSAPP_TSService: monitorTemperature mQuietTemp = 30.265
02-13 09:53:05.416  2701  5554 I TSAPP_AppProcessManager: isSystemApplications false : [com.glyph.launcher]
02-13 09:53:05.424  2701  5554 I TSAPP_TSService: monitorTemperature screen is on 
02-13 09:53:05.425  2701  5554 I TSAPP_AppProcessManager: isSystemApplications false : [com.glyph.launcher]
02-13 09:53:05.434  2701  5554 I TSAPP_RRM: foregroundRunningAppSets : [com.glyph.launcher]
02-13 09:53:05.434  2701  5554 I TSAPP_RRM: appRunningRefreshRate runningApp : com.glyph.launcher
02-13 09:53:05.445  2701  5554 I TSAPP_TSService: monitorTemperature mQuietTemp = 30.259
02-13 09:53:05.447  2701  5554 I TSAPP_AppProcessManager: isSystemApplications false : [com.glyph.launcher]
02-13 09:53:05.461  2701  5554 I TSAPP_TSService: monitorTemperature screen is on 
02-13 09:53:05.462  2701  5554 I TSAPP_AppProcessManager: isSystemApplications false : [com.glyph.launcher]
02-13 09:53:05.471  2701  5554 I TSAPP_RRM: foregroundRunningAppSets : [com.glyph.launcher]
02-13 09:53:05.471  2701  5554 I TSAPP_RRM: appRunningRefreshRate runningApp : com.glyph.launcher
02-13 09:53:05.476  2701  5554 I TSAPP_TSService: monitorTemperature mQuietTemp = 30.259
02-13 09:53:05.478  2701  5554 I TSAPP_AppProcessManager: isSystemApplications false : [com.glyph.launcher]
02-13 09:53:05.488  2701  5554 I TSAPP_TSService: monitorTemperature screen is on 
02-13 09:53:05.489  2701  5554 I TSAPP_AppProcessManager: isSystemApplications false : [com.glyph.launcher]
02-13 09:53:05.498  2701  5554 I TSAPP_RRM: foregroundRunningAppSets : [com.glyph.launcher]
02-13 09:53:05.498  2701  5554 I TSAPP_RRM: appRunningRefreshRate runningApp : com.glyph.launcher
02-13 09:53:05.503  2701  5554 I TSAPP_TSService: monitorTemperature mQuietTemp = 30.254
02-13 09:53:05.504  2701  5554 I TSAPP_AppProcessManager: isSystemApplications false : [com.glyph.launcher]
02-13 09:53:05.512  2701  5554 I TSAPP_TSService: monitorTemperature screen is on 
02-13 09:53:05.513  2701  5554 I TSAPP_AppProcessManager: isSystemApplications false : [com.glyph.launcher]
02-13 09:53:05.522  2701  5554 I TSAPP_RRM: foregroundRunningAppSets : [com.glyph.launcher]
02-13 09:53:05.522  2701  5554 I TSAPP_RRM: appRunningRefreshRate runningApp : com.glyph.launcher
02-13 09:53:05.527  2701  5554 I TSAPP_TSService: monitorTemperature mQuietTemp = 30.259
02-13 09:53:05.529  2701  5554 I TSAPP_AppProcessManager: isSystemApplications false : [com.glyph.launcher]
02-13 09:53:05.537  2701  5554 I TSAPP_TSService: monitorTemperature screen is on 
02-13 09:53:05.538  2701  5554 I TSAPP_AppProcessManager: isSystemApplications false : [com.glyph.launcher]
02-13 09:53:05.545  2701  5554 I TSAPP_RRM: foregroundRunningAppSets : [com.glyph.launcher]
02-13 09:53:05.545  2701  5554 I TSAPP_RRM: appRunningRefreshRate runningApp : com.glyph.launcher
02-13 09:53:05.551  2701  5554 I TSAPP_TSService: monitorTemperature mQuietTemp = 30.259
02-13 09:53:05.552  2701  5554 I TSAPP_AppProcessManager: isSystemApplications false : [com.glyph.launcher]
02-13 09:53:05.561  2701  5554 I TSAPP_TSService: monitorTemperature screen is on 
02-13 09:53:05.562  2701  5554 I TSAPP_AppProcessManager: isSystemApplications false : [com.glyph.launcher]
02-13 09:53:05.571  2701  5554 I TSAPP_RRM: foregroundRunningAppSets : [com.glyph.launcher]
02-13 09:53:05.571  2701  5554 I TSAPP_RRM: appRunningRefreshRate runningApp : com.glyph.launcher
02-13 09:53:05.576  2701  5554 I TSAPP_TSService: monitorTemperature mQuietTemp = 30.259
02-13 09:53:05.577  2701  5554 I TSAPP_AppProcessManager: isSystemApplications false : [com.glyph.launcher]
02-13 09:53:05.586  2701  5554 I TSAPP_TSService: monitorTemperature screen is on 
02-13 09:53:05.587  2701  5554 I TSAPP_AppProcessManager: isSystemApplications false : [com.glyph.launcher]
02-13 09:53:05.595  2701  5554 I TSAPP_RRM: foregroundRunningAppSets : [com.glyph.launcher]
02-13 09:53:05.595  2701  5554 I TSAPP_RRM: appRunningRefreshRate runningApp : com.glyph.launcher
02-13 09:53:05.601  2701  5554 I TSAPP_TSService: monitorTemperature mQuietTemp = 30.259
02-13 09:53:05.602  2701  5554 I TSAPP_AppProcessManager: isSystemApplications false : [com.glyph.launcher]
02-13 09:53:05.610  2701  5554 I TSAPP_TSService: monitorTemperature screen is on 
02-13 09:53:05.611  2701  5554 I TSAPP_AppProcessManager: isSystemApplications false : [com.glyph.launcher]
02-13 09:53:05.619  2701  5554 I TSAPP_RRM: foregroundRunningAppSets : [com.glyph.launcher]
02-13 09:53:05.619  2701  5554 I TSAPP_RRM: appRunningRefreshRate runningApp : com.glyph.launcher
02-13 09:53:05.625  2701  5554 I TSAPP_TSService: monitorTemperature mQuietTemp = 30.259
02-13 09:53:05.626  2701  5554 I TSAPP_AppProcessManager: isSystemApplications false : [com.glyph.launcher]
02-13 09:53:05.634  2701  5554 I TSAPP_TSService: monitorTemperature screen is on 
02-13 09:53:05.636  2701  5554 I TSAPP_AppProcessManager: isSystemApplications false : [com.glyph.launcher]
02-13 09:53:05.644  2701  5554 I TSAPP_RRM: foregroundRunningAppSets : [com.glyph.launcher]
02-13 09:53:05.644  2701  5554 I TSAPP_RRM: appRunningRefreshRate runningApp : com.glyph.launcher
02-13 09:53:05.649  2701  5554 I TSAPP_TSService: monitorTemperature mQuietTemp = 30.259
02-13 09:53:05.650  2701  5554 I TSAPP_AppProcessManager: isSystemApplications false : [com.glyph.launcher]
02-13 09:53:05.658  2701  5554 I TSAPP_TSService: monitorTemperature screen is on 
02-13 09:53:05.659  2701  5554 I TSAPP_AppProcessManager: isSystemApplications false : [com.glyph.launcher]
02-13 09:53:05.667  2701  5554 I TSAPP_RRM: foregroundRunningAppSets : [com.glyph.launcher]
02-13 09:53:05.667  2701  5554 I TSAPP_RRM: appRunningRefreshRate runningApp : com.glyph.launcher
02-13 09:53:05.673  2701  5554 I TSAPP_TSService: monitorTemperature mQuietTemp = 30.259
02-13 09:53:05.674  2701  5554 I TSAPP_AppProcessManager: isSystemApplications false : [com.glyph.launcher]
02-13 09:53:05.682  2701  5554 I TSAPP_TSService: monitorTemperature screen is on 
02-13 09:53:05.684  2701  5554 I TSAPP_AppProcessManager: isSystemApplications false : [com.glyph.launcher]
02-13 09:53:05.691  2701  5554 I TSAPP_RRM: foregroundRunningAppSets : [com.glyph.launcher]
02-13 09:53:05.691  2701  5554 I TSAPP_RRM: appRunningRefreshRate runningApp : com.glyph.launcher
02-13 09:53:05.700  2701  5554 I TSAPP_TSService: monitorTemperature mQuietTemp = 30.259
02-13 09:53:05.702  2701  5554 I TSAPP_AppProcessManager: isSystemApplications false : [com.glyph.launcher]
02-13 09:53:05.715  2701  5554 I TSAPP_TSService: monitorTemperature screen is on 
02-13 09:53:05.717  2701  5554 I TSAPP_AppProcessManager: isSystemApplications false : [com.glyph.launcher]
02-13 09:53:05.721 31533 31533 D OrientationTouchTransformer: set  ACTION_DOWN:  444 rect:RectF(0.0, 1008.0, 2400.0, 1080.0) rotation: 1
02-13 09:53:05.722 31533 31533 D OrientationTouchTransformer: lincaiqin contains x:21.990837, y:156.85477 ; left:0.0 ; top:1008.0 ; right:2400.0 ; bottom:1080.0 ; mRotation:1
02-13 09:53:05.722 31533 31533 D ruiruiconfig -- showrotation : contains  xx  = 1
02-13 09:53:05.724  1143  1586 W VsyncModulator: setTransactionSchedule: Unexpected EarlyEnd
02-13 09:53:05.732  2701  5554 I TSAPP_RRM: foregroundRunningAppSets : [com.glyph.launcher]
02-13 09:53:05.732  2701  5554 I TSAPP_RRM: appRunningRefreshRate runningApp : com.glyph.launcher
02-13 09:53:05.734  1143  1247 I BpBinder: onLastStrongRef automatically unlinking death recipients: <uncached descriptor>
02-13 09:53:05.741  2701  5554 I TSAPP_TSService: monitorTemperature mQuietTemp = 30.259
02-13 09:53:05.743  2701  5554 I TSAPP_AppProcessManager: isSystemApplications false : [com.glyph.launcher]
02-13 09:53:05.745  1738  1794 W Choreographer: Frame time is 0.256616 ms in the future!  Check that graphics HAL is generating vsync timestamps using the correct timebase.
02-13 09:53:05.752  2701  5554 I TSAPP_TSService: monitorTemperature screen is on 
02-13 09:53:05.753  2701  5554 I TSAPP_AppProcessManager: isSystemApplications false : [com.glyph.launcher]
02-13 09:53:05.755  1143  1586 I BpBinder: onLastStrongRef automatically unlinking death recipients: <uncached descriptor>
02-13 09:53:05.761  2701  5554 I TSAPP_RRM: foregroundRunningAppSets : [com.glyph.launcher]
02-13 09:53:05.761  2701  5554 I TSAPP_RRM: appRunningRefreshRate runningApp : com.glyph.launcher
02-13 09:53:05.768  2701  5554 I TSAPP_TSService: monitorTemperature mQuietTemp = 30.265
02-13 09:53:05.770  2701  5554 I TSAPP_AppProcessManager: isSystemApplications false : [com.glyph.launcher]
02-13 09:53:05.778  2701  5554 I TSAPP_TSService: monitorTemperature screen is on 
02-13 09:53:05.780  2701  5554 I TSAPP_AppProcessManager: isSystemApplications false : [com.glyph.launcher]
02-13 09:53:05.788  2701  5554 I TSAPP_RRM: foregroundRunningAppSets : [com.glyph.launcher]
02-13 09:53:05.788  2701  5554 I TSAPP_RRM: appRunningRefreshRate runningApp : com.glyph.launcher
02-13 09:53:05.793  2701  5554 I TSAPP_TSService: monitorTemperature mQuietTemp = 30.259
02-13 09:53:05.794  2701  5554 I TSAPP_AppProcessManager: isSystemApplications false : [com.glyph.launcher]
02-13 09:53:05.803  2701  5554 I TSAPP_TSService: monitorTemperature screen is on 
02-13 09:53:05.804  2701  5554 I TSAPP_AppProcessManager: isSystemApplications false : [com.glyph.launcher]
02-13 09:53:05.812  2701  5554 I TSAPP_RRM: foregroundRunningAppSets : [com.glyph.launcher]
02-13 09:53:05.812  2701  5554 I TSAPP_RRM: appRunningRefreshRate runningApp : com.glyph.launcher
02-13 09:53:05.820  2701  5554 I TSAPP_TSService: monitorTemperature mQuietTemp = 30.259
02-13 09:53:05.822  2701  5554 I TSAPP_AppProcessManager: isSystemApplications false : [com.glyph.launcher]
02-13 09:53:05.830  2701  5554 I TSAPP_TSService: monitorTemperature screen is on 
02-13 09:53:05.831  2701  5554 I TSAPP_AppProcessManager: isSystemApplications false : [com.glyph.launcher]
02-13 09:53:05.839  2701  5554 I TSAPP_RRM: foregroundRunningAppSets : [com.glyph.launcher]
02-13 09:53:05.839  2701  5554 I TSAPP_RRM: appRunningRefreshRate runningApp : com.glyph.launcher
02-13 09:53:05.844  2701  5554 I TSAPP_TSService: monitorTemperature mQuietTemp = 30.259
02-13 09:53:05.846  2701  5554 I TSAPP_AppProcessManager: isSystemApplications false : [com.glyph.launcher]
02-13 09:53:05.854  2701  5554 I TSAPP_TSService: monitorTemperature screen is on 
02-13 09:53:05.856  2701  5554 I TSAPP_AppProcessManager: isSystemApplications false : [com.glyph.launcher]
02-13 09:53:05.863  2701  5554 I TSAPP_RRM: foregroundRunningAppSets : [com.glyph.launcher]
02-13 09:53:05.863  2701  5554 I TSAPP_RRM: appRunningRefreshRate runningApp : com.glyph.launcher
02-13 09:53:05.868  2701  5554 I TSAPP_TSService: monitorTemperature mQuietTemp = 30.259
02-13 09:53:05.869  2701  5554 I TSAPP_AppProcessManager: isSystemApplications false : [com.glyph.launcher]
02-13 09:53:05.878  2701  5554 I TSAPP_TSService: monitorTemperature screen is on 
02-13 09:53:05.879  2701  5554 I TSAPP_AppProcessManager: isSystemApplications false : [com.glyph.launcher]
02-13 09:53:05.887  2701  5554 I TSAPP_RRM: foregroundRunningAppSets : [com.glyph.launcher]
02-13 09:53:05.887  2701  5554 I TSAPP_RRM: appRunningRefreshRate runningApp : com.glyph.launcher
02-13 09:53:05.893  2701  5554 I TSAPP_TSService: monitorTemperature mQuietTemp = 30.259
02-13 09:53:05.894  2701  5554 I TSAPP_AppProcessManager: isSystemApplications false : [com.glyph.launcher]
02-13 09:53:05.905  2701  5554 I TSAPP_TSService: monitorTemperature screen is on 
02-13 09:53:05.906  2701  5554 I TSAPP_AppProcessManager: isSystemApplications false : [com.glyph.launcher]
02-13 09:53:05.914  2701  5554 I TSAPP_RRM: foregroundRunningAppSets : [com.glyph.launcher]
02-13 09:53:05.914  2701  5554 I TSAPP_RRM: appRunningRefreshRate runningApp : com.glyph.launcher
02-13 09:53:05.920  2701  5554 I TSAPP_TSService: monitorTemperature mQuietTemp = 30.259
02-13 09:53:05.921  2701  5554 I TSAPP_AppProcessManager: isSystemApplications false : [com.glyph.launcher]
02-13 09:53:05.930  2701  5554 I TSAPP_TSService: monitorTemperature screen is on 
02-13 09:53:05.931  2701  5554 I TSAPP_AppProcessManager: isSystemApplications false : [com.glyph.launcher]
02-13 09:53:05.939  2701  5554 I TSAPP_RRM: foregroundRunningAppSets : [com.glyph.launcher]
02-13 09:53:05.939  2701  5554 I TSAPP_RRM: appRunningRefreshRate runningApp : com.glyph.launcher
02-13 09:53:05.946  2701  5554 I TSAPP_TSService: monitorTemperature mQuietTemp = 30.259
02-13 09:53:05.947  2701  5554 I TSAPP_AppProcessManager: isSystemApplications false : [com.glyph.launcher]
02-13 09:53:05.956  2701  5554 I TSAPP_TSService: monitorTemperature screen is on 
02-13 09:53:05.957  2701  5554 I TSAPP_AppProcessManager: isSystemApplications false : [com.glyph.launcher]
02-13 09:53:05.965  2701  5554 I TSAPP_RRM: foregroundRunningAppSets : [com.glyph.launcher]
02-13 09:53:05.965  2701  5554 I TSAPP_RRM: appRunningRefreshRate runningApp : com.glyph.launcher
02-13 09:53:05.971  2701  5554 I TSAPP_TSService: monitorTemperature mQuietTemp = 30.259
02-13 09:53:05.972  2701  5554 I TSAPP_AppProcessManager: isSystemApplications false : [com.glyph.launcher]
02-13 09:53:05.980  2701  5554 I TSAPP_TSService: monitorTemperature screen is on 
02-13 09:53:05.982  2701  5554 I TSAPP_AppProcessManager: isSystemApplications false : [com.glyph.launcher]
02-13 09:53:05.990  2701  5554 I TSAPP_RRM: foregroundRunningAppSets : [com.glyph.launcher]
02-13 09:53:05.990  2701  5554 I TSAPP_RRM: appRunningRefreshRate runningApp : com.glyph.launcher
02-13 09:53:05.995  2701  5554 I TSAPP_TSService: monitorTemperature mQuietTemp = 30.254
02-13 09:53:05.997  2701  5554 I TSAPP_AppProcessManager: isSystemApplications false : [com.glyph.launcher]
02-13 09:53:06.006  2701  5554 I TSAPP_TSService: monitorTemperature screen is on 
02-13 09:53:06.008  2701  5554 I TSAPP_AppProcessManager: isSystemApplications false : [com.glyph.launcher]
02-13 09:53:06.017  2701  5554 I TSAPP_RRM: foregroundRunningAppSets : [com.glyph.launcher]
02-13 09:53:06.017  2701  5554 I TSAPP_RRM: appRunningRefreshRate runningApp : com.glyph.launcher
02-13 09:53:06.022  2701  5554 I TSAPP_TSService: monitorTemperature mQuietTemp = 30.259
02-13 09:53:06.024  2701  5554 I TSAPP_AppProcessManager: isSystemApplications false : [com.glyph.launcher]
02-13 09:53:06.032  2701  5554 I TSAPP_TSService: monitorTemperature screen is on 
02-13 09:53:06.033  2701  5554 I TSAPP_AppProcessManager: isSystemApplications false : [com.glyph.launcher]
02-13 09:53:06.040  2701  5554 I TSAPP_RRM: foregroundRunningAppSets : [com.glyph.launcher]
02-13 09:53:06.040  2701  5554 I TSAPP_RRM: appRunningRefreshRate runningApp : com.glyph.launcher
02-13 09:53:06.049  2701  5554 I TSAPP_TSService: monitorTemperature mQuietTemp = 30.265
02-13 09:53:06.051  2701  5554 I TSAPP_AppProcessManager: isSystemApplications false : [com.glyph.launcher]
02-13 09:53:06.061  2701  5554 I TSAPP_TSService: monitorTemperature screen is on 
02-13 09:53:06.063  2701  5554 I TSAPP_AppProcessManager: isSystemApplications false : [com.glyph.launcher]
02-13 09:53:06.071  2701  5554 I TSAPP_RRM: foregroundRunningAppSets : [com.glyph.launcher]
02-13 09:53:06.071  2701  5554 I TSAPP_RRM: appRunningRefreshRate runningApp : com.glyph.launcher
02-13 09:53:06.072 31533 31533 D OrientationTouchTransformer: set  ACTION_DOWN:  444 rect:RectF(0.0, 1008.0, 2400.0, 1080.0) rotation: 1
02-13 09:53:06.072 31533 31533 D OrientationTouchTransformer: lincaiqin contains x:123.94835, y:93.91304 ; left:0.0 ; top:1008.0 ; right:2400.0 ; bottom:1080.0 ; mRotation:1
02-13 09:53:06.072 31533 31533 D ruiruiconfig -- showrotation : contains  xx  = 1
02-13 09:53:06.078  2701  5554 I TSAPP_TSService: monitorTemperature mQuietTemp = 30.259
02-13 09:53:06.079  2701  5554 I TSAPP_AppProcessManager: isSystemApplications false : [com.glyph.launcher]
02-13 09:53:06.085  1143  1247 W VsyncModulator: setTransactionSchedule: Unexpected EarlyEnd
02-13 09:53:06.088  2701  5554 I TSAPP_TSService: monitorTemperature screen is on 
02-13 09:53:06.090  2701  5554 I TSAPP_AppProcessManager: isSystemApplications false : [com.glyph.launcher]
02-13 09:53:06.098  2701  5554 I TSAPP_RRM: foregroundRunningAppSets : [com.glyph.launcher]
02-13 09:53:06.098  2701  5554 I TSAPP_RRM: appRunningRefreshRate runningApp : com.glyph.launcher
02-13 09:53:06.104  2701  5554 I TSAPP_TSService: monitorTemperature mQuietTemp = 30.265
02-13 09:53:06.106  2701  5554 I TSAPP_AppProcessManager: isSystemApplications false : [com.glyph.launcher]
02-13 09:53:06.115  2701  5554 I TSAPP_TSService: monitorTemperature screen is on 
02-13 09:53:06.116  2701  5554 I TSAPP_AppProcessManager: isSystemApplications false : [com.glyph.launcher]
02-13 09:53:06.124  2701  5554 I TSAPP_RRM: foregroundRunningAppSets : [com.glyph.launcher]
02-13 09:53:06.124  2701  5554 I TSAPP_RRM: appRunningRefreshRate runningApp : com.glyph.launcher
02-13 09:53:06.131  2701  5554 I TSAPP_TSService: monitorTemperature mQuietTemp = 30.265
02-13 09:53:06.132  2701  5554 I TSAPP_AppProcessManager: isSystemApplications false : [com.glyph.launcher]
02-13 09:53:06.141  2701  5554 I TSAPP_TSService: monitorTemperature screen is on 
02-13 09:53:06.143  2701  5554 I TSAPP_AppProcessManager: isSystemApplications false : [com.glyph.launcher]
02-13 09:53:06.151  2701  5554 I TSAPP_RRM: foregroundRunningAppSets : [com.glyph.launcher]
02-13 09:53:06.152  2701  5554 I TSAPP_RRM: appRunningRefreshRate runningApp : com.glyph.launcher
02-13 09:53:06.158  2701  5554 I TSAPP_TSService: monitorTemperature mQuietTemp = 30.254
02-13 09:53:06.161  2701  5554 I TSAPP_AppProcessManager: isSystemApplications false : [com.glyph.launcher]
02-13 09:53:06.170  2701  5554 I TSAPP_TSService: monitorTemperature screen is on 
02-13 09:53:06.172  2701  5554 I TSAPP_AppProcessManager: isSystemApplications false : [com.glyph.launcher]
02-13 09:53:06.181  2701  5554 I TSAPP_RRM: foregroundRunningAppSets : [com.glyph.launcher]
02-13 09:53:06.181  2701  5554 I TSAPP_RRM: appRunningRefreshRate runningApp : com.glyph.launcher
02-13 09:53:06.187  2701  5554 I TSAPP_TSService: monitorTemperature mQuietTemp = 30.259
02-13 09:53:06.188  2701  5554 I TSAPP_AppProcessManager: isSystemApplications false : [com.glyph.launcher]
02-13 09:53:06.196  2701  5554 I TSAPP_TSService: monitorTemperature screen is on 
02-13 09:53:06.198  2701  5554 I TSAPP_AppProcessManager: isSystemApplications false : [com.glyph.launcher]
02-13 09:53:06.205  2701  5554 I TSAPP_RRM: foregroundRunningAppSets : [com.glyph.launcher]
02-13 09:53:06.205  2701  5554 I TSAPP_RRM: appRunningRefreshRate runningApp : com.glyph.launcher
02-13 09:53:06.211  2701  5554 I TSAPP_TSService: monitorTemperature mQuietTemp = 30.259
02-13 09:53:06.212  2701  5554 I TSAPP_AppProcessManager: isSystemApplications false : [com.glyph.launcher]
02-13 09:53:06.221  2701  5554 I TSAPP_TSService: monitorTemperature screen is on 
02-13 09:53:06.222  2701  5554 I TSAPP_AppProcessManager: isSystemApplications false : [com.glyph.launcher]
02-13 09:53:06.230  2701  5554 I TSAPP_RRM: foregroundRunningAppSets : [com.glyph.launcher]
02-13 09:53:06.230  2701  5554 I TSAPP_RRM: appRunningRefreshRate runningApp : com.glyph.launcher
02-13 09:53:06.241  2701  5554 I TSAPP_TSService: monitorTemperature mQuietTemp = 30.265
02-13 09:53:06.243  2701  5554 I TSAPP_AppProcessManager: isSystemApplications false : [com.glyph.launcher]
02-13 09:53:06.254  2701  5554 I TSAPP_TSService: monitorTemperature screen is on 
02-13 09:53:06.255  2701  5554 I TSAPP_AppProcessManager: isSystemApplications false : [com.glyph.launcher]
02-13 09:53:06.264  2701  5554 I TSAPP_RRM: foregroundRunningAppSets : [com.glyph.launcher]
02-13 09:53:06.264  2701  5554 I TSAPP_RRM: appRunningRefreshRate runningApp : com.glyph.launcher
02-13 09:53:06.270  2701  5554 I TSAPP_TSService: monitorTemperature mQuietTemp = 30.254
02-13 09:53:06.272  2701  5554 I TSAPP_AppProcessManager: isSystemApplications false : [com.glyph.launcher]
02-13 09:53:06.281  2701  5554 I TSAPP_TSService: monitorTemperature screen is on 
02-13 09:53:06.283  2701  5554 I TSAPP_AppProcessManager: isSystemApplications false : [com.glyph.launcher]
02-13 09:53:06.291  2701  5554 I TSAPP_RRM: foregroundRunningAppSets : [com.glyph.launcher]
02-13 09:53:06.291  2701  5554 I TSAPP_RRM: appRunningRefreshRate runningApp : com.glyph.launcher
02-13 09:53:06.296  2701  5554 I TSAPP_TSService: monitorTemperature mQuietTemp = 30.259
02-13 09:53:06.298  2701  5554 I TSAPP_AppProcessManager: isSystemApplications false : [com.glyph.launcher]
02-13 09:53:06.306  2701  5554 I TSAPP_TSService: monitorTemperature screen is on 
02-13 09:53:06.307  2701  5554 I TSAPP_AppProcessManager: isSystemApplications false : [com.glyph.launcher]
02-13 09:53:06.315  2701  5554 I TSAPP_RRM: foregroundRunningAppSets : [com.glyph.launcher]
02-13 09:53:06.315  2701  5554 I TSAPP_RRM: appRunningRefreshRate runningApp : com.glyph.launcher
02-13 09:53:06.321  2701  5554 I TSAPP_TSService: monitorTemperature mQuietTemp = 30.259
02-13 09:53:06.322  2701  5554 I TSAPP_AppProcessManager: isSystemApplications false : [com.glyph.launcher]
02-13 09:53:06.331  2701  5554 I TSAPP_TSService: monitorTemperature screen is on 
02-13 09:53:06.333  2701  5554 I TSAPP_AppProcessManager: isSystemApplications false : [com.glyph.launcher]
02-13 09:53:06.341  2701  5554 I TSAPP_RRM: foregroundRunningAppSets : [com.glyph.launcher]
02-13 09:53:06.341  2701  5554 I TSAPP_RRM: appRunningRefreshRate runningApp : com.glyph.launcher
02-13 09:53:06.347  2701  5554 I TSAPP_TSService: monitorTemperature mQuietTemp = 30.254
02-13 09:53:06.348  2701  5554 I TSAPP_AppProcessManager: isSystemApplications false : [com.glyph.launcher]
02-13 09:53:06.358  2701  5554 I TSAPP_TSService: monitorTemperature screen is on 
02-13 09:53:06.359  2701  5554 I TSAPP_AppProcessManager: isSystemApplications false : [com.glyph.launcher]
02-13 09:53:06.367  2701  5554 I TSAPP_RRM: foregroundRunningAppSets : [com.glyph.launcher]
02-13 09:53:06.367  2701  5554 I TSAPP_RRM: appRunningRefreshRate runningApp : com.glyph.launcher
02-13 09:53:06.373  2701  5554 I TSAPP_TSService: monitorTemperature mQuietTemp = 30.259
02-13 09:53:06.375  2701  5554 I TSAPP_AppProcessManager: isSystemApplications false : [com.glyph.launcher]
02-13 09:53:06.385  2701  5554 I TSAPP_TSService: monitorTemperature screen is on 
02-13 09:53:06.386  2701  5554 I TSAPP_AppProcessManager: isSystemApplications false : [com.glyph.launcher]
