02-13 09:45:48.414 28405 28405 D PrefCtrlListHelper: Could not find Context-only controller for pref: com.android.settings.applications.appinfo.AppVersionPreferenceController
02-13 09:45:48.416  2701  5554 I TSAPP_RRM: foregroundRunningAppSets : []
02-13 09:45:48.416 28405 28405 E Settings: Unable to find info for package: null
02-13 09:45:48.416 28405 28405 D ApplicationPackageManager: --hasSystemFeature--,feature name is:android.hardware.type.automotive
02-13 09:45:48.416 28405 28405 D ApplicationPackageManager: --hasSystemFeature--,PackageName  is:com.android.settings
02-13 09:45:48.416 28405 28405 D ApplicationPackageManager: --hasSystemFeature--,pco = 9
02-13 09:45:48.421  2701  5554 I TSAPP_TSService: monitorTemperature mQuietTemp = 26.585
02-13 09:45:48.425 28405 28405 W InstrumentedPrefFrag: Screen title missing for fragment com.android.settings.applications.appinfo.AppInfoDashboardFragment
02-13 09:45:48.426 28438 28438 I Perf    : Connecting to perf service.
02-13 09:45:48.426  2701  5554 I TSAPP_TSService: monitorTemperature screen is on 
02-13 09:45:48.429 28405 28405 D ApplicationPackageManager: --hasSystemFeature--,feature name is:android.software.picture_in_picture
02-13 09:45:48.429 28405 28405 D ApplicationPackageManager: --hasSystemFeature--,PackageName  is:com.android.settings
02-13 09:45:48.429 28405 28405 D ApplicationPackageManager: --hasSystemFeature--,pco = 9
02-13 09:45:48.429 28438 28438 V GraphicsEnvironment: ANGLE Developer option for 'com.qualcomm.qti.qccauthmgr' set to: 'default'
02-13 09:45:48.430 28405 28405 D ApplicationPackageManager: --hasSystemFeature--,feature name is:android.software.picture_in_picture
02-13 09:45:48.430 28405 28405 D ApplicationPackageManager: --hasSystemFeature--,PackageName  is:com.android.settings
02-13 09:45:48.430 28405 28405 D ApplicationPackageManager: --hasSystemFeature--,pco = 9
02-13 09:45:48.430 28438 28438 D NetworkSecurityConfig: No Network Security Config specified, using platform default
02-13 09:45:48.430 28438 28438 D NetworkSecurityConfig: No Network Security Config specified, using platform default
02-13 09:45:48.430 28438 28438 D qcc:QccAuthApp: load libqccAuthMgr
02-13 09:45:48.431 28405 28405 D ApplicationPackageManager: --hasSystemFeature--,feature name is:android.software.picture_in_picture
02-13 09:45:48.431 28405 28405 D ApplicationPackageManager: --hasSystemFeature--,PackageName  is:com.android.settings
02-13 09:45:48.432 28405 28405 D ApplicationPackageManager: --hasSystemFeature--,pco = 9
02-13 09:45:48.432 28405 28405 D ApplicationPackageManager: --hasSystemFeature--,feature name is:android.software.picture_in_picture
02-13 09:45:48.432 28405 28405 D ApplicationPackageManager: --hasSystemFeature--,PackageName  is:com.android.settings
02-13 09:45:48.432 28405 28405 D ApplicationPackageManager: --hasSystemFeature--,pco = 9
02-13 09:45:48.433  2701  5554 I TSAPP_RRM: foregroundRunningAppSets : []
02-13 09:45:48.435 28405 28405 W TileUtils: Found com.android.settings.Settings$ViewVerizonAccountActivity for intent Intent { act=com.android.settings.action.SETTINGS pkg=com.android.settings } missing metadata com.android.settings.category
02-13 09:45:48.435 28405 28405 W TileUtils: Found com.android.settings.Settings$SystemUpdateActivity for intent Intent { act=com.android.settings.action.SETTINGS pkg=com.android.settings } missing metadata com.android.settings.category
02-13 09:45:48.435 28438 28438 D QCCAuthMgr: SMQContentProvider onCreate
02-13 09:45:48.436 28405 28405 W TileUtils: Found com.qualcomm.qti.qcolor.QColorActivity for intent Intent { act=com.android.settings.action.EXTRA_SETTINGS } missing metadata com.android.settings.category
02-13 09:45:48.436 28438 28438 I qcc:QccAuthApp: onCreate()
02-13 09:45:48.436 28438 28438 D qcc:QccAuthApp: detectUninstallIsv
02-13 09:45:48.437 28438 28459 D hw-ProcessState: Binder ioctl to enable oneway spam detection failed: Invalid argument
02-13 09:45:48.437  2701  5554 I TSAPP_TSService: monitorTemperature mQuietTemp = 26.595
02-13 09:45:48.438 28438 28459 D QCCAuthMgr: SMQContentProvider query uri: content://com.qti.smq.Feedback.provider/smq_settings, selection: key=?, uri_matcher: 1
02-13 09:45:48.440 28405 28405 D AppInfoDashboard: NO dashboard tiles for AppInfoDashboard
02-13 09:45:48.440 28405 28405 D AppInfoDashboard: All preferences added, reporting fully drawn
02-13 09:45:48.441 28405 28405 D SettingsActivity: Executed frag manager pendingTransactions
02-13 09:45:48.444 28438 28459 D QCCAuthMgr: SMQContentProvider query tableName: smq_settings
02-13 09:45:48.443  1039  1039 W /vendor/bin/hw/vendor.qti.hardware.perf@2.2-service: type=1400 audit(0.0:148597): avc: denied { search } for comm=41646170744C61756E636820566D name="1793" dev="proc" ino=19092604 scontext=u:r:vendor_hal_perf_default:s0 tcontext=u:r:system_server:s0 tclass=dir permissive=0
02-13 09:45:48.443  1039  1039 W /vendor/bin/hw/vendor.qti.hardware.perf@2.2-service: type=1400 audit(0.0:148596): avc: denied { search } for comm=41646170744C61756E636820566D name="1793" dev="proc" ino=19092604 scontext=u:r:vendor_hal_perf_default:s0 tcontext=u:r:system_server:s0 tclass=dir permissive=0
02-13 09:45:48.443  1039  1039 W /vendor/bin/hw/vendor.qti.hardware.perf@2.2-service: type=1400 audit(0.0:148599): avc: denied { search } for comm=41646170744C61756E636820566D name="1794" dev="proc" ino=19092605 scontext=u:r:vendor_hal_perf_default:s0 tcontext=u:r:system_server:s0 tclass=dir permissive=0
02-13 09:45:48.443  1039  1039 W /vendor/bin/hw/vendor.qti.hardware.perf@2.2-service: type=1400 audit(0.0:148598): avc: denied { search } for comm=41646170744C61756E636820566D name="1794" dev="proc" ino=19092605 scontext=u:r:vendor_hal_perf_default:s0 tcontext=u:r:system_server:s0 tclass=dir permissive=0
02-13 09:45:48.443  1039  1039 W /vendor/bin/hw/vendor.qti.hardware.perf@2.2-service: type=1400 audit(0.0:148600): avc: denied { search } for comm=41646170744C61756E636820566D name="1795" dev="proc" ino=19092606 scontext=u:r:vendor_hal_perf_default:s0 tcontext=u:r:system_server:s0 tclass=dir permissive=0
02-13 09:45:48.444  2701  5554 I TSAPP_TSService: monitorTemperature screen is on 
02-13 09:45:48.446 28405 28405 D CompatibilityChangeReporter: Compat change id reported: 171228096; UID 1000; state: ENABLED
02-13 09:45:48.448  2701  5554 I TSAPP_RRM: foregroundRunningAppSets : []
02-13 09:45:48.449 28405 28405 D ApplicationPackageManager: --hasSystemFeature--,feature name is:android.hardware.type.automotive
02-13 09:45:48.449 28405 28405 D ApplicationPackageManager: --hasSystemFeature--,PackageName  is:com.android.settings
02-13 09:45:48.449 28405 28405 D ApplicationPackageManager: --hasSystemFeature--,pco = 9
02-13 09:45:48.453  2701  5554 I TSAPP_TSService: monitorTemperature mQuietTemp = 26.595
02-13 09:45:48.454 28405 28462 D ApplicationPackageManager: --hasSystemFeature--,feature name is:android.hardware.wifi
02-13 09:45:48.454 28405 28462 D ApplicationPackageManager: --hasSystemFeature--,PackageName  is:com.android.settings
02-13 09:45:48.454 28405 28462 D ApplicationPackageManager: --hasSystemFeature--,pco = 9
02-13 09:45:48.455 28405 28462 D ApplicationPackageManager: --hasSystemFeature--,feature name is:android.hardware.bluetooth
02-13 09:45:48.455 28405 28462 D ApplicationPackageManager: --hasSystemFeature--,PackageName  is:com.android.settings
02-13 09:45:48.455 28405 28462 D ApplicationPackageManager: --hasSystemFeature--,pco = 9
02-13 09:45:48.457  2701  5554 I TSAPP_TSService: monitorTemperature screen is on 
02-13 09:45:48.458 28405 28405 W AppButtonsPrefCtl: App is not explicitly stopped
02-13 09:45:48.459 28405 28462 D ApplicationPackageManager: --hasSystemFeature--,feature name is:android.hardware.wifi.direct
02-13 09:45:48.459 28405 28462 D ApplicationPackageManager: --hasSystemFeature--,PackageName  is:com.android.settings
02-13 09:45:48.459 28405 28462 D ApplicationPackageManager: --hasSystemFeature--,pco = 9
02-13 09:45:48.461 28405 28462 D SettingsActivity: No enabled state changed, skipping updateCategory call
02-13 09:45:48.463 28405 28405 D ApplicationPackageManager: --hasSystemFeature--,feature name is:android.hardware.wifi
02-13 09:45:48.463 28405 28405 D ApplicationPackageManager: --hasSystemFeature--,PackageName  is:com.android.settings
02-13 09:45:48.463 28405 28405 D ApplicationPackageManager: --hasSystemFeature--,pco = 9
02-13 09:45:48.464  2701  5554 I TSAPP_RRM: foregroundRunningAppSets : []
02-13 09:45:48.468 28405 28405 W UnsafeUtil: platform method missing - proto runtime falling back to safer methods: java.lang.NoSuchMethodException: sun.misc.Unsafe.copyMemory [class java.lang.Object, long, class java.lang.Object, long, long]
02-13 09:45:48.473  2701  5554 I TSAPP_TSService: monitorTemperature mQuietTemp = 26.595
02-13 09:45:48.481 28405 28405 D ApplicationPackageManager: --hasSystemFeature--,feature name is:android.software.picture_in_picture
02-13 09:45:48.481 28405 28405 D ApplicationPackageManager: --hasSystemFeature--,PackageName  is:com.android.settings
02-13 09:45:48.481 28405 28405 D ApplicationPackageManager: --hasSystemFeature--,pco = 9
02-13 09:45:48.482 28405 28405 D ApplicationPackageManager: --hasSystemFeature--,feature name is:android.software.picture_in_picture
02-13 09:45:48.482 28405 28405 D ApplicationPackageManager: --hasSystemFeature--,PackageName  is:com.android.settings
02-13 09:45:48.482 28405 28405 D ApplicationPackageManager: --hasSystemFeature--,pco = 9
02-13 09:45:48.485  2701  5554 I TSAPP_TSService: monitorTemperature screen is on 
02-13 09:45:48.496  2701  5554 I TSAPP_RRM: foregroundRunningAppSets : []
02-13 09:45:48.502  2701  5554 I TSAPP_TSService: monitorTemperature mQuietTemp = 26.595
02-13 09:45:48.509  2701  5554 I TSAPP_TSService: monitorTemperature screen is on 
02-13 09:45:48.512  2701  5554 I TSAPP_RRM: foregroundRunningAppSets : []
02-13 09:45:48.516  2701  5554 I TSAPP_TSService: monitorTemperature mQuietTemp = 26.59
02-13 09:45:48.519  2701  5554 I TSAPP_TSService: monitorTemperature screen is on 
02-13 09:45:48.523  2701  5554 I TSAPP_RRM: foregroundRunningAppSets : []
02-13 09:45:48.528  2701  5554 I TSAPP_TSService: monitorTemperature mQuietTemp = 26.595
02-13 09:45:48.530  2701  5554 I TSAPP_TSService: monitorTemperature screen is on 
02-13 09:45:48.533  2701  5554 I TSAPP_RRM: foregroundRunningAppSets : []
02-13 09:45:48.538  2701  5554 I TSAPP_TSService: monitorTemperature mQuietTemp = 26.59
02-13 09:45:48.540  2701  5554 I TSAPP_TSService: monitorTemperature screen is on 
02-13 09:45:48.543  2701  5554 I TSAPP_RRM: foregroundRunningAppSets : []
02-13 09:45:48.547  2701  5554 I TSAPP_TSService: monitorTemperature mQuietTemp = 26.595
02-13 09:45:48.550  2701  5554 I TSAPP_TSService: monitorTemperature screen is on 
02-13 09:45:48.558 31533 31565 D OpenGLRenderer: endAllActiveAnimators on 0xb40000763d97d640 (RippleDrawable) with handle 0xb40000754d925d50
02-13 09:45:48.569  2701  5554 I TSAPP_RRM: foregroundRunningAppSets : []
02-13 09:45:48.570 28405 28405 W AppButtonsPrefCtl: App is not explicitly stopped
02-13 09:45:48.572 28405 28436 W TileUtils: Found com.android.settings.Settings$ViewVerizonAccountActivity for intent Intent { act=com.android.settings.action.SETTINGS pkg=com.android.settings } missing metadata com.android.settings.category
02-13 09:45:48.572 28405 28436 W TileUtils: Found com.android.settings.Settings$SystemUpdateActivity for intent Intent { act=com.android.settings.action.SETTINGS pkg=com.android.settings } missing metadata com.android.settings.category
02-13 09:45:48.575  2701  5554 I TSAPP_TSService: monitorTemperature mQuietTemp = 26.6
02-13 09:45:48.576 28405 28436 W TileUtils: Found com.qualcomm.qti.qcolor.QColorActivity for intent Intent { act=com.android.settings.action.EXTRA_SETTINGS } missing metadata com.android.settings.category
02-13 09:45:48.581  2701  5554 I TSAPP_TSService: monitorTemperature screen is on 
02-13 09:45:48.582  1738  9372 D CompatibilityInfo: mCompatibilityFlags - 0
02-13 09:45:48.582  1738  9372 D CompatibilityInfo: applicationDensity - 360
02-13 09:45:48.582  1738  9372 D CompatibilityInfo: applicationScale - 1.0
02-13 09:45:48.588  2701  5554 I TSAPP_RRM: foregroundRunningAppSets : []
02-13 09:45:48.589  1738  6973 D CompatibilityInfo: mCompatibilityFlags - 0
02-13 09:45:48.589  1738  6973 D CompatibilityInfo: applicationDensity - 360
02-13 09:45:48.589  1738  6973 D CompatibilityInfo: applicationScale - 1.0
02-13 09:45:48.593 28405 28444 I incfs   : Initial API level of the device: 31
02-13 09:45:48.593 28405 28444 W libc    : Access denied finding property "ro.incremental.enable"
02-13 09:45:48.593 28405 28444 I incfs   : ro.incremental.enable: on
02-13 09:45:48.594 28405 28444 I incfs   : IncFs_Features: v1
02-13 09:45:48.604  2701  5554 I TSAPP_TSService: monitorTemperature mQuietTemp = 26.595
02-13 09:45:48.608  2701  5554 I TSAPP_TSService: monitorTemperature screen is on 
02-13 09:45:48.615  2701  5554 I TSAPP_RRM: foregroundRunningAppSets : []
02-13 09:45:48.616  1738  1794 D CompatibilityChangeReporter: Compat change id reported: 158002302; UID 1000; state: ENABLED
02-13 09:45:48.617 28405 28432 I AdrenoGLES-0: QUALCOMM build                   : a3cdec2236, Ief33eea0db
02-13 09:45:48.617 28405 28432 I AdrenoGLES-0: Build Date                       : 08/23/22
02-13 09:45:48.617 28405 28432 I AdrenoGLES-0: OpenGL ES Shader Compiler Version: EV031.35.01.12
02-13 09:45:48.617 28405 28432 I AdrenoGLES-0: Local Branch                     : 
02-13 09:45:48.617 28405 28432 I AdrenoGLES-0: Remote Branch                    : 
02-13 09:45:48.617 28405 28432 I AdrenoGLES-0: Remote Branch                    : 
02-13 09:45:48.617 28405 28432 I AdrenoGLES-0: Reconstruct Branch               : 
02-13 09:45:48.617 28405 28432 I AdrenoGLES-0: Build Config                     : S P 10.0.7 AArch64
02-13 09:45:48.617 28405 28432 I AdrenoGLES-0: Driver Path                      : /vendor/lib64/egl/libGLESv2_adreno.so
02-13 09:45:48.620 28405 28432 I AdrenoGLES-0: PFP: 0x016dc094, ME: 0x00000000
02-13 09:45:48.620  2701  5554 I TSAPP_TSService: monitorTemperature mQuietTemp = 26.59
02-13 09:45:48.623  2701  5554 I TSAPP_TSService: monitorTemperature screen is on 
02-13 09:45:48.629  1034  1034 I SDM     : HWCColorModeStc::GetColorModeCount: Supported color mode count = 1
02-13 09:45:48.629  1034  1034 I SDM     : HWCColorModeStc::GetColorModes: Color mode = 0 is supported
02-13 09:45:48.630 28405 28432 D hw-ProcessState: Binder ioctl to enable oneway spam detection failed: Invalid argument
02-13 09:45:48.639  2701  5554 I TSAPP_RRM: foregroundRunningAppSets : []
02-13 09:45:48.644  2701  5554 I TSAPP_TSService: monitorTemperature mQuietTemp = 26.6
02-13 09:45:48.653 24206 27239 I Role    : com.glyph.launcher not qualified for android.app.role.HOME due to missing RequiredComponent{mIntentFilterData=IntentFilterData{mAction='android.intent.action.MAIN', mCategories='[android.intent.category.HOME]', mDataScheme='null', mDataType='null'}, mPermission='null'}
02-13 09:45:48.656  1738  1793 I EventSequenceValidator: dec AccIntentStartedEvents to 1
02-13 09:45:48.657 24206 27239 D TelephonyManager: isSmsCapable pkgName=com.google.android.permissioncontroller
02-13 09:45:48.658  1738  1790 I ActivityTaskManager: Displayed com.android.settings/.applications.InstalledAppDetails: +621ms
02-13 09:45:48.658  1738  1790 I ActivityTaskManager: Fully drawn com.android.settings/.applications.InstalledAppDetails: +621ms
02-13 09:45:48.659 24206 27239 W Role    : Cannot get ApplicationInfo for default holder: com.google.android.apps.messaging
02-13 09:45:48.659 24206 27239 D TelephonyManager: isSmsCapable pkgName=com.google.android.permissioncontroller
02-13 09:45:48.661 24206 27239 W Role    : Cannot get ApplicationInfo for default holder: com.google.android.apps.messaging
02-13 09:45:48.667 26302 26302 I GoogleInputMethodService: GoogleInputMethodService.onFinishInput():2113 
02-13 09:45:48.669 26302 26302 I Module  : DeviceLockedStatusModuleProvider$Module.updateDeviceLockedStatus():103 repeatCheckTimes = 0, locked = false
02-13 09:45:48.669  2701  5554 I TSAPP_TSService: monitorTemperature screen is on 
02-13 09:45:48.669 26302 26302 I GoogleInputMethodService: GoogleInputMethodService.onStartInput():1384 onStartInput(EditorInfo{EditorInfo{packageName=com.android.settings, inputType=0, inputTypeString=NULL, enableLearning=false, autoCorrection=false, autoComplete=false, imeOptions=0, privateImeOptions=null, actionName=UNSPECIFIED, actionLabel=null, initialSelStart=-1, initialSelEnd=-1, initialCapsMode=0, label=null, fieldId=2131362926, fieldName=null, extras=null, hintText=null, hintLocales=[]}}, false)
02-13 09:45:48.670 26302 26302 I Module  : DeviceLockedStatusModuleProvider$Module.updateDeviceLockedStatus():103 repeatCheckTimes = 1, locked = false
02-13 09:45:48.674  1738  2599 I ActivityNotifier: binding to Dynamic DDS service
02-13 09:45:48.674  1738  2599 W ContextImpl: Calling a method in the system process without a qualified user: android.app.ContextImpl.bindService:1896 android.content.ContextWrapper.bindService:812 com.qualcomm.qti.activityextension.ActivityNotifier.bindToDynamicDDSService:103 com.qualcomm.qti.activityextension.ActivityNotifier.handleSendActivitySuspendNotification:154 com.qualcomm.qti.activityextension.ActivityNotifier.access$400:26 
02-13 09:45:48.674  1738  2599 W ActivityManager: Unable to start service Intent { cmp=com.qualcomm.qti.dynamicddsservice/.DynamicDDSService } U=0: not found
02-13 09:45:48.674  1738  2599 E ActivityNotifier: bindService failed
02-13 09:45:48.678  2701  5554 I TSAPP_RRM: foregroundRunningAppSets : []
02-13 09:45:48.685  2701  5554 I TSAPP_TSService: monitorTemperature mQuietTemp = 26.6
02-13 09:45:48.694  2701  5554 I TSAPP_TSService: monitorTemperature screen is on 
02-13 09:45:48.702  2701  5554 I TSAPP_RRM: foregroundRunningAppSets : []
02-13 09:45:48.707  2701  5554 I TSAPP_TSService: monitorTemperature mQuietTemp = 26.595
02-13 09:45:48.710  2701  5554 I TSAPP_TSService: monitorTemperature screen is on 
02-13 09:45:48.714  2701  5554 I TSAPP_RRM: foregroundRunningAppSets : []
02-13 09:45:48.718  2701  5554 I TSAPP_TSService: monitorTemperature mQuietTemp = 26.595
02-13 09:45:48.724  2701  5554 I TSAPP_TSService: monitorTemperature screen is on 
02-13 09:45:48.726  2701  5554 I TSAPP_RRM: foregroundRunningAppSets : []
02-13 09:45:48.731  2701  5554 I TSAPP_TSService: monitorTemperature mQuietTemp = 26.606
02-13 09:45:48.735  2701  5554 I TSAPP_TSService: monitorTemperature screen is on 
02-13 09:45:48.739  2701  5554 I TSAPP_RRM: foregroundRunningAppSets : []
02-13 09:45:48.743  2701  5554 I TSAPP_TSService: monitorTemperature mQuietTemp = 26.611
02-13 09:45:48.747  2701  5554 I TSAPP_TSService: monitorTemperature screen is on 
02-13 09:45:48.749  2701  5554 I TSAPP_RRM: foregroundRunningAppSets : []
02-13 09:45:48.754  2701  5554 I TSAPP_TSService: monitorTemperature mQuietTemp = 26.606
02-13 09:45:48.759  2701  5554 I TSAPP_TSService: monitorTemperature screen is on 
02-13 09:45:48.762  2701  5554 I TSAPP_RRM: foregroundRunningAppSets : []
02-13 09:45:48.767  2701  5554 I TSAPP_TSService: monitorTemperature mQuietTemp = 26.611
02-13 09:45:48.771  2701  5554 I TSAPP_TSService: monitorTemperature screen is on 
02-13 09:45:48.774  2701  5554 I TSAPP_RRM: foregroundRunningAppSets : []
02-13 09:45:48.779  2701  5554 I TSAPP_TSService: monitorTemperature mQuietTemp = 26.606
02-13 09:45:48.783  2701  5554 I TSAPP_TSService: monitorTemperature screen is on 
02-13 09:45:48.786  2701  5554 I TSAPP_RRM: foregroundRunningAppSets : []
02-13 09:45:48.793  2701  5554 I TSAPP_TSService: monitorTemperature mQuietTemp = 26.606
02-13 09:45:48.796  2701  5554 I TSAPP_TSService: monitorTemperature screen is on 
02-13 09:45:48.798  2701  5554 I TSAPP_RRM: foregroundRunningAppSets : []
02-13 09:45:48.802  2701  5554 I TSAPP_TSService: monitorTemperature mQuietTemp = 26.606
02-13 09:45:48.808  2701  5554 I TSAPP_TSService: monitorTemperature screen is on 
02-13 09:45:48.811  2701  5554 I TSAPP_RRM: foregroundRunningAppSets : []
02-13 09:45:48.816  2701  5554 I TSAPP_TSService: monitorTemperature mQuietTemp = 26.606
02-13 09:45:48.819  2701  5554 I TSAPP_TSService: monitorTemperature screen is on 
02-13 09:45:48.821  2701  5554 I TSAPP_RRM: foregroundRunningAppSets : []
02-13 09:45:48.826  2701  5554 I TSAPP_TSService: monitorTemperature mQuietTemp = 26.606
02-13 09:45:48.837  2701  5554 I TSAPP_TSService: monitorTemperature screen is on 
02-13 09:45:48.841  2701  5554 I TSAPP_RRM: foregroundRunningAppSets : []
02-13 09:45:48.846  2701  5554 I TSAPP_TSService: monitorTemperature mQuietTemp = 26.6
02-13 09:45:48.848  2701  5554 I TSAPP_TSService: monitorTemperature screen is on 
02-13 09:45:48.851  2701  5554 I TSAPP_RRM: foregroundRunningAppSets : []
02-13 09:45:48.860  2701  5554 I TSAPP_TSService: monitorTemperature mQuietTemp = 26.6
02-13 09:45:48.869  2701  5554 I TSAPP_TSService: monitorTemperature screen is on 
02-13 09:45:48.872  2701  5554 I TSAPP_RRM: foregroundRunningAppSets : []
02-13 09:45:48.877  2701  5554 I TSAPP_TSService: monitorTemperature mQuietTemp = 26.6
02-13 09:45:48.881  2701  5554 I TSAPP_TSService: monitorTemperature screen is on 
02-13 09:45:48.884  2701  5554 I TSAPP_RRM: foregroundRunningAppSets : []
02-13 09:45:48.892  2701  5554 I TSAPP_TSService: monitorTemperature mQuietTemp = 26.606
02-13 09:45:48.899  2701  5554 I TSAPP_TSService: monitorTemperature screen is on 
02-13 09:45:48.903  2701  5554 I TSAPP_RRM: foregroundRunningAppSets : []
02-13 09:45:48.907  2701  5554 I TSAPP_TSService: monitorTemperature mQuietTemp = 26.616
02-13 09:45:48.916  2701  5554 I TSAPP_TSService: monitorTemperature screen is on 
02-13 09:45:48.919  2701  5554 I TSAPP_RRM: foregroundRunningAppSets : []
02-13 09:45:48.923  2701  5554 I TSAPP_TSService: monitorTemperature mQuietTemp = 26.606
02-13 09:45:48.926  2701  5554 I TSAPP_TSService: monitorTemperature screen is on 
02-13 09:45:48.929  2701  5554 I TSAPP_RRM: foregroundRunningAppSets : []
02-13 09:45:48.931  1738  2883 W InputManager-JNI: Input channel object '8e142b4 Splash Screen com.android.settings (client)' was disposed without first being removed with the input manager!
02-13 09:45:48.933  2701  5554 I TSAPP_TSService: monitorTemperature mQuietTemp = 26.611
02-13 09:45:48.936  2701  5554 I TSAPP_TSService: monitorTemperature screen is on 
02-13 09:45:48.938  2701  5554 I TSAPP_RRM: foregroundRunningAppSets : []
02-13 09:45:48.942  2701  5554 I TSAPP_TSService: monitorTemperature mQuietTemp = 26.606
02-13 09:45:48.945  2701  5554 I TSAPP_TSService: monitorTemperature screen is on 
02-13 09:45:48.947  2701  5554 I TSAPP_RRM: foregroundRunningAppSets : []
02-13 09:45:48.958  2701  5554 I TSAPP_TSService: monitorTemperature mQuietTemp = 26.611
02-13 09:45:48.961  2701  5554 I TSAPP_TSService: monitorTemperature screen is on 
02-13 09:45:48.963  2701  5554 I TSAPP_RRM: foregroundRunningAppSets : []
02-13 09:45:48.972  2701  5554 I TSAPP_TSService: monitorTemperature mQuietTemp = 26.611
02-13 09:45:48.975  2701  5554 I TSAPP_TSService: monitorTemperature screen is on 
02-13 09:45:48.978  2701  5554 I TSAPP_RRM: foregroundRunningAppSets : []
02-13 09:45:48.988  2701  5554 I TSAPP_TSService: monitorTemperature mQuietTemp = 26.611
02-13 09:45:48.991  2701  5554 I TSAPP_TSService: monitorTemperature screen is on 
02-13 09:45:48.993  2701  5554 I TSAPP_RRM: foregroundRunningAppSets : []
02-13 09:45:48.998  2701  5554 I TSAPP_TSService: monitorTemperature mQuietTemp = 26.616
02-13 09:45:49.003  2701  5554 I TSAPP_TSService: monitorTemperature screen is on 
02-13 09:45:49.005  2701  5554 I TSAPP_RRM: foregroundRunningAppSets : []
02-13 09:45:49.015  2701  5554 I TSAPP_TSService: monitorTemperature mQuietTemp = 26.616
02-13 09:45:49.018  2701  5554 I TSAPP_TSService: monitorTemperature screen is on 
02-13 09:45:49.021  2701  5554 I TSAPP_RRM: foregroundRunningAppSets : []
02-13 09:45:49.025  2701  5554 I TSAPP_TSService: monitorTemperature mQuietTemp = 26.611
02-13 09:45:49.029  2701  5554 I TSAPP_TSService: monitorTemperature screen is on 
02-13 09:45:49.032  2701  5554 I TSAPP_RRM: foregroundRunningAppSets : []
02-13 09:45:49.037  2701  5554 I TSAPP_TSService: monitorTemperature mQuietTemp = 26.616
02-13 09:45:49.040  2701  5554 I TSAPP_TSService: monitorTemperature screen is on 
02-13 09:45:49.043  2701  5554 I TSAPP_RRM: foregroundRunningAppSets : []
02-13 09:45:49.047  2701  5554 I TSAPP_TSService: monitorTemperature mQuietTemp = 26.616
02-13 09:45:49.050  2701  5554 I TSAPP_TSService: monitorTemperature screen is on 
02-13 09:45:49.052  2701  5554 I TSAPP_RRM: foregroundRunningAppSets : []
02-13 09:45:49.057  2701  5554 I TSAPP_TSService: monitorTemperature mQuietTemp = 26.616
02-13 09:45:49.059  2701  5554 I TSAPP_TSService: monitorTemperature screen is on 
02-13 09:45:49.061  2701  5554 I TSAPP_RRM: foregroundRunningAppSets : []
02-13 09:45:49.070  2701  5554 I TSAPP_TSService: monitorTemperature mQuietTemp = 26.616
02-13 09:45:49.073  2701  5554 I TSAPP_TSService: monitorTemperature screen is on 
02-13 09:45:49.075  2701  5554 I TSAPP_RRM: foregroundRunningAppSets : []
02-13 09:45:49.079  2701  5554 I TSAPP_TSService: monitorTemperature mQuietTemp = 26.616
02-13 09:45:49.082  2701  5554 I TSAPP_TSService: monitorTemperature screen is on 
02-13 09:45:49.084  2701  5554 I TSAPP_RRM: foregroundRunningAppSets : []
02-13 09:45:49.089  2701  5554 I TSAPP_TSService: monitorTemperature mQuietTemp = 26.616
02-13 09:45:49.093  2701  5554 I TSAPP_TSService: monitorTemperature screen is on 
02-13 09:45:49.095  2701  5554 I TSAPP_RRM: foregroundRunningAppSets : []
02-13 09:45:49.100  2701  5554 I TSAPP_TSService: monitorTemperature mQuietTemp = 26.621
02-13 09:45:49.103  2701  5554 I TSAPP_TSService: monitorTemperature screen is on 
02-13 09:45:49.105  2701  5554 I TSAPP_RRM: foregroundRunningAppSets : []
02-13 09:45:49.109  2701  5554 I TSAPP_TSService: monitorTemperature mQuietTemp = 26.621
02-13 09:45:49.112  2701  5554 I TSAPP_TSService: monitorTemperature screen is on 
02-13 09:45:49.114  2701  5554 I TSAPP_RRM: foregroundRunningAppSets : []
02-13 09:45:49.118  2701  5554 I TSAPP_TSService: monitorTemperature mQuietTemp = 26.621
02-13 09:45:49.121  2701  5554 I TSAPP_TSService: monitorTemperature screen is on 
02-13 09:45:49.124  2701  5554 I TSAPP_RRM: foregroundRunningAppSets : []
02-13 09:45:49.129  2701  5554 I TSAPP_TSService: monitorTemperature mQuietTemp = 26.606
02-13 09:45:49.131  2701  5554 I TSAPP_TSService: monitorTemperature screen is on 
02-13 09:45:49.135  2701  5554 I TSAPP_RRM: foregroundRunningAppSets : []
02-13 09:45:49.139  2701  5554 I TSAPP_TSService: monitorTemperature mQuietTemp = 26.621
02-13 09:45:49.142  2701  5554 I TSAPP_TSService: monitorTemperature screen is on 
02-13 09:45:49.145  2701  5554 I TSAPP_RRM: foregroundRunningAppSets : []
02-13 09:45:49.153  2701  5554 I TSAPP_TSService: monitorTemperature mQuietTemp = 26.621
02-13 09:45:49.155  2701  5554 I TSAPP_TSService: monitorTemperature screen is on 
02-13 09:45:49.157  2701  5554 I TSAPP_RRM: foregroundRunningAppSets : []
02-13 09:45:49.168  2701  5554 I TSAPP_TSService: monitorTemperature mQuietTemp = 26.621
02-13 09:45:49.170  2701  5554 I TSAPP_TSService: monitorTemperature screen is on 
02-13 09:45:49.173  2701  5554 I TSAPP_RRM: foregroundRunningAppSets : []
02-13 09:45:49.177  2701  5554 I TSAPP_TSService: monitorTemperature mQuietTemp = 26.616
02-13 09:45:49.180  2701  5554 I TSAPP_TSService: monitorTemperature screen is on 
02-13 09:45:49.183  2701  5554 I TSAPP_RRM: foregroundRunningAppSets : []
02-13 09:45:49.188  2701  5554 I TSAPP_TSService: monitorTemperature mQuietTemp = 26.616
02-13 09:45:49.191  2701  5554 I TSAPP_TSService: monitorTemperature screen is on 
02-13 09:45:49.193  2701  5554 I TSAPP_RRM: foregroundRunningAppSets : []
02-13 09:45:49.200  2701  5554 I TSAPP_TSService: monitorTemperature mQuietTemp = 26.621
02-13 09:45:49.202  2701  5554 I TSAPP_TSService: monitorTemperature screen is on 
02-13 09:45:49.207  2701  5554 I TSAPP_RRM: foregroundRunningAppSets : []
02-13 09:45:49.212  2701  5554 I TSAPP_TSService: monitorTemperature mQuietTemp = 26.621
02-13 09:45:49.213  1738  6973 I PackageManager: com.google.android.documentsui can not resolve Launcher Activity
02-13 09:45:49.214  1738  2883 I PackageManager: com.google.android.documentsui can not resolve Launcher Activity
02-13 09:45:49.215  2701  5554 I TSAPP_TSService: monitorTemperature screen is on 
02-13 09:45:49.217 28405 28405 D AppInfoDashboard: Package change irrelevant, skipping
02-13 09:45:49.218 28405 28405 D AppInfoDashboard: Package change irrelevant, skipping
02-13 09:45:49.218  2701  5554 I TSAPP_RRM: foregroundRunningAppSets : []
02-13 09:45:49.218 28405 28405 D AppInfoDashboard: Package change irrelevant, skipping
02-13 09:45:49.219 28405 28405 D AppInfoDashboard: Package change irrelevant, skipping
02-13 09:45:49.219 28405 28405 D AppInfoDashboard: Package change irrelevant, skipping
02-13 09:45:49.219 28405 28405 D AppInfoDashboard: Package change irrelevant, skipping
02-13 09:45:49.220 28405 28405 D AppInfoDashboard: Package change irrelevant, skipping
02-13 09:45:49.221 28405 28405 D AppInfoDashboard: Package change irrelevant, skipping
02-13 09:45:49.221 28405 28405 D AppInfoDashboard: Package change irrelevant, skipping
02-13 09:45:49.222 28405 28405 D AppInfoDashboard: Package change irrelevant, skipping
02-13 09:45:49.222 28405 28405 D AppInfoDashboard: Package change irrelevant, skipping
02-13 09:45:49.223  2701  5554 I TSAPP_TSService: monitorTemperature mQuietTemp = 26.621
02-13 09:45:49.223 28405 28405 D AppInfoDashboard: Package change irrelevant, skipping
02-13 09:45:49.226  2701  5554 I TSAPP_TSService: monitorTemperature screen is on 
02-13 09:45:49.230  2701  5554 I TSAPP_RRM: foregroundRunningAppSets : []
02-13 09:45:49.234  2701  5554 I TSAPP_TSService: monitorTemperature mQuietTemp = 26.621
02-13 09:45:49.238 28405 28405 W AppButtonsPrefCtl: App is not explicitly stopped
02-13 09:45:49.238  2701  5554 I TSAPP_TSService: monitorTemperature screen is on 
02-13 09:45:49.240 28405 28405 D AppInfoDashboard: Package change irrelevant, skipping
02-13 09:45:49.240 28405 28405 D AppInfoDashboard: Package change irrelevant, skipping
02-13 09:45:49.240 28405 28405 D AppInfoDashboard: Package change irrelevant, skipping
02-13 09:45:49.240 28405 28405 D AppInfoDashboard: Package change irrelevant, skipping
02-13 09:45:49.240 28405 28405 D AppInfoDashboard: Package change irrelevant, skipping
02-13 09:45:49.240 28405 28405 D AppInfoDashboard: Package change irrelevant, skipping
02-13 09:45:49.240 28405 28405 D AppInfoDashboard: Package change irrelevant, skipping
02-13 09:45:49.240 28405 28405 D AppInfoDashboard: Package change irrelevant, skipping
02-13 09:45:49.240 28405 28405 D AppInfoDashboard: Package change irrelevant, skipping
02-13 09:45:49.240 28405 28405 D AppInfoDashboard: Package change irrelevant, skipping
02-13 09:45:49.240 28405 28405 D AppInfoDashboard: Package change irrelevant, skipping
02-13 09:45:49.240 28405 28405 D AppInfoDashboard: Package change irrelevant, skipping
02-13 09:45:49.240 28405 28405 D AppInfoDashboard: Package change irrelevant, skipping
02-13 09:45:49.240 28405 28405 D AppInfoDashboard: Package change irrelevant, skipping
02-13 09:45:49.240 28405 28405 D AppInfoDashboard: Package change irrelevant, skipping
02-13 09:45:49.240 28405 28405 D AppInfoDashboard: Package change irrelevant, skipping
02-13 09:45:49.240 28405 28405 D AppInfoDashboard: Package change irrelevant, skipping
02-13 09:45:49.240 28405 28405 D AppInfoDashboard: Package change irrelevant, skipping
02-13 09:45:49.240 28405 28405 D AppInfoDashboard: Package change irrelevant, skipping
02-13 09:45:49.240 28405 28405 D AppInfoDashboard: Package change irrelevant, skipping
02-13 09:45:49.240 28405 28405 D AppInfoDashboard: Package change irrelevant, skipping
02-13 09:45:49.240 28405 28405 D AppInfoDashboard: Package change irrelevant, skipping
02-13 09:45:49.240 28405 28405 D AppInfoDashboard: Package change irrelevant, skipping
02-13 09:45:49.240 28405 28405 D AppInfoDashboard: Package change irrelevant, skipping
02-13 09:45:49.240 28405 28405 D AppInfoDashboard: Package change irrelevant, skipping
02-13 09:45:49.241  1143  1586 W VsyncModulator: setTransactionSchedule: Unexpected EarlyEnd
02-13 09:45:49.243 28405 28405 D AppInfoDashboard: Package change irrelevant, skipping
02-13 09:45:49.244 28405 28405 D AppInfoDashboard: Package change irrelevant, skipping
02-13 09:45:49.244 28405 28405 D AppInfoDashboard: Package change irrelevant, skipping
02-13 09:45:49.245  2701  5554 I TSAPP_RRM: foregroundRunningAppSets : []
02-13 09:45:49.245 28405 28405 D AppInfoDashboard: Package change irrelevant, skipping
02-13 09:45:49.246 28405 28405 D AppInfoDashboard: Package change irrelevant, skipping
02-13 09:45:49.246 28405 28405 D AppInfoDashboard: Package change irrelevant, skipping
02-13 09:45:49.246 28405 28405 D AppInfoDashboard: Package change irrelevant, skipping
02-13 09:45:49.247  1039  3738 E ANDR-PERF-LM: VmRssMeter:: start() 447: Could not find pid, can not collect vmrss data
02-13 09:45:49.247  1039  3738 E ANDR-PERF-LM: AdaptiveLaunch: writeToDataBase() 64: Meter aborted or could not get meter data for this run
02-13 09:45:49.247 28405 28405 D AppInfoDashboard: Package change irrelevant, skipping
02-13 09:45:49.247  1039  3737 E ANDR-PERF-LM: VmRssMeter:: start() 447: Could not find pid, can not collect vmrss data
02-13 09:45:49.247 28405 28405 D AppInfoDashboard: Package change irrelevant, skipping
02-13 09:45:49.248 28405 28405 D AppInfoDashboard: Package change irrelevant, skipping
02-13 09:45:49.248 28405 28405 D AppInfoDashboard: Package change irrelevant, skipping
02-13 09:45:49.249 28405 28405 D AppInfoDashboard: Package change irrelevant, skipping
02-13 09:45:49.249 28405 28405 D AppInfoDashboard: Package change irrelevant, skipping
02-13 09:45:49.250 28405 28405 D AppInfoDashboard: Package change irrelevant, skipping
02-13 09:45:49.250 28405 28405 D AppInfoDashboard: Package change irrelevant, skipping
02-13 09:45:49.250  2701  5554 I TSAPP_TSService: monitorTemperature mQuietTemp = 26.621
02-13 09:45:49.251 28405 28405 D AppInfoDashboard: Package change irrelevant, skipping
02-13 09:45:49.251 28405 28405 D AppInfoDashboard: Package change irrelevant, skipping
02-13 09:45:49.251 28405 28405 D AppInfoDashboard: Package change irrelevant, skipping
02-13 09:45:49.252 28405 28405 D AppInfoDashboard: Package change irrelevant, skipping
02-13 09:45:49.252 28405 28405 D AppInfoDashboard: Package change irrelevant, skipping
02-13 09:45:49.253 28405 28405 D AppInfoDashboard: Package change irrelevant, skipping
02-13 09:45:49.253  2701  5554 I TSAPP_TSService: monitorTemperature screen is on 
02-13 09:45:49.254 28405 28405 D AppInfoDashboard: Package change irrelevant, skipping
02-13 09:45:49.254 28405 28405 D AppInfoDashboard: Package change irrelevant, skipping
02-13 09:45:49.255 28405 28405 D AppInfoDashboard: Package change irrelevant, skipping
02-13 09:45:49.255 28405 28405 D AppInfoDashboard: Package change irrelevant, skipping
02-13 09:45:49.256 28405 28405 D AppInfoDashboard: Package change irrelevant, skipping
02-13 09:45:49.256  2701  5554 I TSAPP_RRM: foregroundRunningAppSets : []
02-13 09:45:49.256 28405 28405 D AppInfoDashboard: Package change irrelevant, skipping
02-13 09:45:49.257 28405 28405 D AppInfoDashboard: Package change irrelevant, skipping
02-13 09:45:49.257 28405 28405 D AppInfoDashboard: Package change irrelevant, skipping
02-13 09:45:49.257   986 13431 D audio_hw_primary: out_set_parameters: enter: usecase(1: low-latency-playback) kvpairs: suspend_playback=false
02-13 09:45:49.258   986  7643 W audio_hw_primary: out_write: underrun(3416) frames_by_time(48184) > out->last_fifo_frames_remaining(384)
02-13 09:45:49.258 28405 28405 D AppInfoDashboard: Package change irrelevant, skipping
02-13 09:45:49.259 28405 28405 D AppInfoDashboard: Package change irrelevant, skipping
02-13 09:45:49.259 28405 28405 D AppInfoDashboard: Package change irrelevant, skipping
02-13 09:45:49.260 28405 28405 D AppInfoDashboard: Package change irrelevant, skipping
02-13 09:45:49.260 28405 28405 D AppInfoDashboard: Package change irrelevant, skipping
02-13 09:45:49.261 28405 28405 D AppInfoDashboard: Package change irrelevant, skipping
02-13 09:45:49.261 28405 28405 D AppInfoDashboard: Package change irrelevant, skipping
02-13 09:45:49.262 28405 28405 D AppInfoDashboard: Package change irrelevant, skipping
02-13 09:45:49.263 28405 28405 D AppInfoDashboard: Package change irrelevant, skipping
02-13 09:45:49.263 28405 28405 D AppInfoDashboard: Package change irrelevant, skipping
02-13 09:45:49.263 28405 28405 D AppInfoDashboard: Package change irrelevant, skipping
02-13 09:45:49.264 28405 28405 D AppInfoDashboard: Package change irrelevant, skipping
02-13 09:45:49.264 28405 28405 D AppInfoDashboard: Package change irrelevant, skipping
02-13 09:45:49.265 28405 28405 D AppInfoDashboard: Package change irrelevant, skipping
02-13 09:45:49.265 28405 28405 D AppInfoDashboard: Package change irrelevant, skipping
02-13 09:45:49.265  2701  5554 I TSAPP_TSService: monitorTemperature mQuietTemp = 26.626
02-13 09:45:49.267 28405 28405 D AppInfoDashboard: Package change irrelevant, skipping
02-13 09:45:49.268 28405 28405 D AppInfoDashboard: Package change irrelevant, skipping
02-13 09:45:49.268  2701  5554 I TSAPP_TSService: monitorTemperature screen is on 
02-13 09:45:49.268 28405 28405 D AppInfoDashboard: Package change irrelevant, skipping
02-13 09:45:49.269 28405 28405 D AppInfoDashboard: Package change irrelevant, skipping
02-13 09:45:49.269 28405 28405 D AppInfoDashboard: Package change irrelevant, skipping
02-13 09:45:49.270 28405 28405 D AppInfoDashboard: Package change irrelevant, skipping
02-13 09:45:49.271  2701  5554 I TSAPP_RRM: foregroundRunningAppSets : []
02-13 09:45:49.271 28405 28405 D AppInfoDashboard: Package change irrelevant, skipping
02-13 09:45:49.272 28405 28405 D AppInfoDashboard: Package change irrelevant, skipping
02-13 09:45:49.272 28405 28405 D AppInfoDashboard: Package change irrelevant, skipping
02-13 09:45:49.273 28405 28405 D AppInfoDashboard: Package change irrelevant, skipping
02-13 09:45:49.273 28405 28405 D AppInfoDashboard: Package change irrelevant, skipping
02-13 09:45:49.273 28405 28405 D AppInfoDashboard: Package change irrelevant, skipping
02-13 09:45:49.274 28405 28405 D AppInfoDashboard: Package change irrelevant, skipping
02-13 09:45:49.274 28405 28405 D AppInfoDashboard: Package change irrelevant, skipping
02-13 09:45:49.275 28405 28405 D AppInfoDashboard: Package change irrelevant, skipping
02-13 09:45:49.275  2701  5554 I TSAPP_TSService: monitorTemperature mQuietTemp = 26.626
02-13 09:45:49.276 28405 28405 D AppInfoDashboard: Package change irrelevant, skipping
02-13 09:45:49.277 28405 28405 D AppInfoDashboard: Package change irrelevant, skipping
02-13 09:45:49.277 28405 28405 D AppInfoDashboard: Package change irrelevant, skipping
02-13 09:45:49.277 28405 28405 D AppInfoDashboard: Package change irrelevant, skipping
02-13 09:45:49.278  2701  5554 I TSAPP_TSService: monitorTemperature screen is on 
02-13 09:45:49.278 28405 28405 D AppInfoDashboard: Package change irrelevant, skipping
02-13 09:45:49.279 28405 28405 D AppInfoDashboard: Package change irrelevant, skipping
02-13 09:45:49.279 28405 28405 D AppInfoDashboard: Package change irrelevant, skipping
02-13 09:45:49.280 28405 28405 D AppInfoDashboard: Package change irrelevant, skipping
02-13 09:45:49.280 28405 28405 D AppInfoDashboard: Package change irrelevant, skipping
02-13 09:45:49.281 28405 28405 D AppInfoDashboard: Package change irrelevant, skipping
02-13 09:45:49.281  2701  5554 I TSAPP_RRM: foregroundRunningAppSets : []
02-13 09:45:49.282 28405 28405 D AppInfoDashboard: Package change irrelevant, skipping
02-13 09:45:49.282 28405 28405 D AppInfoDashboard: Package change irrelevant, skipping
02-13 09:45:49.282 28405 28405 D AppInfoDashboard: Package change irrelevant, skipping
02-13 09:45:49.282 28405 28405 D AppInfoDashboard: Package change irrelevant, skipping
02-13 09:45:49.283 28405 28405 D AppInfoDashboard: Package change irrelevant, skipping
02-13 09:45:49.283 28405 28405 D AppInfoDashboard: Package change irrelevant, skipping
02-13 09:45:49.283 28405 28405 D AppInfoDashboard: Package change irrelevant, skipping
02-13 09:45:49.284 28405 28405 D AppInfoDashboard: Package change irrelevant, skipping
02-13 09:45:49.284 28405 28405 D AppInfoDashboard: Package change irrelevant, skipping
02-13 09:45:49.285 28405 28405 D AppInfoDashboard: Package change irrelevant, skipping
02-13 09:45:49.285 28405 28405 D AppInfoDashboard: Package change irrelevant, skipping
02-13 09:45:49.285 28405 28405 D AppInfoDashboard: Package change irrelevant, skipping
02-13 09:45:49.286  2701  5554 I TSAPP_TSService: monitorTemperature mQuietTemp = 26.626
02-13 09:45:49.286 28405 28405 D AppInfoDashboard: Package change irrelevant, skipping
02-13 09:45:49.286 28405 28405 D AppInfoDashboard: Package change irrelevant, skipping
02-13 09:45:49.287 28405 28405 D AppInfoDashboard: Package change irrelevant, skipping
02-13 09:45:49.288 28405 28405 D AppInfoDashboard: Package change irrelevant, skipping
02-13 09:45:49.288 28405 28405 D AppInfoDashboard: Package change irrelevant, skipping
02-13 09:45:49.289 28405 28405 D AppInfoDashboard: Package change irrelevant, skipping
02-13 09:45:49.289  2701  5554 I TSAPP_TSService: monitorTemperature screen is on 
02-13 09:45:49.290 28405 28405 D AppInfoDashboard: Package change irrelevant, skipping
02-13 09:45:49.290 28405 28405 D AppInfoDashboard: Package change irrelevant, skipping
02-13 09:45:49.291 28405 28405 D AppInfoDashboard: Package change irrelevant, skipping
02-13 09:45:49.292  2701  5554 I TSAPP_RRM: foregroundRunningAppSets : []
02-13 09:45:49.295   986 13431 D audio_hw_primary: out_set_parameters: enter: usecase(1: low-latency-playback) kvpairs: suspend_playback=true
02-13 09:45:49.297  2701  5554 I TSAPP_TSService: monitorTemperature mQuietTemp = 26.626
02-13 09:45:49.299  2701  5554 I TSAPP_TSService: monitorTemperature screen is on 
02-13 09:45:49.301  2701  5554 I TSAPP_RRM: foregroundRunningAppSets : []
02-13 09:45:49.306  2701  5554 I TSAPP_TSService: monitorTemperature mQuietTemp = 26.621
02-13 09:45:49.306 28405 28405 D AppInfoDashboard: Package change irrelevant, skipping
02-13 09:45:49.307 28405 28405 D AppInfoDashboard: Package change irrelevant, skipping
02-13 09:45:49.307 28405 28405 D AppInfoDashboard: Package change irrelevant, skipping
02-13 09:45:49.308 28405 28405 D AppInfoDashboard: Package change irrelevant, skipping
02-13 09:45:49.308 28405 28405 D AppInfoDashboard: Package change irrelevant, skipping
02-13 09:45:49.309 28405 28405 D AppInfoDashboard: Package change irrelevant, skipping
02-13 09:45:49.309 28405 28405 D AppInfoDashboard: Package change irrelevant, skipping
02-13 09:45:49.310 28405 28405 D AppInfoDashboard: Package change irrelevant, skipping
02-13 09:45:49.310  2701  5554 I TSAPP_TSService: monitorTemperature screen is on 
02-13 09:45:49.310 28405 28405 D AppInfoDashboard: Package change irrelevant, skipping
02-13 09:45:49.311 28405 28405 D AppInfoDashboard: Package change irrelevant, skipping
02-13 09:45:49.311 28405 28405 D AppInfoDashboard: Package change irrelevant, skipping
02-13 09:45:49.311 28405 28405 D AppInfoDashboard: Package change irrelevant, skipping
02-13 09:45:49.312 28405 28405 D AppInfoDashboard: Package change irrelevant, skipping
02-13 09:45:49.312 28405 28405 D AppInfoDashboard: Package change irrelevant, skipping
02-13 09:45:49.313 28405 28405 D AppInfoDashboard: Package change irrelevant, skipping
02-13 09:45:49.313  2701  5554 I TSAPP_RRM: foregroundRunningAppSets : []
02-13 09:45:49.314 28405 28405 D AppInfoDashboard: Package change irrelevant, skipping
02-13 09:45:49.314 28405 28405 D AppInfoDashboard: Package change irrelevant, skipping
02-13 09:45:49.314 28405 28405 D AppInfoDashboard: Package change irrelevant, skipping
02-13 09:45:49.315 28405 28405 D AppInfoDashboard: Package change irrelevant, skipping
02-13 09:45:49.315 28405 28405 D AppInfoDashboard: Package change irrelevant, skipping
02-13 09:45:49.315 28405 28405 D AppInfoDashboard: Package change irrelevant, skipping
02-13 09:45:49.316 28405 28405 D AppInfoDashboard: Package change irrelevant, skipping
02-13 09:45:49.316 28405 28405 D AppInfoDashboard: Package change irrelevant, skipping
02-13 09:45:49.316 28405 28405 D AppInfoDashboard: Package change irrelevant, skipping
02-13 09:45:49.317 28405 28405 D AppInfoDashboard: Package change irrelevant, skipping
02-13 09:45:49.317 28405 28405 D AppInfoDashboard: Package change irrelevant, skipping
02-13 09:45:49.317  2701  5554 I TSAPP_TSService: monitorTemperature mQuietTemp = 26.626
02-13 09:45:49.317 28405 28405 D AppInfoDashboard: Package change irrelevant, skipping
02-13 09:45:49.318 28405 28405 D AppInfoDashboard: Package change irrelevant, skipping
02-13 09:45:49.318 28405 28405 D AppInfoDashboard: Package change irrelevant, skipping
02-13 09:45:49.319 28405 28405 D AppInfoDashboard: Package change irrelevant, skipping
02-13 09:45:49.319 28405 28405 D AppInfoDashboard: Package change irrelevant, skipping
02-13 09:45:49.319 28405 28405 D AppInfoDashboard: Package change irrelevant, skipping
02-13 09:45:49.320 28405 28405 D AppInfoDashboard: Package change irrelevant, skipping
02-13 09:45:49.320 28405 28405 D AppInfoDashboard: Package change irrelevant, skipping
02-13 09:45:49.321 28405 28405 D AppInfoDashboard: Package change irrelevant, skipping
02-13 09:45:49.321 28405 28405 D AppInfoDashboard: Package change irrelevant, skipping
02-13 09:45:49.322 28405 28405 D AppInfoDashboard: Package change irrelevant, skipping
02-13 09:45:49.322 28405 28405 D AppInfoDashboard: Package change irrelevant, skipping
02-13 09:45:49.323 28405 28405 D AppInfoDashboard: Package change irrelevant, skipping
02-13 09:45:49.323 28405 28405 D AppInfoDashboard: Package change irrelevant, skipping
02-13 09:45:49.323 28405 28405 D AppInfoDashboard: Package change irrelevant, skipping
02-13 09:45:49.324 28405 28405 D AppInfoDashboard: Package change irrelevant, skipping
02-13 09:45:49.324 28405 28405 D AppInfoDashboard: Package change irrelevant, skipping
02-13 09:45:49.325 28405 28405 D AppInfoDashboard: Package change irrelevant, skipping
02-13 09:45:49.325 28405 28405 D AppInfoDashboard: Package change irrelevant, skipping
02-13 09:45:49.326 28405 28405 D AppInfoDashboard: Package change irrelevant, skipping
02-13 09:45:49.326 28405 28405 D AppInfoDashboard: Package change irrelevant, skipping
02-13 09:45:49.327  2701  5554 I TSAPP_TSService: monitorTemperature screen is on 
02-13 09:45:49.327 28405 28405 D AppInfoDashboard: Package change irrelevant, skipping
02-13 09:45:49.327 28405 28405 D AppInfoDashboard: Package change irrelevant, skipping
02-13 09:45:49.328 28405 28405 D AppInfoDashboard: Package change irrelevant, skipping
02-13 09:45:49.328 28405 28405 D AppInfoDashboard: Package change irrelevant, skipping
02-13 09:45:49.328 28405 28405 D AppInfoDashboard: Package change irrelevant, skipping
02-13 09:45:49.329 28405 28405 D AppInfoDashboard: Package change irrelevant, skipping
02-13 09:45:49.329 28405 28405 D AppInfoDashboard: Package change irrelevant, skipping
02-13 09:45:49.329 28405 28405 D AppInfoDashboard: Package change irrelevant, skipping
02-13 09:45:49.330  2701  5554 I TSAPP_RRM: foregroundRunningAppSets : []
02-13 09:45:49.330 28405 28405 D AppInfoDashboard: Package change irrelevant, skipping
02-13 09:45:49.330 28405 28405 D AppInfoDashboard: Package change irrelevant, skipping
02-13 09:45:49.331 28405 28405 D AppInfoDashboard: Package change irrelevant, skipping
02-13 09:45:49.331 28405 28405 D AppInfoDashboard: Package change irrelevant, skipping
02-13 09:45:49.332 28405 28405 D AppInfoDashboard: Package change irrelevant, skipping
02-13 09:45:49.333 28405 28405 D AppInfoDashboard: Package change irrelevant, skipping
02-13 09:45:49.333 28405 28405 D AppInfoDashboard: Package change irrelevant, skipping
02-13 09:45:49.334  2701  5554 I TSAPP_TSService: monitorTemperature mQuietTemp = 26.621
02-13 09:45:49.334 28405 28405 D AppInfoDashboard: Package change irrelevant, skipping
02-13 09:45:49.335 28405 28405 D AppInfoDashboard: Package change irrelevant, skipping
02-13 09:45:49.335 28405 28405 D AppInfoDashboard: Package change irrelevant, skipping
02-13 09:45:49.335 28405 28405 D AppInfoDashboard: Package change irrelevant, skipping
02-13 09:45:49.336 28405 28405 D AppInfoDashboard: Package change irrelevant, skipping
02-13 09:45:49.336 28405 28405 D AppInfoDashboard: Package change irrelevant, skipping
02-13 09:45:49.336 28405 28405 D AppInfoDashboard: Package change irrelevant, skipping
02-13 09:45:49.337 28405 28405 D AppInfoDashboard: Package change irrelevant, skipping
02-13 09:45:49.337  2701  5554 I TSAPP_TSService: monitorTemperature screen is on 
02-13 09:45:49.338 28405 28405 D AppInfoDashboard: Package change irrelevant, skipping
02-13 09:45:49.338 28405 28405 D AppInfoDashboard: Package change irrelevant, skipping
02-13 09:45:49.338 28405 28405 D AppInfoDashboard: Package change irrelevant, skipping
02-13 09:45:49.339 28405 28405 D AppInfoDashboard: Package change irrelevant, skipping
02-13 09:45:49.339 28405 28405 D AppInfoDashboard: Package change irrelevant, skipping
02-13 09:45:49.339 28405 28405 D AppInfoDashboard: Package change irrelevant, skipping
02-13 09:45:49.340 28405 28405 D AppInfoDashboard: Package change irrelevant, skipping
02-13 09:45:49.340  2701  5554 I TSAPP_RRM: foregroundRunningAppSets : []
02-13 09:45:49.341 28405 28405 D AppInfoDashboard: Package change irrelevant, skipping
