02-13 09:45:38.937  2701  5554 I TSAPP_RRM: appRunningRefreshRate runningApp : com.glyph.launcher
02-13 09:45:38.942  2701  5554 I TSAPP_TSService: monitorTemperature mQuietTemp = 26.371
02-13 09:45:38.942  2701  5554 I TSAPP_AppProcessManager: isSystemApplications false : [com.glyph.launcher]
02-13 09:45:38.945  2701  5554 I TSAPP_TSService: monitorTemperature screen is on 
02-13 09:45:38.946  2701  5554 I TSAPP_AppProcessManager: isSystemApplications false : [com.glyph.launcher]
02-13 09:45:38.949  2701  5554 I TSAPP_RRM: foregroundRunningAppSets : [com.glyph.launcher]
02-13 09:45:38.949  2701  5554 I TSAPP_RRM: appRunningRefreshRate runningApp : com.glyph.launcher
02-13 09:45:38.954  2701  5554 I TSAPP_TSService: monitorTemperature mQuietTemp = 26.371
02-13 09:45:38.955  2701  5554 I TSAPP_AppProcessManager: isSystemApplications false : [com.glyph.launcher]
02-13 09:45:38.960  2701  5554 I TSAPP_TSService: monitorTemperature screen is on 
02-13 09:45:38.962  2701  5554 I TSAPP_AppProcessManager: isSystemApplications false : [com.glyph.launcher]
02-13 09:45:38.968  2701  5554 I TSAPP_RRM: foregroundRunningAppSets : [com.glyph.launcher]
02-13 09:45:38.968  2701  5554 I TSAPP_RRM: appRunningRefreshRate runningApp : com.glyph.launcher
02-13 09:45:38.973  2701  5554 I TSAPP_TSService: monitorTemperature mQuietTemp = 26.371
02-13 09:45:38.974  2701  5554 I TSAPP_AppProcessManager: isSystemApplications false : [com.glyph.launcher]
02-13 09:45:38.976  2701  5554 I TSAPP_TSService: monitorTemperature screen is on 
02-13 09:45:38.976  2701  5554 I TSAPP_AppProcessManager: isSystemApplications false : [com.glyph.launcher]
02-13 09:45:38.983  2701  5554 I TSAPP_RRM: foregroundRunningAppSets : [com.glyph.launcher]
02-13 09:45:38.983  2701  5554 I TSAPP_RRM: appRunningRefreshRate runningApp : com.glyph.launcher
02-13 09:45:38.989  2701  5554 I TSAPP_TSService: monitorTemperature mQuietTemp = 26.371
02-13 09:45:38.989  2701  5554 I TSAPP_AppProcessManager: isSystemApplications false : [com.glyph.launcher]
02-13 09:45:38.991  2701  5554 I TSAPP_TSService: monitorTemperature screen is on 
02-13 09:45:38.991  2701  5554 I TSAPP_AppProcessManager: isSystemApplications false : [com.glyph.launcher]
02-13 09:45:38.993  2701  5554 I TSAPP_RRM: foregroundRunningAppSets : [com.glyph.launcher]
02-13 09:45:38.993  2701  5554 I TSAPP_RRM: appRunningRefreshRate runningApp : com.glyph.launcher
02-13 09:45:39.012  2701  5554 I TSAPP_TSService: monitorTemperature mQuietTemp = 26.376
02-13 09:45:39.013  2701  5554 I TSAPP_AppProcessManager: isSystemApplications false : [com.glyph.launcher]
02-13 09:45:39.017 31533 31533 D OrientationTouchTransformer: set  ACTION_DOWN:  444 rect:RectF(0.0, 1008.0, 2400.0, 1080.0) rotation: 1
02-13 09:45:39.017 31533 31533 D OrientationTouchTransformer: lincaiqin contains x:1285.4644, y:811.24884 ; left:0.0 ; top:1008.0 ; right:2400.0 ; bottom:1080.0 ; mRotation:1
02-13 09:45:39.018 31533 31533 D ruiruiconfig -- showrotation : contains  xx  = 1
02-13 09:45:39.020  2701  5554 I TSAPP_TSService: monitorTemperature screen is on 
02-13 09:45:39.021  2701  5554 I TSAPP_AppProcessManager: isSystemApplications false : [com.glyph.launcher]
02-13 09:45:39.024  2701  5554 I TSAPP_RRM: foregroundRunningAppSets : [com.glyph.launcher]
02-13 09:45:39.024  2701  5554 I TSAPP_RRM: appRunningRefreshRate runningApp : com.glyph.launcher
02-13 09:45:39.036  2701  5554 I TSAPP_TSService: monitorTemperature mQuietTemp = 26.371
02-13 09:45:39.037  2701  5554 I TSAPP_AppProcessManager: isSystemApplications false : [com.glyph.launcher]
02-13 09:45:39.047  2701  5554 I TSAPP_TSService: monitorTemperature screen is on 
02-13 09:45:39.049  2701  5554 I TSAPP_AppProcessManager: isSystemApplications false : [com.glyph.launcher]
02-13 09:45:39.057  2701  5554 I TSAPP_RRM: foregroundRunningAppSets : [com.glyph.launcher]
02-13 09:45:39.057  2701  5554 I TSAPP_RRM: appRunningRefreshRate runningApp : com.glyph.launcher
02-13 09:45:39.064  2701  5554 I TSAPP_TSService: monitorTemperature mQuietTemp = 26.376
02-13 09:45:39.066  2701  5554 I TSAPP_AppProcessManager: isSystemApplications false : [com.glyph.launcher]
02-13 09:45:39.077  2701  5554 I TSAPP_TSService: monitorTemperature screen is on 
02-13 09:45:39.077  2701  5554 I TSAPP_AppProcessManager: isSystemApplications false : [com.glyph.launcher]
02-13 09:45:39.084  2701  5554 I TSAPP_RRM: foregroundRunningAppSets : [com.glyph.launcher]
02-13 09:45:39.084  2701  5554 I TSAPP_RRM: appRunningRefreshRate runningApp : com.glyph.launcher
02-13 09:45:39.093  2701  5554 I TSAPP_TSService: monitorTemperature mQuietTemp = 26.371
02-13 09:45:39.094  2701  5554 I TSAPP_AppProcessManager: isSystemApplications false : [com.glyph.launcher]
02-13 09:45:39.101  2701  5554 I TSAPP_TSService: monitorTemperature screen is on 
02-13 09:45:39.101  2701  5554 I TSAPP_AppProcessManager: isSystemApplications false : [com.glyph.launcher]
02-13 09:45:39.106  2701  5554 I TSAPP_RRM: foregroundRunningAppSets : [com.glyph.launcher]
02-13 09:45:39.106  2701  5554 I TSAPP_RRM: appRunningRefreshRate runningApp : com.glyph.launcher
02-13 09:45:39.119  2701  5554 I TSAPP_TSService: monitorTemperature mQuietTemp = 26.381
02-13 09:45:39.119  2701  5554 I TSAPP_AppProcessManager: isSystemApplications false : [com.glyph.launcher]
02-13 09:45:39.123  2701  5554 I TSAPP_TSService: monitorTemperature screen is on 
02-13 09:45:39.124  2701  5554 I TSAPP_AppProcessManager: isSystemApplications false : [com.glyph.launcher]
02-13 09:45:39.127  2701  5554 I TSAPP_RRM: foregroundRunningAppSets : [com.glyph.launcher]
02-13 09:45:39.127  2701  5554 I TSAPP_RRM: appRunningRefreshRate runningApp : com.glyph.launcher
02-13 09:45:39.133  2701  5554 I TSAPP_TSService: monitorTemperature mQuietTemp = 26.381
02-13 09:45:39.133  2701  5554 I TSAPP_AppProcessManager: isSystemApplications false : [com.glyph.launcher]
02-13 09:45:39.135  2701  5554 I TSAPP_TSService: monitorTemperature screen is on 
02-13 09:45:39.135  2701  5554 I TSAPP_AppProcessManager: isSystemApplications false : [com.glyph.launcher]
02-13 09:45:39.138  2701  5554 I TSAPP_RRM: foregroundRunningAppSets : [com.glyph.launcher]
02-13 09:45:39.138  2701  5554 I TSAPP_RRM: appRunningRefreshRate runningApp : com.glyph.launcher
02-13 09:45:39.156  2701  5554 I TSAPP_TSService: monitorTemperature mQuietTemp = 26.371
02-13 09:45:39.156  2701  5554 I TSAPP_AppProcessManager: isSystemApplications false : [com.glyph.launcher]
02-13 09:45:39.158  2701  5554 I TSAPP_TSService: monitorTemperature screen is on 
02-13 09:45:39.159  2701  5554 I TSAPP_AppProcessManager: isSystemApplications false : [com.glyph.launcher]
02-13 09:45:39.161  2701  5554 I TSAPP_RRM: foregroundRunningAppSets : [com.glyph.launcher]
02-13 09:45:39.161  2701  5554 I TSAPP_RRM: appRunningRefreshRate runningApp : com.glyph.launcher
02-13 09:45:39.190  2701  5554 I TSAPP_TSService: monitorTemperature mQuietTemp = 26.371
02-13 09:45:39.190  2701  5554 I TSAPP_AppProcessManager: isSystemApplications false : [com.glyph.launcher]
02-13 09:45:39.194  3323  3457 I ThermalEngine: usb charge en high temp lock=0,temp=23.427999 
02-13 09:45:39.199  2701  5554 I TSAPP_TSService: monitorTemperature screen is on 
02-13 09:45:39.204  2701  5554 I TSAPP_AppProcessManager: isSystemApplications false : [com.glyph.launcher]
02-13 09:45:39.206  2701  5554 I TSAPP_RRM: foregroundRunningAppSets : [com.glyph.launcher]
02-13 09:45:39.206  2701  5554 I TSAPP_RRM: appRunningRefreshRate runningApp : com.glyph.launcher
02-13 09:45:39.212  2701  5554 I TSAPP_TSService: monitorTemperature mQuietTemp = 26.371
02-13 09:45:39.212  2701  5554 I TSAPP_AppProcessManager: isSystemApplications false : [com.glyph.launcher]
02-13 09:45:39.214  2701  5554 I TSAPP_TSService: monitorTemperature screen is on 
02-13 09:45:39.214  2701  5554 I TSAPP_AppProcessManager: isSystemApplications false : [com.glyph.launcher]
02-13 09:45:39.216  2701  5554 I TSAPP_RRM: foregroundRunningAppSets : [com.glyph.launcher]
02-13 09:45:39.216  2701  5554 I TSAPP_RRM: appRunningRefreshRate runningApp : com.glyph.launcher
02-13 09:45:39.229  2701  5554 I TSAPP_TSService: monitorTemperature mQuietTemp = 26.371
02-13 09:45:39.229  2701  5554 I TSAPP_AppProcessManager: isSystemApplications false : [com.glyph.launcher]
02-13 09:45:39.231  2701  5554 I TSAPP_TSService: monitorTemperature screen is on 
02-13 09:45:39.232  2701  5554 I TSAPP_AppProcessManager: isSystemApplications false : [com.glyph.launcher]
02-13 09:45:39.234  2701  5554 I TSAPP_RRM: foregroundRunningAppSets : [com.glyph.launcher]
02-13 09:45:39.234  2701  5554 I TSAPP_RRM: appRunningRefreshRate runningApp : com.glyph.launcher
02-13 09:45:39.247 31533 31533 D OrientationTouchTransformer: set  ACTION_DOWN:  444 rect:RectF(0.0, 1008.0, 2400.0, 1080.0) rotation: 1
02-13 09:45:39.247 31533 31533 D OrientationTouchTransformer: lincaiqin contains x:1222.4906, y:863.20074 ; left:0.0 ; top:1008.0 ; right:2400.0 ; bottom:1080.0 ; mRotation:1
02-13 09:45:39.247 31533 31533 D ruiruiconfig -- showrotation : contains  xx  = 1
02-13 09:45:39.258  2701  5554 I TSAPP_TSService: monitorTemperature mQuietTemp = 26.386
02-13 09:45:39.260  2701  5554 I TSAPP_AppProcessManager: isSystemApplications false : [com.glyph.launcher]
02-13 09:45:39.269  2701  5554 I TSAPP_TSService: monitorTemperature screen is on 
02-13 09:45:39.270  2701  5554 I TSAPP_AppProcessManager: isSystemApplications false : [com.glyph.launcher]
02-13 09:45:39.279  2701  5554 I TSAPP_RRM: foregroundRunningAppSets : [com.glyph.launcher]
02-13 09:45:39.279  2701  5554 I TSAPP_RRM: appRunningRefreshRate runningApp : com.glyph.launcher
02-13 09:45:39.289  2701  5554 I TSAPP_TSService: monitorTemperature mQuietTemp = 26.381
02-13 09:45:39.289  2701  5554 I TSAPP_AppProcessManager: isSystemApplications false : [com.glyph.launcher]
02-13 09:45:39.296  2701  5554 I TSAPP_TSService: monitorTemperature screen is on 
02-13 09:45:39.296  2701  5554 I TSAPP_AppProcessManager: isSystemApplications false : [com.glyph.launcher]
02-13 09:45:39.302  2701  5554 I TSAPP_RRM: foregroundRunningAppSets : [com.glyph.launcher]
02-13 09:45:39.302  2701  5554 I TSAPP_RRM: appRunningRefreshRate runningApp : com.glyph.launcher
02-13 09:45:39.311  2701  5554 I TSAPP_TSService: monitorTemperature mQuietTemp = 26.381
02-13 09:45:39.312  2701  5554 I TSAPP_AppProcessManager: isSystemApplications false : [com.glyph.launcher]
02-13 09:45:39.319  2701  5554 I TSAPP_TSService: monitorTemperature screen is on 
02-13 09:45:39.319  2701  5554 I TSAPP_AppProcessManager: isSystemApplications false : [com.glyph.launcher]
02-13 09:45:39.325  2701  5554 I TSAPP_RRM: foregroundRunningAppSets : [com.glyph.launcher]
02-13 09:45:39.325  2701  5554 I TSAPP_RRM: appRunningRefreshRate runningApp : com.glyph.launcher
02-13 09:45:39.336  2701  5554 I TSAPP_TSService: monitorTemperature mQuietTemp = 26.371
02-13 09:45:39.337  2701  5554 I TSAPP_AppProcessManager: isSystemApplications false : [com.glyph.launcher]
02-13 09:45:39.340  2701  5554 I TSAPP_TSService: monitorTemperature screen is on 
02-13 09:45:39.340 27119 27138 I OpenGLRenderer: Davey! duration=9223047369186ms; Flags=0, FrameTimelineVsyncId=4046010, IntendedVsync=324667668341480, Vsync=324667668341480, InputEventId=67825474, HandleInputStart=324667668710621, AnimationStart=324667670083954, PerformTraversalsStart=324667680827027, DrawStart=324667680870881, FrameDeadline=324667688341480, FrameInterval=324667668702288, FrameStartTime=8333333, SyncQueued=324667684597704, SyncStart=324667684620465, IssueDrawCommandsStart=324667684680725, SwapBuffers=324667687149006, FrameCompleted=9223372036854775807, DequeueBufferDuration=14896, QueueBufferDuration=512657, GpuCompleted=9223372036854775807, SwapBuffersCompleted=324667687817131, DisplayPresentTime=0, 
02-13 09:45:39.341  2701  5554 I TSAPP_AppProcessManager: isSystemApplications false : [com.glyph.launcher]
02-13 09:45:39.344  2701  5554 I TSAPP_RRM: foregroundRunningAppSets : [com.glyph.launcher]
02-13 09:45:39.344  2701  5554 I TSAPP_RRM: appRunningRefreshRate runningApp : com.glyph.launcher
02-13 09:45:39.375  2701  5554 I TSAPP_TSService: monitorTemperature mQuietTemp = 26.371
02-13 09:45:39.376  2701  5554 I TSAPP_AppProcessManager: isSystemApplications false : [com.glyph.launcher]
02-13 09:45:39.378  2701  5554 I TSAPP_TSService: monitorTemperature screen is on 
02-13 09:45:39.379  2701  5554 I TSAPP_AppProcessManager: isSystemApplications false : [com.glyph.launcher]
02-13 09:45:39.381  2701  5554 I TSAPP_RRM: foregroundRunningAppSets : [com.glyph.launcher]
02-13 09:45:39.381  2701  5554 I TSAPP_RRM: appRunningRefreshRate runningApp : com.glyph.launcher
02-13 09:45:39.382 27119 27138 I OpenGLRenderer: Davey! duration=9223047369136ms; Flags=0, FrameTimelineVsyncId=4046022, IntendedVsync=324667717939577, Vsync=324667717939577, InputEventId=0, HandleInputStart=324667720370361, AnimationStart=324667720371246, PerformTraversalsStart=324667722983277, DrawStart=324667723051715, FrameDeadline=324667737939577, FrameInterval=324667720360777, FrameStartTime=8333333, SyncQueued=324667725649996, SyncStart=324667725679006, IssueDrawCommandsStart=324667725739631, SwapBuffers=324667728780673, FrameCompleted=9223372036854775807, DequeueBufferDuration=8907, QueueBufferDuration=550313, GpuCompleted=9223372036854775807, SwapBuffersCompleted=324667729681142, DisplayPresentTime=0, 
02-13 09:45:39.393  2701  5554 I TSAPP_TSService: monitorTemperature mQuietTemp = 26.381
02-13 09:45:39.393  2701  5554 I TSAPP_AppProcessManager: isSystemApplications false : [com.glyph.launcher]
02-13 09:45:39.397  2701  5554 I TSAPP_TSService: monitorTemperature screen is on 
02-13 09:45:39.398  2701  5554 I TSAPP_AppProcessManager: isSystemApplications false : [com.glyph.launcher]
02-13 09:45:39.405  2701  5554 I TSAPP_RRM: foregroundRunningAppSets : [com.glyph.launcher]
02-13 09:45:39.405  2701  5554 I TSAPP_RRM: appRunningRefreshRate runningApp : com.glyph.launcher
02-13 09:45:39.419  2701  5554 I TSAPP_TSService: monitorTemperature mQuietTemp = 26.386
02-13 09:45:39.419  2701  5554 I TSAPP_AppProcessManager: isSystemApplications false : [com.glyph.launcher]
02-13 09:45:39.422  2701  5554 I TSAPP_TSService: monitorTemperature screen is on 
02-13 09:45:39.422  2701  5554 I TSAPP_AppProcessManager: isSystemApplications false : [com.glyph.launcher]
02-13 09:45:39.425  2701  5554 I TSAPP_RRM: foregroundRunningAppSets : [com.glyph.launcher]
02-13 09:45:39.425  2701  5554 I TSAPP_RRM: appRunningRefreshRate runningApp : com.glyph.launcher
02-13 09:45:39.439  2701  5554 I TSAPP_TSService: monitorTemperature mQuietTemp = 26.381
02-13 09:45:39.439  1738  1815 D AutomaticBrightnessController: xxx mAmbientLux ==326.42227    newScreenAutoBrightness  ==0.9814278  value  ==0.9814278  screenAutoBrightness  0.981
02-13 09:45:39.439  1738  1815 D AutomaticBrightnessController: xxx mScreenAutoBrightness ==0.981  newScreenAutoBrightness  ==0.981  sendUpdate  ==true
02-13 09:45:39.440  2701  5554 I TSAPP_AppProcessManager: isSystemApplications false : [com.glyph.launcher]
02-13 09:45:39.445  2701  5554 I TSAPP_TSService: monitorTemperature screen is on 
02-13 09:45:39.446  2701  5554 I TSAPP_AppProcessManager: isSystemApplications false : [com.glyph.launcher]
02-13 09:45:39.446  1738  1738 W ContextImpl: Calling a method in the system process without a qualified user: android.app.ContextImpl.sendBroadcast:1188 com.android.providers.settings.SettingsProvider$SettingsRegistry$MyHandler.handleMessage:4412 android.os.Handler.dispatchMessage:106 android.os.Looper.loopOnce:201 android.os.Looper.loop:288 
02-13 09:45:39.452  2701  5554 I TSAPP_RRM: foregroundRunningAppSets : [com.glyph.launcher]
02-13 09:45:39.452  2701  5554 I TSAPP_RRM: appRunningRefreshRate runningApp : com.glyph.launcher
02-13 09:45:39.464  2701  5554 I TSAPP_TSService: monitorTemperature mQuietTemp = 26.376
02-13 09:45:39.465  2701  5554 I TSAPP_AppProcessManager: isSystemApplications false : [com.glyph.launcher]
02-13 09:45:39.469  2701  5554 I TSAPP_TSService: monitorTemperature screen is on 
02-13 09:45:39.470  2701  5554 I TSAPP_AppProcessManager: isSystemApplications false : [com.glyph.launcher]
02-13 09:45:39.472  2701  5554 I TSAPP_RRM: foregroundRunningAppSets : [com.glyph.launcher]
02-13 09:45:39.472  2701  5554 I TSAPP_RRM: appRunningRefreshRate runningApp : com.glyph.launcher
02-13 09:45:39.472 31533 31533 D OrientationTouchTransformer: set  ACTION_DOWN:  444 rect:RectF(0.0, 1008.0, 2400.0, 1080.0) rotation: 1
02-13 09:45:39.473 31533 31533 D OrientationTouchTransformer: lincaiqin contains x:1186.5056, y:866.198 ; left:0.0 ; top:1008.0 ; right:2400.0 ; bottom:1080.0 ; mRotation:1
02-13 09:45:39.473 31533 31533 D ruiruiconfig -- showrotation : contains  xx  = 1
02-13 09:45:39.489  2701  5554 I TSAPP_TSService: monitorTemperature mQuietTemp = 26.371
02-13 09:45:39.489  2701  5554 I TSAPP_AppProcessManager: isSystemApplications false : [com.glyph.launcher]
02-13 09:45:39.493  2701  5554 I TSAPP_TSService: monitorTemperature screen is on 
02-13 09:45:39.493  2701  5554 I TSAPP_AppProcessManager: isSystemApplications false : [com.glyph.launcher]
02-13 09:45:39.497  2701  5554 I TSAPP_RRM: foregroundRunningAppSets : [com.glyph.launcher]
02-13 09:45:39.497  2701  5554 I TSAPP_RRM: appRunningRefreshRate runningApp : com.glyph.launcher
02-13 09:45:39.515  2701  5554 I TSAPP_TSService: monitorTemperature mQuietTemp = 26.381
02-13 09:45:39.516  2701  5554 I TSAPP_AppProcessManager: isSystemApplications false : [com.glyph.launcher]
02-13 09:45:39.521  2701  5554 I TSAPP_TSService: monitorTemperature screen is on 
02-13 09:45:39.522  2701  5554 I TSAPP_AppProcessManager: isSystemApplications false : [com.glyph.launcher]
02-13 09:45:39.527  2701  5554 I TSAPP_RRM: foregroundRunningAppSets : [com.glyph.launcher]
02-13 09:45:39.527  2701  5554 I TSAPP_RRM: appRunningRefreshRate runningApp : com.glyph.launcher
02-13 09:45:39.540  2701  5554 I TSAPP_TSService: monitorTemperature mQuietTemp = 26.386
02-13 09:45:39.540  2701  5554 I TSAPP_AppProcessManager: isSystemApplications false : [com.glyph.launcher]
02-13 09:45:39.544  2701  5554 I TSAPP_TSService: monitorTemperature screen is on 
02-13 09:45:39.545  2701  5554 I TSAPP_AppProcessManager: isSystemApplications false : [com.glyph.launcher]
02-13 09:45:39.548  2701  5554 I TSAPP_RRM: foregroundRunningAppSets : [com.glyph.launcher]
02-13 09:45:39.548  2701  5554 I TSAPP_RRM: appRunningRefreshRate runningApp : com.glyph.launcher
02-13 09:45:39.561  1738  2284 D ConnectivityService: NetReassign [no changes]
02-13 09:45:39.562  2701  5554 I TSAPP_TSService: monitorTemperature mQuietTemp = 26.381
02-13 09:45:39.563  2701  5554 I TSAPP_AppProcessManager: isSystemApplications false : [com.glyph.launcher]
02-13 09:45:39.566  2701  5554 I TSAPP_TSService: monitorTemperature screen is on 
02-13 09:45:39.567  2701  5554 I TSAPP_AppProcessManager: isSystemApplications false : [com.glyph.launcher]
02-13 09:45:39.570  2701  5554 I TSAPP_RRM: foregroundRunningAppSets : [com.glyph.launcher]
02-13 09:45:39.570  2701  5554 I TSAPP_RRM: appRunningRefreshRate runningApp : com.glyph.launcher
02-13 09:45:39.604  2701  5554 I TSAPP_TSService: monitorTemperature mQuietTemp = 26.386
02-13 09:45:39.604  2701  5554 I TSAPP_AppProcessManager: isSystemApplications false : [com.glyph.launcher]
02-13 09:45:39.608  2701  5554 I TSAPP_TSService: monitorTemperature screen is on 
02-13 09:45:39.608  2701  5554 I TSAPP_AppProcessManager: isSystemApplications false : [com.glyph.launcher]
02-13 09:45:39.611  2701  5554 I TSAPP_RRM: foregroundRunningAppSets : [com.glyph.launcher]
02-13 09:45:39.611  2701  5554 I TSAPP_RRM: appRunningRefreshRate runningApp : com.glyph.launcher
02-13 09:45:39.617  2701  5554 I TSAPP_TSService: monitorTemperature mQuietTemp = 26.391
02-13 09:45:39.618  2701  5554 I TSAPP_AppProcessManager: isSystemApplications false : [com.glyph.launcher]
02-13 09:45:39.621  2701  5554 I TSAPP_TSService: monitorTemperature screen is on 
02-13 09:45:39.622  2701  5554 I TSAPP_AppProcessManager: isSystemApplications false : [com.glyph.launcher]
02-13 09:45:39.624  2701  5554 I TSAPP_RRM: foregroundRunningAppSets : [com.glyph.launcher]
02-13 09:45:39.624  2701  5554 I TSAPP_RRM: appRunningRefreshRate runningApp : com.glyph.launcher
02-13 09:45:39.632  2701  5554 I TSAPP_TSService: monitorTemperature mQuietTemp = 26.381
02-13 09:45:39.632  2701  5554 I TSAPP_AppProcessManager: isSystemApplications false : [com.glyph.launcher]
02-13 09:45:39.636  2701  5554 I TSAPP_TSService: monitorTemperature screen is on 
02-13 09:45:39.636  2701  5554 I TSAPP_AppProcessManager: isSystemApplications false : [com.glyph.launcher]
02-13 09:45:39.638  2701  5554 I TSAPP_RRM: foregroundRunningAppSets : [com.glyph.launcher]
02-13 09:45:39.638  2701  5554 I TSAPP_RRM: appRunningRefreshRate runningApp : com.glyph.launcher
02-13 09:45:39.659  2701  5554 I TSAPP_TSService: monitorTemperature mQuietTemp = 26.386
02-13 09:45:39.660  2701  5554 I TSAPP_AppProcessManager: isSystemApplications false : [com.glyph.launcher]
02-13 09:45:39.662  2701  5554 I TSAPP_TSService: monitorTemperature screen is on 
02-13 09:45:39.667  2701  5554 I TSAPP_AppProcessManager: isSystemApplications false : [com.glyph.launcher]
02-13 09:45:39.669  2701  5554 I TSAPP_RRM: foregroundRunningAppSets : [com.glyph.launcher]
02-13 09:45:39.669  2701  5554 I TSAPP_RRM: appRunningRefreshRate runningApp : com.glyph.launcher
02-13 09:45:39.679  2701  5554 I TSAPP_TSService: monitorTemperature mQuietTemp = 26.386
02-13 09:45:39.680  2701  5554 I TSAPP_AppProcessManager: isSystemApplications false : [com.glyph.launcher]
02-13 09:45:39.683  2701  5554 I TSAPP_TSService: monitorTemperature screen is on 
02-13 09:45:39.684  2701  5554 I TSAPP_AppProcessManager: isSystemApplications false : [com.glyph.launcher]
02-13 09:45:39.687  2701  5554 I TSAPP_RRM: foregroundRunningAppSets : [com.glyph.launcher]
02-13 09:45:39.687  2701  5554 I TSAPP_RRM: appRunningRefreshRate runningApp : com.glyph.launcher
02-13 09:45:39.695 31533 31533 D OrientationTouchTransformer: set  ACTION_DOWN:  444 rect:RectF(0.0, 1008.0, 2400.0, 1080.0) rotation: 1
02-13 09:45:39.695 31533 31533 D OrientationTouchTransformer: lincaiqin contains x:1208.4965, y:776.28125 ; left:0.0 ; top:1008.0 ; right:2400.0 ; bottom:1080.0 ; mRotation:1
02-13 09:45:39.696 31533 31533 D ruiruiconfig -- showrotation : contains  xx  = 1
02-13 09:45:39.697  2701  5554 I TSAPP_TSService: monitorTemperature mQuietTemp = 26.391
02-13 09:45:39.698  2701  5554 I TSAPP_AppProcessManager: isSystemApplications false : [com.glyph.launcher]
02-13 09:45:39.702  2701  5554 I TSAPP_TSService: monitorTemperature screen is on 
02-13 09:45:39.702  2701  5554 I TSAPP_AppProcessManager: isSystemApplications false : [com.glyph.launcher]
02-13 09:45:39.706  2701  5554 I TSAPP_RRM: foregroundRunningAppSets : [com.glyph.launcher]
02-13 09:45:39.706  2701  5554 I TSAPP_RRM: appRunningRefreshRate runningApp : com.glyph.launcher
02-13 09:45:39.718  2701  5554 I TSAPP_TSService: monitorTemperature mQuietTemp = 26.386
02-13 09:45:39.719  2701  5554 I TSAPP_AppProcessManager: isSystemApplications false : [com.glyph.launcher]
02-13 09:45:39.722  2701  5554 I TSAPP_TSService: monitorTemperature screen is on 
02-13 09:45:39.723  2701  5554 I TSAPP_AppProcessManager: isSystemApplications false : [com.glyph.launcher]
02-13 09:45:39.726  2701  5554 I TSAPP_RRM: foregroundRunningAppSets : [com.glyph.launcher]
02-13 09:45:39.726  2701  5554 I TSAPP_RRM: appRunningRefreshRate runningApp : com.glyph.launcher
02-13 09:45:39.750  2701  5554 I TSAPP_TSService: monitorTemperature mQuietTemp = 26.381
02-13 09:45:39.750  2701  5554 I TSAPP_AppProcessManager: isSystemApplications false : [com.glyph.launcher]
02-13 09:45:39.754  2701  5554 I TSAPP_TSService: monitorTemperature screen is on 
02-13 09:45:39.755  2701  5554 I TSAPP_AppProcessManager: isSystemApplications false : [com.glyph.launcher]
02-13 09:45:39.758  2701  5554 I TSAPP_RRM: foregroundRunningAppSets : [com.glyph.launcher]
02-13 09:45:39.758  2701  5554 I TSAPP_RRM: appRunningRefreshRate runningApp : com.glyph.launcher
02-13 09:45:39.777  2701  5554 I TSAPP_TSService: monitorTemperature mQuietTemp = 26.381
02-13 09:45:39.777  2701  5554 I TSAPP_AppProcessManager: isSystemApplications false : [com.glyph.launcher]
02-13 09:45:39.781  2701  5554 I TSAPP_TSService: monitorTemperature screen is on 
02-13 09:45:39.781  2701  5554 I TSAPP_AppProcessManager: isSystemApplications false : [com.glyph.launcher]
02-13 09:45:39.784  2701  5554 I TSAPP_RRM: foregroundRunningAppSets : [com.glyph.launcher]
02-13 09:45:39.784  2701  5554 I TSAPP_RRM: appRunningRefreshRate runningApp : com.glyph.launcher
02-13 09:45:39.801  2701  5554 I TSAPP_TSService: monitorTemperature mQuietTemp = 26.386
02-13 09:45:39.801  2701  5554 I TSAPP_AppProcessManager: isSystemApplications false : [com.glyph.launcher]
02-13 09:45:39.805  2701  5554 I TSAPP_TSService: monitorTemperature screen is on 
02-13 09:45:39.806  2701  5554 I TSAPP_AppProcessManager: isSystemApplications false : [com.glyph.launcher]
02-13 09:45:39.810  2701  5554 I TSAPP_RRM: foregroundRunningAppSets : [com.glyph.launcher]
02-13 09:45:39.810  2701  5554 I TSAPP_RRM: appRunningRefreshRate runningApp : com.glyph.launcher
02-13 09:45:39.820  2701  5554 I TSAPP_TSService: monitorTemperature mQuietTemp = 26.381
02-13 09:45:39.821  2701  5554 I TSAPP_AppProcessManager: isSystemApplications false : [com.glyph.launcher]
02-13 09:45:39.827  2701  5554 I TSAPP_TSService: monitorTemperature screen is on 
02-13 09:45:39.828  2701  5554 I TSAPP_AppProcessManager: isSystemApplications false : [com.glyph.launcher]
02-13 09:45:39.834  2701  5554 I TSAPP_RRM: foregroundRunningAppSets : [com.glyph.launcher]
02-13 09:45:39.834  2701  5554 I TSAPP_RRM: appRunningRefreshRate runningApp : com.glyph.launcher
02-13 09:45:39.842  2701  5554 I TSAPP_TSService: monitorTemperature mQuietTemp = 26.386
02-13 09:45:39.843  2701  5554 I TSAPP_AppProcessManager: isSystemApplications false : [com.glyph.launcher]
02-13 09:45:39.849  2701  5554 I TSAPP_TSService: monitorTemperature screen is on 
02-13 09:45:39.850  2701  5554 I TSAPP_AppProcessManager: isSystemApplications false : [com.glyph.launcher]
02-13 09:45:39.857  2701  5554 I TSAPP_RRM: foregroundRunningAppSets : [com.glyph.launcher]
02-13 09:45:39.857  2701  5554 I TSAPP_RRM: appRunningRefreshRate runningApp : com.glyph.launcher
02-13 09:45:39.874  2701  5554 I TSAPP_TSService: monitorTemperature mQuietTemp = 26.386
02-13 09:45:39.875  2701  5554 I TSAPP_AppProcessManager: isSystemApplications false : [com.glyph.launcher]
02-13 09:45:39.882  2701  5554 I TSAPP_TSService: monitorTemperature screen is on 
02-13 09:45:39.883  2701  5554 I TSAPP_AppProcessManager: isSystemApplications false : [com.glyph.launcher]
02-13 09:45:39.889  2701  5554 I TSAPP_RRM: foregroundRunningAppSets : [com.glyph.launcher]
02-13 09:45:39.889  2701  5554 I TSAPP_RRM: appRunningRefreshRate runningApp : com.glyph.launcher
02-13 09:45:39.895  2701  5554 I TSAPP_TSService: monitorTemperature mQuietTemp = 26.381
02-13 09:45:39.896  2701  5554 I TSAPP_AppProcessManager: isSystemApplications false : [com.glyph.launcher]
02-13 09:45:39.902  2701  5554 I TSAPP_TSService: monitorTemperature screen is on 
02-13 09:45:39.902  2701  5554 I TSAPP_AppProcessManager: isSystemApplications false : [com.glyph.launcher]
02-13 09:45:39.907  2701  5554 I TSAPP_RRM: foregroundRunningAppSets : [com.glyph.launcher]
02-13 09:45:39.907  2701  5554 I TSAPP_RRM: appRunningRefreshRate runningApp : com.glyph.launcher
02-13 09:45:39.912  2701  5554 I TSAPP_TSService: monitorTemperature mQuietTemp = 26.391
02-13 09:45:39.913  2701  5554 I TSAPP_AppProcessManager: isSystemApplications false : [com.glyph.launcher]
02-13 09:45:39.918  2701  5554 I TSAPP_TSService: monitorTemperature screen is on 
02-13 09:45:39.918  2701  5554 I TSAPP_AppProcessManager: isSystemApplications false : [com.glyph.launcher]
02-13 09:45:39.925  2701  5554 I TSAPP_RRM: foregroundRunningAppSets : [com.glyph.launcher]
02-13 09:45:39.925  2701  5554 I TSAPP_RRM: appRunningRefreshRate runningApp : com.glyph.launcher
02-13 09:45:39.938  2701  5554 I TSAPP_TSService: monitorTemperature mQuietTemp = 26.386
02-13 09:45:39.939  2701  5554 I TSAPP_AppProcessManager: isSystemApplications false : [com.glyph.launcher]
02-13 09:45:39.941  2701  5554 I TSAPP_TSService: monitorTemperature screen is on 
02-13 09:45:39.941  2701  5554 I TSAPP_AppProcessManager: isSystemApplications false : [com.glyph.launcher]
02-13 09:45:39.943  2701  5554 I TSAPP_RRM: foregroundRunningAppSets : [com.glyph.launcher]
02-13 09:45:39.943  2701  5554 I TSAPP_RRM: appRunningRefreshRate runningApp : com.glyph.launcher
02-13 09:45:39.956  2701  5554 I TSAPP_TSService: monitorTemperature mQuietTemp = 26.386
02-13 09:45:39.956  2701  5554 I TSAPP_AppProcessManager: isSystemApplications false : [com.glyph.launcher]
02-13 09:45:39.959  2701  5554 I TSAPP_TSService: monitorTemperature screen is on 
02-13 09:45:39.960  2701  5554 I TSAPP_AppProcessManager: isSystemApplications false : [com.glyph.launcher]
02-13 09:45:39.966  2701  5554 I TSAPP_RRM: foregroundRunningAppSets : [com.glyph.launcher]
02-13 09:45:39.966  2701  5554 I TSAPP_RRM: appRunningRefreshRate runningApp : com.glyph.launcher
02-13 09:45:39.977  2701  5554 I TSAPP_TSService: monitorTemperature mQuietTemp = 26.381
02-13 09:45:39.978  2701  5554 I TSAPP_AppProcessManager: isSystemApplications false : [com.glyph.launcher]
02-13 09:45:39.982  2701  5554 I TSAPP_TSService: monitorTemperature screen is on 
02-13 09:45:39.982  2701  5554 I TSAPP_AppProcessManager: isSystemApplications false : [com.glyph.launcher]
02-13 09:45:39.986  2701  5554 I TSAPP_RRM: foregroundRunningAppSets : [com.glyph.launcher]
02-13 09:45:39.986  2701  5554 I TSAPP_RRM: appRunningRefreshRate runningApp : com.glyph.launcher
02-13 09:45:40.005  2701  5554 I TSAPP_TSService: monitorTemperature mQuietTemp = 26.386
02-13 09:45:40.005  2701  5554 I TSAPP_AppProcessManager: isSystemApplications false : [com.glyph.launcher]
02-13 09:45:40.009  2701  5554 I TSAPP_TSService: monitorTemperature screen is on 
02-13 09:45:40.009  2701  5554 I TSAPP_AppProcessManager: isSystemApplications false : [com.glyph.launcher]
02-13 09:45:40.014  2701  5554 I TSAPP_RRM: foregroundRunningAppSets : [com.glyph.launcher]
02-13 09:45:40.014  2701  5554 I TSAPP_RRM: appRunningRefreshRate runningApp : com.glyph.launcher
02-13 09:45:40.020  2701  5554 I TSAPP_TSService: monitorTemperature mQuietTemp = 26.386
02-13 09:45:40.020  2701  5554 I TSAPP_AppProcessManager: isSystemApplications false : [com.glyph.launcher]
02-13 09:45:40.024  2701  5554 I TSAPP_TSService: monitorTemperature screen is on 
02-13 09:45:40.024  2701  5554 I TSAPP_AppProcessManager: isSystemApplications false : [com.glyph.launcher]
02-13 09:45:40.028  2701  5554 I TSAPP_RRM: foregroundRunningAppSets : [com.glyph.launcher]
02-13 09:45:40.028  2701  5554 I TSAPP_RRM: appRunningRefreshRate runningApp : com.glyph.launcher
02-13 09:45:40.047  2701  5554 I TSAPP_TSService: monitorTemperature mQuietTemp = 26.376
02-13 09:45:40.048  2701  5554 I TSAPP_AppProcessManager: isSystemApplications false : [com.glyph.launcher]
02-13 09:45:40.052  2701  5554 I TSAPP_TSService: monitorTemperature screen is on 
02-13 09:45:40.052  2701  5554 I TSAPP_AppProcessManager: isSystemApplications false : [com.glyph.launcher]
02-13 09:45:40.056  2701  5554 I TSAPP_RRM: foregroundRunningAppSets : [com.glyph.launcher]
02-13 09:45:40.056  2701  5554 I TSAPP_RRM: appRunningRefreshRate runningApp : com.glyph.launcher
02-13 09:45:40.070  2701  5554 I TSAPP_TSService: monitorTemperature mQuietTemp = 26.386
02-13 09:45:40.070  2701  5554 I TSAPP_AppProcessManager: isSystemApplications false : [com.glyph.launcher]
02-13 09:45:40.074  2701  5554 I TSAPP_TSService: monitorTemperature screen is on 
02-13 09:45:40.074  2701  5554 I TSAPP_AppProcessManager: isSystemApplications false : [com.glyph.launcher]
02-13 09:45:40.078  2701  5554 I TSAPP_RRM: foregroundRunningAppSets : [com.glyph.launcher]
02-13 09:45:40.078  2701  5554 I TSAPP_RRM: appRunningRefreshRate runningApp : com.glyph.launcher
02-13 09:45:40.089  2701  5554 I TSAPP_TSService: monitorTemperature mQuietTemp = 26.381
02-13 09:45:40.089  2701  5554 I TSAPP_AppProcessManager: isSystemApplications false : [com.glyph.launcher]
02-13 09:45:40.093  2701  5554 I TSAPP_TSService: monitorTemperature screen is on 
02-13 09:45:40.094  2701  5554 I TSAPP_AppProcessManager: isSystemApplications false : [com.glyph.launcher]
02-13 09:45:40.097  2701  5554 I TSAPP_RRM: foregroundRunningAppSets : [com.glyph.launcher]
02-13 09:45:40.097  2701  5554 I TSAPP_RRM: appRunningRefreshRate runningApp : com.glyph.launcher
02-13 09:45:40.110  2701  5554 I TSAPP_TSService: monitorTemperature mQuietTemp = 26.381
02-13 09:45:40.111  2701  5554 I TSAPP_AppProcessManager: isSystemApplications false : [com.glyph.launcher]
02-13 09:45:40.114  2701  5554 I TSAPP_TSService: monitorTemperature screen is on 
02-13 09:45:40.115  2701  5554 I TSAPP_AppProcessManager: isSystemApplications false : [com.glyph.launcher]
02-13 09:45:40.118  2701  5554 I TSAPP_RRM: foregroundRunningAppSets : [com.glyph.launcher]
02-13 09:45:40.118  2701  5554 I TSAPP_RRM: appRunningRefreshRate runningApp : com.glyph.launcher
02-13 09:45:40.131  2701  5554 I TSAPP_TSService: monitorTemperature mQuietTemp = 26.386
02-13 09:45:40.132  2701  5554 I TSAPP_AppProcessManager: isSystemApplications false : [com.glyph.launcher]
02-13 09:45:40.134  2701  5554 I TSAPP_TSService: monitorTemperature screen is on 
02-13 09:45:40.134  2701  5554 I TSAPP_AppProcessManager: isSystemApplications false : [com.glyph.launcher]
02-13 09:45:40.137  2701  5554 I TSAPP_RRM: foregroundRunningAppSets : [com.glyph.launcher]
02-13 09:45:40.137  2701  5554 I TSAPP_RRM: appRunningRefreshRate runningApp : com.glyph.launcher
02-13 09:45:40.152  2701  5554 I TSAPP_TSService: monitorTemperature mQuietTemp = 26.386
02-13 09:45:40.153  2701  5554 I TSAPP_AppProcessManager: isSystemApplications false : [com.glyph.launcher]
02-13 09:45:40.157  2701  5554 I TSAPP_TSService: monitorTemperature screen is on 
02-13 09:45:40.157  2701  5554 I TSAPP_AppProcessManager: isSystemApplications false : [com.glyph.launcher]
02-13 09:45:40.160  2701  5554 I TSAPP_RRM: foregroundRunningAppSets : [com.glyph.launcher]
02-13 09:45:40.160  2701  5554 I TSAPP_RRM: appRunningRefreshRate runningApp : com.glyph.launcher
02-13 09:45:40.166 31533 31533 D OrientationTouchTransformer: set  ACTION_DOWN:  444 rect:RectF(0.0, 1008.0, 2400.0, 1080.0) rotation: 1
02-13 09:45:40.166 31533 31533 D OrientationTouchTransformer: lincaiqin contains x:1178.5089, y:795.2637 ; left:0.0 ; top:1008.0 ; right:2400.0 ; bottom:1080.0 ; mRotation:1
02-13 09:45:40.166 31533 31533 D ruiruiconfig -- showrotation : contains  xx  = 1
02-13 09:45:40.175  2701  5554 I TSAPP_TSService: monitorTemperature mQuietTemp = 26.381
02-13 09:45:40.177  2701  5554 I TSAPP_AppProcessManager: isSystemApplications false : [com.glyph.launcher]
02-13 09:45:40.185  2701  5554 I TSAPP_TSService: monitorTemperature screen is on 
02-13 09:45:40.187  2701  5554 I TSAPP_AppProcessManager: isSystemApplications false : [com.glyph.launcher]
02-13 09:45:40.196  2701  5554 I TSAPP_RRM: foregroundRunningAppSets : [com.glyph.launcher]
02-13 09:45:40.196  2701  5554 I TSAPP_RRM: appRunningRefreshRate runningApp : com.glyph.launcher
02-13 09:45:40.201  2701  5554 I TSAPP_TSService: monitorTemperature mQuietTemp = 26.381
02-13 09:45:40.202  2701  5554 I TSAPP_AppProcessManager: isSystemApplications false : [com.glyph.launcher]
02-13 09:45:40.207  2701  5554 I TSAPP_TSService: monitorTemperature screen is on 
02-13 09:45:40.208  2701  5554 I TSAPP_AppProcessManager: isSystemApplications false : [com.glyph.launcher]
02-13 09:45:40.212  2701  5554 I TSAPP_RRM: foregroundRunningAppSets : [com.glyph.launcher]
02-13 09:45:40.212  2701  5554 I TSAPP_RRM: appRunningRefreshRate runningApp : com.glyph.launcher
02-13 09:45:40.219  2701  5554 I TSAPP_TSService: monitorTemperature mQuietTemp = 26.391
02-13 09:45:40.219  2701  5554 I TSAPP_AppProcessManager: isSystemApplications false : [com.glyph.launcher]
02-13 09:45:40.224  2701  5554 I TSAPP_TSService: monitorTemperature screen is on 
02-13 09:45:40.224  2701  5554 I TSAPP_AppProcessManager: isSystemApplications false : [com.glyph.launcher]
02-13 09:45:40.228  2701  5554 I TSAPP_RRM: foregroundRunningAppSets : [com.glyph.launcher]
02-13 09:45:40.228  2701  5554 I TSAPP_RRM: appRunningRefreshRate runningApp : com.glyph.launcher
02-13 09:45:40.234  1143  1585 W VsyncModulator: setTransactionSchedule: Unexpected EarlyEnd
02-13 09:45:40.246  2701  5554 I TSAPP_TSService: monitorTemperature mQuietTemp = 26.386
02-13 09:45:40.247  2701  5554 I TSAPP_AppProcessManager: isSystemApplications false : [com.glyph.launcher]
02-13 09:45:40.255  2701  5554 I TSAPP_TSService: monitorTemperature screen is on 
02-13 09:45:40.256  2701  5554 I TSAPP_AppProcessManager: isSystemApplications false : [com.glyph.launcher]
02-13 09:45:40.259  2701  5554 I TSAPP_RRM: foregroundRunningAppSets : [com.glyph.launcher]
02-13 09:45:40.259  2701  5554 I TSAPP_RRM: appRunningRefreshRate runningApp : com.glyph.launcher
02-13 09:45:40.265  2701  5554 I TSAPP_TSService: monitorTemperature mQuietTemp = 26.386
02-13 09:45:40.266  2701  5554 I TSAPP_AppProcessManager: isSystemApplications false : [com.glyph.launcher]
02-13 09:45:40.267  2701  5554 I TSAPP_TSService: monitorTemperature screen is on 
02-13 09:45:40.268  2701  5554 I TSAPP_AppProcessManager: isSystemApplications false : [com.glyph.launcher]
02-13 09:45:40.269  2701  5554 I TSAPP_RRM: foregroundRunningAppSets : [com.glyph.launcher]
02-13 09:45:40.269  2701  5554 I TSAPP_RRM: appRunningRefreshRate runningApp : com.glyph.launcher
02-13 09:45:40.286  2701  5554 I TSAPP_TSService: monitorTemperature mQuietTemp = 26.386
02-13 09:45:40.287  2701  5554 I TSAPP_AppProcessManager: isSystemApplications false : [com.glyph.launcher]
02-13 09:45:40.292  2701  5554 I TSAPP_TSService: monitorTemperature screen is on 
02-13 09:45:40.293  2701  5554 I TSAPP_AppProcessManager: isSystemApplications false : [com.glyph.launcher]
02-13 09:45:40.295  2701  5554 I TSAPP_RRM: foregroundRunningAppSets : [com.glyph.launcher]
02-13 09:45:40.295  2701  5554 I TSAPP_RRM: appRunningRefreshRate runningApp : com.glyph.launcher
02-13 09:45:40.299 27119 27138 I OpenGLRenderer: Davey! duration=9223047368218ms; Flags=0, FrameTimelineVsyncId=4046206, IntendedVsync=324668635781999, Vsync=324668635781999, InputEventId=0, HandleInputStart=324668636104735, AnimationStart=324668636105933, PerformTraversalsStart=324668638528954, DrawStart=324668638589371, FrameDeadline=324668655781999, FrameInterval=324668636097756, FrameStartTime=8333333, SyncQueued=324668641798641, SyncStart=324668641848277, IssueDrawCommandsStart=324668641933225, SwapBuffers=324668646442964, FrameCompleted=9223372036854775807, DequeueBufferDuration=15312, QueueBufferDuration=455364, GpuCompleted=9223372036854775807, SwapBuffersCompleted=324668647297131, DisplayPresentTime=0, 
02-13 09:45:40.308  2701  5554 I TSAPP_TSService: monitorTemperature mQuietTemp = 26.381
02-13 09:45:40.308  2701  5554 I TSAPP_AppProcessManager: isSystemApplications false : [com.glyph.launcher]
02-13 09:45:40.312  2701  5554 I TSAPP_TSService: monitorTemperature screen is on 
02-13 09:45:40.312  2701  5554 I TSAPP_AppProcessManager: isSystemApplications false : [com.glyph.launcher]
02-13 09:45:40.314  2701  5554 I TSAPP_RRM: foregroundRunningAppSets : [com.glyph.launcher]
02-13 09:45:40.314  2701  5554 I TSAPP_RRM: appRunningRefreshRate runningApp : com.glyph.launcher
02-13 09:45:40.332  2701  5554 I TSAPP_TSService: monitorTemperature mQuietTemp = 26.391
02-13 09:45:40.337  2701  5554 I TSAPP_AppProcessManager: isSystemApplications false : [com.glyph.launcher]
02-13 09:45:40.347  2701  5554 I TSAPP_TSService: monitorTemperature screen is on 
02-13 09:45:40.348  2701  5554 I TSAPP_AppProcessManager: isSystemApplications false : [com.glyph.launcher]
02-13 09:45:40.354  2701  5554 I TSAPP_RRM: foregroundRunningAppSets : [com.glyph.launcher]
02-13 09:45:40.354  2701  5554 I TSAPP_RRM: appRunningRefreshRate runningApp : com.glyph.launcher
02-13 09:45:40.363  2701  5554 I TSAPP_TSService: monitorTemperature mQuietTemp = 26.386
02-13 09:45:40.363  2701  5554 I TSAPP_AppProcessManager: isSystemApplications false : [com.glyph.launcher]
02-13 09:45:40.369  2701  5554 I TSAPP_TSService: monitorTemperature screen is on 
02-13 09:45:40.370  2701  5554 I TSAPP_AppProcessManager: isSystemApplications false : [com.glyph.launcher]
02-13 09:45:40.372  2701  5554 I TSAPP_RRM: foregroundRunningAppSets : [com.glyph.launcher]
02-13 09:45:40.372  2701  5554 I TSAPP_RRM: appRunningRefreshRate runningApp : com.glyph.launcher
02-13 09:45:40.394  2701  5554 I TSAPP_TSService: monitorTemperature mQuietTemp = 26.386
02-13 09:45:40.395  2701  5554 I TSAPP_AppProcessManager: isSystemApplications false : [com.glyph.launcher]
02-13 09:45:40.402  2701  5554 I TSAPP_TSService: monitorTemperature screen is on 
02-13 09:45:40.402  2701  5554 I TSAPP_AppProcessManager: isSystemApplications false : [com.glyph.launcher]
02-13 09:45:40.409  2701  5554 I TSAPP_RRM: foregroundRunningAppSets : [com.glyph.launcher]
02-13 09:45:40.409  2701  5554 I TSAPP_RRM: appRunningRefreshRate runningApp : com.glyph.launcher
02-13 09:45:40.414  2701  5554 I TSAPP_TSService: monitorTemperature mQuietTemp = 26.381
02-13 09:45:40.415  2701  5554 I TSAPP_AppProcessManager: isSystemApplications false : [com.glyph.launcher]
02-13 09:45:40.422  2701  5554 I TSAPP_TSService: monitorTemperature screen is on 
02-13 09:45:40.422  2701  5554 I TSAPP_AppProcessManager: isSystemApplications false : [com.glyph.launcher]
02-13 09:45:40.429  2701  5554 I TSAPP_RRM: foregroundRunningAppSets : [com.glyph.launcher]
02-13 09:45:40.429  2701  5554 I TSAPP_RRM: appRunningRefreshRate runningApp : com.glyph.launcher
02-13 09:45:40.440  2701  5554 I TSAPP_TSService: monitorTemperature mQuietTemp = 26.391
02-13 09:45:40.441  2701  5554 I TSAPP_AppProcessManager: isSystemApplications false : [com.glyph.launcher]
02-13 09:45:40.444  2701  5554 I TSAPP_TSService: monitorTemperature screen is on 
02-13 09:45:40.445  2701  5554 I TSAPP_AppProcessManager: isSystemApplications false : [com.glyph.launcher]
02-13 09:45:40.447  2701  5554 I TSAPP_RRM: foregroundRunningAppSets : [com.glyph.launcher]
02-13 09:45:40.447  2701  5554 I TSAPP_RRM: appRunningRefreshRate runningApp : com.glyph.launcher
02-13 09:45:40.464  2701  5554 I TSAPP_TSService: monitorTemperature mQuietTemp = 26.386
02-13 09:45:40.465  2701  5554 I TSAPP_AppProcessManager: isSystemApplications false : [com.glyph.launcher]
02-13 09:45:40.468  2701  5554 I TSAPP_TSService: monitorTemperature screen is on 
02-13 09:45:40.469  2701  5554 I TSAPP_AppProcessManager: isSystemApplications false : [com.glyph.launcher]
02-13 09:45:40.472  2701  5554 I TSAPP_RRM: foregroundRunningAppSets : [com.glyph.launcher]
02-13 09:45:40.472  2701  5554 I TSAPP_RRM: appRunningRefreshRate runningApp : com.glyph.launcher
02-13 09:45:40.477  2701  5554 I TSAPP_TSService: monitorTemperature mQuietTemp = 26.391
02-13 09:45:40.477  2701  5554 I TSAPP_AppProcessManager: isSystemApplications false : [com.glyph.launcher]
02-13 09:45:40.479  2701  5554 I TSAPP_TSService: monitorTemperature screen is on 
02-13 09:45:40.479  2701  5554 I TSAPP_AppProcessManager: isSystemApplications false : [com.glyph.launcher]
02-13 09:45:40.482  2701  5554 I TSAPP_RRM: foregroundRunningAppSets : [com.glyph.launcher]
02-13 09:45:40.482  2701  5554 I TSAPP_RRM: appRunningRefreshRate runningApp : com.glyph.launcher
02-13 09:45:41.267 19966 19966 W ThreadPoolForeg: type=1400 audit(0.0:148493): avc: denied { write } for name="traced_producer" dev="tmpfs" ino=30636 scontext=u:r:gmscore_app:s0:c512,c768 tcontext=u:object_r:traced_producer_socket:s0 tclass=sock_file permissive=0 app=com.google.android.gms
02-13 09:45:41.662 31533 31533 D OrientationTouchTransformer: set  ACTION_DOWN:  444 rect:RectF(0.0, 1008.0, 2400.0, 1080.0) rotation: 1
02-13 09:45:41.662 31533 31533 D OrientationTouchTransformer: lincaiqin contains x:1783.257, y:778.27936 ; left:0.0 ; top:1008.0 ; right:2400.0 ; bottom:1080.0 ; mRotation:1
02-13 09:45:41.662 31533 31533 D ruiruiconfig -- showrotation : contains  xx  = 1
02-13 09:45:41.713 31533 31533 D OrientationTouchTransformer: set  ACTION_DOWN:  444 rect:RectF(0.0, 1008.0, 2400.0, 1080.0) rotation: 1
02-13 09:45:41.713 31533 31533 D OrientationTouchTransformer: lincaiqin contains x:1039.5668, y:1028.0481 ; left:0.0 ; top:1008.0 ; right:2400.0 ; bottom:1080.0 ; mRotation:1
02-13 09:45:41.713 31533 31533 D ruiruiconfig -- showrotation : contains  xx  = 1
02-13 09:45:41.713 31533 31533 D OrientationTouchTransformer: lincaiqin contains x:1039.5668, y:1028.0481 ; left:0.0 ; top:1008.0 ; right:2400.0 ; bottom:1080.0 ; mRotation:1
02-13 09:45:41.713 31533 31533 D ruiruiconfig -- showrotation : contains  xx  = 1
02-13 09:45:41.723  1738  1793 I EventSequenceValidator: inc AccIntentStartedEvents to 2
02-13 09:45:41.724  1143  1585 W VsyncModulator: setTransactionSchedule: Unexpected EarlyEnd
02-13 09:45:41.726  1738  2951 V xiaoyao :   mProposedRotation == 1
02-13 09:45:41.726  1738  2951 D WindowManager: ctstest  switch orientation: -1
02-13 09:45:41.726  1738  2951 V xiaoyao :   preferredRotation == 1
02-13 09:45:41.726  1143  1585 I BpBinder: onLastStrongRef automatically unlinking death recipients: <uncached descriptor>
02-13 09:45:41.739 27119 27119 D EmulatorLauncher: Resolved path: /storage/546B-6466/Roms/N64/Banjo-Kazooie (U) [!].z64 for package: org.mupen64plusae.v3.fzurita
02-13 09:45:41.741  1738  2950 D CompatibilityChangeReporter: Compat change id reported: 149924527; UID 10181; state: ENABLED
02-13 09:45:41.742  1738  2950 D CompatibilityChangeReporter: Compat change id reported: 132649864; UID 10181; state: DISABLED
02-13 09:45:41.747  1738  2950 I ActivityTaskManager: START u0 {act=android.intent.action.VIEW dat=content://com.glyph.launcher.fileprovider/root/storage/546B-6466/Roms/N64/Banjo-Kazooie (U) [!].z64 typ=application/octet-stream flg=0x10000001 cmp=org.mupen64plusae.v3.fzurita/paulscode.android.mupen64plusae.SplashActivity clip={text/uri-list hasLabel(0) {U(content)}}} from uid 10181
02-13 09:45:41.747  1738  1793 I EventSequenceValidator: inc AccIntentStartedEvents to 3
02-13 09:45:41.748  1738  1794 W Choreographer: Frame time is 0.032709 ms in the future!  Check that graphics HAL is generating vsync timestamps using the correct timebase.
02-13 09:45:41.750  1039  1109 E ANDR-PERF-LM: MetaMeter: handleAsync() 166: AdaptLaunch Invalid Async
02-13 09:45:41.750  1039  1108 E ANDR-PERF-OPTSHANDLER: Min bounds check failed
02-13 09:45:41.750  1039  1108 E ANDR-PERF-OPTSHANDLER: Error! Perflock failed, invalid request value 255
02-13 09:45:41.750  1039  1108 E ANDR-PERF-RESOURCEQS: Failed to apply optimization [12, 6]
02-13 09:45:41.753  1738  2950 E ANDR-PERF-JNI: com_qualcomm_qtiperformance_native_perf_io_prefetch_start
02-13 09:45:41.753  1039  1109 E ANDR-PERF-LM: MetaMeter: handleAsync() 166: AdaptLaunch Invalid Async
02-13 09:45:41.754  1738  2950 W ActivityTaskManager: Can't find TaskDisplayArea to determine support for multi window. Task id=554 attached=false
02-13 09:45:41.755  1039  1108 E ANDR-PERF-OPTSHANDLER: Min bounds check failed
02-13 09:45:41.755  1039  1108 E ANDR-PERF-OPTSHANDLER: Error! Perflock failed, invalid request value 255
02-13 09:45:41.755  1039  1108 E ANDR-PERF-RESOURCEQS: Failed to apply optimization [12, 6]
02-13 09:45:41.755  1039  1108 E ANDR-PERF-OPTSHANDLER: Min bounds check failed
02-13 09:45:41.755  1039  1108 E ANDR-PERF-OPTSHANDLER: Error! Perflock failed, invalid request value 255
02-13 09:45:41.755  1039  1108 E ANDR-PERF-RESOURCEQS: Failed to apply optimization [12, 6]
02-13 09:45:41.756  1738  2950 D CompatibilityChangeReporter: Compat change id reported: 174042980; UID 10188; state: DISABLED
02-13 09:45:41.756  1738  2950 D CompatibilityChangeReporter: Compat change id reported: 184838306; UID 10188; state: DISABLED
02-13 09:45:41.756  1738  2950 D CompatibilityChangeReporter: Compat change id reported: 185004937; UID 10188; state: DISABLED
02-13 09:45:41.756  1738  2950 D CompatibilityChangeReporter: Compat change id reported: 181136395; UID 10188; state: DISABLED
02-13 09:45:41.756  1037  3953 E ANDR-IOP: io prefetch is disabled
02-13 09:45:41.756  1738  2950 D CompatibilityChangeReporter: Compat change id reported: 174042936; UID 10188; state: DISABLED
02-13 09:45:41.758  1738  2599 I ActivityNotifier: binding to Dynamic DDS service
02-13 09:45:41.758  1738  2599 W ContextImpl: Calling a method in the system process without a qualified user: android.app.ContextImpl.bindService:1896 android.content.ContextWrapper.bindService:812 com.qualcomm.qti.activityextension.ActivityNotifier.bindToDynamicDDSService:103 com.qualcomm.qti.activityextension.ActivityNotifier.handleSendActivityInvokeNotification:184 com.qualcomm.qti.activityextension.ActivityNotifier.access$300:26 
02-13 09:45:41.759  1738  2599 W ActivityManager: Unable to start service Intent { cmp=com.qualcomm.qti.dynamicddsservice/.DynamicDDSService } U=0: not found
02-13 09:45:41.759  1738  2950 D CompatibilityChangeReporter: Compat change id reported: 168419799; UID 10188; state: DISABLED
02-13 09:45:41.759  1738  2599 E ActivityNotifier: bindService failed
02-13 09:45:41.759  1738  2950 D CompatibilityInfo: mCompatibilityFlags - 0
02-13 09:45:41.759  1738  2950 D CompatibilityInfo: applicationDensity - 360
02-13 09:45:41.759  1738  2950 D CompatibilityInfo: applicationScale - 1.0
