--------- beginning of system
02-13 09:42:41.512  1738  2418 D BATTERYCHANGED: batteryLevel ==100mPlugType  ==2
02-13 09:42:45.709  1738  2418 D BATTERYCHANGED: batteryLevel ==100mPlugType  ==2
02-13 09:42:47.714  1738  2418 D BATTERYCHANGED: batteryLevel ==100mPlugType  ==2
02-13 09:42:47.952  1738  2418 D BATTERYCHANGED: batteryLevel ==100mPlugType  ==2
02-13 09:43:07.729  1738  2883 W BatteryExternalStatsWorker: error reading modem stats:ERROR_INVALID_INFO_RECEIVED
02-13 09:43:38.136  1738  2418 D BATTERYCHANGED: batteryLevel ==100mPlugType  ==2
02-13 09:43:39.192  1738  1890 I PowerManagerService: Powering on display group fromDozing (groupId=0, uid=1000, reason=WAKE_REASON_POWER_BUTTON, details=android.policy:POWER)...
02-13 09:43:39.192  1738  1890 I PowerManagerService: Waking up from Dozing (uid=1000, reason=WAKE_REASON_POWER_BUTTON, details=android.policy:POWER)...
02-13 09:43:39.192  1738  1791 D CompatibilityChangeReporter: Compat change id reported: 173031413; UID 1000; state: ENABLED
02-13 09:43:39.204  1738  1815 I DisplayPowerController: Blocking screen on until initial contents have been drawn.
02-13 09:43:39.216  1738  1800 W BroadcastQueue: Background execution not allowed: receiving Intent { act=android.intent.action.USER_PRESENT flg=0x24200010 } to com.google.android.gms/.auth.setup.devicesignals.LockScreenReceiver
02-13 09:43:39.216  1738  1800 W BroadcastQueue: Background execution not allowed: receiving Intent { act=android.intent.action.USER_PRESENT flg=0x24200010 } to com.google.android.gms/.chimera.GmsIntentOperationService$PersistentTrustedReceiver
02-13 09:43:39.228  1738  1815 V DisplayPowerController: Brightness [0.469] reason changing to: 'manual', previous reason: 'screen_off'.
02-13 09:43:39.230  1738  1793 I DisplayDeviceRepository: Display device changed state: "Built-in Screen", ON
02-13 09:43:39.256  1738  6973 D BiometricService: canAuthenticate: User=0, Caller=0, Authenticators=255
02-13 09:43:39.256  1738  6973 D BiometricService/PreAuthInfo: getCanAuthenticateInternal Modality: 0 AuthenticatorStatus: 2
02-13 09:43:39.256  1738  6973 D AuthService: canAuthenticate, userId: 0, callingUserId: 0, authenticators: 255, result: 12
02-13 09:43:39.256  1738 11960 D BiometricService: canAuthenticate: User=0, Caller=0, Authenticators=15
02-13 09:43:39.256  1738 11960 D BiometricService/PreAuthInfo: getCanAuthenticateInternal Modality: 0 AuthenticatorStatus: 2
02-13 09:43:39.256  1738 11960 D AuthService: canAuthenticate, userId: 0, callingUserId: 0, authenticators: 15, result: 12
02-13 09:43:39.269  1738  1788 D ActivityTaskManager: Top Process State changed to PROCESS_STATE_TOP
02-13 09:43:39.270  1738  2599 W ContextImpl: Calling a method in the system process without a qualified user: android.app.ContextImpl.bindService:1896 android.content.ContextWrapper.bindService:812 com.qualcomm.qti.activityextension.ActivityNotifier.bindToDynamicDDSService:103 com.qualcomm.qti.activityextension.ActivityNotifier.handleSendActivityInvokeNotification:184 com.qualcomm.qti.activityextension.ActivityNotifier.access$300:26 
02-13 09:43:39.271  1738  1788 D WindowManager: ctstest  switch orientation: 6
02-13 09:43:39.272  1738  2599 W ActivityManager: Unable to start service Intent { cmp=com.qualcomm.qti.dynamicddsservice/.DynamicDDSService } U=0: not found
02-13 09:43:39.301  1738  1815 I DisplayPowerController: Unblocked screen on after 98 ms
02-13 09:43:39.346  1738  2418 D BATTERYCHANGED: batteryLevel ==100mPlugType  ==2
02-13 09:43:39.428  1738  1794 D CompatibilityChangeReporter: Compat change id reported: 158002302; UID 10181; state: ENABLED
02-13 09:43:39.467  1738  1815 W PowerManagerService: Screen on took 280 ms
02-13 09:43:39.467  1738  1815 I DreamManagerService: Gently waking up from dream.
02-13 09:43:39.467  1738  1790 I DreamManagerService: Performing gentle wake from dream.
02-13 09:43:39.492  1738  1815 D AutomaticBrightnessController: xxx mAmbientLux ==4.9950004    newScreenAutoBrightness  ==0.3005619  value  ==0.3005619  screenAutoBrightness  0.3
02-13 09:43:39.492  1738  1815 D AutomaticBrightnessController: xxx mScreenAutoBrightness ==0.3  newScreenAutoBrightness  ==0.3  sendUpdate  ==true
02-13 09:43:39.494  1738  1815 V DisplayPowerController: Brightness [0.3] reason changing to: 'automatic', previous reason: 'manual'.
02-13 09:43:39.507  1738  1738 W ContextImpl: Calling a method in the system process without a qualified user: android.app.ContextImpl.sendBroadcast:1188 com.android.providers.settings.SettingsProvider$SettingsRegistry$MyHandler.handleMessage:4412 android.os.Handler.dispatchMessage:106 android.os.Looper.loopOnce:201 android.os.Looper.loop:288 
02-13 09:43:39.512  1738  2951 I DreamManagerService: Leaving dreamland.
02-13 09:43:39.513  1738  1790 I DreamManagerService: Performing gentle wake from dream.
02-13 09:43:39.513  1738  1790 I DreamController: Stopping dream: name=ComponentInfo{com.android.systemui/com.android.systemui.doze.DozeService}, isTest=false, canDoze=true, userId=0, reason='finished self'(from 'requested stopDream')
02-13 09:43:39.693  1738  1738 D WindowManager: powerPress: eventTime=324547540 interactive=true count=1 beganFromNonInteractive=true mShortPressOnPowerBehavior=1
02-13 09:43:40.090  1738  1791 D WindowManager: ctstest  switch orientation: 6
02-13 09:43:43.692  1738  1815 D AutomaticBrightnessController: xxx mAmbientLux ==313.85687    newScreenAutoBrightness  ==0.4354043  value  ==0.4354043  screenAutoBrightness  0.435
02-13 09:43:43.692  1738  1815 D AutomaticBrightnessController: xxx mScreenAutoBrightness ==0.435  newScreenAutoBrightness  ==0.435  sendUpdate  ==true
02-13 09:43:43.699  1738  1738 W ContextImpl: Calling a method in the system process without a qualified user: android.app.ContextImpl.sendBroadcast:1188 com.android.providers.settings.SettingsProvider$SettingsRegistry$MyHandler.handleMessage:4412 android.os.Handler.dispatchMessage:106 android.os.Looper.loopOnce:201 android.os.Looper.loop:288 
02-13 09:43:45.511  1738  1815 V DisplayPowerController: Brightness [0.43499514] reason changing to: 'temporary', previous reason: 'automatic'.
02-13 09:43:45.668  1738  1815 V DisplayPowerController: Brightness [0.9754317] reason changing to: 'automatic [ auto_adj ]', previous reason: 'temporary'.
02-13 09:43:45.670  1738  1738 W ContextImpl: Calling a method in the system process without a qualified user: android.app.ContextImpl.sendBroadcast:1188 com.android.providers.settings.SettingsProvider$SettingsRegistry$MyHandler.handleMessage:4412 android.os.Handler.dispatchMessage:106 android.os.Looper.loopOnce:201 android.os.Looper.loop:288 
02-13 09:43:47.120  1738  2949 D WindowManager: ctstest  switch orientation: -1
02-13 09:43:47.798  1738  2599 W ContextImpl: Calling a method in the system process without a qualified user: android.app.ContextImpl.bindService:1896 android.content.ContextWrapper.bindService:812 com.qualcomm.qti.activityextension.ActivityNotifier.bindToDynamicDDSService:103 com.qualcomm.qti.activityextension.ActivityNotifier.handleSendActivityInvokeNotification:184 com.qualcomm.qti.activityextension.ActivityNotifier.access$300:26 
02-13 09:43:47.798  1738  2599 W ActivityManager: Unable to start service Intent { cmp=com.qualcomm.qti.dynamicddsservice/.DynamicDDSService } U=0: not found
02-13 09:43:47.799  1738  2599 W ContextImpl: Calling a method in the system process without a qualified user: android.app.ContextImpl.bindService:1896 android.content.ContextWrapper.bindService:812 com.qualcomm.qti.activityextension.ActivityNotifier.bindToDynamicDDSService:103 com.qualcomm.qti.activityextension.ActivityNotifier.handleSendActivitySuspendNotification:154 com.qualcomm.qti.activityextension.ActivityNotifier.access$400:26 
02-13 09:43:47.799  1738  9372 D WindowManager: ctstest  switch orientation: -1
02-13 09:43:47.799  1738  2599 W ActivityManager: Unable to start service Intent { cmp=com.qualcomm.qti.dynamicddsservice/.DynamicDDSService } U=0: not found
02-13 09:43:47.809  1738  1815 D AutomaticBrightnessController: xxx mAmbientLux ==313.85687    newScreenAutoBrightness  ==0.9814278  value  ==0.9814278  screenAutoBrightness  0.981
02-13 09:43:47.809  1738  1815 D AutomaticBrightnessController: xxx mScreenAutoBrightness ==0.981  newScreenAutoBrightness  ==0.981  sendUpdate  ==true
02-13 09:43:47.810  1738  2599 W ContextImpl: Calling a method in the system process without a qualified user: android.app.ContextImpl.bindService:1896 android.content.ContextWrapper.bindService:812 com.qualcomm.qti.activityextension.ActivityNotifier.bindToDynamicDDSService:103 com.qualcomm.qti.activityextension.ActivityNotifier.handleSendActivitySuspendNotification:154 com.qualcomm.qti.activityextension.ActivityNotifier.access$400:26 
02-13 09:43:47.816  1738  2599 W ActivityManager: Unable to start service Intent { cmp=com.qualcomm.qti.dynamicddsservice/.DynamicDDSService } U=0: not found
02-13 09:43:47.831  1738  1738 W ContextImpl: Calling a method in the system process without a qualified user: android.app.ContextImpl.sendBroadcast:1188 com.android.providers.settings.SettingsProvider$SettingsRegistry$MyHandler.handleMessage:4412 android.os.Handler.dispatchMessage:106 android.os.Looper.loopOnce:201 android.os.Looper.loop:288 
02-13 09:43:48.358  1738  2599 W ContextImpl: Calling a method in the system process without a qualified user: android.app.ContextImpl.bindService:1896 android.content.ContextWrapper.bindService:812 com.qualcomm.qti.activityextension.ActivityNotifier.bindToDynamicDDSService:103 com.qualcomm.qti.activityextension.ActivityNotifier.handleSendActivityInvokeNotification:184 com.qualcomm.qti.activityextension.ActivityNotifier.access$300:26 
02-13 09:43:48.359  1738  2599 W ActivityManager: Unable to start service Intent { cmp=com.qualcomm.qti.dynamicddsservice/.DynamicDDSService } U=0: not found
02-13 09:43:48.360  1738  2599 W ContextImpl: Calling a method in the system process without a qualified user: android.app.ContextImpl.bindService:1896 android.content.ContextWrapper.bindService:812 com.qualcomm.qti.activityextension.ActivityNotifier.bindToDynamicDDSService:103 com.qualcomm.qti.activityextension.ActivityNotifier.handleSendActivitySuspendNotification:154 com.qualcomm.qti.activityextension.ActivityNotifier.access$400:26 
02-13 09:43:48.360  1738  2599 W ActivityManager: Unable to start service Intent { cmp=com.qualcomm.qti.dynamicddsservice/.DynamicDDSService } U=0: not found
02-13 09:43:48.378  1738  3792 D WindowManager: ctstest  switch orientation: 6
02-13 09:43:48.379  1738  2599 W ContextImpl: Calling a method in the system process without a qualified user: android.app.ContextImpl.bindService:1896 android.content.ContextWrapper.bindService:812 com.qualcomm.qti.activityextension.ActivityNotifier.bindToDynamicDDSService:103 com.qualcomm.qti.activityextension.ActivityNotifier.handleSendActivityInvokeNotification:184 com.qualcomm.qti.activityextension.ActivityNotifier.access$300:26 
02-13 09:43:48.380  1738  2599 W ActivityManager: Unable to start service Intent { cmp=com.qualcomm.qti.dynamicddsservice/.DynamicDDSService } U=0: not found
02-13 09:43:48.396  1738  1815 D AutomaticBrightnessController: xxx mAmbientLux ==313.85687    newScreenAutoBrightness  ==0.9814278  value  ==0.9814278  screenAutoBrightness  0.981
02-13 09:43:48.765  1738  2599 W ContextImpl: Calling a method in the system process without a qualified user: android.app.ContextImpl.bindService:1896 android.content.ContextWrapper.bindService:812 com.qualcomm.qti.activityextension.ActivityNotifier.bindToDynamicDDSService:103 com.qualcomm.qti.activityextension.ActivityNotifier.handleSendActivitySuspendNotification:154 com.qualcomm.qti.activityextension.ActivityNotifier.access$400:26 
02-13 09:43:48.765  1738  2599 W ActivityManager: Unable to start service Intent { cmp=com.qualcomm.qti.dynamicddsservice/.DynamicDDSService } U=0: not found
02-13 09:43:50.901  1738  2418 D BATTERYCHANGED: batteryLevel ==100mPlugType  ==2
02-13 09:43:55.287  1738  1815 D AutomaticBrightnessController: xxx mAmbientLux ==352.6599    newScreenAutoBrightness  ==0.9814278  value  ==0.9814278  screenAutoBrightness  0.981
02-13 09:44:50.915  1738  2418 D BATTERYCHANGED: batteryLevel ==99mPlugType  ==2
02-13 09:44:50.936  1738  1807 D KernelCpuUidUserSysTimeReader: Removing uids 99181-99181
02-13 09:45:22.555  1738  1815 D AutomaticBrightnessController: xxx mAmbientLux ==352.6599    newScreenAutoBrightness  ==0.9814278  value  ==0.9814278  screenAutoBrightness  0.981
02-13 09:45:22.559  1738  1815 V DisplayPowerController: Brightness [0.05] reason changing to: 'automatic [ dim ]', previous reason: 'automatic'.
02-13 09:45:29.555  1738  1815 I PowerManagerService: Powering off display group due to timeout (groupId= 0, uid= 1000)...
02-13 09:45:29.555  1738  1815 I PowerManagerService: Going to sleep due to timeout (uid 1000)...
02-13 09:45:29.557  1738  1815 D AutomaticBrightnessController: xxx mAmbientLux ==352.6599    newScreenAutoBrightness  ==0.9814278  value  ==0.9814278  screenAutoBrightness  0.981
02-13 09:45:29.557  1738  1815 V DisplayPowerController: Brightness [0.981] reason changing to: 'automatic', previous reason: 'automatic [ dim ]'.
02-13 09:45:29.558  1738  1815 I DisplayPowerController: Blocking screen off
02-13 09:45:29.558  1738  1815 I DisplayPowerController: Unblocked screen off after 0 ms
02-13 09:45:29.570  1738  1815 D ActivityTaskManager: Top Process State changed to PROCESS_STATE_TOP_SLEEPING
02-13 09:45:29.571  1738  2599 W ContextImpl: Calling a method in the system process without a qualified user: android.app.ContextImpl.bindService:1896 android.content.ContextWrapper.bindService:812 com.qualcomm.qti.activityextension.ActivityNotifier.bindToDynamicDDSService:103 com.qualcomm.qti.activityextension.ActivityNotifier.handleSendActivitySuspendNotification:154 com.qualcomm.qti.activityextension.ActivityNotifier.access$400:26 
02-13 09:45:29.571  1738  2599 W ActivityManager: Unable to start service Intent { cmp=com.qualcomm.qti.dynamicddsservice/.DynamicDDSService } U=0: not found
02-13 09:45:29.578  1738  1815 V DisplayPowerController: Brightness [0.0] reason changing to: 'screen_off', previous reason: 'automatic'.
02-13 09:45:29.579  1738  1793 I DisplayDeviceRepository: Display device changed state: "Built-in Screen", OFF
02-13 09:45:29.591  1738  2599 W ContextImpl: Calling a method in the system process without a qualified user: android.app.ContextImpl.bindService:1896 android.content.ContextWrapper.bindService:812 com.qualcomm.qti.activityextension.ActivityNotifier.bindToDynamicDDSService:103 com.qualcomm.qti.activityextension.ActivityNotifier.handleSendActivitySuspendNotification:154 com.qualcomm.qti.activityextension.ActivityNotifier.access$400:26 
02-13 09:45:29.591  1738  2599 W ActivityManager: Unable to start service Intent { cmp=com.qualcomm.qti.dynamicddsservice/.DynamicDDSService } U=0: not found
02-13 09:45:29.720  1738  1815 I DreamManagerService: Entering dreamland.
02-13 09:45:29.721  1738  1815 I PowerManagerService: Dozing...
02-13 09:45:29.723  1738  1790 I DreamController: Starting dream: name=ComponentInfo{com.android.systemui/com.android.systemui.doze.DozeService}, isTest=false, canDoze=true, userId=0
02-13 09:45:30.444  1738  2950 D WindowManager: ctstest  switch orientation: 2
02-13 09:45:34.940  1738  1890 I PowerManagerService: Powering on display group fromDozing (groupId=0, uid=1000, reason=WAKE_REASON_POWER_BUTTON, details=android.policy:POWER)...
02-13 09:45:34.940  1738  1890 I PowerManagerService: Waking up from Dozing (uid=1000, reason=WAKE_REASON_POWER_BUTTON, details=android.policy:POWER)...
02-13 09:45:34.944  1738  1815 I DisplayPowerController: Blocking screen on until initial contents have been drawn.
02-13 09:45:34.965  1738  1800 W BroadcastQueue: Background execution not allowed: receiving Intent { act=android.intent.action.USER_PRESENT flg=0x24200010 } to com.google.android.gms/.auth.setup.devicesignals.LockScreenReceiver
02-13 09:45:34.965  1738  1800 W BroadcastQueue: Background execution not allowed: receiving Intent { act=android.intent.action.USER_PRESENT flg=0x24200010 } to com.google.android.gms/.chimera.GmsIntentOperationService$PersistentTrustedReceiver
02-13 09:45:34.973  1738  1815 V DisplayPowerController: Brightness [0.981] reason changing to: 'manual', previous reason: 'screen_off'.
02-13 09:45:34.975  1738  1793 I DisplayDeviceRepository: Display device changed state: "Built-in Screen", ON
02-13 09:45:35.013  1738  2883 D ActivityTaskManager: Top Process State changed to PROCESS_STATE_TOP
02-13 09:45:35.016  1738  2599 W ContextImpl: Calling a method in the system process without a qualified user: android.app.ContextImpl.bindService:1896 android.content.ContextWrapper.bindService:812 com.qualcomm.qti.activityextension.ActivityNotifier.bindToDynamicDDSService:103 com.qualcomm.qti.activityextension.ActivityNotifier.handleSendActivityInvokeNotification:184 com.qualcomm.qti.activityextension.ActivityNotifier.access$300:26 
02-13 09:45:35.016  1738  2599 W ActivityManager: Unable to start service Intent { cmp=com.qualcomm.qti.dynamicddsservice/.DynamicDDSService } U=0: not found
02-13 09:45:35.018  1738  2883 D WindowManager: ctstest  switch orientation: 6
02-13 09:45:35.043  1738  9372 D BiometricService: canAuthenticate: User=0, Caller=0, Authenticators=255
02-13 09:45:35.043  1738  9372 D BiometricService/PreAuthInfo: getCanAuthenticateInternal Modality: 0 AuthenticatorStatus: 2
02-13 09:45:35.043  1738  9372 D AuthService: canAuthenticate, userId: 0, callingUserId: 0, authenticators: 255, result: 12
02-13 09:45:35.043  1738  9372 D BiometricService: canAuthenticate: User=0, Caller=0, Authenticators=15
02-13 09:45:35.043  1738  9372 D BiometricService/PreAuthInfo: getCanAuthenticateInternal Modality: 0 AuthenticatorStatus: 2
02-13 09:45:35.043  1738  9372 D AuthService: canAuthenticate, userId: 0, callingUserId: 0, authenticators: 15, result: 12
02-13 09:45:35.068  1738  1815 I DisplayPowerController: Unblocked screen on after 124 ms
02-13 09:45:35.217  1738  1815 W PowerManagerService: Screen on took 285 ms
02-13 09:45:35.218  1738  1815 I DreamManagerService: Gently waking up from dream.
02-13 09:45:35.221  1738  1790 I DreamManagerService: Performing gentle wake from dream.
02-13 09:45:35.238  1738  1815 D AutomaticBrightnessController: xxx mAmbientLux ==245.02501    newScreenAutoBrightness  ==0.76156396  value  ==0.76156396  screenAutoBrightness  0.761
02-13 09:45:35.238  1738  1815 D AutomaticBrightnessController: xxx mScreenAutoBrightness ==0.761  newScreenAutoBrightness  ==0.761  sendUpdate  ==true
02-13 09:45:35.239  1738  1815 V DisplayPowerController: Brightness [0.761] reason changing to: 'automatic', previous reason: 'manual'.
02-13 09:45:35.248  1738  1738 W ContextImpl: Calling a method in the system process without a qualified user: android.app.ContextImpl.sendBroadcast:1188 com.android.providers.settings.SettingsProvider$SettingsRegistry$MyHandler.handleMessage:4412 android.os.Handler.dispatchMessage:106 android.os.Looper.loopOnce:201 android.os.Looper.loop:288 
02-13 09:45:35.248  1738  2950 I DreamManagerService: Leaving dreamland.
02-13 09:45:35.249  1738  1790 I DreamManagerService: Performing gentle wake from dream.
02-13 09:45:35.249  1738  1790 I DreamController: Stopping dream: name=ComponentInfo{com.android.systemui/com.android.systemui.doze.DozeService}, isTest=false, canDoze=true, userId=0, reason='finished self'(from 'requested stopDream')
02-13 09:45:35.408  1738  1738 D WindowManager: powerPress: eventTime=324663285 interactive=true count=1 beganFromNonInteractive=true mShortPressOnPowerBehavior=1
02-13 09:45:35.442  1738  1791 D WindowManager: ctstest  switch orientation: 6
--------- beginning of main
02-13 09:45:36.669  2701  5554 I TSAPP_AppProcessManager: isSystemApplications false : [com.glyph.launcher]
02-13 09:45:36.673  2701  5554 I TSAPP_TSService: monitorTemperature screen is on 
02-13 09:45:36.673  2701  5554 I TSAPP_AppProcessManager: isSystemApplications false : [com.glyph.launcher]
02-13 09:45:36.676  2701  5554 I TSAPP_RRM: foregroundRunningAppSets : [com.glyph.launcher]
02-13 09:45:36.676  2701  5554 I TSAPP_RRM: appRunningRefreshRate runningApp : com.glyph.launcher
02-13 09:45:36.685  2701  5554 I TSAPP_TSService: monitorTemperature mQuietTemp = 26.349
02-13 09:45:36.685  2701  5554 I TSAPP_AppProcessManager: isSystemApplications false : [com.glyph.launcher]
02-13 09:45:36.688  2701  5554 I TSAPP_TSService: monitorTemperature screen is on 
02-13 09:45:36.689  2701  5554 I TSAPP_AppProcessManager: isSystemApplications false : [com.glyph.launcher]
02-13 09:45:36.692  2701  5554 I TSAPP_RRM: foregroundRunningAppSets : [com.glyph.launcher]
02-13 09:45:36.692  2701  5554 I TSAPP_RRM: appRunningRefreshRate runningApp : com.glyph.launcher
02-13 09:45:36.697  2701  5554 I TSAPP_TSService: monitorTemperature mQuietTemp = 26.355
02-13 09:45:36.697  2701  5554 I TSAPP_AppProcessManager: isSystemApplications false : [com.glyph.launcher]
02-13 09:45:36.702  2701  5554 I TSAPP_TSService: monitorTemperature screen is on 
02-13 09:45:36.702  2701  5554 I TSAPP_AppProcessManager: isSystemApplications false : [com.glyph.launcher]
02-13 09:45:36.706  2701  5554 I TSAPP_RRM: foregroundRunningAppSets : [com.glyph.launcher]
02-13 09:45:36.706  2701  5554 I TSAPP_RRM: appRunningRefreshRate runningApp : com.glyph.launcher
02-13 09:45:36.711  2701  5554 I TSAPP_TSService: monitorTemperature mQuietTemp = 26.349
02-13 09:45:36.711  2701  5554 I TSAPP_AppProcessManager: isSystemApplications false : [com.glyph.launcher]
02-13 09:45:36.714  2701  5554 I TSAPP_TSService: monitorTemperature screen is on 
02-13 09:45:36.715  2701  5554 I TSAPP_AppProcessManager: isSystemApplications false : [com.glyph.launcher]
02-13 09:45:36.718  2701  5554 I TSAPP_RRM: foregroundRunningAppSets : [com.glyph.launcher]
02-13 09:45:36.718  2701  5554 I TSAPP_RRM: appRunningRefreshRate runningApp : com.glyph.launcher
02-13 09:45:36.723  2701  5554 I TSAPP_TSService: monitorTemperature mQuietTemp = 26.349
02-13 09:45:36.723  2701  5554 I TSAPP_AppProcessManager: isSystemApplications false : [com.glyph.launcher]
02-13 09:45:36.726  2701  5554 I TSAPP_TSService: monitorTemperature screen is on 
02-13 09:45:36.726  2701  5554 I TSAPP_AppProcessManager: isSystemApplications false : [com.glyph.launcher]
02-13 09:45:36.729  2701  5554 I TSAPP_RRM: foregroundRunningAppSets : [com.glyph.launcher]
02-13 09:45:36.729  2701  5554 I TSAPP_RRM: appRunningRefreshRate runningApp : com.glyph.launcher
02-13 09:45:36.734  2701  5554 I TSAPP_TSService: monitorTemperature mQuietTemp = 26.349
02-13 09:45:36.734  2701  5554 I TSAPP_AppProcessManager: isSystemApplications false : [com.glyph.launcher]
02-13 09:45:36.738  2701  5554 I TSAPP_TSService: monitorTemperature screen is on 
02-13 09:45:36.738  2701  5554 I TSAPP_AppProcessManager: isSystemApplications false : [com.glyph.launcher]
02-13 09:45:36.741  2701  5554 I TSAPP_RRM: foregroundRunningAppSets : [com.glyph.launcher]
02-13 09:45:36.741  2701  5554 I TSAPP_RRM: appRunningRefreshRate runningApp : com.glyph.launcher
02-13 09:45:36.749  2701  5554 I TSAPP_TSService: monitorTemperature mQuietTemp = 26.36
02-13 09:45:36.750  2701  5554 I TSAPP_AppProcessManager: isSystemApplications false : [com.glyph.launcher]
02-13 09:45:36.757  2701  5554 I TSAPP_TSService: monitorTemperature screen is on 
02-13 09:45:36.757  2701  5554 I TSAPP_AppProcessManager: isSystemApplications false : [com.glyph.launcher]
02-13 09:45:36.760  2701  5554 I TSAPP_RRM: foregroundRunningAppSets : [com.glyph.launcher]
02-13 09:45:36.760  2701  5554 I TSAPP_RRM: appRunningRefreshRate runningApp : com.glyph.launcher
02-13 09:45:36.765  2701  5554 I TSAPP_TSService: monitorTemperature mQuietTemp = 26.349
02-13 09:45:36.765  2701  5554 I TSAPP_AppProcessManager: isSystemApplications false : [com.glyph.launcher]
02-13 09:45:36.770  2701  5554 I TSAPP_TSService: monitorTemperature screen is on 
02-13 09:45:36.771  2701  5554 I TSAPP_AppProcessManager: isSystemApplications false : [com.glyph.launcher]
02-13 09:45:36.780  2701  5554 I TSAPP_RRM: foregroundRunningAppSets : [com.glyph.launcher]
02-13 09:45:36.780  2701  5554 I TSAPP_RRM: appRunningRefreshRate runningApp : com.glyph.launcher
02-13 09:45:36.786  2701  5554 I TSAPP_TSService: monitorTemperature mQuietTemp = 26.36
02-13 09:45:36.786  2701  5554 I TSAPP_AppProcessManager: isSystemApplications false : [com.glyph.launcher]
02-13 09:45:36.792  2701  5554 I TSAPP_TSService: monitorTemperature screen is on 
02-13 09:45:36.793  2701  5554 I TSAPP_AppProcessManager: isSystemApplications false : [com.glyph.launcher]
02-13 09:45:36.799  2701  5554 I TSAPP_RRM: foregroundRunningAppSets : [com.glyph.launcher]
02-13 09:45:36.799  2701  5554 I TSAPP_RRM: appRunningRefreshRate runningApp : com.glyph.launcher
02-13 09:45:36.804  2701  5554 I TSAPP_TSService: monitorTemperature mQuietTemp = 26.349
02-13 09:45:36.805  2701  5554 I TSAPP_AppProcessManager: isSystemApplications false : [com.glyph.launcher]
02-13 09:45:36.807  2701  5554 I TSAPP_TSService: monitorTemperature screen is on 
02-13 09:45:36.807  2701  5554 I TSAPP_AppProcessManager: isSystemApplications false : [com.glyph.launcher]
02-13 09:45:36.809  2701  5554 I TSAPP_RRM: foregroundRunningAppSets : [com.glyph.launcher]
02-13 09:45:36.809  2701  5554 I TSAPP_RRM: appRunningRefreshRate runningApp : com.glyph.launcher
02-13 09:45:36.814  2701  5554 I TSAPP_TSService: monitorTemperature mQuietTemp = 26.349
02-13 09:45:36.815  2701  5554 I TSAPP_AppProcessManager: isSystemApplications false : [com.glyph.launcher]
02-13 09:45:36.820  2701  5554 I TSAPP_TSService: monitorTemperature screen is on 
02-13 09:45:36.820  2701  5554 I TSAPP_AppProcessManager: isSystemApplications false : [com.glyph.launcher]
02-13 09:45:36.825  2701  5554 I TSAPP_RRM: foregroundRunningAppSets : [com.glyph.launcher]
02-13 09:45:36.825  2701  5554 I TSAPP_RRM: appRunningRefreshRate runningApp : com.glyph.launcher
02-13 09:45:36.830  2701  5554 I TSAPP_TSService: monitorTemperature mQuietTemp = 26.344
02-13 09:45:36.830  2701  5554 I TSAPP_AppProcessManager: isSystemApplications false : [com.glyph.launcher]
02-13 09:45:36.835  2701  5554 I TSAPP_TSService: monitorTemperature screen is on 
02-13 09:45:36.835  2701  5554 I TSAPP_AppProcessManager: isSystemApplications false : [com.glyph.launcher]
02-13 09:45:36.841  2701  5554 I TSAPP_RRM: foregroundRunningAppSets : [com.glyph.launcher]
02-13 09:45:36.841  2701  5554 I TSAPP_RRM: appRunningRefreshRate runningApp : com.glyph.launcher
02-13 09:45:36.847  2701  5554 I TSAPP_TSService: monitorTemperature mQuietTemp = 26.349
02-13 09:45:36.847  2701  5554 I TSAPP_AppProcessManager: isSystemApplications false : [com.glyph.launcher]
02-13 09:45:36.852  2701  5554 I TSAPP_TSService: monitorTemperature screen is on 
02-13 09:45:36.853  2701  5554 I TSAPP_AppProcessManager: isSystemApplications false : [com.glyph.launcher]
02-13 09:45:36.858  2701  5554 I TSAPP_RRM: foregroundRunningAppSets : [com.glyph.launcher]
02-13 09:45:36.859  2701  5554 I TSAPP_RRM: appRunningRefreshRate runningApp : com.glyph.launcher
02-13 09:45:36.864  2701  5554 I TSAPP_TSService: monitorTemperature mQuietTemp = 26.355
02-13 09:45:36.865  2701  5554 I TSAPP_AppProcessManager: isSystemApplications false : [com.glyph.launcher]
02-13 09:45:36.875  2701  5554 I TSAPP_TSService: monitorTemperature screen is on 
02-13 09:45:36.876  2701  5554 I TSAPP_AppProcessManager: isSystemApplications false : [com.glyph.launcher]
02-13 09:45:36.884  2701  5554 I TSAPP_RRM: foregroundRunningAppSets : [com.glyph.launcher]
02-13 09:45:36.884  2701  5554 I TSAPP_RRM: appRunningRefreshRate runningApp : com.glyph.launcher
02-13 09:45:36.890  2701  5554 I TSAPP_TSService: monitorTemperature mQuietTemp = 26.355
02-13 09:45:36.892  2701  5554 I TSAPP_AppProcessManager: isSystemApplications false : [com.glyph.launcher]
02-13 09:45:36.902  2701  5554 I TSAPP_TSService: monitorTemperature screen is on 
02-13 09:45:36.903  2701  5554 I TSAPP_AppProcessManager: isSystemApplications false : [com.glyph.launcher]
02-13 09:45:36.912  2701  5554 I TSAPP_RRM: foregroundRunningAppSets : [com.glyph.launcher]
02-13 09:45:36.912  2701  5554 I TSAPP_RRM: appRunningRefreshRate runningApp : com.glyph.launcher
02-13 09:45:36.918  2701  5554 I TSAPP_TSService: monitorTemperature mQuietTemp = 26.349
02-13 09:45:36.919  2701  5554 I TSAPP_AppProcessManager: isSystemApplications false : [com.glyph.launcher]
02-13 09:45:36.929  2701  5554 I TSAPP_TSService: monitorTemperature screen is on 
02-13 09:45:36.931  2701  5554 I TSAPP_AppProcessManager: isSystemApplications false : [com.glyph.launcher]
02-13 09:45:36.940  2701  5554 I TSAPP_RRM: foregroundRunningAppSets : [com.glyph.launcher]
02-13 09:45:36.940  2701  5554 I TSAPP_RRM: appRunningRefreshRate runningApp : com.glyph.launcher
02-13 09:45:36.946  2701  5554 I TSAPP_TSService: monitorTemperature mQuietTemp = 26.355
02-13 09:45:36.948  2701  5554 I TSAPP_AppProcessManager: isSystemApplications false : [com.glyph.launcher]
02-13 09:45:36.958  2701  5554 I TSAPP_TSService: monitorTemperature screen is on 
02-13 09:45:36.959  2701  5554 I TSAPP_AppProcessManager: isSystemApplications false : [com.glyph.launcher]
02-13 09:45:36.967  2701  5554 I TSAPP_RRM: foregroundRunningAppSets : [com.glyph.launcher]
02-13 09:45:36.967  2701  5554 I TSAPP_RRM: appRunningRefreshRate runningApp : com.glyph.launcher
02-13 09:45:36.977  2701  5554 I TSAPP_TSService: monitorTemperature mQuietTemp = 26.36
02-13 09:45:36.979  2701  5554 I TSAPP_AppProcessManager: isSystemApplications false : [com.glyph.launcher]
02-13 09:45:36.989  2701  5554 I TSAPP_TSService: monitorTemperature screen is on 
02-13 09:45:36.991  2701  5554 I TSAPP_AppProcessManager: isSystemApplications false : [com.glyph.launcher]
02-13 09:45:36.999  2701  5554 I TSAPP_RRM: foregroundRunningAppSets : [com.glyph.launcher]
02-13 09:45:36.999  2701  5554 I TSAPP_RRM: appRunningRefreshRate runningApp : com.glyph.launcher
02-13 09:45:37.006  2701  5554 I TSAPP_TSService: monitorTemperature mQuietTemp = 26.349
02-13 09:45:37.007  2701  5554 I TSAPP_AppProcessManager: isSystemApplications false : [com.glyph.launcher]
02-13 09:45:37.019  2701  5554 I TSAPP_TSService: monitorTemperature screen is on 
02-13 09:45:37.020  2701  5554 I TSAPP_AppProcessManager: isSystemApplications false : [com.glyph.launcher]
02-13 09:45:37.029  2701  5554 I TSAPP_RRM: foregroundRunningAppSets : [com.glyph.launcher]
02-13 09:45:37.029  2701  5554 I TSAPP_RRM: appRunningRefreshRate runningApp : com.glyph.launcher
02-13 09:45:37.035  2701  5554 I TSAPP_TSService: monitorTemperature mQuietTemp = 26.36
02-13 09:45:37.036  2701  5554 I TSAPP_AppProcessManager: isSystemApplications false : [com.glyph.launcher]
02-13 09:45:37.046  2701  5554 I TSAPP_TSService: monitorTemperature screen is on 
02-13 09:45:37.047  2701  5554 I TSAPP_AppProcessManager: isSystemApplications false : [com.glyph.launcher]
02-13 09:45:37.055  2701  5554 I TSAPP_RRM: foregroundRunningAppSets : [com.glyph.launcher]
02-13 09:45:37.056  2701  5554 I TSAPP_RRM: appRunningRefreshRate runningApp : com.glyph.launcher
02-13 09:45:37.062  2701  5554 I TSAPP_TSService: monitorTemperature mQuietTemp = 26.355
02-13 09:45:37.063  2701  5554 I TSAPP_AppProcessManager: isSystemApplications false : [com.glyph.launcher]
02-13 09:45:37.074  2701  5554 I TSAPP_TSService: monitorTemperature screen is on 
02-13 09:45:37.075  2701  5554 I TSAPP_AppProcessManager: isSystemApplications false : [com.glyph.launcher]
02-13 09:45:37.084  2701  5554 I TSAPP_RRM: foregroundRunningAppSets : [com.glyph.launcher]
02-13 09:45:37.084  2701  5554 I TSAPP_RRM: appRunningRefreshRate runningApp : com.glyph.launcher
02-13 09:45:37.090  2701  5554 I TSAPP_TSService: monitorTemperature mQuietTemp = 26.36
02-13 09:45:37.092  2701  5554 I TSAPP_AppProcessManager: isSystemApplications false : [com.glyph.launcher]
02-13 09:45:37.101  2701  5554 I TSAPP_TSService: monitorTemperature screen is on 
02-13 09:45:37.102  2701  5554 I TSAPP_AppProcessManager: isSystemApplications false : [com.glyph.launcher]
02-13 09:45:37.111  2701  5554 I TSAPP_RRM: foregroundRunningAppSets : [com.glyph.launcher]
02-13 09:45:37.111  2701  5554 I TSAPP_RRM: appRunningRefreshRate runningApp : com.glyph.launcher
02-13 09:45:37.117  2701  5554 I TSAPP_TSService: monitorTemperature mQuietTemp = 26.36
02-13 09:45:37.118  2701  5554 I TSAPP_AppProcessManager: isSystemApplications false : [com.glyph.launcher]
02-13 09:45:37.130  2701  5554 I TSAPP_TSService: monitorTemperature screen is on 
02-13 09:45:37.132  2701  5554 I TSAPP_AppProcessManager: isSystemApplications false : [com.glyph.launcher]
02-13 09:45:37.140  2701  5554 I TSAPP_RRM: foregroundRunningAppSets : [com.glyph.launcher]
02-13 09:45:37.140  2701  5554 I TSAPP_RRM: appRunningRefreshRate runningApp : com.glyph.launcher
02-13 09:45:37.147  2701  5554 I TSAPP_TSService: monitorTemperature mQuietTemp = 26.36
02-13 09:45:37.149  2701  5554 I TSAPP_AppProcessManager: isSystemApplications false : [com.glyph.launcher]
02-13 09:45:37.158  2701  5554 I TSAPP_TSService: monitorTemperature screen is on 
02-13 09:45:37.160  2701  5554 I TSAPP_AppProcessManager: isSystemApplications false : [com.glyph.launcher]
02-13 09:45:37.168  2701  5554 I TSAPP_RRM: foregroundRunningAppSets : [com.glyph.launcher]
02-13 09:45:37.168  2701  5554 I TSAPP_RRM: appRunningRefreshRate runningApp : com.glyph.launcher
02-13 09:45:37.174  2701  5554 I TSAPP_TSService: monitorTemperature mQuietTemp = 26.36
02-13 09:45:37.176  2701  5554 I TSAPP_AppProcessManager: isSystemApplications false : [com.glyph.launcher]
02-13 09:45:37.186  2701  5554 I TSAPP_TSService: monitorTemperature screen is on 
02-13 09:45:37.188  2701  5554 I TSAPP_AppProcessManager: isSystemApplications false : [com.glyph.launcher]
02-13 09:45:37.197  2701  5554 I TSAPP_RRM: foregroundRunningAppSets : [com.glyph.launcher]
02-13 09:45:37.197  2701  5554 I TSAPP_RRM: appRunningRefreshRate runningApp : com.glyph.launcher
02-13 09:45:37.203  2701  5554 I TSAPP_TSService: monitorTemperature mQuietTemp = 26.36
02-13 09:45:37.204  2701  5554 I TSAPP_AppProcessManager: isSystemApplications false : [com.glyph.launcher]
02-13 09:45:37.214  2701  5554 I TSAPP_TSService: monitorTemperature screen is on 
02-13 09:45:37.215  2701  5554 I TSAPP_AppProcessManager: isSystemApplications false : [com.glyph.launcher]
02-13 09:45:37.224  2701  5554 I TSAPP_RRM: foregroundRunningAppSets : [com.glyph.launcher]
02-13 09:45:37.224  2701  5554 I TSAPP_RRM: appRunningRefreshRate runningApp : com.glyph.launcher
02-13 09:45:37.230  2701  5554 I TSAPP_TSService: monitorTemperature mQuietTemp = 26.36
02-13 09:45:37.232  2701  5554 I TSAPP_AppProcessManager: isSystemApplications false : [com.glyph.launcher]
02-13 09:45:37.242  2701  5554 I TSAPP_TSService: monitorTemperature screen is on 
02-13 09:45:37.243  2701  5554 I TSAPP_AppProcessManager: isSystemApplications false : [com.glyph.launcher]
02-13 09:45:37.251  2701  5554 I TSAPP_RRM: foregroundRunningAppSets : [com.glyph.launcher]
02-13 09:45:37.251  2701  5554 I TSAPP_RRM: appRunningRefreshRate runningApp : com.glyph.launcher
02-13 09:45:37.258  2701  5554 I TSAPP_TSService: monitorTemperature mQuietTemp = 26.36
02-13 09:45:37.259  2701  5554 I TSAPP_AppProcessManager: isSystemApplications false : [com.glyph.launcher]
02-13 09:45:37.268  2701  5554 I TSAPP_TSService: monitorTemperature screen is on 
02-13 09:45:37.269  2701  5554 I TSAPP_AppProcessManager: isSystemApplications false : [com.glyph.launcher]
02-13 09:45:37.278  2701  5554 I TSAPP_RRM: foregroundRunningAppSets : [com.glyph.launcher]
02-13 09:45:37.278  2701  5554 I TSAPP_RRM: appRunningRefreshRate runningApp : com.glyph.launcher
02-13 09:45:37.285  2701  5554 I TSAPP_TSService: monitorTemperature mQuietTemp = 26.36
02-13 09:45:37.286  2701  5554 I TSAPP_AppProcessManager: isSystemApplications false : [com.glyph.launcher]
02-13 09:45:37.295  2701  5554 I TSAPP_TSService: monitorTemperature screen is on 
02-13 09:45:37.297  2701  5554 I TSAPP_AppProcessManager: isSystemApplications false : [com.glyph.launcher]
02-13 09:45:37.305  2701  5554 I TSAPP_RRM: foregroundRunningAppSets : [com.glyph.launcher]
02-13 09:45:37.305  2701  5554 I TSAPP_RRM: appRunningRefreshRate runningApp : com.glyph.launcher
02-13 09:45:37.312  2701  5554 I TSAPP_TSService: monitorTemperature mQuietTemp = 26.349
02-13 09:45:37.314  2701  5554 I TSAPP_AppProcessManager: isSystemApplications false : [com.glyph.launcher]
02-13 09:45:37.324  2701  5554 I TSAPP_TSService: monitorTemperature screen is on 
02-13 09:45:37.325  2701  5554 I TSAPP_AppProcessManager: isSystemApplications false : [com.glyph.launcher]
02-13 09:45:37.334  2701  5554 I TSAPP_RRM: foregroundRunningAppSets : [com.glyph.launcher]
02-13 09:45:37.334  2701  5554 I TSAPP_RRM: appRunningRefreshRate runningApp : com.glyph.launcher
02-13 09:45:37.340  2701  5554 I TSAPP_TSService: monitorTemperature mQuietTemp = 26.36
02-13 09:45:37.342  2701  5554 I TSAPP_AppProcessManager: isSystemApplications false : [com.glyph.launcher]
02-13 09:45:37.351  2701  5554 I TSAPP_TSService: monitorTemperature screen is on 
02-13 09:45:37.352  2701  5554 I TSAPP_AppProcessManager: isSystemApplications false : [com.glyph.launcher]
02-13 09:45:37.361  2701  5554 I TSAPP_RRM: foregroundRunningAppSets : [com.glyph.launcher]
02-13 09:45:37.361  2701  5554 I TSAPP_RRM: appRunningRefreshRate runningApp : com.glyph.launcher
02-13 09:45:37.368  2701  5554 I TSAPP_TSService: monitorTemperature mQuietTemp = 26.36
02-13 09:45:37.370  2701  5554 I TSAPP_AppProcessManager: isSystemApplications false : [com.glyph.launcher]
02-13 09:45:37.380  2701  5554 I TSAPP_TSService: monitorTemperature screen is on 
02-13 09:45:37.381  2701  5554 I TSAPP_AppProcessManager: isSystemApplications false : [com.glyph.launcher]
02-13 09:45:37.389  2701  5554 I TSAPP_RRM: foregroundRunningAppSets : [com.glyph.launcher]
02-13 09:45:37.389  2701  5554 I TSAPP_RRM: appRunningRefreshRate runningApp : com.glyph.launcher
02-13 09:45:37.396  2701  5554 I TSAPP_TSService: monitorTemperature mQuietTemp = 26.355
02-13 09:45:37.397  2701  5554 I TSAPP_AppProcessManager: isSystemApplications false : [com.glyph.launcher]
02-13 09:45:37.405  2701  5554 I TSAPP_TSService: monitorTemperature screen is on 
02-13 09:45:37.407  2701  5554 I TSAPP_AppProcessManager: isSystemApplications false : [com.glyph.launcher]
02-13 09:45:37.415  2701  5554 I TSAPP_RRM: foregroundRunningAppSets : [com.glyph.launcher]
02-13 09:45:37.415  2701  5554 I TSAPP_RRM: appRunningRefreshRate runningApp : com.glyph.launcher
02-13 09:45:37.421  2701  5554 I TSAPP_TSService: monitorTemperature mQuietTemp = 26.36
02-13 09:45:37.422  2701  5554 I TSAPP_AppProcessManager: isSystemApplications false : [com.glyph.launcher]
02-13 09:45:37.432  2701  5554 I TSAPP_TSService: monitorTemperature screen is on 
02-13 09:45:37.433  2701  5554 I TSAPP_AppProcessManager: isSystemApplications false : [com.glyph.launcher]
02-13 09:45:37.441  2701  5554 I TSAPP_RRM: foregroundRunningAppSets : [com.glyph.launcher]
02-13 09:45:37.441  2701  5554 I TSAPP_RRM: appRunningRefreshRate runningApp : com.glyph.launcher
02-13 09:45:37.448  2701  5554 I TSAPP_TSService: monitorTemperature mQuietTemp = 26.36
02-13 09:45:37.450  2701  5554 I TSAPP_AppProcessManager: isSystemApplications false : [com.glyph.launcher]
02-13 09:45:37.458  2701  5554 I TSAPP_TSService: monitorTemperature screen is on 
02-13 09:45:37.459  2701  5554 I TSAPP_AppProcessManager: isSystemApplications false : [com.glyph.launcher]
02-13 09:45:37.468  2701  5554 I TSAPP_RRM: foregroundRunningAppSets : [com.glyph.launcher]
02-13 09:45:37.468  2701  5554 I TSAPP_RRM: appRunningRefreshRate runningApp : com.glyph.launcher
02-13 09:45:37.476  2701  5554 I TSAPP_TSService: monitorTemperature mQuietTemp = 26.365
02-13 09:45:37.477 31533 31533 D OrientationTouchTransformer: set  ACTION_DOWN:  444 rect:RectF(0.0, 1008.0, 2400.0, 1080.0) rotation: 1
02-13 09:45:37.477 31533 31533 D OrientationTouchTransformer: lincaiqin contains x:1155.5186, y:847.2156 ; left:0.0 ; top:1008.0 ; right:2400.0 ; bottom:1080.0 ; mRotation:1
02-13 09:45:37.477 31533 31533 D ruiruiconfig -- showrotation : contains  xx  = 1
02-13 09:45:37.478  2701  5554 I TSAPP_AppProcessManager: isSystemApplications false : [com.glyph.launcher]
02-13 09:45:37.489  2701  5554 I TSAPP_TSService: monitorTemperature screen is on 
02-13 09:45:37.490  2701  5554 I TSAPP_AppProcessManager: isSystemApplications false : [com.glyph.launcher]
02-13 09:45:37.499  2701  5554 I TSAPP_RRM: foregroundRunningAppSets : [com.glyph.launcher]
02-13 09:45:37.499  2701  5554 I TSAPP_RRM: appRunningRefreshRate runningApp : com.glyph.launcher
02-13 09:45:37.505  2701  5554 I TSAPP_TSService: monitorTemperature mQuietTemp = 26.36
02-13 09:45:37.506  2701  5554 I TSAPP_AppProcessManager: isSystemApplications false : [com.glyph.launcher]
02-13 09:45:37.516  2701  5554 I TSAPP_TSService: monitorTemperature screen is on 
02-13 09:45:37.517  2701  5554 I TSAPP_AppProcessManager: isSystemApplications false : [com.glyph.launcher]
02-13 09:45:37.523  2701  5554 I TSAPP_RRM: foregroundRunningAppSets : [com.glyph.launcher]
02-13 09:45:37.523  2701  5554 I TSAPP_RRM: appRunningRefreshRate runningApp : com.glyph.launcher
02-13 09:45:37.530  2701  5554 I TSAPP_TSService: monitorTemperature mQuietTemp = 26.355
02-13 09:45:37.531  2701  5554 I TSAPP_AppProcessManager: isSystemApplications false : [com.glyph.launcher]
02-13 09:45:37.538  2701  5554 I TSAPP_TSService: monitorTemperature screen is on 
02-13 09:45:37.538  2701  5554 I TSAPP_AppProcessManager: isSystemApplications false : [com.glyph.launcher]
02-13 09:45:37.543  2701  5554 I TSAPP_RRM: foregroundRunningAppSets : [com.glyph.launcher]
02-13 09:45:37.543  2701  5554 I TSAPP_RRM: appRunningRefreshRate runningApp : com.glyph.launcher
02-13 09:45:37.549  2701  5554 I TSAPP_TSService: monitorTemperature mQuietTemp = 26.36
02-13 09:45:37.549  2701  5554 I TSAPP_AppProcessManager: isSystemApplications false : [com.glyph.launcher]
02-13 09:45:37.554  2701  5554 I TSAPP_TSService: monitorTemperature screen is on 
02-13 09:45:37.555  2701  5554 I TSAPP_AppProcessManager: isSystemApplications false : [com.glyph.launcher]
02-13 09:45:37.560  2701  5554 I TSAPP_RRM: foregroundRunningAppSets : [com.glyph.launcher]
02-13 09:45:37.560  2701  5554 I TSAPP_RRM: appRunningRefreshRate runningApp : com.glyph.launcher
02-13 09:45:37.565  2701  5554 I TSAPP_TSService: monitorTemperature mQuietTemp = 26.36
02-13 09:45:37.566  2701  5554 I TSAPP_AppProcessManager: isSystemApplications false : [com.glyph.launcher]
02-13 09:45:37.569  1143  1247 W VsyncModulator: setTransactionSchedule: Unexpected EarlyEnd
02-13 09:45:37.569  2701  5554 I TSAPP_TSService: monitorTemperature screen is on 
02-13 09:45:37.570  2701  5554 I TSAPP_AppProcessManager: isSystemApplications false : [com.glyph.launcher]
02-13 09:45:37.573  2701  5554 I TSAPP_RRM: foregroundRunningAppSets : [com.glyph.launcher]
02-13 09:45:37.573  2701  5554 I TSAPP_RRM: appRunningRefreshRate runningApp : com.glyph.launcher
02-13 09:45:37.578  2701  5554 I TSAPP_TSService: monitorTemperature mQuietTemp = 26.36
02-13 09:45:37.578  2701  5554 I TSAPP_AppProcessManager: isSystemApplications false : [com.glyph.launcher]
02-13 09:45:37.581  2701  5554 I TSAPP_TSService: monitorTemperature screen is on 
02-13 09:45:37.581  2701  5554 I TSAPP_AppProcessManager: isSystemApplications false : [com.glyph.launcher]
02-13 09:45:37.583  2701  5554 I TSAPP_RRM: foregroundRunningAppSets : [com.glyph.launcher]
02-13 09:45:37.583  2701  5554 I TSAPP_RRM: appRunningRefreshRate runningApp : com.glyph.launcher
02-13 09:45:37.589  2701  5554 I TSAPP_TSService: monitorTemperature mQuietTemp = 26.36
02-13 09:45:37.589  2701  5554 I TSAPP_AppProcessManager: isSystemApplications false : [com.glyph.launcher]
02-13 09:45:37.593  2701  5554 I TSAPP_TSService: monitorTemperature screen is on 
02-13 09:45:37.593  2701  5554 I TSAPP_AppProcessManager: isSystemApplications false : [com.glyph.launcher]
02-13 09:45:37.595  2701  5554 I TSAPP_RRM: foregroundRunningAppSets : [com.glyph.launcher]
02-13 09:45:37.595  2701  5554 I TSAPP_RRM: appRunningRefreshRate runningApp : com.glyph.launcher
02-13 09:45:37.600  2701  5554 I TSAPP_TSService: monitorTemperature mQuietTemp = 26.365
02-13 09:45:37.601  2701  5554 I TSAPP_AppProcessManager: isSystemApplications false : [com.glyph.launcher]
02-13 09:45:37.602  2701  5554 I TSAPP_TSService: monitorTemperature screen is on 
02-13 09:45:37.603  2701  5554 I TSAPP_AppProcessManager: isSystemApplications false : [com.glyph.launcher]
02-13 09:45:37.605  2701  5554 I TSAPP_RRM: foregroundRunningAppSets : [com.glyph.launcher]
02-13 09:45:37.605  2701  5554 I TSAPP_RRM: appRunningRefreshRate runningApp : com.glyph.launcher
02-13 09:45:37.610  2701  5554 I TSAPP_TSService: monitorTemperature mQuietTemp = 26.36
02-13 09:45:37.610  2701  5554 I TSAPP_AppProcessManager: isSystemApplications false : [com.glyph.launcher]
02-13 09:45:37.613  2701  5554 I TSAPP_TSService: monitorTemperature screen is on 
02-13 09:45:37.613  2701  5554 I TSAPP_AppProcessManager: isSystemApplications false : [com.glyph.launcher]
02-13 09:45:37.615  2701  5554 I TSAPP_RRM: foregroundRunningAppSets : [com.glyph.launcher]
02-13 09:45:37.615  2701  5554 I TSAPP_RRM: appRunningRefreshRate runningApp : com.glyph.launcher
02-13 09:45:37.620  2701  5554 I TSAPP_TSService: monitorTemperature mQuietTemp = 26.36
02-13 09:45:37.621  2701  5554 I TSAPP_AppProcessManager: isSystemApplications false : [com.glyph.launcher]
02-13 09:45:37.623  2701  5554 I TSAPP_TSService: monitorTemperature screen is on 
02-13 09:45:37.623  2701  5554 I TSAPP_AppProcessManager: isSystemApplications false : [com.glyph.launcher]
02-13 09:45:37.625  2701  5554 I TSAPP_RRM: foregroundRunningAppSets : [com.glyph.launcher]
02-13 09:45:37.625  2701  5554 I TSAPP_RRM: appRunningRefreshRate runningApp : com.glyph.launcher
02-13 09:45:37.630  2701  5554 I TSAPP_TSService: monitorTemperature mQuietTemp = 26.365
02-13 09:45:37.631  2701  5554 I TSAPP_AppProcessManager: isSystemApplications false : [com.glyph.launcher]
02-13 09:45:37.634  2701  5554 I TSAPP_TSService: monitorTemperature screen is on 
02-13 09:45:37.634  2701  5554 I TSAPP_AppProcessManager: isSystemApplications false : [com.glyph.launcher]
02-13 09:45:37.636  2701  5554 I TSAPP_RRM: foregroundRunningAppSets : [com.glyph.launcher]
02-13 09:45:37.636  2701  5554 I TSAPP_RRM: appRunningRefreshRate runningApp : com.glyph.launcher
02-13 09:45:37.647  2701  5554 I TSAPP_TSService: monitorTemperature mQuietTemp = 26.36
02-13 09:45:37.648  2701  5554 I TSAPP_AppProcessManager: isSystemApplications false : [com.glyph.launcher]
02-13 09:45:37.650  2701  5554 I TSAPP_TSService: monitorTemperature screen is on 
02-13 09:45:37.650  2701  5554 I TSAPP_AppProcessManager: isSystemApplications false : [com.glyph.launcher]
02-13 09:45:37.652  2701  5554 I TSAPP_RRM: foregroundRunningAppSets : [com.glyph.launcher]
02-13 09:45:37.653  2701  5554 I TSAPP_RRM: appRunningRefreshRate runningApp : com.glyph.launcher
02-13 09:45:37.663  2701  5554 I TSAPP_TSService: monitorTemperature mQuietTemp = 26.36
02-13 09:45:37.664  2701  5554 I TSAPP_AppProcessManager: isSystemApplications false : [com.glyph.launcher]
02-13 09:45:37.673  2701  5554 I TSAPP_TSService: monitorTemperature screen is on 
02-13 09:45:37.673  2701  5554 I TSAPP_AppProcessManager: isSystemApplications false : [com.glyph.launcher]
02-13 09:45:37.675  2701  5554 I TSAPP_RRM: foregroundRunningAppSets : [com.glyph.launcher]
02-13 09:45:37.675  2701  5554 I TSAPP_RRM: appRunningRefreshRate runningApp : com.glyph.launcher
02-13 09:45:37.680  2701  5554 I TSAPP_TSService: monitorTemperature mQuietTemp = 26.36
02-13 09:45:37.681  2701  5554 I TSAPP_AppProcessManager: isSystemApplications false : [com.glyph.launcher]
02-13 09:45:37.683  2701  5554 I TSAPP_TSService: monitorTemperature screen is on 
02-13 09:45:37.683  2701  5554 I TSAPP_AppProcessManager: isSystemApplications false : [com.glyph.launcher]
02-13 09:45:37.685  2701  5554 I TSAPP_RRM: foregroundRunningAppSets : [com.glyph.launcher]
02-13 09:45:37.685  2701  5554 I TSAPP_RRM: appRunningRefreshRate runningApp : com.glyph.launcher
02-13 09:45:37.691  2701  5554 I TSAPP_TSService: monitorTemperature mQuietTemp = 26.355
02-13 09:45:37.691  2701  5554 I TSAPP_AppProcessManager: isSystemApplications false : [com.glyph.launcher]
02-13 09:45:37.694  2701  5554 I TSAPP_TSService: monitorTemperature screen is on 
02-13 09:45:37.695  2701  5554 I TSAPP_AppProcessManager: isSystemApplications false : [com.glyph.launcher]
02-13 09:45:37.699  2701  5554 I TSAPP_RRM: foregroundRunningAppSets : [com.glyph.launcher]
02-13 09:45:37.699  2701  5554 I TSAPP_RRM: appRunningRefreshRate runningApp : com.glyph.launcher
02-13 09:45:37.704  2701  5554 I TSAPP_TSService: monitorTemperature mQuietTemp = 26.36
02-13 09:45:37.705  2701  5554 I TSAPP_AppProcessManager: isSystemApplications false : [com.glyph.launcher]
02-13 09:45:37.710  2701  5554 I TSAPP_TSService: monitorTemperature screen is on 
02-13 09:45:37.711  2701  5554 I TSAPP_AppProcessManager: isSystemApplications false : [com.glyph.launcher]
02-13 09:45:37.715  2701  5554 I TSAPP_RRM: foregroundRunningAppSets : [com.glyph.launcher]
02-13 09:45:37.715  2701  5554 I TSAPP_RRM: appRunningRefreshRate runningApp : com.glyph.launcher
02-13 09:45:37.726  2701  5554 I TSAPP_TSService: monitorTemperature mQuietTemp = 26.36
02-13 09:45:37.728  2701  5554 I TSAPP_AppProcessManager: isSystemApplications false : [com.glyph.launcher]
02-13 09:45:37.741  2701  5554 I TSAPP_TSService: monitorTemperature screen is on 
