02-13 09:45:51.190 28405 28405 E AppButtonsPrefCtl: 	at android.os.Handler.dispatchMessage(Handler.java:106)
02-13 09:45:51.190 28405 28405 E AppButtonsPrefCtl: 	at android.os.Looper.loopOnce(Looper.java:201)
02-13 09:45:51.190 28405 28405 E AppButtonsPrefCtl: 	at android.os.Looper.loop(Looper.java:288)
02-13 09:45:51.190 28405 28405 E AppButtonsPrefCtl: 	at android.app.ActivityThread.main(ActivityThread.java:7879)
02-13 09:45:51.190 28405 28405 E AppButtonsPrefCtl: 	at java.lang.reflect.Method.invoke(Native Method)
02-13 09:45:51.190 28405 28405 E AppButtonsPrefCtl: 	at com.android.internal.os.RuntimeInit$MethodAndArgsCaller.run(RuntimeInit.java:548)
02-13 09:45:51.190 28405 28405 E AppButtonsPrefCtl: 	at com.android.internal.os.ZygoteInit.main(ZygoteInit.java:1009)
02-13 09:45:51.195  1738  2599 W ActivityManager: Unable to start service Intent { cmp=com.qualcomm.qti.dynamicddsservice/.DynamicDDSService } U=0: not found
02-13 09:45:51.196  1738  2599 E ActivityNotifier: bindService failed
02-13 09:45:51.196  1738  2599 I ActivityNotifier: binding to Dynamic DDS service
02-13 09:45:51.196  1738  2599 W ContextImpl: Calling a method in the system process without a qualified user: android.app.ContextImpl.bindService:1896 android.content.ContextWrapper.bindService:812 com.qualcomm.qti.activityextension.ActivityNotifier.bindToDynamicDDSService:103 com.qualcomm.qti.activityextension.ActivityNotifier.handleSendActivityInvokeNotification:184 com.qualcomm.qti.activityextension.ActivityNotifier.access$300:26 
02-13 09:45:51.196  1738  2599 W ActivityManager: Unable to start service Intent { cmp=com.qualcomm.qti.dynamicddsservice/.DynamicDDSService } U=0: not found
02-13 09:45:51.197  1738  2599 E ActivityNotifier: bindService failed
02-13 09:45:51.198  1738  2883 D ActivityTrigger: ActivityTrigger activityPauseTrigger 
02-13 09:45:51.199  1738  2599 I ActivityNotifier: binding to Dynamic DDS service
02-13 09:45:51.202  1738  2599 W ContextImpl: Calling a method in the system process without a qualified user: android.app.ContextImpl.bindService:1896 android.content.ContextWrapper.bindService:812 com.qualcomm.qti.activityextension.ActivityNotifier.bindToDynamicDDSService:103 com.qualcomm.qti.activityextension.ActivityNotifier.handleSendActivitySuspendNotification:154 com.qualcomm.qti.activityextension.ActivityNotifier.access$400:26 
02-13 09:45:51.206  1738  1815 D AutomaticBrightnessController: xxx mAmbientLux ==201.8359    newScreenAutoBrightness  ==0.72841376  value  ==0.72841376  screenAutoBrightness  0.728
02-13 09:45:51.206  3323  3457 I ThermalEngine: usb charge en high temp lock=0,temp=23.443001 
02-13 09:45:51.209  1738  2883 V xiaoyao :   mProposedRotation == 1
02-13 09:45:51.209  1738  2883 D WindowManager: ctstest  switch orientation: -1
02-13 09:45:51.209  1738  2883 V xiaoyao :   preferredRotation == 1
02-13 09:45:51.209  1738  2883 V xiaoyao :   mProposedRotation == 1
02-13 09:45:51.209  1738  2883 D WindowManager: ctstest  switch orientation: -1
02-13 09:45:51.209  1738  2883 V xiaoyao :   preferredRotation == 1
02-13 09:45:51.209  1738  2883 D ApplicationPackageManager: --hasSystemFeature--,feature name is:android.software.picture_in_picture
02-13 09:45:51.209  1738  2883 D ApplicationPackageManager: --hasSystemFeature--,PackageName  is:android
02-13 09:45:51.209  1738  2883 D ApplicationPackageManager: --hasSystemFeature--,pco = 9
02-13 09:45:51.209  1738  2883 V xiaoyao :   mProposedRotation == 1
02-13 09:45:51.209  1738  2883 D WindowManager: ctstest  switch orientation: -1
02-13 09:45:51.209  1738  2883 V xiaoyao :   preferredRotation == 1
02-13 09:45:51.209  1738  2883 D ApplicationPackageManager: --hasSystemFeature--,feature name is:android.software.picture_in_picture
02-13 09:45:51.209  1738  2883 D ApplicationPackageManager: --hasSystemFeature--,PackageName  is:android
02-13 09:45:51.209  1738  2883 D ApplicationPackageManager: --hasSystemFeature--,pco = 9
02-13 09:45:51.210  1039  1109 W ANDR-PERF-LM: MetaMeter: handlePrimaryAsync() 118: AdaptLaunch MetaMeter. No MeterMgr Available to handle this Primary Async. !!!!
02-13 09:45:51.210  1039  1109 W ANDR-PERF-LM: MetaMeter: handlePrimaryAsync() 118: AdaptLaunch MetaMeter. No MeterMgr Available to handle this Primary Async. !!!!
02-13 09:45:51.225 31533 31549 W System  : A resource failed to call release. 
02-13 09:45:51.228  1738  2599 W ActivityManager: Unable to start service Intent { cmp=com.qualcomm.qti.dynamicddsservice/.DynamicDDSService } U=0: not found
02-13 09:45:51.229  1738  2599 E ActivityNotifier: bindService failed
02-13 09:45:51.229  1738  2599 I ActivityNotifier: binding to Dynamic DDS service
02-13 09:45:51.229  1738  1822 I ActivityManager: Force stopping com.glyph.launcher appid=10181 user=0: pkg removed
02-13 09:45:51.229  1738  2599 W ContextImpl: Calling a method in the system process without a qualified user: android.app.ContextImpl.bindService:1896 android.content.ContextWrapper.bindService:812 com.qualcomm.qti.activityextension.ActivityNotifier.bindToDynamicDDSService:103 com.qualcomm.qti.activityextension.ActivityNotifier.handleSendActivityInvokeNotification:184 com.qualcomm.qti.activityextension.ActivityNotifier.access$300:26 
02-13 09:45:51.236 31533 31533 I AllAppsContainerView_liuhao: ------------- drawOnScrim() --------------
02-13 09:45:51.250 31533 10258 I OpenGLRenderer: Davey! duration=9223047357277ms; Flags=1, FrameTimelineVsyncId=4048320, IntendedVsync=324679577226829, Vsync=324679577226829, InputEventId=0, HandleInputStart=324679580796241, AnimationStart=324679580798064, PerformTraversalsStart=324679580798429, DrawStart=324679588332543, FrameDeadline=324679588893496, FrameInterval=324679580792127, FrameStartTime=8333333, SyncQueued=324679590185252, SyncStart=324679590252335, IssueDrawCommandsStart=324679590420825, SwapBuffers=324679591397127, FrameCompleted=9223372036854775807, DequeueBufferDuration=244480, QueueBufferDuration=755573, GpuCompleted=9223372036854775807, SwapBuffersCompleted=324679592468637, DisplayPresentTime=0, 
02-13 09:45:51.260  3674  3674 I MediaProvider: Invalidating LocalCallingIdentity cache for package com.glyph.launcher. Reason: package android.intent.action.PACKAGE_REMOVED
02-13 09:45:51.260  1738  1790 D CompanionDeviceManagerService: onPackageRemoved(packageName = com.glyph.launcher, uid = 10181)
02-13 09:45:51.260  1738  1790 I CompanionDeviceManagerService: Updating associations: []  -->  []
02-13 09:45:51.261  1738  1800 D ActivityManager: pid 25519 com.google.android.documentsui  received async transactions while frozen
02-13 09:45:51.261  1738  1800 D ActivityManager: sync unfroze 25519 com.google.android.documentsui
02-13 09:45:51.261  1738  1800 W BroadcastQueue: Background execution not allowed: receiving Intent { act=android.intent.action.PACKAGE_REMOVED dat=package:com.glyph.launcher flg=0x4000010 (has extras) } to com.android.vending/com.google.android.finsky.packagemonitor.impl.PackageMonitorReceiverImpl$RegisteredReceiver
02-13 09:45:51.262  1738  1800 W BroadcastQueue: Background execution not allowed: receiving Intent { act=android.intent.action.PACKAGE_REMOVED dat=package:com.glyph.launcher flg=0x4000010 (has extras) } to com.android.vending/com.google.android.finsky.packagemonitor.backgroundimpl.BackgroundPackageMonitorReceiverImpl$RegisteredReceiver
02-13 09:45:51.262  1738  1800 W BroadcastQueue: Background execution not allowed: receiving Intent { act=android.intent.action.PACKAGE_REMOVED dat=package:com.glyph.launcher flg=0x4000010 (has extras) } to com.android.vending/com.google.android.finsky.instantapps.appmanagement.InstantAppRemoveMonitor
02-13 09:45:51.262  1738  1800 W BroadcastQueue: Background execution not allowed: receiving Intent { act=android.intent.action.PACKAGE_REMOVED dat=package:com.glyph.launcher flg=0x4000010 (has extras) } to com.google.android.gms/.chimera.GmsIntentOperationService$PersistentTrustedReceiver
02-13 09:45:51.262  1738  1800 W BroadcastQueue: Background execution not allowed: receiving Intent { act=android.intent.action.PACKAGE_REMOVED dat=package:com.glyph.launcher flg=0x4000010 (has extras) } to com.google.android.videos/com.google.android.libraries.social.peoplekit.thirdparty.viewcontrollers.ThirdPartyReceiver
02-13 09:45:51.264 24293 24293 I Finsky:background: [2] ahpk - Received: android.intent.action.PACKAGE_REMOVED, [M1xpuyqm4c4CtZSm1qWw2pguPMIH3F9_dRNprRe1Mkk]
02-13 09:45:51.267  1738  2599 W ActivityManager: Unable to start service Intent { cmp=com.qualcomm.qti.dynamicddsservice/.DynamicDDSService } U=0: not found
02-13 09:45:51.267  1738  2599 E ActivityNotifier: bindService failed
02-13 09:45:51.268  1738  1897 V StorageManagerService: Package com.glyph.launcher does not have legacy storage
02-13 09:45:51.268  2811  2811 D TelephonyManager: isSmsCapable pkgName=com.android.phone
02-13 09:45:51.272 24206 24251 W LightPackageInfoLiveData: Package "com.glyph.launcher" not found
02-13 09:45:51.272  1738  1872 I RoleService: Granting default roles...
02-13 09:45:51.278  1039  1109 E ANDR-PERF-LM: FeatureState: deleteRow() 208: Entry not found in db
02-13 09:45:51.278  1738  2423 W InputManager-JNI: Input channel object '876fdb com.google.android.packageinstaller/com.android.packageinstaller.UninstallUninstalling (client)' was disposed without first being removed with the input manager!
02-13 09:45:51.279  1738  1890 I InputReader: Reconfiguring input devices, changes=KEYBOARD_LAYOUTS | 
02-13 09:45:51.280 26302 26302 I GoogleInputMethodService: GoogleInputMethodService.onFinishInput():2113 
02-13 09:45:51.280  1738  1822 E ActivityManager: Sending non-protected broadcast com.verizon.provider.PACKAGE_REMOVED from system uid 1000 pkg null
02-13 09:45:51.280  1738  1822 E ActivityManager: java.lang.Throwable
02-13 09:45:51.280  1738  1822 E ActivityManager: 	at com.android.server.am.ActivityManagerService.checkBroadcastFromSystem(ActivityManagerService.java:12940)
02-13 09:45:51.280  1738  1822 E ActivityManager: 	at com.android.server.am.ActivityManagerService.broadcastIntentLocked(ActivityManagerService.java:13633)
02-13 09:45:51.280  1738  1822 E ActivityManager: 	at com.android.server.am.ActivityManagerService$LocalService.broadcastIntent(ActivityManagerService.java:16067)
02-13 09:45:51.280  1738  1822 E ActivityManager: 	at com.android.server.pm.PackageManagerService.doSendBroadcast(PackageManagerService.java:15773)
02-13 09:45:51.280  1738  1822 E ActivityManager: 	at com.android.server.pm.PackageManagerService.lambda$sendPackageBroadcast$41$PackageManagerService(PackageManagerService.java:15653)
02-13 09:45:51.280  1738  1822 E ActivityManager: 	at com.android.server.pm.PackageManagerService$$ExternalSyntheticLambda61.run(Unknown Source:22)
02-13 09:45:51.280  1738  1822 E ActivityManager: 	at android.os.Handler.handleCallback(Handler.java:938)
02-13 09:45:51.280  1738  1822 E ActivityManager: 	at android.os.Handler.dispatchMessage(Handler.java:99)
02-13 09:45:51.280  1738  1822 E ActivityManager: 	at android.os.Looper.loopOnce(Looper.java:201)
02-13 09:45:51.280  1738  1822 E ActivityManager: 	at android.os.Looper.loop(Looper.java:288)
02-13 09:45:51.280  1738  1822 E ActivityManager: 	at android.os.HandlerThread.run(HandlerThread.java:67)
02-13 09:45:51.280  1738  1822 E ActivityManager: 	at com.android.server.ServiceThread.run(ServiceThread.java:44)
02-13 09:45:51.282   542  4965 I OpenGLRenderer: Davey! duration=798410ms; Flags=1, FrameTimelineVsyncId=4038380, IntendedVsync=323881213781125, Vsync=323881213781125, InputEventId=1569329344, HandleInputStart=323881214180192, AnimationStart=323881214181390, PerformTraversalsStart=323881214181650, DrawStart=323881231585348, FrameDeadline=323881233781125, FrameInterval=323881214164411, FrameStartTime=8333333, SyncQueued=323881235613108, SyncStart=323881235768265, IssueDrawCommandsStart=323881236221181, SwapBuffers=323881240425869, FrameCompleted=324679624330356, DequeueBufferDuration=3744896, QueueBufferDuration=757969, GpuCompleted=324679624330356, SwapBuffersCompleted=323881241566911, DisplayPresentTime=0, 
02-13 09:45:51.285  1738  1738 D CompatibilityChangeReporter: Compat change id reported: 168419799; UID 1000; state: DISABLED
02-13 09:45:51.285  1738  1738 D CompatibilityInfo: mCompatibilityFlags - 0
02-13 09:45:51.285  1738  1738 D CompatibilityInfo: applicationDensity - 360
02-13 09:45:51.285  1738  1738 D CompatibilityInfo: applicationScale - 1.0
02-13 09:45:51.287  1738  1800 I DropBoxManagerService: add tag=system_server_wtf isTagEnabled=true flags=0x2
02-13 09:45:51.287  1738  2883 D CompatibilityInfo: mCompatibilityFlags - 0
02-13 09:45:51.287  1738  2883 D CompatibilityInfo: applicationDensity - 360
02-13 09:45:51.287  1738  2883 D CompatibilityInfo: applicationScale - 1.0
02-13 09:45:51.289  1738  1738 W WifiService: Couldn't get PackageInfo for package:com.glyph.launcher
02-13 09:45:51.290  1738  1738 D WifiService: Remove settings for package:com.glyph.launcher
02-13 09:45:51.291  1738  1738 I GameManagerService: Disabling downscale for com.glyph.launcher
02-13 09:45:51.292  1738  2276 D WifiConfigManager: Remove all networks for app ApplicationInfo{952e8c8 com.glyph.launcher}
02-13 09:45:51.292 24293 24293 I Finsky:background: [2] Package no longer installed: com.glyph.launcher
02-13 09:45:51.294   542   567 I iahome.launche: Background concurrent copying GC freed 36462(1662KB) AllocSpace objects, 30(744KB) LOS objects, 80% free, 5896KB/29MB, paused 85us,46us total 101.017ms
02-13 09:45:51.294 17710 17710 I Finsky  : [2] ahpu - Received: android.intent.action.PACKAGE_REMOVED, [M1xpuyqm4c4CtZSm1qWw2pguPMIH3F9_dRNprRe1Mkk]
02-13 09:45:51.299  1738  2423 W InputManager-JNI: Input channel object 'bed9342 com.google.android.packageinstaller/com.android.packageinstaller.UninstallUninstalling (client)' was disposed without first being removed with the input manager!
02-13 09:45:51.302 24206 28472 D ApplicationPackageManager: --hasSystemFeature--,feature name is:android.software.leanback
02-13 09:45:51.302 24206 28472 D ApplicationPackageManager: --hasSystemFeature--,PackageName  is:com.google.android.permissioncontroller
02-13 09:45:51.302 24206 28472 D ApplicationPackageManager: --hasSystemFeature--,pco = 9
02-13 09:45:51.303 24206 28472 D TelephonyManager: isSmsCapable pkgName=com.google.android.permissioncontroller
02-13 09:45:51.307  1738  2423 W ActivityTaskManager: Finishing task with all activities already finished
02-13 09:45:51.307  1738  2423 W ActivityTaskManager: Duplicate finish request for r=ActivityRecord{3796025 u0 com.android.settings/.applications.InstalledAppDetails t555 f}}
02-13 09:45:51.309 26302 26302 I Module  : DeviceLockedStatusModuleProvider$Module.updateDeviceLockedStatus():103 repeatCheckTimes = 0, locked = false
02-13 09:45:51.309 26302 26302 W NotificationCenter: NotificationCenter$NotificationQueue.notifyPendingNotificationsOnExecutor():877 Heavy notify work detected on UI thread: [mul->mte, mul->kpu, mul->mfg, mul->kpu, mul->kpu, mul->kpu, mul->god, mul->lxh, mul->kpu, mul->hmz, mul->kpu, mul->kpu, mul->kpu, mul->kpu, mul->mtn, mul->kpu, mul->krx, mul->kpu, mul->kpu, mul->kpu, mul->oyp, mul->nfh, mul->kpu, mul->glg] takes 29ms
02-13 09:45:51.310 26302 26302 I GoogleInputMethodService: GoogleInputMethodService.onStartInput():1384 onStartInput(EditorInfo{EditorInfo{packageName=com.android.launcher3, inputType=0, inputTypeString=NULL, enableLearning=false, autoCorrection=false, autoComplete=false, imeOptions=0, privateImeOptions=null, actionName=UNSPECIFIED, actionLabel=null, initialSelStart=-1, initialSelEnd=-1, initialCapsMode=0, label=null, fieldId=2131296359, fieldName=null, extras=null, hintText=null, hintLocales=[]}}, false)
02-13 09:45:51.310  1738  2276 D WifiConfigStore: Writing to stores completed in 3 ms.
02-13 09:45:51.310  1738  2276 I PasspointManager: No app ops listener found for com.glyph.launcher
02-13 09:45:51.311 26302 26302 I Module  : DeviceLockedStatusModuleProvider$Module.updateDeviceLockedStatus():103 repeatCheckTimes = 1, locked = false
02-13 09:45:51.312  1738  3807 D CompatibilityInfo: mCompatibilityFlags - 0
02-13 09:45:51.312  1738  3807 D CompatibilityInfo: applicationDensity - 360
02-13 09:45:51.312  1738  3807 D CompatibilityInfo: applicationScale - 1.0
02-13 09:45:51.314 24206 28472 W Role    : Cannot get ApplicationInfo for default holder: com.google.android.apps.messaging
02-13 09:45:51.314 24293 24293 I Finsky:background: [2] Package no longer installed: com.glyph.launcher
02-13 09:45:51.314 24206 28472 D ApplicationPackageManager: --hasSystemFeature--,feature name is:android.hardware.type.automotive
02-13 09:45:51.314 24206 28472 D ApplicationPackageManager: --hasSystemFeature--,PackageName  is:com.google.android.permissioncontroller
02-13 09:45:51.314 24206 28472 D ApplicationPackageManager: --hasSystemFeature--,pco = 9
02-13 09:45:51.318 24206 28472 D ApplicationPackageManager: --hasSystemFeature--,feature name is:android.software.leanback
02-13 09:45:51.318 24206 28472 D ApplicationPackageManager: --hasSystemFeature--,PackageName  is:com.google.android.permissioncontroller
02-13 09:45:51.318 24206 28472 D ApplicationPackageManager: --hasSystemFeature--,pco = 9
02-13 09:45:51.318  1738  1738 I ConditionProviders: Disallowing condition provider com.glyph.launcher (userSet: true)
02-13 09:45:51.322  1738  1861 I RollbackManager: broadcast=ACTION_PACKAGE_FULLY_REMOVED pkg=com.glyph.launcher
02-13 09:45:51.322  1738  1800 D CompatibilityInfo: mCompatibilityFlags - 0
02-13 09:45:51.322  1738  1800 D CompatibilityInfo: applicationDensity - 360
02-13 09:45:51.322  1738  1800 D CompatibilityInfo: applicationScale - 1.0
02-13 09:45:51.323 24293 28550 I Finsky:background: [10716] Frosting DB delete succeeded: true
02-13 09:45:51.324 24293 28550 I Finsky:background: [10716] Frosting DB delete succeeded: false
02-13 09:45:51.327  1738  3807 D CompatibilityInfo: mCompatibilityFlags - 0
02-13 09:45:51.327  1738  3807 D CompatibilityInfo: applicationDensity - 360
02-13 09:45:51.327  1738  3807 D CompatibilityInfo: applicationScale - 1.0
02-13 09:45:51.328  1738  1738 D ApplicationPackageManager: --hasSystemFeature--,feature name is:android.hardware.type.watch
02-13 09:45:51.328  1738  1738 D ApplicationPackageManager: --hasSystemFeature--,PackageName  is:android
02-13 09:45:51.328  1738  1738 D ApplicationPackageManager: --hasSystemFeature--,pco = 9
02-13 09:45:51.330  1115  3417 D AF::TrackHandle: OpPlayAudio: track:61 usage:13 not muted
02-13 09:45:51.330  1115  3417 D AF::TrackHandle: OpPlayAudio: track:61 usage:13 not muted
02-13 09:45:51.330  1115  3417 D AF::TrackHandle: OpPlayAudio: track:61 usage:13 not muted
02-13 09:45:51.330  1115  1115 D AF::TrackHandle: OpPlayAudio: track:55 usage:13 not muted
02-13 09:45:51.330  1115  3417 D AF::TrackHandle: OpPlayAudio: track:61 usage:13 not muted
02-13 09:45:51.330  1115 14222 D AF::TrackHandle: OpPlayAudio: track:320 usage:13 not muted
02-13 09:45:51.330  1115  3417 D AF::TrackHandle: OpPlayAudio: track:61 usage:13 not muted
02-13 09:45:51.330  1115  3417 D AF::TrackHandle: OpPlayAudio: track:61 usage:13 not muted
02-13 09:45:51.330  1115 14222 D AF::TrackHandle: OpPlayAudio: track:320 usage:13 not muted
02-13 09:45:51.330  1115  1115 D AF::TrackHandle: OpPlayAudio: track:55 usage:13 not muted
02-13 09:45:51.330  1115  2759 D AF::TrackHandle: OpPlayAudio: track:61 usage:13 not muted
02-13 09:45:51.330  1115  1115 D AF::TrackHandle: OpPlayAudio: track:55 usage:13 not muted
02-13 09:45:51.331  1115 14222 D AF::TrackHandle: OpPlayAudio: track:320 usage:13 not muted
02-13 09:45:51.331  1115  1115 D AF::TrackHandle: OpPlayAudio: track:55 usage:13 not muted
02-13 09:45:51.331  1115 14222 D AF::TrackHandle: OpPlayAudio: track:320 usage:13 not muted
02-13 09:45:51.331  1115  7187 D AF::TrackHandle: OpPlayAudio: track:373 usage:13 not muted
02-13 09:45:51.331  1115 14222 D AF::TrackHandle: OpPlayAudio: track:320 usage:13 not muted
02-13 09:45:51.332  1115 19683 D AF::TrackHandle: OpPlayAudio: track:62 usage:13 not muted
02-13 09:45:51.332  1115 14222 D AF::TrackHandle: OpPlayAudio: track:320 usage:13 not muted
02-13 09:45:51.332  1115 19683 D AF::TrackHandle: OpPlayAudio: track:62 usage:13 not muted
02-13 09:45:51.332  1115 19683 D AF::TrackHandle: OpPlayAudio: track:62 usage:13 not muted
02-13 09:45:51.332  1115 14222 D AF::TrackHandle: OpPlayAudio: track:320 usage:13 not muted
02-13 09:45:51.332  1115  7187 D AF::TrackHandle: OpPlayAudio: track:373 usage:13 not muted
02-13 09:45:51.332  1115 19683 D AF::TrackHandle: OpPlayAudio: track:62 usage:13 not muted
02-13 09:45:51.332  1115 14213 D AF::TrackHandle: OpPlayAudio: track:320 usage:13 not muted
02-13 09:45:51.332  1115 19683 D AF::TrackHandle: OpPlayAudio: track:62 usage:13 not muted
02-13 09:45:51.332  1115  7187 D AF::TrackHandle: OpPlayAudio: track:373 usage:13 not muted
02-13 09:45:51.332  1115  1115 D AF::TrackHandle: OpPlayAudio: track:55 usage:13 not muted
02-13 09:45:51.333  1115 14213 D AF::TrackHandle: OpPlayAudio: track:320 usage:13 not muted
02-13 09:45:51.333  1115 14213 D AF::TrackHandle: OpPlayAudio: track:320 usage:13 not muted
02-13 09:45:51.333  1115  1115 D AF::TrackHandle: OpPlayAudio: track:55 usage:13 not muted
02-13 09:45:51.333  1115  1115 D AF::TrackHandle: OpPlayAudio: track:55 usage:13 not muted
02-13 09:45:51.333  1115  7187 D AF::TrackHandle: OpPlayAudio: track:373 usage:13 not muted
02-13 09:45:51.333  1115  1115 D AF::TrackHandle: OpPlayAudio: track:55 usage:13 not muted
02-13 09:45:51.333  1115  7187 D AF::TrackHandle: OpPlayAudio: track:373 usage:13 not muted
02-13 09:45:51.333  1115 14222 D AF::TrackHandle: OpPlayAudio: track:373 usage:13 not muted
02-13 09:45:51.333  1115  2759 D AF::TrackHandle: OpPlayAudio: track:61 usage:13 not muted
02-13 09:45:51.333  1115  1115 D AF::TrackHandle: OpPlayAudio: track:55 usage:13 not muted
02-13 09:45:51.333  1115  2759 D AF::TrackHandle: OpPlayAudio: track:61 usage:13 not muted
02-13 09:45:51.333  1115  2759 D AF::TrackHandle: OpPlayAudio: track:61 usage:13 not muted
02-13 09:45:51.333  1115  1115 D AF::TrackHandle: OpPlayAudio: track:55 usage:13 not muted
02-13 09:45:51.333  1115  2759 D AF::TrackHandle: OpPlayAudio: track:61 usage:13 not muted
02-13 09:45:51.333  1115 14213 D AF::TrackHandle: OpPlayAudio: track:320 usage:13 not muted
02-13 09:45:51.333  1115 19683 D AF::TrackHandle: OpPlayAudio: track:62 usage:13 not muted
02-13 09:45:51.334  1115  2759 D AF::TrackHandle: OpPlayAudio: track:61 usage:13 not muted
02-13 09:45:51.334  1115  1546 D AF::TrackHandle: OpPlayAudio: track:62 usage:13 not muted
02-13 09:45:51.334  1115  2759 D AF::TrackHandle: OpPlayAudio: track:61 usage:13 not muted
02-13 09:45:51.334  1115  1546 D AF::TrackHandle: OpPlayAudio: track:62 usage:13 not muted
02-13 09:45:51.334  1115  1546 D AF::TrackHandle: OpPlayAudio: track:62 usage:13 not muted
02-13 09:45:51.334  1115  2759 D AF::TrackHandle: OpPlayAudio: track:61 usage:13 not muted
02-13 09:45:51.334  1115 14213 D AF::TrackHandle: OpPlayAudio: track:320 usage:13 not muted
02-13 09:45:51.334  1115  2759 D AF::TrackHandle: OpPlayAudio: track:61 usage:13 not muted
02-13 09:45:51.334  1115 14213 D AF::TrackHandle: OpPlayAudio: track:320 usage:13 not muted
02-13 09:45:51.334  1115 14213 D AF::TrackHandle: OpPlayAudio: track:320 usage:13 not muted
02-13 09:45:51.334  1115  1115 D AF::TrackHandle: OpPlayAudio: track:55 usage:13 not muted
02-13 09:45:51.334  1115  1546 D AF::TrackHandle: OpPlayAudio: track:62 usage:13 not muted
02-13 09:45:51.334  1115 19683 D AF::TrackHandle: OpPlayAudio: track:61 usage:13 not muted
02-13 09:45:51.334  1115 14222 D AF::TrackHandle: OpPlayAudio: track:373 usage:13 not muted
02-13 09:45:51.334  1115 14213 D AF::TrackHandle: OpPlayAudio: track:320 usage:13 not muted
02-13 09:45:51.334  1115  2759 D AF::TrackHandle: OpPlayAudio: track:62 usage:13 not muted
02-13 09:45:51.334  1115 14213 D AF::TrackHandle: OpPlayAudio: track:320 usage:13 not muted
02-13 09:45:51.334  1738  1738 W WifiService: Couldn't get PackageInfo for package:com.glyph.launcher
02-13 09:45:51.334  1738  1738 D WifiService: Remove settings for package:com.glyph.launcher
02-13 09:45:51.334  1115 14222 D AF::TrackHandle: OpPlayAudio: track:373 usage:13 not muted
02-13 09:45:51.334  1738  2276 D WifiConfigManager: Remove all networks for app ApplicationInfo{17477a4 com.glyph.launcher}
02-13 09:45:51.334  1115 14213 D AF::TrackHandle: OpPlayAudio: track:62 usage:13 not muted
02-13 09:45:51.335  1115 14222 D AF::TrackHandle: OpPlayAudio: track:373 usage:13 not muted
02-13 09:45:51.335  1115 14213 D AF::TrackHandle: OpPlayAudio: track:62 usage:13 not muted
02-13 09:45:51.335  1115 14222 D AF::TrackHandle: OpPlayAudio: track:373 usage:13 not muted
02-13 09:45:51.335  1115 14213 D AF::TrackHandle: OpPlayAudio: track:62 usage:13 not muted
02-13 09:45:51.335  1115 14222 D AF::TrackHandle: OpPlayAudio: track:373 usage:13 not muted
02-13 09:45:51.335  1115 14213 D AF::TrackHandle: OpPlayAudio: track:62 usage:13 not muted
02-13 09:45:51.335  1115 14222 D AF::TrackHandle: OpPlayAudio: track:373 usage:13 not muted
02-13 09:45:51.335  1115 14213 D AF::TrackHandle: OpPlayAudio: track:62 usage:13 not muted
02-13 09:45:51.335  1115 14222 D AF::TrackHandle: OpPlayAudio: track:373 usage:13 not muted
02-13 09:45:51.335  1115 14222 D AF::TrackHandle: OpPlayAudio: track:373 usage:13 not muted
02-13 09:45:51.335  1115 14222 D AF::TrackHandle: OpPlayAudio: track:373 usage:13 not muted
02-13 09:45:51.335  1115 14222 D AF::TrackHandle: OpPlayAudio: track:373 usage:13 not muted
02-13 09:45:51.335  1115  1115 D AF::TrackHandle: OpPlayAudio: track:55 usage:13 not muted
02-13 09:45:51.335  1115  1115 D AF::TrackHandle: OpPlayAudio: track:55 usage:13 not muted
02-13 09:45:51.335  1115  1115 D AF::TrackHandle: OpPlayAudio: track:55 usage:13 not muted
02-13 09:45:51.336  1115  1115 D AF::TrackHandle: OpPlayAudio: track:55 usage:13 not muted
02-13 09:45:51.336  1115  1115 D AF::TrackHandle: OpPlayAudio: track:55 usage:13 not muted
02-13 09:45:51.339  1738  2276 D WifiConfigStore: Writing to stores completed in 4 ms.
02-13 09:45:51.339  1738  2276 I PasspointManager: No app ops listener found for com.glyph.launcher
02-13 09:45:51.344 20687 28568 I Fitness : (REDACTED) FitCleanupIntentOperation received Intent %s
02-13 09:45:51.345 24293 24323 I Finsky:background: [10672] IQ:PSL: skipping onPackageRemoved(replacing=false) for untracked package=com.glyph.launcher
02-13 09:45:51.356 17710 17710 I Finsky  : [2] AIM: AppInfoCacheUpdater -> invalidating apps: [com.glyph.launcher]
02-13 09:45:51.361 17710 17710 I Finsky  : [2] AIM: AppInfoManager-Perf > getApps > called for 1 apps
02-13 09:45:51.367 17710 17756 I Finsky  : [10558] AIM: AppInfoManager-Perf > OnDeviceAppInfo > cacheHitCount=0, cacheMissCount=1. Missed  in cache (limit 10) : [com.glyph.launcher]
02-13 09:45:51.369 24206 28472 W Role    : Cannot get ApplicationInfo for default holder: com.google.android.projection.gearhead
02-13 09:45:51.372 17710 17748 I Finsky  : [10550] AIM: Got app ownership map. App counts: . Unique apps: 0
02-13 09:45:51.372 17710 17748 E Finsky  : [10550] [Counters] attempted to use a non-positive increment for: 4752
02-13 09:45:51.375 24206 28472 D ApplicationPackageManager: --hasSystemFeature--,feature name is:android.hardware.type.automotive
02-13 09:45:51.375 24206 28472 D ApplicationPackageManager: --hasSystemFeature--,PackageName  is:com.google.android.permissioncontroller
02-13 09:45:51.375 24206 28472 D ApplicationPackageManager: --hasSystemFeature--,pco = 9
02-13 09:45:51.379  1039  1039 W /vendor/bin/hw/vendor.qti.hardware.perf@2.2-service: type=1400 audit(0.0:148713): avc: denied { search } for comm=41646170744C61756E636820566D name="1793" dev="proc" ino=19092604 scontext=u:r:vendor_hal_perf_default:s0 tcontext=u:r:system_server:s0 tclass=dir permissive=0
02-13 09:45:51.379  1039  1039 W /vendor/bin/hw/vendor.qti.hardware.perf@2.2-service: type=1400 audit(0.0:148714): avc: denied { search } for comm=41646170744C61756E636820566D name="1794" dev="proc" ino=19092605 scontext=u:r:vendor_hal_perf_default:s0 tcontext=u:r:system_server:s0 tclass=dir permissive=0
02-13 09:45:51.379  1039  1039 W /vendor/bin/hw/vendor.qti.hardware.perf@2.2-service: type=1400 audit(0.0:148715): avc: denied { search } for comm=41646170744C61756E636820566D name="1795" dev="proc" ino=19092606 scontext=u:r:vendor_hal_perf_default:s0 tcontext=u:r:system_server:s0 tclass=dir permissive=0
02-13 09:45:51.379  1039  1039 W /vendor/bin/hw/vendor.qti.hardware.perf@2.2-service: type=1400 audit(0.0:148716): avc: denied { search } for comm=41646170744C61756E636820566D name="1880" dev="proc" ino=19092607 scontext=u:r:vendor_hal_perf_default:s0 tcontext=u:r:system_server:s0 tclass=dir permissive=0
02-13 09:45:51.379  1039  1039 W /vendor/bin/hw/vendor.qti.hardware.perf@2.2-service: type=1400 audit(0.0:148717): avc: denied { search } for comm=41646170744C61756E636820566D name="3212" dev="proc" ino=19092608 scontext=u:r:vendor_hal_perf_default:s0 tcontext=u:r:system_server:s0 tclass=dir permissive=0
02-13 09:45:51.383  1738  6973 D CompatibilityInfo: mCompatibilityFlags - 0
02-13 09:45:51.383  1738  6973 D CompatibilityInfo: applicationDensity - 360
02-13 09:45:51.383  1738  6973 D CompatibilityInfo: applicationScale - 1.0
02-13 09:45:51.420 17710 17755 I Finsky  : [10557] AIM: AppInfoManager-Perf > ItemModel > CacheSize=46, cacheHitCount=0, cacheMissCount=0, total appsWithNoServerDataCount=0. Missed  in cache (limit 10) : []
02-13 09:45:51.456 19966 28583 I Blockstore: (REDACTED) [DataStoreImpl] Clearing all the restore credential for %s packages
02-13 09:45:51.459  1738  6973 D CompatibilityInfo: mCompatibilityFlags - 0
02-13 09:45:51.459  1738  6973 D CompatibilityInfo: applicationDensity - 360
02-13 09:45:51.459  1738  6973 D CompatibilityInfo: applicationScale - 1.0
02-13 09:45:51.478  1738  3807 D CompatibilityInfo: mCompatibilityFlags - 0
02-13 09:45:51.478  1738  3807 D CompatibilityInfo: applicationDensity - 360
02-13 09:45:51.478  1738  3807 D CompatibilityInfo: applicationScale - 1.0
02-13 09:45:51.504 19966 20087 I Icing   : doRemovePackageData com.glyph.launcher
02-13 09:45:51.507 19966 28597 W RWIPackageIntentOps: Registries cleared for package: com.glyph.launcher
02-13 09:45:51.510  1738  1738 D ApplicationPackageManager: --hasSystemFeature--,feature name is:android.hardware.fingerprint
02-13 09:45:51.510  1738  1738 D ApplicationPackageManager: --hasSystemFeature--,PackageName  is:android
02-13 09:45:51.510  1738  1738 D ApplicationPackageManager: --hasSystemFeature--,pco = 9
02-13 09:45:51.570 19966 28598 D ApplicationPackageManager: --hasSystemFeature--,feature name is:com.google.android.feature.services_updater
02-13 09:45:51.570 19966 28598 D ApplicationPackageManager: --hasSystemFeature--,PackageName  is:com.google.android.gms
02-13 09:45:51.570 19966 28598 D ApplicationPackageManager: --hasSystemFeature--,pco = 9
02-13 09:45:51.571 19966 28578 W SQLiteLog: (28) double-quoted string literal: "com.glyph.launcher"
02-13 09:45:51.573  1738  2883 D CompatibilityInfo: mCompatibilityFlags - 0
02-13 09:45:51.573  1738  2883 D CompatibilityInfo: applicationDensity - 360
02-13 09:45:51.573  1738  2883 D CompatibilityInfo: applicationScale - 1.0
02-13 09:45:51.582  1738  6973 D CompatibilityInfo: mCompatibilityFlags - 0
02-13 09:45:51.582  1738  6973 D CompatibilityInfo: applicationDensity - 360
02-13 09:45:51.582  1738  6973 D CompatibilityInfo: applicationScale - 1.0
02-13 09:45:51.582 17710 17710 I Finsky  : [2] Clearing split related stale data.
02-13 09:45:51.598  1738  6973 D CompatibilityInfo: mCompatibilityFlags - 0
02-13 09:45:51.598  1738  6973 D CompatibilityInfo: applicationDensity - 360
02-13 09:45:51.598  1738  6973 D CompatibilityInfo: applicationScale - 1.0
02-13 09:45:51.599  1738  1799 I CompanionDeviceManagerService: Writing associations to disk: []
02-13 09:45:51.601 19966 19966 D BoundBrokerSvc: onBind: Intent { act=com.google.android.gms.feedback.internal.IFeedbackService dat=chimera-action: cmp=com.google.android.gms/.chimera.GmsBoundBrokerService }
02-13 09:45:51.601 19966 19966 D BoundBrokerSvc: Loading bound service for intent: Intent { act=com.google.android.gms.feedback.internal.IFeedbackService dat=chimera-action: cmp=com.google.android.gms/.chimera.GmsBoundBrokerService }
02-13 09:45:51.604  1738  1799 D CompatibilityInfo: mCompatibilityFlags - 0
02-13 09:45:51.605  1738  1799 D CompatibilityInfo: applicationDensity - 360
02-13 09:45:51.605  1738  1799 D CompatibilityInfo: applicationScale - 1.0
02-13 09:45:51.610 17710 28607 I Finsky  : [10679] SCH: Received scheduling request: Id: 12-1, Constraints: [{ L: 15000, D: 86400000, C: CHARGING_NONE, I: IDLE_NONE, N: NET_ANY, B: BATTERY_ANY }]
02-13 09:45:51.611   614   614 D lowmemorykiller: medium pressure event triggered
02-13 09:45:51.614   614   614 E libprocessgroup: set_timerslack_ns write failed: No such process
02-13 09:45:51.615   614   614 I lowmemorykiller: Kill 'com.epicgames.portal' (18852), uid 10066, oom_score_adj 975 to free 49332kB rss, 49004kB swap; reason: device is in compaction and low on memory
02-13 09:45:51.617 17710 17710 I Finsky  : [2] Do not start WearSupportService due to Wear service optimization
02-13 09:45:51.634 19966 20079 W Blockstore: [DataStoreImpl] Does not contain gms package key space. [CONTEXT service_id=258 ]
02-13 09:45:51.636 19966 28583 I Blockstore: (REDACTED) [PackageIntentOperation] Deleted restore credential for package %s is successful: %s
02-13 09:45:51.639 19966 28583 I Blockstore: (REDACTED) [DataStoreImpl] Setting IsLastInstallationDataPerPackage bit to %s for package %s
02-13 09:45:51.641   863   863 I Zygote  : Process 18852 exited due to signal 9 (Killed)
02-13 09:45:51.641  1738  2883 I ActivityManager: Process com.epicgames.portal (pid 18852) has died: cch+75 CEM 
02-13 09:45:51.643  1738  1802 I libprocessgroup: Successfully killed process cgroup uid 10066 pid 18852 in 0ms
02-13 09:45:51.659 24293 24293 I Finsky:background: [2] Memory trim requested to level 60
02-13 09:45:51.667 17710 28610 I Finsky  : [10681] Asset module storage cleared for package com.glyph.launcher.
02-13 09:45:51.665 26302 26302 I AppBase : AppBase.onTrimMemory():287 onTrimMemory(): 5
02-13 09:45:51.669 26302 26302 I KeyboardDefCache: MemoryFileCache$1.onTrimMemory():124 clearMemory() for trim memory: 5
02-13 09:45:51.669 26302 26302 I KeyboardDefCache: MemoryFileCache.clearMemory():408 evictAll()
02-13 09:45:51.670 26302 26302 I GoogleInputMethodService: GoogleInputMethodService.onTrimMemory():2852 onTrimMemory(): 5
02-13 09:45:51.681  1738  2883 D CompatibilityInfo: mCompatibilityFlags - 0
02-13 09:45:51.681  1738  2883 D CompatibilityInfo: applicationDensity - 360
02-13 09:45:51.681  1738  2883 D CompatibilityInfo: applicationScale - 1.0
02-13 09:45:51.686 19966 23644 I Icing   : IndexChimeraService.getServiceInterface callingPackage=com.google.android.gms componentName=AppsCorpus serviceId=36
02-13 09:45:51.722 31533 31533 D Launcher.Model: package removed received com.glyph.launcher
02-13 09:45:51.723 19966 23704 I Icing   : IndexChimeraService.getServiceInterface callingPackage=com.google.android.gms componentName=null serviceId=30
02-13 09:45:51.723 31533 31558 D PackageUpdatedTask: Removing app iconcom.glyph.launcher
02-13 09:45:51.724  1738  2599 I ActivityNotifier: binding to Dynamic DDS service
02-13 09:45:51.724  1738  2599 W ContextImpl: Calling a method in the system process without a qualified user: android.app.ContextImpl.bindService:1896 android.content.ContextWrapper.bindService:812 com.qualcomm.qti.activityextension.ActivityNotifier.bindToDynamicDDSService:103 com.qualcomm.qti.activityextension.ActivityNotifier.handleSendActivitySuspendNotification:154 com.qualcomm.qti.activityextension.ActivityNotifier.access$400:26 
02-13 09:45:51.724  1738  2599 W ActivityManager: Unable to start service Intent { cmp=com.qualcomm.qti.dynamicddsservice/.DynamicDDSService } U=0: not found
02-13 09:45:51.724  1738  2599 E ActivityNotifier: bindService failed
02-13 09:45:51.730 31533 31558 D ModelWriter: removing items from db 
02-13 09:45:51.730 31533 31558 D ModelWriter: java.lang.Exception
02-13 09:45:51.730 31533 31558 D ModelWriter: 	at com.android.launcher3.model.ModelWriter.deleteItemsFromDatabase(ModelWriter.java:582)
02-13 09:45:51.730 31533 31558 D ModelWriter: 	at com.android.launcher3.model.ModelWriter.deleteItemsFromDatabase(ModelWriter.java:570)
02-13 09:45:51.730 31533 31558 D ModelWriter: 	at com.android.launcher3.model.BaseModelUpdateTask.deleteAndBindComponentsRemoved(BaseModelUpdateTask.java:132)
02-13 09:45:51.730 31533 31558 D ModelWriter: 	at com.android.launcher3.model.PackageUpdatedTask.execute(PackageUpdatedTask.java:346)
02-13 09:45:51.730 31533 31558 D ModelWriter: 	at com.android.launcher3.model.BaseModelUpdateTask.run(BaseModelUpdateTask.java:72)
02-13 09:45:51.730 31533 31558 D ModelWriter: 	at android.os.Handler.handleCallback(Handler.java:938)
02-13 09:45:51.730 31533 31558 D ModelWriter: 	at android.os.Handler.dispatchMessage(Handler.java:99)
02-13 09:45:51.730 31533 31558 D ModelWriter: 	at android.os.Looper.loopOnce(Looper.java:201)
02-13 09:45:51.730 31533 31558 D ModelWriter: 	at android.os.Looper.loop(Looper.java:288)
02-13 09:45:51.730 31533 31558 D ModelWriter: 	at android.os.HandlerThread.run(HandlerThread.java:67)
02-13 09:45:51.732 19966 20087 I Icing   : Usage reports ok 3, Failed Usage reports 0, indexed 0, rejected 0
02-13 09:45:51.736 19966 20087 I Icing   : Usage reports ok 0, Failed Usage reports 0, indexed 0, rejected 0
02-13 09:45:51.737 19966 20087 I Icing   : Indexing com.google.android.gms-apps from com.google.android.gms
02-13 09:45:51.738   685   685 E keystore2: keystore2::metrics_store: In pull_attestation_pool_stats: Failed to retrieve pool status for security level: SecurityLevel(2)
02-13 09:45:51.743 19966 20087 I Icing   : Indexing done com.google.android.gms-apps
02-13 09:45:51.749 17710 17710 D ApplicationPackageManager: --hasSystemFeature--,feature name is:android.hardware.type.watch
02-13 09:45:51.749 17710 17710 D ApplicationPackageManager: --hasSystemFeature--,PackageName  is:com.android.vending
02-13 09:45:51.749 17710 17710 D ApplicationPackageManager: --hasSystemFeature--,pco = 9
02-13 09:45:51.751 17710 17710 I Finsky  : [2] ahpu - Received: android.intent.action.PACKAGE_FULLY_REMOVED, [M1xpuyqm4c4CtZSm1qWw2pguPMIH3F9_dRNprRe1Mkk]
02-13 09:45:51.752 17710 17710 I Finsky  : [2] ahpu - Deduping intent android.intent.action.PACKAGE_FULLY_REMOVED
02-13 09:45:51.752 17710 17734 I Finsky  : [10536] RECEIVER_PACKAGE_MONITOR#logWorkEndAndFinishGoAsync: SUCCESS
02-13 09:45:51.753 17710 17710 W Finsky  : [2] STU: Failed to get storage stats for package 'com.glyph.launcher' (1601: Error getting stats: android.content.pm.PackageManager.NameNotFoundException)
02-13 09:45:51.754 17710 17756 I Finsky  : [10558] AIM: AppInfoManager-Perf > getApps > data collection finished
02-13 09:45:51.754  1738  2883 D CompatibilityInfo: mCompatibilityFlags - 0
02-13 09:45:51.754  1738  2883 D CompatibilityInfo: applicationDensity - 360
02-13 09:45:51.754  1738  2883 D CompatibilityInfo: applicationScale - 1.0
02-13 09:45:51.754 17710 17756 I Finsky  : [10558] AIM: AppInfoManager-Perf > maybeDestroyAppInfoManager is called. actives = 0
02-13 09:45:51.756 24293 24293 D ApplicationPackageManager: --hasSystemFeature--,feature name is:android.hardware.type.watch
02-13 09:45:51.756 24293 24293 D ApplicationPackageManager: --hasSystemFeature--,PackageName  is:com.android.vending
02-13 09:45:51.756 24293 24293 D ApplicationPackageManager: --hasSystemFeature--,pco = 9
02-13 09:45:51.757 24293 24293 I Finsky:background: [2] ahpk - Received: android.intent.action.PACKAGE_FULLY_REMOVED, [M1xpuyqm4c4CtZSm1qWw2pguPMIH3F9_dRNprRe1Mkk]
02-13 09:45:51.757 24293 24293 I Finsky:background: [2] Package no longer installed: com.glyph.launcher
02-13 09:45:51.758 24293 24293 I Finsky:background: [2] ahpk - Deduping intent android.intent.action.PACKAGE_FULLY_REMOVED
02-13 09:45:51.759 24293 24326 I Finsky:background: [10675] RECEIVER_PACKAGE_MONITOR_BACKGROUND#logWorkEndAndFinishGoAsync: SUCCESS
02-13 09:45:51.761 24293 28550 I Finsky:background: [10716] Frosting DB delete succeeded: false
02-13 09:45:51.762 17710 17710 I Finsky  : [2] Memory trim requested to level 5
02-13 09:45:51.763 17710 17710 I Finsky  : [2] Memory trim requested to level 40
02-13 09:45:51.763 17710 17710 I Finsky  : [2] Flushing in-memory image cache
02-13 09:45:51.764  1738  2949 D CompatibilityInfo: mCompatibilityFlags - 0
02-13 09:45:51.764  1738  2949 D CompatibilityInfo: applicationDensity - 360
02-13 09:45:51.764  1738  2949 D CompatibilityInfo: applicationScale - 1.0
02-13 09:45:51.768 24293 24293 D ApplicationPackageManager: --hasSystemFeature--,feature name is:android.hardware.type.watch
02-13 09:45:51.768 24293 24293 D ApplicationPackageManager: --hasSystemFeature--,PackageName  is:com.android.vending
02-13 09:45:51.769 24293 24293 D ApplicationPackageManager: --hasSystemFeature--,pco = 9
02-13 09:45:51.770  1738  2949 D ApplicationPackageManager: --hasSystemFeature--,feature name is:android.hardware.wifi.rtt
02-13 09:45:51.770  1738  2949 D ApplicationPackageManager: --hasSystemFeature--,PackageName  is:android
02-13 09:45:51.770  1738  2949 D ApplicationPackageManager: --hasSystemFeature--,pco = 9
02-13 09:45:51.795   861 11806 W statsd  : StatsPullerManager: Unknown tagId 10193
02-13 09:45:51.796   861 11806 E statsd  : Gauge Stats puller failed for tag: 10193 at 506231903632162
02-13 09:45:51.796   861 11806 W statsd  : StatsPullerManager: Unknown tagId 10205
02-13 09:45:51.796   861 11806 E statsd  : Gauge Stats puller failed for tag: 10205 at 506231903632162
02-13 09:45:51.798   861 11806 W statsd  : StatsPullerManager: Unknown tagId 10194
02-13 09:45:51.798   861 11806 E statsd  : Gauge Stats puller failed for tag: 10194 at 506231903632162
02-13 09:45:51.798   861 11806 W statsd  : StatsPullerManager: Unknown tagId 10190
02-13 09:45:51.798   861 11806 E statsd  : Gauge Stats puller failed for tag: 10190 at 506231903632162
02-13 09:45:51.798   861 11806 W statsd  : StatsPullerManager: Unknown tagId 10195
02-13 09:45:51.798   861 11806 E statsd  : Gauge Stats puller failed for tag: 10195 at 506231903632162
02-13 09:45:51.799  1143  1248 D TimeStats: Cleared global stats
02-13 09:45:51.801  1738  2949 W Settings: Setting notification_bubbles has moved from android.provider.Settings.Global to android.provider.Settings.Secure, returning read-only value.
02-13 09:45:51.825 24293 24336 I Finsky:background: [10685] RECEIVER_ENGAGE_PACKAGE_CHANGED#logWorkEndAndFinishGoAsync: SUCCESS
02-13 09:45:51.829 24293 24293 I Finsky:background: [2] Memory trim requested to level 40
02-13 09:45:51.830  1738  2423 D CompatibilityInfo: mCompatibilityFlags - 0
02-13 09:45:51.830  1738  2423 D CompatibilityInfo: applicationDensity - 360
02-13 09:45:51.830  1738  2423 D CompatibilityInfo: applicationScale - 1.0
02-13 09:45:51.855   986 13431 D audio_hw_primary: out_set_parameters: enter: usecase(1: low-latency-playback) kvpairs: suspend_playback=false
02-13 09:45:51.856   986  7643 W audio_hw_primary: out_write: underrun(3419) frames_by_time(48199) > out->last_fifo_frames_remaining(384)
02-13 09:45:51.868  1738  2423 D CompatibilityInfo: mCompatibilityFlags - 0
02-13 09:45:51.868  1738  2423 D CompatibilityInfo: applicationDensity - 360
02-13 09:45:51.869  1738  2423 D CompatibilityInfo: applicationScale - 1.0
02-13 09:45:51.894   986 13431 D audio_hw_primary: out_set_parameters: enter: usecase(1: low-latency-playback) kvpairs: suspend_playback=true
02-13 09:45:51.914 17710 17745 I Finsky  : [10547] WM::SCH: Logging work initialize for 12-1
02-13 09:45:51.918 17710 17752 I Finsky  : [10554] SCH: Scheduling phonesky job Id: 12-1, CT: 1770972351610, Constraints: [{ L: 15000, D: 86400000, C: CHARGING_NONE, I: IDLE_NONE, N: NET_ANY, B: BATTERY_ANY }]
02-13 09:45:51.923 17710 17755 I Finsky  : [10557] SCH: Scheduling 1 system job(s)
02-13 09:45:51.928 17710 17755 I Finsky  : [10557] SCH: Scheduling system job Id: 9787, L: 14686, D: 61074057, C: false, I: false, N: 1
02-13 09:45:51.934 17710 17746 I Finsky  : [10548] [ContentSync] finished, scheduled=true
02-13 09:45:52.111  1143  1248 W VsyncModulator: setTransactionSchedule: Unexpected EarlyEnd
02-13 09:45:52.166  1738  2423 W InputManager-JNI: Input channel object 'b280b07 com.android.settings/com.android.settings.applications.InstalledAppDetails (client)' was disposed without first being removed with the input manager!
02-13 09:45:52.176  1738  1794 W ActivityTaskManager: Can't find TaskDisplayArea to determine support for multi window. Task id=555 attached=false
02-13 09:45:52.176  1738  1794 W ActivityTaskManager: Can't find TaskDisplayArea to determine support for multi window. Task id=555 attached=false
02-13 09:45:52.197  1039  3737 E ANDR-PERF-LM: VmRssMeter:: start() 447: Could not find pid, can not collect vmrss data
02-13 09:45:52.198  1039  3738 E ANDR-PERF-LM: VmRssMeter:: start() 447: Could not find pid, can not collect vmrss data
02-13 09:45:52.198  1039  3738 E ANDR-PERF-LM: AdaptiveLaunch: writeToDataBase() 64: Meter aborted or could not get meter data for this run
02-13 09:45:52.269  2358  2358 D TileServices: Couldn't find tile for ComponentInfo{com.google.android.apps.wellbeing/com.google.android.apps.wellbeing.focusmode.quicksettings.FocusModeTileService}
02-13 09:45:52.290 19622 19654 I incfs   : Initial API level of the device: 31
02-13 09:45:52.290 19622 19654 I incfs   : ro.incremental.enable: yes
02-13 09:45:52.290 19622 19654 I incfs   : IncFs_Features: v1
02-13 09:45:52.292  1738  2423 D CompatibilityChangeReporter: Compat change id reported: 168419799; UID 10042; state: DISABLED
02-13 09:45:52.292  1738  2423 D CompatibilityInfo: mCompatibilityFlags - 0
02-13 09:45:52.292  1738  2423 D CompatibilityInfo: applicationDensity - 360
02-13 09:45:52.292  1738  2423 D CompatibilityInfo: applicationScale - 1.0
02-13 09:45:52.302  1738  2949 D CompatibilityInfo: mCompatibilityFlags - 0
02-13 09:45:52.302  1738  2949 D CompatibilityInfo: applicationDensity - 360
02-13 09:45:52.302  1738  2949 D CompatibilityInfo: applicationScale - 1.0
02-13 09:45:52.309  1738  2951 D CompatibilityInfo: mCompatibilityFlags - 0
02-13 09:45:52.309  1738  2951 D CompatibilityInfo: applicationDensity - 360
02-13 09:45:52.309  1738  2951 D CompatibilityInfo: applicationScale - 1.0
02-13 09:45:52.313  1738  2949 D CompatibilityInfo: mCompatibilityFlags - 0
02-13 09:45:52.313  1738  2949 D CompatibilityInfo: applicationDensity - 360
02-13 09:45:52.313  1738  2949 D CompatibilityInfo: applicationScale - 1.0
02-13 09:45:52.316 19966 19966 D BoundBrokerSvc: onBind: Intent { act=com.google.android.gms.common.BIND_SHARED_PREFS pkg=com.google.android.gms }
02-13 09:45:52.316 19966 19966 D BoundBrokerSvc: Loading bound service for intent: Intent { act=com.google.android.gms.common.BIND_SHARED_PREFS pkg=com.google.android.gms }
02-13 09:45:52.331  1738  2423 D CompatibilityInfo: mCompatibilityFlags - 0
02-13 09:45:52.331  1738  2423 D CompatibilityInfo: applicationDensity - 360
02-13 09:45:52.331  1738  2423 D CompatibilityInfo: applicationScale - 1.0
02-13 09:45:52.344 17710 17710 I Finsky  : [2] Memory trim requested to level 40
02-13 09:45:52.344 17710 17710 I Finsky  : [2] Flushing in-memory image cache
02-13 09:45:52.346 19966 28583 W TracingHelper: No RequestContext found in the trace or trace not available. [CONTEXT service_id=259 ratelimit_count=1410065408 ]
02-13 09:45:52.348  1738  2423 D CompatibilityInfo: mCompatibilityFlags - 0
02-13 09:45:52.348  1738  2423 D CompatibilityInfo: applicationDensity - 360
02-13 09:45:52.348  1738  2423 D CompatibilityInfo: applicationScale - 1.0
02-13 09:45:52.358  1738  2949 D CompatibilityInfo: mCompatibilityFlags - 0
02-13 09:45:52.358  1738  2949 D CompatibilityInfo: applicationDensity - 360
02-13 09:45:52.358  1738  2949 D CompatibilityInfo: applicationScale - 1.0
02-13 09:45:52.361  1738  2949 D CompatibilityInfo: mCompatibilityFlags - 0
02-13 09:45:52.361  1738  2949 D CompatibilityInfo: applicationDensity - 360
02-13 09:45:52.361  1738  2949 D CompatibilityInfo: applicationScale - 1.0
02-13 09:45:52.362  1738  2423 W ActivityManager: Unable to start service Intent { cmp=com.google.android.gms/psc } U=0: not found
02-13 09:45:52.363  1738  2949 D CompatibilityChangeReporter: Compat change id reported: 168419799; UID 10111; state: DISABLED
02-13 09:45:52.363  1738  2949 D CompatibilityInfo: mCompatibilityFlags - 0
02-13 09:45:52.363  1738  2949 D CompatibilityInfo: applicationDensity - 360
02-13 09:45:52.363  1738  2949 D CompatibilityInfo: applicationScale - 1.0
02-13 09:45:52.366  3674  5470 I MediaProvider: Begin Intent { act=android.intent.action.PACKAGE_FULLY_REMOVED dat=package:com.glyph.launcher flg=0x5000010 cmp=com.google.android.providers.media.module/com.android.providers.media.MediaService (has extras) }
02-13 09:45:52.370  3674  5470 D MediaProvider: Deleted 0 Android/media items belonging to com.glyph.launcher on /data/user/0/com.google.android.providers.media.module/databases/external.db
02-13 09:45:52.371  3674  5470 I MediaProvider: Invalidating LocalCallingIdentity cache for package com.glyph.launcher. Reason: owner_package_changed:/storage/emulated/0/Download/RetroS/rom_1770847717901.z64
02-13 09:45:52.372  3674  5470 I MediaProvider: Invalidating LocalCallingIdentity cache for package com.glyph.launcher. Reason: owner_package_changed:/storage/emulated/0/Download/RetroS/rom_1770847747439.z64
02-13 09:45:52.372  3674  5470 I MediaProvider: Invalidating LocalCallingIdentity cache for package com.glyph.launcher. Reason: owner_package_changed:/storage/emulated/0/Download/RetroS/rom_1770847751993.z64
