02-13 10:11:11.914  3397  3615 E GlyphScraper:   RAWG candidate: 'BUST-A-MOVE JOURNEY' score=0.3157895 (required > 0.4)
02-13 10:11:11.915  3397  3615 E GlyphScraper:   RAWG candidate: 'You Must Build A Boat' score=0.14285713 (required > 0.4)
02-13 10:11:11.915  3397  3615 E GlyphScraper:   RAWG candidate: 'Minecraft: Story Mode' score=0.114285715 (required > 0.4)
02-13 10:11:11.915  3397  3615 E GlyphScraper:   RAWG candidate: 'Love, Money, Rock'n'Roll' score=0.12499999 (required > 0.4)
02-13 10:11:11.915  3397  3615 E GlyphScraper:   RAWG candidate: 'Love Sick: Interactive Stories' score=0.12 (required > 0.4)
02-13 10:11:11.915  3397  3615 E GlyphScraper:   RAWG candidate: 'Lovecraft Locker: Tentacle Lust' score=0.09677421 (required > 0.4)
02-13 10:11:11.915  3397  3615 E GlyphScraper:   RAWG candidate: 'Minecraft: Story Mode ÔÇö Season Two' score=0.12352943 (required > 0.4)
02-13 10:11:11.915  3397  3615 E GlyphScraper:   RAWG candidate: 'I Have No Mouth, and I Must Scream' score=0.105882354 (required > 0.4)
02-13 10:11:11.915  3397  3615 E GlyphScraper:   RAWG candidate: 'Must-a-Mine' score=0.24 (required > 0.4)
02-13 10:11:11.916  3397  3615 E GlyphScraper:   RAWG candidate: 'Agent A: A puzzle in disguise' score=0.12413793 (required > 0.4)
02-13 10:11:11.927  3397  3615 E GlyphScraper:   RAWG candidate: 'Need for Speed: Shift' score=0.17142856 (required > 0.4)
02-13 10:11:11.927  3397  3615 E GlyphScraper:   RAWG candidate: 'Need for Speed No Limits' score=0.21666667 (required > 0.4)
02-13 10:11:11.928  3397  3615 E GlyphScraper:   RAWG candidate: 'Need For Speed: Hot Pursuit' score=0.13333333 (required > 0.4)
02-13 10:11:11.928  3397  3615 E GlyphScraper:   RAWG candidate: 'Need for Speed: Most Wanted - A Criterion Game' score=0.09130436 (required > 0.4)
02-13 10:11:11.928  3397  3615 E GlyphScraper:   RAWG candidate: 'squares: speed' score=0.39583337 (required > 0.4)
02-13 10:11:11.928  3397  3615 E GlyphScraper:   RAWG candidate: 'Speedy Speed Boy' score=0.17500001 (required > 0.4)
02-13 10:11:11.928  3397  3615 E GlyphScraper:   RAWG candidate: 'Speed 2D' score=0.20833334 (required > 0.4)
02-13 10:11:11.928  3397  3615 E GlyphScraper:   RAWG candidate: 'Seeds of Chaos' score=0.0375 (required > 0.4)
02-13 10:11:11.928  3397  3615 E GlyphScraper:   RAWG candidate: 'Racing: Speed Racer' score=0.28947368 (required > 0.4)
02-13 10:11:11.928  3397  3615 E GlyphScraper:   RAWG candidate: 'Speed in Space - Free' score=0.19428572 (required > 0.4)
02-13 10:11:11.929  3397  3615 E GlyphScraper:   rawg -> no match
02-13 10:11:11.929  3397  3615 E GlyphScraper:   No results from any scraper
02-13 10:11:11.963  3397  3515 D GlyphScraper:     RAWG match: 'Carmageddon' (screenshot, not box art)
02-13 10:11:11.963  3397  3515 E GlyphScraper:   rawg -> title='Carmageddon' hasImage=true
02-13 10:11:11.979  3397  3515 E GlyphScraper:   RAWG candidate: 'Castlevania: Symphony of the Night' score=0.3676471 (required > 0.4)
02-13 10:11:11.979  3397  3515 E GlyphScraper:   RAWG candidate: 'Queen's Quest: Tower of Darkness' score=0.33928573 (required > 0.4)
02-13 10:11:11.979  3397  3515 E GlyphScraper:   RAWG candidate: 'Eventide 3: Legacy of Legends' score=0.37428576 (required > 0.4)
02-13 10:11:11.979  3397  3515 E GlyphScraper:   RAWG candidate: 'The Myth Seekers: The Legacy of Vulcan' score=0.27368423 (required > 0.4)
02-13 10:11:11.979  3397  3515 E GlyphScraper:   RAWG candidate: 'Raiden Legacy' score=0.28 (required > 0.4)
02-13 10:11:11.979  3397  3515 E GlyphScraper:   RAWG candidate: 'Legacy of Discord-FuriousWings' score=0.22000003 (required > 0.4)
02-13 10:11:11.979  3397  3515 E GlyphScraper:   RAWG candidate: 'Castlevania: Grimoire of Souls' score=0.33714285 (required > 0.4)
02-13 10:11:11.980  3397  3515 E GlyphScraper:   RAWG candidate: 'Dark Heritage: Guardians of Hope' score=0.16250001 (required > 0.4)
02-13 10:11:11.980  3397  3515 E GlyphScraper:   RAWG candidate: 'LIF - Legacy' score=0.24000001 (required > 0.4)
02-13 10:11:11.980  3397  3515 E GlyphScraper:   RAWG candidate: 'Garou: Mark of the Wolves' score=0.17 (required > 0.4)
02-13 10:11:12.125  3397  3615 E GlyphScraper:   RAWG candidate: 'BUST-A-MOVE JOURNEY' score=0.3157895 (required > 0.4)
02-13 10:11:12.125  3397  3615 E GlyphScraper:   RAWG candidate: 'Love, Money, Rock'n'Roll' score=0.12499999 (required > 0.4)
02-13 10:11:12.125  3397  3615 E GlyphScraper:   RAWG candidate: 'Minecraft: Story Mode' score=0.114285715 (required > 0.4)
02-13 10:11:12.125  3397  3615 E GlyphScraper:   RAWG candidate: 'You Must Build A Boat' score=0.14285713 (required > 0.4)
02-13 10:11:12.125  3397  3615 E GlyphScraper:   RAWG candidate: 'Love Sick: Interactive Stories' score=0.12 (required > 0.4)
02-13 10:11:12.126  3397  3615 E GlyphScraper:   RAWG candidate: 'Lovecraft Locker: Tentacle Lust' score=0.09677421 (required > 0.4)
02-13 10:11:12.126  3397  3615 E GlyphScraper:   RAWG candidate: 'Minecraft: Story Mode ÔÇö Season Two' score=0.12352943 (required > 0.4)
02-13 10:11:12.126  3397  3615 E GlyphScraper:   RAWG candidate: 'I Have No Mouth, and I Must Scream' score=0.105882354 (required > 0.4)
02-13 10:11:12.126  3397  3615 E GlyphScraper:   RAWG candidate: 'One More Line' score=0.16 (required > 0.4)
02-13 10:11:12.126  3397  3615 E GlyphScraper:   RAWG candidate: 'Love You To Bits' score=0.075 (required > 0.4)
02-13 10:11:12.128  3397  3615 E GlyphScraper:   rawg -> no match
02-13 10:11:12.128  3397  3615 E GlyphScraper:   No results from any scraper
02-13 10:11:12.285  3397  3515 E GlyphScraper:   RAWG candidate: 'Castlevania: Symphony of the Night' score=0.3676471 (required > 0.4)
02-13 10:11:12.285  3397  3515 E GlyphScraper:   RAWG candidate: 'Eventide 3: Legacy of Legends' score=0.37428576 (required > 0.4)
02-13 10:11:12.286  3397  3515 E GlyphScraper:   RAWG candidate: 'The Myth Seekers: The Legacy of Vulcan' score=0.27368423 (required > 0.4)
02-13 10:11:12.286  3397  3515 E GlyphScraper:   RAWG candidate: 'Raiden Legacy' score=0.28 (required > 0.4)
02-13 10:11:12.286  3397  3515 E GlyphScraper:   RAWG candidate: 'Legacy of Discord-FuriousWings' score=0.22000003 (required > 0.4)
02-13 10:11:12.286  3397  3515 E GlyphScraper:   RAWG candidate: 'Castlevania: Grimoire of Souls' score=0.33714285 (required > 0.4)
02-13 10:11:12.286  3397  3515 E GlyphScraper:   RAWG candidate: 'LIF - Legacy' score=0.24000001 (required > 0.4)
02-13 10:11:12.286  3397  3515 E GlyphScraper:   RAWG candidate: 'Grandmother's Legacy' score=0.2 (required > 0.4)
02-13 10:11:12.287  3397  3515 E GlyphScraper:   RAWG candidate: 'Ravensword: Legacy' score=0.24000001 (required > 0.4)
02-13 10:11:12.287  3397  3515 E GlyphScraper:   RAWG candidate: 'N.O.V.A. Legacy' score=0.24000001 (required > 0.4)
02-13 10:11:12.289  3397  3515 E GlyphScraper:   rawg -> no match
02-13 10:11:12.289  3397  3515 E GlyphScraper:   No results from any scraper
02-13 10:11:12.493  3397  3592 E GlyphScraper: Scraping: 'Chameleon Twist 2 (U) [!].z64' -> cleaned: 'Chameleon Twist 2' [n64]
02-13 10:11:12.494  3397  3592 D GlyphScraper:     LibRetro trying: https://thumbnails.libretro.com/Nintendo%20-%20Nintendo%2064/Named_Boxarts/Chameleon%20Twist%202.png
02-13 10:11:12.494  3397  3618 E GlyphScraper: Scraping: 'Castlevania (U) [!].z64' -> cleaned: 'Castlevania' [n64]
02-13 10:11:12.494  3397  3618 D GlyphScraper:     LibRetro trying: https://thumbnails.libretro.com/Nintendo%20-%20Nintendo%2064/Named_Boxarts/Castlevania.png
02-13 10:11:12.496  3397  3508 E GlyphScraper: Scraping: 'Centre Court Tennis (E) [!].z64' -> cleaned: 'Centre Court Tennis' [n64]
02-13 10:11:12.496  3397  3508 D GlyphScraper:     LibRetro trying: https://thumbnails.libretro.com/Nintendo%20-%20Nintendo%2064/Named_Boxarts/Centre%20Court%20Tennis.png
02-13 10:11:12.497  3397  3615 E GlyphScraper: Scraping: 'Chameleon Twist (U) [!].z64' -> cleaned: 'Chameleon Twist' [n64]
02-13 10:11:12.497  3397  3615 D GlyphScraper:     LibRetro trying: https://thumbnails.libretro.com/Nintendo%20-%20Nintendo%2064/Named_Boxarts/Chameleon%20Twist.png
02-13 10:11:12.558  3397  3508 E GlyphScraper:   libretro -> no match, trying keyed APIs...
02-13 10:11:12.558  3397  3615 E GlyphScraper:   libretro -> no match, trying keyed APIs...
02-13 10:11:12.558  3397  3618 E GlyphScraper:   libretro -> no match, trying keyed APIs...
02-13 10:11:12.560  3397  3592 E GlyphScraper:   libretro -> no match, trying keyed APIs...
02-13 10:11:12.564  3397  3507 E GlyphScraper: Scrapers active: [rawg] (Keys: TGDB=false, RAWG=true, Moby=false)
02-13 10:11:12.568  3397  3571 E GlyphScraper: Scrapers active: [rawg] (Keys: TGDB=false, RAWG=true, Moby=false)
02-13 10:11:12.570  3397  3658 E GlyphScraper: Scrapers active: [rawg] (Keys: TGDB=false, RAWG=true, Moby=false)
02-13 10:11:12.571  3397  3611 E GlyphScraper: Scrapers active: [rawg] (Keys: TGDB=false, RAWG=true, Moby=false)
02-13 10:11:13.032  3397  3611 E GlyphScraper:   RAWG candidate: 'Castlevania: Symphony of the Night' score=0.19411767 (required > 0.4)
02-13 10:11:13.032  3397  3611 E GlyphScraper:   RAWG candidate: 'Castlevania: Grimoire of Souls' score=0.22000001 (required > 0.4)
02-13 10:11:13.033  3397  3611 E GlyphScraper:   RAWG candidate: 'Castlemania (Acytra)' score=0.3 (required > 0.4)
02-13 10:11:13.033  3397  3611 E GlyphScraper:   RAWG candidate: 'CastleMania (UFO GAMES)' score=0.2608696 (required > 0.4)
02-13 10:11:13.035  3397  3688 E GlyphScraper:   RAWG candidate: 'Kid Chameleon (1992)' score=0.4 (required > 0.4)
02-13 10:11:13.035  3397  3688 E GlyphScraper:   RAWG candidate: 'The Chameleon' score=0.33333334 (required > 0.4)
02-13 10:11:13.035  3397  3688 E GlyphScraper:   RAWG candidate: 'PixiCubes: Jigsaw with a Twist' score=0.24000001 (required > 0.4)
02-13 10:11:13.035  3397  3688 E GlyphScraper:   RAWG candidate: 'Twist' score=0.4 (required > 0.4)
02-13 10:11:13.035  3397  3688 E GlyphScraper:   RAWG candidate: 'Tyrant - A Twist of Fate' score=0.25500003 (required > 0.4)
02-13 10:11:13.035  3397  3611 E GlyphScraper:   rawg -> no match
02-13 10:11:13.035  3397  3688 E GlyphScraper:   RAWG candidate: 'Chameleon Run' score=0.53333336 (required > 0.4)
02-13 10:11:13.035  3397  3611 E GlyphScraper:   No results from any scraper
02-13 10:11:13.035  3397  3688 E GlyphScraper:   RAWG candidate: 'Anagraphs: A Word Game with a Twist' score=0.23809522 (required > 0.4)
02-13 10:11:13.035  3397  3688 E GlyphScraper:   RAWG candidate: 'Magic Twist: Twister Music Ball Game' score=0.10000002 (required > 0.4)
02-13 10:11:13.036  3397  3688 E GlyphScraper:   RAWG candidate: 'Twist Fingers' score=0.21333334 (required > 0.4)
02-13 10:11:13.036  3397  3688 E GlyphScraper:   RAWG candidate: 'Sonic Twist' score=0.37333333 (required > 0.4)
02-13 10:11:13.040  3397  3648 E GlyphScraper:   RAWG candidate: 'Tennis in the Face' score=0.19298244 (required > 0.4)
02-13 10:11:13.040  3397  3648 E GlyphScraper:   RAWG candidate: 'Cross Court Tennis 2' score=0.59000003 (required > 0.4)
02-13 10:11:13.041  3397  3648 E GlyphScraper:   RAWG candidate: '3D Tennis' score=0.32105267 (required > 0.4)
02-13 10:11:13.041  3397  3648 E GlyphScraper:   RAWG candidate: 'King's Court: Volume 1' score=0.21818183 (required > 0.4)
02-13 10:11:13.041  3397  3648 E GlyphScraper:   RAWG candidate: 'Stickman Tennis - Carrer' score=0.205 (required > 0.4)
02-13 10:11:13.041  3397  3648 E GlyphScraper:   RAWG candidate: 'Count Crunch's Candy' score=0.15 (required > 0.4)
02-13 10:11:13.041  3397  3648 E GlyphScraper:   RAWG candidate: 'Court Piece - My Rung & HOKM' score=0.1857143 (required > 0.4)
02-13 10:11:13.041  3397  3648 E GlyphScraper:   RAWG candidate: 'Affairs of the Court: Choice of Romance' score=0.16923076 (required > 0.4)
02-13 10:11:13.041  3397  3648 E GlyphScraper:   RAWG candidate: 'Court Piece' score=0.28947368 (required > 0.4)
02-13 10:11:13.041  3397  3648 E GlyphScraper:   RAWG candidate: 'Half Court' score=0.28947368 (required > 0.4)
02-13 10:11:13.048  3397  3611 E GlyphScraper:   RAWG candidate: 'Kid Chameleon (1992)' score=0.37 (required > 0.4)
02-13 10:11:13.048  3397  3611 E GlyphScraper:   RAWG candidate: 'Syberia 2' score=0.14117646 (required > 0.4)
02-13 10:11:13.048  3397  3611 E GlyphScraper:   RAWG candidate: 'Sparkle 2' score=0.17647058 (required > 0.4)
02-13 10:11:13.048  3397  3611 E GlyphScraper:   RAWG candidate: 'Evoland 2' score=0.14117646 (required > 0.4)
02-13 10:11:13.049  3397  3611 E GlyphScraper:   RAWG candidate: 'Farm Frenzy 2' score=0.14117646 (required > 0.4)
02-13 10:11:13.049  3397  3611 E GlyphScraper:   RAWG candidate: 'Sparkle 2 Evo' score=0.14117646 (required > 0.4)
02-13 10:11:13.049  3397  3611 E GlyphScraper:   RAWG candidate: 'METAL SLUG 2' score=0.17647058 (required > 0.4)
02-13 10:11:13.049  3397  3611 E GlyphScraper:   RAWG candidate: 'Worms 2: Armageddon' score=0.031578936 (required > 0.4)
02-13 10:11:13.049  3397  3611 E GlyphScraper:   RAWG candidate: 'Small World 2' score=0.17647058 (required > 0.4)
02-13 10:11:13.049  3397  3611 E GlyphScraper:   RAWG candidate: 'Sonic the Hedgehog 2' score=0.08999999 (required > 0.4)
02-13 10:11:13.065  3397  3688 D GlyphScraper:     RAWG match: 'Chameleon Run' (screenshot, not box art)
02-13 10:11:13.065  3397  3688 E GlyphScraper:   rawg -> title='Chameleon Run' hasImage=true
02-13 10:11:13.082  3397  3648 D GlyphScraper:     RAWG match: 'Cross Court Tennis 2' (screenshot, not box art)
02-13 10:11:13.082  3397  3648 E GlyphScraper:   rawg -> title='Cross Court Tennis 2' hasImage=true
02-13 10:11:13.553  3397  3688 E GlyphScraper:   RAWG candidate: 'Kid Chameleon (1992)' score=0.37 (required > 0.4)
02-13 10:11:13.553  3397  3688 E GlyphScraper:   RAWG candidate: 'The Chameleon' score=0.3098039 (required > 0.4)
02-13 10:11:13.553  3397  3688 E GlyphScraper:   RAWG candidate: 'PixiCubes: Jigsaw with a Twist' score=0.2 (required > 0.4)
02-13 10:11:13.553  3397  3688 E GlyphScraper:   RAWG candidate: 'Twist' score=0.37647057 (required > 0.4)
02-13 10:11:13.553  3397  3688 E GlyphScraper:   RAWG candidate: 'Tyrant - A Twist of Fate' score=0.28 (required > 0.4)
02-13 10:11:13.553  3397  3688 E GlyphScraper:   RAWG candidate: 'Chameleon Run' score=0.48627448 (required > 0.4)
02-13 10:11:13.553  3397  3688 E GlyphScraper:   RAWG candidate: 'Anagraphs: A Word Game with a Twist' score=0.20380953 (required > 0.4)
02-13 10:11:13.554  3397  3688 E GlyphScraper:   RAWG candidate: 'Magic Twist: Twister Music Ball Game' score=0.11666665 (required > 0.4)
02-13 10:11:13.554  3397  3688 E GlyphScraper:   RAWG candidate: 'Twist Fingers' score=0.20392157 (required > 0.4)
02-13 10:11:13.554  3397  3688 E GlyphScraper:   RAWG candidate: 'Sonic Twist' score=0.34509805 (required > 0.4)
02-13 10:11:13.581  3397  3688 D GlyphScraper:     RAWG match: 'Chameleon Run' (screenshot, not box art)
02-13 10:11:13.582  3397  3688 E GlyphScraper:   rawg -> title='Chameleon Run' hasImage=true
02-13 10:11:13.788  3397  3571 E GlyphScraper: Scraping: 'Charlie Blast's Territory (U) [!].z64' -> cleaned: 'Charlie Blast's Territory' [n64]
02-13 10:11:13.789  3397  3506 E GlyphScraper: Scraping: 'Clay Fighter 63 1-3 (U) [!].z64' -> cleaned: 'Clay Fighter 63 1 3' [n64]
02-13 10:11:13.789  3397  3571 D GlyphScraper:     LibRetro trying: https://thumbnails.libretro.com/Nintendo%20-%20Nintendo%2064/Named_Boxarts/Charlie%20Blast%27s%20Territory.png
02-13 10:11:13.789  3397  3506 D GlyphScraper:     LibRetro trying: https://thumbnails.libretro.com/Nintendo%20-%20Nintendo%2064/Named_Boxarts/Clay%20Fighter%2063%201%203.png
02-13 10:11:13.790  3397  3570 E GlyphScraper: Scraping: 'Chopper Attack (U) [!].z64' -> cleaned: 'Chopper Attack' [n64]
02-13 10:11:13.790  3397  3570 D GlyphScraper:     LibRetro trying: https://thumbnails.libretro.com/Nintendo%20-%20Nintendo%2064/Named_Boxarts/Chopper%20Attack.png
02-13 10:11:13.791  3397  3614 E GlyphScraper: Scraping: 'Clay Fighter - Sculptor's Cut (U) [!].z64' -> cleaned: 'Clay Fighter Sculptor's Cut' [n64]
02-13 10:11:13.791  3397  3614 D GlyphScraper:     LibRetro trying: https://thumbnails.libretro.com/Nintendo%20-%20Nintendo%2064/Named_Boxarts/Clay%20Fighter%20Sculptor%27s%20Cut.png
02-13 10:11:13.866  3397  3570 E GlyphScraper:   libretro -> no match, trying keyed APIs...
02-13 10:11:13.869  3397  3506 E GlyphScraper:   libretro -> no match, trying keyed APIs...
02-13 10:11:13.870  3397  3614 E GlyphScraper:   libretro -> no match, trying keyed APIs...
02-13 10:11:13.872  3397  3571 E GlyphScraper:   libretro -> no match, trying keyed APIs...
02-13 10:11:13.874  3397  3611 E GlyphScraper: Scrapers active: [rawg] (Keys: TGDB=false, RAWG=true, Moby=false)
02-13 10:11:13.875  3397  3611 E GlyphScraper: Scrapers active: [rawg] (Keys: TGDB=false, RAWG=true, Moby=false)
02-13 10:11:13.876  3397  3648 E GlyphScraper: Scrapers active: [rawg] (Keys: TGDB=false, RAWG=true, Moby=false)
02-13 10:11:13.878  3397  3613 E GlyphScraper: Scrapers active: [rawg] (Keys: TGDB=false, RAWG=true, Moby=false)
02-13 10:11:14.372  3397  3613 E GlyphScraper:   RAWG candidate: 'Serious Sam: Kamikaze Attack!' score=0.16551727 (required > 0.4)
02-13 10:11:14.372  3397  3613 E GlyphScraper:   RAWG candidate: 'iBomber Attack' score=0.5619048 (required > 0.4)
02-13 10:11:14.372  3397  3613 E GlyphScraper:   RAWG candidate: 'Crossy Road - Endless Arcade Hopper' score=0.10285714 (required > 0.4)
02-13 10:11:14.372  3397  3613 E GlyphScraper:   RAWG candidate: 'Chopper Stopper' score=0.49333334 (required > 0.4)
02-13 10:11:14.373  3397  3613 E GlyphScraper:   RAWG candidate: 'Stack' score=0.17142856 (required > 0.4)
02-13 10:11:14.373  3397  3613 E GlyphScraper:   RAWG candidate: 'Otaku's attack' score=0.43333334 (required > 0.4)
02-13 10:11:14.373  3397  3613 E GlyphScraper:   RAWG candidate: 'Snap Attack' score=0.47619045 (required > 0.4)
02-13 10:11:14.373  3397  3613 E GlyphScraper:   RAWG candidate: 'The Nightmare Cooperative' score=0.12 (required > 0.4)
02-13 10:11:14.373  3397  3613 E GlyphScraper:   RAWG candidate: 'Panic Attack (itch)' score=0.25789475 (required > 0.4)
02-13 10:11:14.373  3397  3613 E GlyphScraper:   RAWG candidate: 'Ani-Hopper' score=0.12857145 (required > 0.4)
02-13 10:11:14.381  3397  3614 E GlyphScraper:   RAWG candidate: 'Fighter X-1' score=0.38421053 (required > 0.4)
02-13 10:11:14.382  3397  3614 E GlyphScraper:   RAWG candidate: 'Samorost 3' score=0.12631577 (required > 0.4)
02-13 10:11:14.382  3397  3614 E GlyphScraper:   RAWG candidate: 'THE KING OF FIGHTERS '98' score=0.17500001 (required > 0.4)
02-13 10:11:14.382  3397  3614 E GlyphScraper:   RAWG candidate: 'Sorcery! Part 3' score=0.094736844 (required > 0.4)
02-13 10:11:14.382  3397  3614 E GlyphScraper:   RAWG candidate: 'Cally's Caves 3' score=0.15789475 (required > 0.4)
02-13 10:11:14.382  3397  3614 E GlyphScraper:   RAWG candidate: 'THE KING OF FIGHTERS '97' score=0.17500001 (required > 0.4)
02-13 10:11:14.382  3397  3614 E GlyphScraper:   RAWG candidate: 'Sparkle 3 Genesis' score=0.031578936 (required > 0.4)
02-13 10:11:14.382  3397  3614 E GlyphScraper:   RAWG candidate: 'Sentinel 3: Homeworld' score=0.0 (required > 0.4)
02-13 10:11:14.382  3397  3614 E GlyphScraper:   RAWG candidate: 'Play with Gwen' score=0.22105266 (required > 0.4)
02-13 10:11:14.383  3397  3614 E GlyphScraper:   RAWG candidate: 'The Banner Saga 3' score=0.18947369 (required > 0.4)
02-13 10:11:14.418  3397  3613 D GlyphScraper:     RAWG match: 'iBomber Attack' (screenshot, not box art)
02-13 10:11:14.418  3397  3613 E GlyphScraper:   rawg -> title='iBomber Attack' hasImage=true
02-13 10:11:14.574  3397  3613 E GlyphScraper:   RAWG candidate: 'Q.U.B.E: Director's Cut' score=0.31111112 (required > 0.4)
02-13 10:11:14.574  3397  3613 E GlyphScraper:   RAWG candidate: 'Organ Trail: Director's Cut' score=0.3015873 (required > 0.4)
02-13 10:11:14.575  3397  3613 E GlyphScraper:   RAWG candidate: 'Shadowrun: Dragonfall - Director's Cut' score=0.26240602 (required > 0.4)
02-13 10:11:14.575  3397  3613 E GlyphScraper:   RAWG candidate: 'Slayaway Camp: Butcher's Cut' score=0.29285714 (required > 0.4)
02-13 10:11:14.575  3397  3613 E GlyphScraper:   RAWG candidate: 'Cut the Rope' score=0.19999999 (required > 0.4)
02-13 10:11:14.575  3397  3613 E GlyphScraper:   RAWG candidate: 'THE KING OF FIGHTERS '98' score=0.15555558 (required > 0.4)
02-13 10:11:14.575  3397  3613 E GlyphScraper:   RAWG candidate: 'THE KING OF FIGHTERS '97' score=0.15555558 (required > 0.4)
02-13 10:11:14.575  3397  3613 E GlyphScraper:   RAWG candidate: 'Play with Gwen' score=0.15555558 (required > 0.4)
02-13 10:11:14.575  3397  3613 E GlyphScraper:   RAWG candidate: 'Broken Sword 1 - Shadow of the Templars (The Director's Cut)' score=0.17000002 (required > 0.4)
02-13 10:11:14.575  3397  3613 E GlyphScraper:   RAWG candidate: 'Animal Jam - Play Wild!' score=0.06666666 (required > 0.4)
02-13 10:11:14.576  3397  3614 E GlyphScraper:   RAWG candidate: 'Candy Blast' score=0.192 (required > 0.4)
02-13 10:11:14.576  3397  3614 E GlyphScraper:   RAWG candidate: 'Plants vs. Zombies' score=0.12 (required > 0.4)
02-13 10:11:14.576  3397  3614 E GlyphScraper:   RAWG candidate: 'A Night at Charlie's Daycare' score=0.08571428 (required > 0.4)
02-13 10:11:14.577  3397  3614 E GlyphScraper:   RAWG candidate: 'The Elder Scrolls: Blades' score=0.072000004 (required > 0.4)
02-13 10:11:14.577  3397  3614 E GlyphScraper:   RAWG candidate: 'Doomsday: Last Survivors' score=0.192 (required > 0.4)
02-13 10:11:14.577  3397  3614 E GlyphScraper:   RAWG candidate: 'Altered Beast (1988)' score=0.14400001 (required > 0.4)
02-13 10:11:14.577  3397  3614 E GlyphScraper:   RAWG candidate: 'Charlie Charlie Challenge' score=0.34 (required > 0.4)
02-13 10:11:14.577  3397  3614 E GlyphScraper:   RAWG candidate: 'Almightree: The Last Dreamer' score=0.12857145 (required > 0.4)
02-13 10:11:14.577  3397  3614 E GlyphScraper:   RAWG candidate: 'Plants vs. Zombies GOTY Edition' score=0.13548389 (required > 0.4)
02-13 10:11:14.577  3397  3614 E GlyphScraper:   RAWG candidate: 'The Last Door - Collector's Edition' score=0.15428571 (required > 0.4)
02-13 10:11:14.578  3397  3614 E GlyphScraper:   rawg -> no match
02-13 10:11:14.578  3397  3614 E GlyphScraper:   No results from any scraper
02-13 10:11:14.622  3397  3614 E GlyphScraper:   RAWG candidate: 'THE KING OF FIGHTERS '98' score=0.17500001 (required > 0.4)
02-13 10:11:14.622  3397  3614 E GlyphScraper:   RAWG candidate: 'THE KING OF FIGHTERS '97' score=0.17500001 (required > 0.4)
02-13 10:11:14.622  3397  3614 E GlyphScraper:   RAWG candidate: 'Play with Gwen' score=0.22105266 (required > 0.4)
02-13 10:11:14.622  3397  3614 E GlyphScraper:   RAWG candidate: 'Animal Jam - Play Wild!' score=0.07826089 (required > 0.4)
02-13 10:11:14.622  3397  3614 E GlyphScraper:   RAWG candidate: 'Balloon Fight (1985)' score=0.18 (required > 0.4)
02-13 10:11:14.622  3397  3614 E GlyphScraper:   RAWG candidate: 'Stick Fight: The Game' score=0.2 (required > 0.4)
02-13 10:11:14.622  3397  3614 E GlyphScraper:   RAWG candidate: 'Slay the Spire' score=0.22105266 (required > 0.4)
02-13 10:11:14.623  3397  3614 E GlyphScraper:   RAWG candidate: 'Plug & Play' score=0.094736844 (required > 0.4)
02-13 10:11:14.623  3397  3614 E GlyphScraper:   RAWG candidate: 'Shadow Fight 2' score=0.18947369 (required > 0.4)
02-13 10:11:14.623  3397  3614 E GlyphScraper:   RAWG candidate: 'Clash of Clans' score=0.15789475 (required > 0.4)
02-13 10:11:14.624  3397  3614 E GlyphScraper:   rawg -> no match
02-13 10:11:14.624  3397  3614 E GlyphScraper:   No results from any scraper
02-13 10:11:14.989  3397  3614 E GlyphScraper:   RAWG candidate: 'THE KING OF FIGHTERS '98' score=0.15555558 (required > 0.4)
02-13 10:11:14.989  3397  3614 E GlyphScraper:   RAWG candidate: 'THE KING OF FIGHTERS '97' score=0.15555558 (required > 0.4)
02-13 10:11:14.989  3397  3614 E GlyphScraper:   RAWG candidate: 'Play with Gwen' score=0.15555558 (required > 0.4)
02-13 10:11:14.989  3397  3614 E GlyphScraper:   RAWG candidate: 'Animal Jam - Play Wild!' score=0.06666666 (required > 0.4)
02-13 10:11:14.990  3397  3614 E GlyphScraper:   RAWG candidate: 'SculptrVR' score=0.15555558 (required > 0.4)
02-13 10:11:14.990  3397  3614 E GlyphScraper:   RAWG candidate: 'Balloon Fight (1985)' score=0.11111112 (required > 0.4)
02-13 10:11:14.990  3397  3614 E GlyphScraper:   RAWG candidate: 'Stick Fight: The Game' score=0.15555558 (required > 0.4)
02-13 10:11:14.990  3397  3614 E GlyphScraper:   RAWG candidate: 'Slay the Spire' score=0.22222224 (required > 0.4)
02-13 10:11:14.990  3397  3614 E GlyphScraper:   RAWG candidate: 'Plug & Play' score=0.088888876 (required > 0.4)
02-13 10:11:14.990  3397  3614 E GlyphScraper:   RAWG candidate: 'Shadow Fight 2' score=0.13333333 (required > 0.4)
02-13 10:11:14.992  3397  3614 E GlyphScraper:   rawg -> no match
02-13 10:11:14.992  3397  3614 E GlyphScraper:   No results from any scraper
02-13 10:11:15.199  3397  3612 E GlyphScraper: Scraping: 'Command & Conquer (U) [!].z64' -> cleaned: 'Command & Conquer' [n64]
02-13 10:11:15.200  3397  3571 E GlyphScraper: Scraping: 'Cruis'n Exotica (U) [!].z64' -> cleaned: 'Cruis'n Exotica' [n64]
02-13 10:11:15.200  3397  3648 E GlyphScraper: Scraping: 'Cruis'n USA (U) (V1.2) [!].z64' -> cleaned: 'Cruis'n USA' [n64]
02-13 10:11:15.200  3397  3612 D GlyphScraper:     LibRetro trying: https://thumbnails.libretro.com/Nintendo%20-%20Nintendo%2064/Named_Boxarts/Command%20_%20Conquer.png
02-13 10:11:15.200  3397  3610 E GlyphScraper: Scraping: 'Conker's Bad Fur Day (U) [!].z64' -> cleaned: 'Conker's Bad Fur Day' [n64]
02-13 10:11:15.201  3397  3648 D GlyphScraper:     LibRetro trying: https://thumbnails.libretro.com/Nintendo%20-%20Nintendo%2064/Named_Boxarts/Cruis%27n%20USA.png
02-13 10:11:15.201  3397  3610 D GlyphScraper:     LibRetro trying: https://thumbnails.libretro.com/Nintendo%20-%20Nintendo%2064/Named_Boxarts/Conker%27s%20Bad%20Fur%20Day.png
02-13 10:11:15.202  3397  3571 D GlyphScraper:     LibRetro trying: https://thumbnails.libretro.com/Nintendo%20-%20Nintendo%2064/Named_Boxarts/Cruis%27n%20Exotica.png
02-13 10:11:15.281  3397  3571 E GlyphScraper:   libretro -> no match, trying keyed APIs...
02-13 10:11:15.282  3397  3610 E GlyphScraper:   libretro -> no match, trying keyed APIs...
02-13 10:11:15.283  3397  3648 E GlyphScraper:   libretro -> no match, trying keyed APIs...
02-13 10:11:15.283  3397  3612 E GlyphScraper:   libretro -> no match, trying keyed APIs...
02-13 10:11:15.289  3397  3618 E GlyphScraper: Scrapers active: [rawg] (Keys: TGDB=false, RAWG=true, Moby=false)
02-13 10:11:15.289  3397  3516 E GlyphScraper: Scrapers active: [rawg] (Keys: TGDB=false, RAWG=true, Moby=false)
02-13 10:11:15.292  3397  3612 E GlyphScraper: Scrapers active: [rawg] (Keys: TGDB=false, RAWG=true, Moby=false)
02-13 10:11:15.293  3397  3571 E GlyphScraper: Scrapers active: [rawg] (Keys: TGDB=false, RAWG=true, Moby=false)
02-13 10:11:15.806  3397  3571 E GlyphScraper:   RAWG candidate: 'Command & Conquer: Rivals' score=0.508 (required > 0.4)
02-13 10:11:15.806  3397  3571 E GlyphScraper:   RAWG candidate: 'Rapture - World Conquest' score=0.2 (required > 0.4)
02-13 10:11:15.806  3397  3571 E GlyphScraper:   RAWG candidate: 'Age of Heroes: Conquest' score=0.20869565 (required > 0.4)
02-13 10:11:15.807  3397  3571 E GlyphScraper:   RAWG candidate: 'Warhammer: Chaos And Conquest' score=0.22758622 (required > 0.4)
02-13 10:11:15.807  3397  3571 E GlyphScraper:   RAWG candidate: 'War Planet Online: Global Conquest' score=0.17647058 (required > 0.4)
02-13 10:11:15.807  3397  3571 E GlyphScraper:   RAWG candidate: 'Limbus Company' score=0.14117646 (required > 0.4)
02-13 10:11:15.807  3397  3571 E GlyphScraper:   RAWG candidate: 'Command and Conquer Rivals' score=0.56923074 (required > 0.4)
02-13 10:11:15.807  3397  3571 E GlyphScraper:   RAWG candidate: 'Epic Conquest 2' score=0.14117646 (required > 0.4)
02-13 10:11:15.807  3397  3571 E GlyphScraper:   RAWG candidate: 'Age of Conquest IV' score=0.16666669 (required > 0.4)
02-13 10:11:15.807  3397  3571 E GlyphScraper:   RAWG candidate: 'Conquest of Elysium 3' score=0.14285713 (required > 0.4)
02-13 10:11:15.815  3397  3612 E GlyphScraper:   RAWG candidate: 'Lightning: D-Day' score=0.12 (required > 0.4)
02-13 10:11:15.815  3397  3612 E GlyphScraper:   RAWG candidate: 'Bad Piggies' score=0.2 (required > 0.4)
02-13 10:11:15.815  3397  3612 E GlyphScraper:   RAWG candidate: 'Bad Hotel' score=0.2 (required > 0.4)
02-13 10:11:15.815  3397  3612 E GlyphScraper:   RAWG candidate: 'Bad North' score=0.23000002 (required > 0.4)
02-13 10:11:15.815  3397  3612 E GlyphScraper:   RAWG candidate: 'OPUS: The Day We Found Earth' score=0.19444445 (required > 0.4)
02-13 10:11:15.816  3397  3612 E GlyphScraper:   RAWG candidate: 'BAD 2 BAD: EXTINCTION' score=0.12380953 (required > 0.4)
02-13 10:11:15.816  3397  3612 E GlyphScraper:   RAWG candidate: 'Mythic Wonders: The Philosopher's Stone' score=0.13846153 (required > 0.4)
02-13 10:11:15.816  3397  3612 E GlyphScraper:   RAWG candidate: 'Persian Nights: Sands of Wonders' score=0.15 (required > 0.4)
02-13 10:11:15.816  3397  3612 E GlyphScraper:   RAWG candidate: 'CatHotel VR: Fur-tual Reality' score=0.18620689 (required > 0.4)
02-13 10:11:15.816  3397  3612 E GlyphScraper:   RAWG candidate: '80 Days' score=0.08999999 (required > 0.4)
02-13 10:11:15.845  3397  3612 E GlyphScraper:   RAWG candidate: 'Crush Your Enemies' score=0.2 (required > 0.4)
02-13 10:11:15.845  3397  3612 E GlyphScraper:   RAWG candidate: 'Candy Crush Saga' score=0.075 (required > 0.4)
02-13 10:11:15.845  3397  3612 E GlyphScraper:   RAWG candidate: 'Delicious - Emily's Honeymoon Cruise' score=0.13333333 (required > 0.4)
02-13 10:11:15.845  3397  3612 E GlyphScraper:   RAWG candidate: 'Cruise On' score=0.28 (required > 0.4)
02-13 10:11:15.846  3397  3612 E GlyphScraper:   RAWG candidate: 'Lowriders Comeback 2: Cruising' score=0.08 (required > 0.4)
02-13 10:11:15.846  3397  3612 E GlyphScraper:   RAWG candidate: 'ONE PIECE TREASURE CRUISE' score=0.09600002 (required > 0.4)
02-13 10:11:15.846  3397  3612 E GlyphScraper:   RAWG candidate: 'My Exotic Farm - Safari Farm' score=0.08571428 (required > 0.4)
02-13 10:11:15.846  3397  3612 E GlyphScraper:   RAWG candidate: 'Fruit Cruise' score=0.2 (required > 0.4)
02-13 10:11:15.846  3397  3612 E GlyphScraper:   RAWG candidate: 'Sand Cruiser - ÏÀÏ╣Ï│ Ïº┘äÏ¬Ï¡Ï»┘è' score=0.14400001 (required > 0.4)
02-13 10:11:15.846  3397  3612 E GlyphScraper:   RAWG candidate: 'Cruisin' for a Word that Rhymes With Cruisin'' score=0.14666666 (required > 0.4)
02-13 10:11:15.848  3397  3612 E GlyphScraper:   rawg -> no match
02-13 10:11:15.848  3397  3612 E GlyphScraper:   No results from any scraper
02-13 10:11:15.856  3397  3571 D GlyphScraper:     RAWG match: 'Command and Conquer Rivals' (screenshot, not box art)
02-13 10:11:15.856  3397  3571 E GlyphScraper:   rawg -> title='Command and Conquer Rivals' hasImage=true
02-13 10:11:15.871  3397  3571 E GlyphScraper:   RAWG candidate: 'Crush Your Enemies' score=0.13333333 (required > 0.4)
02-13 10:11:15.871  3397  3571 E GlyphScraper:   RAWG candidate: 'Candy Crush Saga' score=0.15 (required > 0.4)
02-13 10:11:15.871  3397  3571 E GlyphScraper:   RAWG candidate: 'Farm Invasion USA - Premium' score=0.25777778 (required > 0.4)
02-13 10:11:15.872  3397  3571 E GlyphScraper:   RAWG candidate: 'Chef Solitaire: USA TriPeaks' score=0.20857146 (required > 0.4)
02-13 10:11:15.872  3397  3571 E GlyphScraper:   RAWG candidate: 'Strategy & Tactics:USSR vs USA' score=0.22000003 (required > 0.4)
02-13 10:11:15.872  3397  3571 E GlyphScraper:   RAWG candidate: 'USA President Fighter - Trump Boxing' score=0.15 (required > 0.4)
02-13 10:11:15.872  3397  3571 E GlyphScraper:   RAWG candidate: 'Farming USA' score=0.40606064 (required > 0.4)
02-13 10:11:15.872  3397  3571 E GlyphScraper:   RAWG candidate: 'Pulling USA' score=0.40606064 (required > 0.4)
02-13 10:11:15.872  3397  3571 E GlyphScraper:   RAWG candidate: 'Zombieville USA' score=0.33333334 (required > 0.4)
02-13 10:11:15.872  3397  3571 E GlyphScraper:   RAWG candidate: 'Hunting USA' score=0.40606064 (required > 0.4)
02-13 10:11:15.900  3397  3571 D GlyphScraper:     RAWG match: 'Farming USA' (screenshot, not box art)
02-13 10:11:15.900  3397  3571 E GlyphScraper:   rawg -> title='Farming USA' hasImage=true
02-13 10:11:16.826  3397  3571 E GlyphScraper:   RAWG candidate: 'Bad Piggies' score=0.2 (required > 0.4)
02-13 10:11:16.826  3397  3571 E GlyphScraper:   RAWG candidate: 'Bad Hotel' score=0.2 (required > 0.4)
02-13 10:11:16.826  3397  3571 E GlyphScraper:   RAWG candidate: 'Bad North' score=0.23000002 (required > 0.4)
02-13 10:11:16.827  3397  3571 E GlyphScraper:   RAWG candidate: 'BAD 2 BAD: EXTINCTION' score=0.12380953 (required > 0.4)
02-13 10:11:16.827  3397  3571 E GlyphScraper:   RAWG candidate: 'Mythic Wonders: The Philosopher's Stone' score=0.13846153 (required > 0.4)
02-13 10:11:16.827  3397  3571 E GlyphScraper:   RAWG candidate: 'Persian Nights: Sands of Wonders' score=0.15 (required > 0.4)
02-13 10:11:16.827  3397  3571 E GlyphScraper:   RAWG candidate: 'CatHotel VR: Fur-tual Reality' score=0.18620689 (required > 0.4)
02-13 10:11:16.827  3397  3571 E GlyphScraper:   RAWG candidate: 'That Dragon, Cancer' score=0.030000009 (required > 0.4)
02-13 10:11:16.827  3397  3571 E GlyphScraper:   RAWG candidate: 'Rick's Bad Connection' score=0.23809522 (required > 0.4)
02-13 10:11:16.828  3397  3571 E GlyphScraper:   RAWG candidate: 'Society Fur' score=0.26000002 (required > 0.4)
02-13 10:11:16.829  3397  3571 E GlyphScraper:   rawg -> no match
02-13 10:11:16.829  3397  3571 E GlyphScraper:   No results from any scraper
02-13 10:11:17.035  3397  3506 E GlyphScraper: Scraping: 'Cruis'n USA (U) [!].z64' -> cleaned: 'Cruis'n USA' [n64]
02-13 10:11:17.036  3397  3506 D GlyphScraper:     LibRetro trying: https://thumbnails.libretro.com/Nintendo%20-%20Nintendo%2064/Named_Boxarts/Cruis%27n%20USA.png
02-13 10:11:17.036  3397  3507 E GlyphScraper: Scraping: 'Dark Rift (U) [!].z64' -> cleaned: 'Dark Rift' [n64]
02-13 10:11:17.036  3397  3507 D GlyphScraper:     LibRetro trying: https://thumbnails.libretro.com/Nintendo%20-%20Nintendo%2064/Named_Boxarts/Dark%20Rift.png
02-13 10:11:17.036  3397  3508 E GlyphScraper: Scraping: 'Cruis'n World (U) [!].z64' -> cleaned: 'Cruis'n World' [n64]
02-13 10:11:17.038  3397  3508 D GlyphScraper:     LibRetro trying: https://thumbnails.libretro.com/Nintendo%20-%20Nintendo%2064/Named_Boxarts/Cruis%27n%20World.png
02-13 10:11:17.038  3397  3614 E GlyphScraper: Scraping: 'CyberTiger (U) [!].z64' -> cleaned: 'CyberTiger' [n64]
02-13 10:11:17.038  3397  3614 D GlyphScraper:     LibRetro trying: https://thumbnails.libretro.com/Nintendo%20-%20Nintendo%2064/Named_Boxarts/CyberTiger.png
02-13 10:11:17.224  3397  3508 E GlyphScraper:   libretro -> no match, trying keyed APIs...
02-13 10:11:17.224  3397  3506 E GlyphScraper:   libretro -> no match, trying keyed APIs...
02-13 10:11:17.225  3397  3507 E GlyphScraper:   libretro -> no match, trying keyed APIs...
02-13 10:11:17.232  3397  3614 E GlyphScraper:   libretro -> no match, trying keyed APIs...
02-13 10:11:17.233  3397  3613 E GlyphScraper: Scrapers active: [rawg] (Keys: TGDB=false, RAWG=true, Moby=false)
02-13 10:11:17.235  3397  3689 E GlyphScraper: Scrapers active: [rawg] (Keys: TGDB=false, RAWG=true, Moby=false)
02-13 10:11:17.235  3397  3648 E GlyphScraper: Scrapers active: [rawg] (Keys: TGDB=false, RAWG=true, Moby=false)
02-13 10:11:17.237  3397  3507 E GlyphScraper: Scrapers active: [rawg] (Keys: TGDB=false, RAWG=true, Moby=false)
02-13 10:11:17.640  3397  3507 E GlyphScraper:   RAWG candidate: 'Cyberline Racing' score=0.3 (required > 0.4)
02-13 10:11:17.640  3397  3507 E GlyphScraper:   rawg -> no match
02-13 10:11:17.640  3397  3507 E GlyphScraper:   No results from any scraper
02-13 10:11:17.656  3397  3507 E GlyphScraper:   RAWG candidate: 'KartRider: Drift' score=0.26250002 (required > 0.4)
02-13 10:11:17.656  3397  3507 E GlyphScraper:   RAWG candidate: 'Dark Arcana: The Carnival' score=0.248 (required > 0.4)
02-13 10:11:17.656  3397  3507 E GlyphScraper:   RAWG candidate: 'Tormentum - Dark Sorrow' score=0.25652173 (required > 0.4)
02-13 10:11:17.657  3397  3507 E GlyphScraper:   RAWG candidate: 'Sentinel 4: Dark Star' score=0.22285715 (required > 0.4)
02-13 10:11:17.657  3397  3507 E GlyphScraper:   RAWG candidate: 'League of Legends: Wild Rift' score=0.19523811 (required > 0.4)
02-13 10:11:17.657  3397  3507 E GlyphScraper:   RAWG candidate: 'Boris and the Dark Survival' score=0.22222224 (required > 0.4)
02-13 10:11:17.658  3397  3507 E GlyphScraper:   RAWG candidate: 'Cataclysm: Dark Days Ahead' score=0.19538464 (required > 0.4)
02-13 10:11:17.658  3397  3507 E GlyphScraper:   RAWG candidate: 'Endless Fables 3: Dark Moor' score=0.1777778 (required > 0.4)
02-13 10:11:17.658  3397  3507 E GlyphScraper:   RAWG candidate: 'Dark Heritage: Guardians of Hope' score=0.21666667 (required > 0.4)
02-13 10:11:17.658  3397  3507 E GlyphScraper:   RAWG candidate: 'Dark Fear' score=0.4666667 (required > 0.4)
02-13 10:11:17.669  3397  3614 E GlyphScraper:   RAWG candidate: 'Crush Your Enemies' score=0.13333333 (required > 0.4)
02-13 10:11:17.669  3397  3614 E GlyphScraper:   RAWG candidate: 'Candy Crush Saga' score=0.15 (required > 0.4)
02-13 10:11:17.670  3397  3614 E GlyphScraper:   RAWG candidate: 'Farm Invasion USA - Premium' score=0.25777778 (required > 0.4)
02-13 10:11:17.670  3397  3614 E GlyphScraper:   RAWG candidate: 'Chef Solitaire: USA TriPeaks' score=0.20857146 (required > 0.4)
02-13 10:11:17.670  3397  3614 E GlyphScraper:   RAWG candidate: 'Strategy & Tactics:USSR vs USA' score=0.22000003 (required > 0.4)
02-13 10:11:17.670  3397  3614 E GlyphScraper:   RAWG candidate: 'USA President Fighter - Trump Boxing' score=0.15 (required > 0.4)
02-13 10:11:17.670  3397  3614 E GlyphScraper:   RAWG candidate: 'Farming USA' score=0.40606064 (required > 0.4)
02-13 10:11:17.670  3397  3614 E GlyphScraper:   RAWG candidate: 'Pulling USA' score=0.40606064 (required > 0.4)
02-13 10:11:17.670  3397  3614 E GlyphScraper:   RAWG candidate: 'Zombieville USA' score=0.33333334 (required > 0.4)
02-13 10:11:17.670  3397  3614 E GlyphScraper:   RAWG candidate: 'Hunting USA' score=0.40606064 (required > 0.4)
02-13 10:11:17.681  3397  3612 E GlyphScraper:   RAWG candidate: 'Another World' score=0.4102564 (required > 0.4)
02-13 10:11:17.681  3397  3612 E GlyphScraper:   RAWG candidate: 'Prime World: Defenders' score=0.16363636 (required > 0.4)
02-13 10:11:17.681  3397  3612 E GlyphScraper:   RAWG candidate: 'Rapture - World Conquest' score=0.275 (required > 0.4)
02-13 10:11:17.681  3397  3612 E GlyphScraper:   RAWG candidate: 'World of Goo' score=0.19230768 (required > 0.4)
02-13 10:11:17.681  3397  3612 E GlyphScraper:   RAWG candidate: 'Small World 2' score=0.3179487 (required > 0.4)
02-13 10:11:17.681  3397  3612 E GlyphScraper:   RAWG candidate: 'Pixel Worlds' score=0.27692306 (required > 0.4)
02-13 10:11:17.682  3397  3612 E GlyphScraper:   RAWG candidate: 'Crush Your Enemies' score=0.16666669 (required > 0.4)
02-13 10:11:17.682  3397  3612 E GlyphScraper:   RAWG candidate: 'LEGO Jurassic World' score=0.3526316 (required > 0.4)
02-13 10:11:17.682  3397  3612 E GlyphScraper:   RAWG candidate: 'Prime World: Defenders 2' score=0.15 (required > 0.4)
02-13 10:11:17.682  3397  3612 E GlyphScraper:   RAWG candidate: 'Mini World: Block Art' score=0.114285715 (required > 0.4)
02-13 10:11:17.694  3397  3507 D GlyphScraper:     RAWG match: 'Dark Fear' (screenshot, not box art)
02-13 10:11:17.694  3397  3507 E GlyphScraper:   rawg -> title='Dark Fear' hasImage=true
02-13 10:11:17.709  3397  3614 D GlyphScraper:     RAWG match: 'Farming USA' (screenshot, not box art)
02-13 10:11:17.709  3397  3614 E GlyphScraper:   rawg -> title='Farming USA' hasImage=true
02-13 10:11:17.721  3397  3612 D GlyphScraper:     RAWG match: 'Another World' (screenshot, not box art)
02-13 10:11:17.721  3397  3612 E GlyphScraper:   rawg -> title='Another World' hasImage=true
02-13 10:11:17.926  3397  3610 E GlyphScraper: Scraping: 'Deadly Arts (U) [!].z64' -> cleaned: 'Deadly Arts' [n64]
02-13 10:11:17.927  3397  3610 D GlyphScraper:     LibRetro trying: https://thumbnails.libretro.com/Nintendo%20-%20Nintendo%2064/Named_Boxarts/Deadly%20Arts.png
02-13 10:11:17.927  3397  3508 E GlyphScraper: Scraping: 'Destruction Derby 64 (U) [!].z64' -> cleaned: 'Destruction Derby 64' [n64]
02-13 10:11:17.928  3397  3508 D GlyphScraper:     LibRetro trying: https://thumbnails.libretro.com/Nintendo%20-%20Nintendo%2064/Named_Boxarts/Destruction%20Derby%2064.png
02-13 10:11:17.930  3397  3609 E GlyphScraper: Scraping: 'Diddy Kong Racing (U) [!].z64' -> cleaned: 'Diddy Kong Racing' [n64]
02-13 10:11:17.930  3397  3615 E GlyphScraper: Scraping: 'Diddy Kong Racing (U) (M2) (V1.1) [!].z64' -> cleaned: 'Diddy Kong Racing' [n64]
02-13 10:11:17.931  3397  3609 D GlyphScraper:     LibRetro trying: https://thumbnails.libretro.com/Nintendo%20-%20Nintendo%2064/Named_Boxarts/Diddy%20Kong%20Racing.png
02-13 10:11:17.935  3397  3615 D GlyphScraper:     LibRetro trying: https://thumbnails.libretro.com/Nintendo%20-%20Nintendo%2064/Named_Boxarts/Diddy%20Kong%20Racing.png
02-13 10:11:17.987  3397  3609 E GlyphScraper:   libretro -> no match, trying keyed APIs...
02-13 10:11:17.987  3397  3610 E GlyphScraper:   libretro -> no match, trying keyed APIs...
02-13 10:11:17.989  3397  3508 E GlyphScraper:   libretro -> no match, trying keyed APIs...
02-13 10:11:17.991  3397  3615 E GlyphScraper:   libretro -> no match, trying keyed APIs...
02-13 10:11:17.994  3397  3689 E GlyphScraper: Scrapers active: [rawg] (Keys: TGDB=false, RAWG=true, Moby=false)
02-13 10:11:17.996  3397  3614 E GlyphScraper: Scrapers active: [rawg] (Keys: TGDB=false, RAWG=true, Moby=false)
02-13 10:11:17.998  3397  3618 E GlyphScraper: Scrapers active: [rawg] (Keys: TGDB=false, RAWG=true, Moby=false)
02-13 10:11:18.000  3397  3610 E GlyphScraper: Scrapers active: [rawg] (Keys: TGDB=false, RAWG=true, Moby=false)
02-13 10:11:18.997  3397  3610 E GlyphScraper:   RAWG candidate: 'Destruction Derby' score=0.77666676 (required > 0.4)
02-13 10:11:18.997  3397  3610 E GlyphScraper:   RAWG candidate: 'Creative Destruction' score=0.22 (required > 0.4)
02-13 10:11:18.998  3397  3610 E GlyphScraper:   RAWG candidate: 'Zombie Derby 2' score=0.34 (required > 0.4)
02-13 10:11:18.998  3397  3610 E GlyphScraper:   RAWG candidate: 'Derby Destruction Simulator' score=0.46666664 (required > 0.4)
02-13 10:11:18.998  3397  3610 E GlyphScraper:   RAWG candidate: 'Monster Truck Destruction' score=0.248 (required > 0.4)
02-13 10:11:18.998  3397  3610 E GlyphScraper:   RAWG candidate: 'Horse Racing: Derby Quest' score=0.30666667 (required > 0.4)
02-13 10:11:18.998  3397  3610 E GlyphScraper:   RAWG candidate: 'Demolition Derby: Crash Racing' score=0.24 (required > 0.4)
02-13 10:11:18.998  3397  3610 E GlyphScraper:   RAWG candidate: 'MLB.com Home Run Derby VR' score=0.27314287 (required > 0.4)
02-13 10:11:18.998  3397  3610 E GlyphScraper:   RAWG candidate: 'Path of Destruction: Dragons' score=0.27857146 (required > 0.4)
02-13 10:11:18.998  3397  3610 E GlyphScraper:   RAWG candidate: 'J.E.R.O. (C64) Commodore 64' score=0.22222224 (required > 0.4)
02-13 10:11:19.002  3397  3618 E GlyphScraper:   RAWG candidate: 'Kong Pong v2.0' score=0.2564706 (required > 0.4)
02-13 10:11:19.002  3397  3506 E GlyphScraper:   RAWG candidate: 'Kong Pong v2.0' score=0.2564706 (required > 0.4)
02-13 10:11:19.002  3397  3618 E GlyphScraper:   RAWG candidate: 'Kung Fury: Street Rage' score=0.08181818 (required > 0.4)
02-13 10:11:19.002  3397  3506 E GlyphScraper:   RAWG candidate: 'Kung Fury: Street Rage' score=0.08181818 (required > 0.4)
02-13 10:11:19.002  3397  3618 E GlyphScraper:   RAWG candidate: 'King Oddball' score=0.14117646 (required > 0.4)
02-13 10:11:19.002  3397  3506 E GlyphScraper:   RAWG candidate: 'King Oddball' score=0.14117646 (required > 0.4)
02-13 10:11:19.002  3397  3618 E GlyphScraper:   RAWG candidate: 'The LionÔÇÖs Song' score=0.14117646 (required > 0.4)
02-13 10:11:19.002  3397  3506 E GlyphScraper:   RAWG candidate: 'The LionÔÇÖs Song' score=0.14117646 (required > 0.4)
02-13 10:11:19.002  3397  3618 E GlyphScraper:   RAWG candidate: 'Sonic & All-Stars Racing Transformed' score=0.21666667 (required > 0.4)
02-13 10:11:19.002  3397  3506 E GlyphScraper:   RAWG candidate: 'Sonic & All-Stars Racing Transformed' score=0.21666667 (required > 0.4)
02-13 10:11:19.002  3397  3618 E GlyphScraper:   RAWG candidate: 'Sonic & SEGA All-Stars Racing' score=0.25287357 (required > 0.4)
02-13 10:11:19.003  3397  3506 E GlyphScraper:   RAWG candidate: 'Sonic & SEGA All-Stars Racing' score=0.25287357 (required > 0.4)
02-13 10:11:19.003  3397  3618 E GlyphScraper:   RAWG candidate: 'Cyberline Racing' score=0.38235292 (required > 0.4)
02-13 10:11:19.003  3397  3506 E GlyphScraper:   RAWG candidate: 'Cyberline Racing' score=0.38235292 (required > 0.4)
02-13 10:11:19.003  3397  3618 E GlyphScraper:   RAWG candidate: 'King and Assassins: The Board Game' score=0.105882354 (required > 0.4)
02-13 10:11:19.003  3397  3506 E GlyphScraper:   RAWG candidate: 'King and Assassins: The Board Game' score=0.105882354 (required > 0.4)
02-13 10:11:19.003  3397  3618 E GlyphScraper:   RAWG candidate: 'THE KING OF FIGHTERS '98' score=0.10000002 (required > 0.4)
02-13 10:11:19.003  3397  3506 E GlyphScraper:   RAWG candidate: 'THE KING OF FIGHTERS '98' score=0.10000002 (required > 0.4)
02-13 10:11:19.003  3397  3506 E GlyphScraper:   RAWG candidate: 'King of Dragon Pass' score=0.12631577 (required > 0.4)
02-13 10:11:19.003  3397  3618 E GlyphScraper:   RAWG candidate: 'King of Dragon Pass' score=0.12631577 (required > 0.4)
02-13 10:11:19.004  3397  3506 E GlyphScraper:   rawg -> no match
02-13 10:11:19.004  3397  3506 E GlyphScraper:   No results from any scraper
02-13 10:11:19.004  3397  3618 E GlyphScraper:   rawg -> no match
02-13 10:11:19.004  3397  3618 E GlyphScraper:   No results from any scraper
02-13 10:11:19.011  3397  3618 E GlyphScraper:   RAWG candidate: 'Mini World: Block Art' score=0.14285713 (required > 0.4)
02-13 10:11:19.011  3397  3618 E GlyphScraper:   RAWG candidate: 'Sword Art Online: Integral Factor' score=0.10909092 (required > 0.4)
02-13 10:11:19.012  3397  3618 E GlyphScraper:   RAWG candidate: 'Rusted Warfare - RTS' score=0.18 (required > 0.4)
02-13 10:11:19.012  3397  3618 E GlyphScraper:   RAWG candidate: 'Adventures of Bertram Fiddle: Episode 1: A Dreadly Business' score=0.09152541 (required > 0.4)
02-13 10:11:19.012  3397  3618 E GlyphScraper:   RAWG candidate: 'Dead Space Mobile' score=0.17647058 (required > 0.4)
02-13 10:11:19.012  3397  3618 E GlyphScraper:   RAWG candidate: 'The Walking Dead: Michonne' score=0.09230769 (required > 0.4)
02-13 10:11:19.012  3397  3618 E GlyphScraper:   RAWG candidate: 'The Pirate: Plague of the Dead' score=0.10000002 (required > 0.4)
02-13 10:11:19.012  3397  3618 E GlyphScraper:   RAWG candidate: 'The Walking Dead: Season 1' score=0.11538463 (required > 0.4)
02-13 10:11:19.012  3397  3618 E GlyphScraper:   RAWG candidate: 'The Walking Dead: 400 Days' score=0.13846153 (required > 0.4)
02-13 10:11:19.012  3397  3618 E GlyphScraper:   RAWG candidate: 'The Walking Dead: Season 2' score=0.11538463 (required > 0.4)
02-13 10:11:19.013  3397  3618 E GlyphScraper:   rawg -> no match
02-13 10:11:19.013  3397  3618 E GlyphScraper:   No results from any scraper
02-13 10:11:19.034  3397  3610 D GlyphScraper:     RAWG match: 'Destruction Derby' (screenshot, not box art)
02-13 10:11:19.034  3397  3610 E GlyphScraper:   rawg -> title='Destruction Derby' hasImage=true
02-13 10:11:19.241  3397  3688 E GlyphScraper: Scraping: 'Disney's Donald Duck - Goin' Quackers (U) [!].z64' -> cleaned: 'Disney's Donald Duck Goin' Quackers' [n64]
02-13 10:11:19.242  3397  3618 E GlyphScraper: Scraping: 'Disney's Tarzan (U) [!].z64' -> cleaned: 'Disney's Tarzan' [n64]
02-13 10:11:19.243  3397  3688 D GlyphScraper:     LibRetro trying: https://thumbnails.libretro.com/Nintendo%20-%20Nintendo%2064/Named_Boxarts/Disney%27s%20Donald%20Duck%20Goin%27%20Quackers.png
02-13 10:11:19.243  3397  3618 D GlyphScraper:     LibRetro trying: https://thumbnails.libretro.com/Nintendo%20-%20Nintendo%2064/Named_Boxarts/Disney%27s%20Tarzan.png
02-13 10:11:20.696  3397  3688 E GlyphScraper:   libretro -> no match, trying keyed APIs...
02-13 10:11:20.697  3397  3618 E GlyphScraper:   libretro -> no match, trying keyed APIs...
02-13 10:11:20.706  3397  3615 E GlyphScraper: Scrapers active: [rawg] (Keys: TGDB=false, RAWG=true, Moby=false)
02-13 10:11:20.708  3397  3688 E GlyphScraper: Scrapers active: [rawg] (Keys: TGDB=false, RAWG=true, Moby=false)
02-13 10:11:21.235  3397  3688 E GlyphScraper:   RAWG candidate: 'Disney Dreamlight Valley' score=0.22285713 (required > 0.4)
02-13 10:11:21.235  3397  3688 E GlyphScraper:   RAWG candidate: 'Koin's Coin' score=0.13714285 (required > 0.4)
02-13 10:11:21.236  3397  3688 E GlyphScraper:   RAWG candidate: 'DisneyÔÇóPixar A Bug's Life' score=0.18857142 (required > 0.4)
02-13 10:11:21.236  3397  3688 E GlyphScraper:   RAWG candidate: 'One Deck Dungeon' score=0.15428571 (required > 0.4)
02-13 10:11:21.236  3397  3688 E GlyphScraper:   RAWG candidate: 'Koin's Coin (Chan Yuen Theng)' score=0.13714285 (required > 0.4)
02-13 10:11:21.236  3397  3688 E GlyphScraper:   RAWG candidate: 'Angry Duck's 0.2.8' score=0.12 (required > 0.4)
02-13 10:11:21.236  3397  3688 E GlyphScraper:   RAWG candidate: 'Dunk Dunk (itch)' score=0.15428571 (required > 0.4)
02-13 10:11:21.236  3397  3688 E GlyphScraper:   RAWG candidate: 'Duck Hunting - HD' score=0.16 (required > 0.4)
02-13 10:11:21.236  3397  3688 E GlyphScraper:   RAWG candidate: 'Duck Life: Space' score=0.21142858 (required > 0.4)
02-13 10:11:21.236  3397  3688 E GlyphScraper:   RAWG candidate: 'Duck Life: Battle' score=0.17714286 (required > 0.4)
