02-13 10:10:57.587  3397  3614 E GlyphScraper:   RAWG candidate: 'Kazaki's Adventure' score=0.10000002 (required > 0.4)
02-13 10:10:57.588  3397  3614 E GlyphScraper:   rawg -> no match
02-13 10:10:57.588  3397  3614 E GlyphScraper:   No results from any scraper
02-13 10:10:57.763  3397  3614 E GlyphScraper:   RAWG candidate: 'LEGO Batman 3: Beyond Gotham' score=0.25252524 (required > 0.4)
02-13 10:10:57.763  3397  3614 E GlyphScraper:   RAWG candidate: 'Batman: The Telltale Series' score=0.24444444 (required > 0.4)
02-13 10:10:57.763  3397  3614 E GlyphScraper:   RAWG candidate: 'Batman: Arkham Origins' score=0.16363636 (required > 0.4)
02-13 10:10:57.763  3397  3614 E GlyphScraper:   RAWG candidate: 'Batman: The Enemy Within' score=0.24444444 (required > 0.4)
02-13 10:10:57.763  3397  3614 E GlyphScraper:   RAWG candidate: 'The Dolls: Reborn' score=0.17727272 (required > 0.4)
02-13 10:10:57.764  3397  3614 E GlyphScraper:   RAWG candidate: 'The Secret Order 4: Beyond Time' score=0.20727274 (required > 0.4)
02-13 10:10:57.764  3397  3614 E GlyphScraper:   RAWG candidate: 'Red Comrades 3. Return of Alaska: Reloaded' score=0.287013 (required > 0.4)
02-13 10:10:57.764  3397  3614 E GlyphScraper:   RAWG candidate: 'LEGO Batman 2 DC Super Heroes' score=0.20363636 (required > 0.4)
02-13 10:10:57.764  3397  3614 E GlyphScraper:   RAWG candidate: 'Tibetan Quest: Beyond the World's End' score=0.2583784 (required > 0.4)
02-13 10:10:57.764  3397  3614 E GlyphScraper:   RAWG candidate: 'Behind the Frame: The Finest Scenery' score=0.15666665 (required > 0.4)
02-13 10:10:58.201  3397  3614 E GlyphScraper:   RAWG candidate: 'LEGO Batman 3: Beyond Gotham' score=0.25252524 (required > 0.4)
02-13 10:10:58.201  3397  3614 E GlyphScraper:   RAWG candidate: 'Batman: Arkham Origins' score=0.16363636 (required > 0.4)
02-13 10:10:58.202  3397  3614 E GlyphScraper:   RAWG candidate: 'Batman: The Telltale Series' score=0.24444444 (required > 0.4)
02-13 10:10:58.202  3397  3614 E GlyphScraper:   RAWG candidate: 'Batman: The Enemy Within' score=0.24444444 (required > 0.4)
02-13 10:10:58.202  3397  3614 E GlyphScraper:   RAWG candidate: 'LEGO Batman 2 DC Super Heroes' score=0.20363636 (required > 0.4)
02-13 10:10:58.202  3397  3614 E GlyphScraper:   RAWG candidate: 'The Secret Order 4: Beyond Time' score=0.20727274 (required > 0.4)
02-13 10:10:58.202  3397  3614 E GlyphScraper:   RAWG candidate: 'Beyond Gravity' score=0.22077921 (required > 0.4)
02-13 10:10:58.202  3397  3614 E GlyphScraper:   RAWG candidate: 'Tibetan Quest: Beyond the World's End' score=0.2583784 (required > 0.4)
02-13 10:10:58.202  3397  3614 E GlyphScraper:   RAWG candidate: 'The Dolls: Reborn' score=0.17727272 (required > 0.4)
02-13 10:10:58.203  3397  3614 E GlyphScraper:   RAWG candidate: 'Red Comrades 3. Return of Alaska: Reloaded' score=0.287013 (required > 0.4)
02-13 10:10:58.204  3397  3614 E GlyphScraper:   rawg -> no match
02-13 10:10:58.204  3397  3614 E GlyphScraper:   No results from any scraper
02-13 10:10:58.410  3397  3570 E GlyphScraper: Scraping: 'Beetle Adventure Racing! (U) (M3) [!].z64' -> cleaned: 'Beetle Adventure Racing!' [n64]
02-13 10:10:58.411  3397  3610 E GlyphScraper: Scraping: 'BattleTanx (U) [!].z64' -> cleaned: 'BattleTanx' [n64]
02-13 10:10:58.411  3397  3610 D GlyphScraper:     LibRetro trying: https://thumbnails.libretro.com/Nintendo%20-%20Nintendo%2064/Named_Boxarts/BattleTanx.png
02-13 10:10:58.411  3397  3570 D GlyphScraper:     LibRetro trying: https://thumbnails.libretro.com/Nintendo%20-%20Nintendo%2064/Named_Boxarts/Beetle%20Adventure%20Racing%21.png
02-13 10:10:58.412  3397  3515 E GlyphScraper: Scraping: 'BattleTanx - Global Assault (U) [!].z64' -> cleaned: 'BattleTanx Global Assault' [n64]
02-13 10:10:58.413  3397  3515 D GlyphScraper:     LibRetro trying: https://thumbnails.libretro.com/Nintendo%20-%20Nintendo%2064/Named_Boxarts/BattleTanx%20Global%20Assault.png
02-13 10:10:58.413  3397  3658 E GlyphScraper: Scraping: 'Battlezone - Rise of the Black Dogs (U) [!].z64' -> cleaned: 'Battlezone Rise of the Black Dogs' [n64]
02-13 10:10:58.414  3397  3658 D GlyphScraper:     LibRetro trying: https://thumbnails.libretro.com/Nintendo%20-%20Nintendo%2064/Named_Boxarts/Battlezone%20Rise%20of%20the%20Black%20Dogs.png
02-13 10:10:58.688  3397  3515 E GlyphScraper:   libretro -> no match, trying keyed APIs...
02-13 10:10:58.689  3397  3610 E GlyphScraper:   libretro -> no match, trying keyed APIs...
02-13 10:10:58.691  3397  3658 D GlyphScraper:     LibRetro trying: https://thumbnails.libretro.com/Nintendo%20-%20Nintendo%2064/Named_Boxarts/Battlezone%20Rise%20Of%20The%20Black%20Dogs.png
02-13 10:10:58.695  3397  3570 E GlyphScraper:   libretro -> no match, trying keyed APIs...
02-13 10:10:58.696  3397  3613 E GlyphScraper: Scrapers active: [rawg] (Keys: TGDB=false, RAWG=true, Moby=false)
02-13 10:10:58.699  3397  3514 E GlyphScraper: Scrapers active: [rawg] (Keys: TGDB=false, RAWG=true, Moby=false)
02-13 10:10:58.700  3397  3618 E GlyphScraper: Scrapers active: [rawg] (Keys: TGDB=false, RAWG=true, Moby=false)
02-13 10:10:58.742  3397  3658 E GlyphScraper:   libretro -> no match, trying keyed APIs...
02-13 10:10:58.747  3397  3614 E GlyphScraper: Scrapers active: [rawg] (Keys: TGDB=false, RAWG=true, Moby=false)
02-13 10:10:59.107  3397  3614 E GlyphScraper:   RAWG candidate: 'BattleTanks' score=0.4909091 (required > 0.4)
02-13 10:10:59.108  3397  3614 E GlyphScraper:   RAWG candidate: 'BattleHand' score=0.48000002 (required > 0.4)
02-13 10:10:59.108  3397  3614 E GlyphScraper:   RAWG candidate: 'BattleTanks Full' score=0.3375 (required > 0.4)
02-13 10:10:59.108  3397  3614 E GlyphScraper:   RAWG candidate: 'Battlelands Royale' score=0.26666665 (required > 0.4)
02-13 10:10:59.112  3397  3508 E GlyphScraper:   RAWG candidate: 'RISK: Global Domination' score=0.224 (required > 0.4)
02-13 10:10:59.113  3397  3508 E GlyphScraper:   RAWG candidate: 'SAS: Zombie Assault 4' score=0.29600003 (required > 0.4)
02-13 10:10:59.113  3397  3508 E GlyphScraper:   RAWG candidate: 'War Planet Online: Global Conquest' score=0.32184875 (required > 0.4)
02-13 10:10:59.113  3397  3508 E GlyphScraper:   RAWG candidate: 'BattleTanks' score=0.24 (required > 0.4)
02-13 10:10:59.113  3397  3508 E GlyphScraper:   RAWG candidate: 'BattleHand' score=0.192 (required > 0.4)
02-13 10:10:59.113  3397  3508 E GlyphScraper:   RAWG candidate: 'Forward Assault' score=0.316 (required > 0.4)
02-13 10:10:59.113  3397  3508 E GlyphScraper:   RAWG candidate: 'Global Defense: Aliens' score=0.17600003 (required > 0.4)
02-13 10:10:59.113  3397  3508 E GlyphScraper:   RAWG candidate: 'Crossing Void - Global' score=0.17600003 (required > 0.4)
02-13 10:10:59.113  3397  3508 E GlyphScraper:   RAWG candidate: 'Armored Warfare: Assault' score=0.29600003 (required > 0.4)
02-13 10:10:59.113  3397  3508 E GlyphScraper:   RAWG candidate: 'Northern Guard: Assault' score=0.39200002 (required > 0.4)
02-13 10:10:59.115  3397  3508 E GlyphScraper:   rawg -> no match
02-13 10:10:59.115  3397  3508 E GlyphScraper:   No results from any scraper
02-13 10:10:59.118  3397  3508 E GlyphScraper:   RAWG candidate: 'Alto's Adventure' score=0.35000002 (required > 0.4)
02-13 10:10:59.118  3397  3508 E GlyphScraper:   RAWG candidate: 'Little Big Adventure' score=0.305 (required > 0.4)
02-13 10:10:59.118  3397  3508 E GlyphScraper:   RAWG candidate: 'Sonic & All-Stars Racing Transformed' score=0.18333335 (required > 0.4)
02-13 10:10:59.119  3397  3508 E GlyphScraper:   RAWG candidate: 'Grand Mountain Adventure: Wonderlands' score=0.21081084 (required > 0.4)
02-13 10:10:59.119  3397  3508 E GlyphScraper:   RAWG candidate: 'Sonic & SEGA All-Stars Racing' score=0.22758622 (required > 0.4)
02-13 10:10:59.119  3397  3508 E GlyphScraper:   RAWG candidate: 'Cyberline Racing' score=0.25000003 (required > 0.4)
02-13 10:10:59.119  3397  3508 E GlyphScraper:   RAWG candidate: 'Drop Hunt - Adventure Puzzle' score=0.30238095 (required > 0.4)
02-13 10:10:59.119  3397  3508 E GlyphScraper:   RAWG candidate: 'Tap Adventure: Time Travel' score=0.20769233 (required > 0.4)
02-13 10:10:59.119  3397  3508 E GlyphScraper:   RAWG candidate: 'Demetrios - The BIG Cynical Adventure' score=0.1868726 (required > 0.4)
02-13 10:10:59.120  3397  3508 E GlyphScraper:   RAWG candidate: 'My Hunting Adventure Time v1.26' score=0.28940094 (required > 0.4)
02-13 10:10:59.120  3397  3610 E GlyphScraper:   RAWG candidate: 'Heroes Rise: The Prodigy' score=0.29898992 (required > 0.4)
02-13 10:10:59.120  3397  3610 E GlyphScraper:   RAWG candidate: 'The Beggar's Ride' score=0.15909092 (required > 0.4)
02-13 10:10:59.120  3397  3610 E GlyphScraper:   RAWG candidate: 'Spider: Rite of the Shrouded Moon' score=0.29818183 (required > 0.4)
02-13 10:10:59.120  3397  3610 E GlyphScraper:   RAWG candidate: 'Kingmaker: Rise to the Throne' score=0.30707073 (required > 0.4)
02-13 10:10:59.120  3397  3610 E GlyphScraper:   RAWG candidate: '1979 Revolution: Black Friday' score=0.189899 (required > 0.4)
02-13 10:10:59.120  3397  3610 E GlyphScraper:   RAWG candidate: 'Ticket to Ride' score=0.10909092 (required > 0.4)
02-13 10:10:59.121  3397  3610 E GlyphScraper:   RAWG candidate: 'Block Story Free' score=0.12727273 (required > 0.4)
02-13 10:10:59.121  3397  3610 E GlyphScraper:   RAWG candidate: 'The Rise of the Golden Idol' score=0.45909092 (required > 0.4)
02-13 10:10:59.121  3397  3508 E GlyphScraper:   rawg -> no match
02-13 10:10:59.121  3397  3610 E GlyphScraper:   RAWG candidate: 'Myths of the World: Black Rose (Full)' score=0.2821622 (required > 0.4)
02-13 10:10:59.121  3397  3508 E GlyphScraper:   No results from any scraper
02-13 10:10:59.121  3397  3610 E GlyphScraper:   RAWG candidate: 'RISK: Global Domination' score=0.07272728 (required > 0.4)
02-13 10:10:59.147  3397  3614 D GlyphScraper:     RAWG match: 'BattleTanks' (screenshot, not box art)
02-13 10:10:59.147  3397  3614 E GlyphScraper:   rawg -> title='BattleTanks' hasImage=true
02-13 10:10:59.171  3397  3610 D GlyphScraper:     RAWG match: 'The Rise of the Golden Idol' (screenshot, not box art)
02-13 10:10:59.171  3397  3610 E GlyphScraper:   rawg -> title='The Rise of the Golden Idol' hasImage=true
02-13 10:10:59.378  3397  3506 E GlyphScraper: Scraping: 'Beetle Adventure Racing! (U) [!].z64' -> cleaned: 'Beetle Adventure Racing!' [n64]
02-13 10:10:59.378  3397  3507 E GlyphScraper: Scraping: 'Blast Corps (U) (V1.0) [!].z64' -> cleaned: 'Blast Corps' [n64]
02-13 10:10:59.378  3397  3506 D GlyphScraper:     LibRetro trying: https://thumbnails.libretro.com/Nintendo%20-%20Nintendo%2064/Named_Boxarts/Beetle%20Adventure%20Racing%21.png
02-13 10:10:59.379  3397  3658 E GlyphScraper: Scraping: 'Big Mountain 2000 (U) [!].z64' -> cleaned: 'Big Mountain 2000' [n64]
02-13 10:10:59.379  3397  3658 D GlyphScraper:     LibRetro trying: https://thumbnails.libretro.com/Nintendo%20-%20Nintendo%2064/Named_Boxarts/Big%20Mountain%202000.png
02-13 10:10:59.380  3397  3610 E GlyphScraper: Scraping: 'Bio F.R.E.A.K.S. (U) [!].z64' -> cleaned: 'Bio F R E A K S' [n64]
02-13 10:10:59.380  3397  3610 D GlyphScraper:     LibRetro trying: https://thumbnails.libretro.com/Nintendo%20-%20Nintendo%2064/Named_Boxarts/Bio%20F%20R%20E%20A%20K%20S.png
02-13 10:10:59.380  3397  3507 D GlyphScraper:     LibRetro trying: https://thumbnails.libretro.com/Nintendo%20-%20Nintendo%2064/Named_Boxarts/Blast%20Corps.png
02-13 10:10:59.440  3397  3506 E GlyphScraper:   libretro -> no match, trying keyed APIs...
02-13 10:10:59.440  3397  3658 E GlyphScraper:   libretro -> no match, trying keyed APIs...
02-13 10:10:59.440  3397  3610 E GlyphScraper:   libretro -> no match, trying keyed APIs...
02-13 10:10:59.441  3397  3507 E GlyphScraper:   libretro -> no match, trying keyed APIs...
02-13 10:10:59.444  3397  3614 E GlyphScraper: Scrapers active: [rawg] (Keys: TGDB=false, RAWG=true, Moby=false)
02-13 10:10:59.446  3397  3613 E GlyphScraper: Scrapers active: [rawg] (Keys: TGDB=false, RAWG=true, Moby=false)
02-13 10:10:59.449  3397  3688 E GlyphScraper: Scrapers active: [rawg] (Keys: TGDB=false, RAWG=true, Moby=false)
02-13 10:10:59.450  3397  3592 E GlyphScraper: Scrapers active: [rawg] (Keys: TGDB=false, RAWG=true, Moby=false)
02-13 10:11:01.738  3397  3689 E GlyphScraper:   RAWG candidate: 'Bio Inc. Redemption' score=0.354386 (required > 0.4)
02-13 10:11:01.738  3397  3689 E GlyphScraper:   RAWG candidate: 'BiO-project' score=0.16 (required > 0.4)
02-13 10:11:01.738  3397  3689 E GlyphScraper:   RAWG candidate: 'Bio-Rage' score=0.2 (required > 0.4)
02-13 10:11:01.738  3397  3689 E GlyphScraper:   RAWG candidate: 'Oswald A-R [fnaf A-R fnagame]' score=0.12413793 (required > 0.4)
02-13 10:11:01.738  3397  3689 E GlyphScraper:   RAWG candidate: 'T O W E R - 8 0' score=0.0 (required > 0.4)
02-13 10:11:01.738  3397  3689 E GlyphScraper:   RAWG candidate: 'f 2.0' score=0.08 (required > 0.4)
02-13 10:11:01.739  3397  3689 E GlyphScraper:   RAWG candidate: 'F-REX' score=0.12 (required > 0.4)
02-13 10:11:01.739  3397  3689 E GlyphScraper:   RAWG candidate: 'F-Goat' score=0.08 (required > 0.4)
02-13 10:11:01.739  3397  3689 E GlyphScraper:   RAWG candidate: 'F-5' score=0.04 (required > 0.4)
02-13 10:11:01.739  3397  3689 E GlyphScraper:   RAWG candidate: 'Bio Inc - Biomedical Plague' score=0.3 (required > 0.4)
02-13 10:11:01.744  3397  3592 E GlyphScraper:   RAWG candidate: 'Grand Mountain Adventure: Wonderlands' score=0.22882885 (required > 0.4)
02-13 10:11:01.744  3397  3592 E GlyphScraper:   RAWG candidate: 'Skyland: Heart of the Mountain' score=0.13714287 (required > 0.4)
02-13 10:11:01.745  3397  3592 E GlyphScraper:   RAWG candidate: 'Little Big Adventure' score=0.14000002 (required > 0.4)
02-13 10:11:01.745  3397  3592 E GlyphScraper:   RAWG candidate: 'Demetrios - The BIG Cynical Adventure' score=0.13822393 (required > 0.4)
02-13 10:11:01.745  3397  3592 E GlyphScraper:   RAWG candidate: 'Agricola: All Creatures Big and Small' score=0.14729732 (required > 0.4)
02-13 10:11:01.745  3397  3592 E GlyphScraper:   RAWG candidate: 'The Big Journey' score=0.18588236 (required > 0.4)
02-13 10:11:01.745  3397  3592 E GlyphScraper:   RAWG candidate: 'SimCity 3000' score=0.24705882 (required > 0.4)
02-13 10:11:01.745  3397  3612 E GlyphScraper:   RAWG candidate: 'Alto's Adventure' score=0.35000002 (required > 0.4)
02-13 10:11:01.745  3397  3612 E GlyphScraper:   RAWG candidate: 'Little Big Adventure' score=0.305 (required > 0.4)
02-13 10:11:01.745  3397  3592 E GlyphScraper:   RAWG candidate: 'Big Action Mega Fight!' score=0.23030302 (required > 0.4)
02-13 10:11:01.745  3397  3612 E GlyphScraper:   RAWG candidate: 'Sonic & All-Stars Racing Transformed' score=0.18333335 (required > 0.4)
02-13 10:11:01.746  3397  3592 E GlyphScraper:   RAWG candidate: 'eFootball PES 2020' score=0.13333333 (required > 0.4)
02-13 10:11:01.746  3397  3612 E GlyphScraper:   RAWG candidate: 'Grand Mountain Adventure: Wonderlands' score=0.21081084 (required > 0.4)
02-13 10:11:01.746  3397  3592 E GlyphScraper:   RAWG candidate: 'Resident Evil 4 (2005)' score=0.16363636 (required > 0.4)
02-13 10:11:01.746  3397  3612 E GlyphScraper:   RAWG candidate: 'Sonic & SEGA All-Stars Racing' score=0.22758622 (required > 0.4)
02-13 10:11:01.746  3397  3612 E GlyphScraper:   RAWG candidate: 'Cyberline Racing' score=0.25000003 (required > 0.4)
02-13 10:11:01.746  3397  3612 E GlyphScraper:   RAWG candidate: 'Drop Hunt - Adventure Puzzle' score=0.30238095 (required > 0.4)
02-13 10:11:01.746  3397  3612 E GlyphScraper:   RAWG candidate: 'Tap Adventure: Time Travel' score=0.20769233 (required > 0.4)
02-13 10:11:01.746  3397  3612 E GlyphScraper:   RAWG candidate: 'Demetrios - The BIG Cynical Adventure' score=0.1868726 (required > 0.4)
02-13 10:11:01.746  3397  3612 E GlyphScraper:   RAWG candidate: 'My Hunting Adventure Time v1.26' score=0.28940094 (required > 0.4)
02-13 10:11:01.748  3397  3612 E GlyphScraper:   rawg -> no match
02-13 10:11:01.748  3397  3612 E GlyphScraper:   No results from any scraper
02-13 10:11:01.748  3397  3592 E GlyphScraper:   rawg -> no match
02-13 10:11:01.748  3397  3592 E GlyphScraper:   No results from any scraper
02-13 10:11:01.752  3397  3592 E GlyphScraper:   RAWG candidate: 'Corpse Party: Blood Drive' score=0.12 (required > 0.4)
02-13 10:11:01.752  3397  3592 E GlyphScraper:   RAWG candidate: 'Doomsday: Last Survivors' score=0.17500001 (required > 0.4)
02-13 10:11:01.752  3397  3592 E GlyphScraper:   RAWG candidate: 'Candy Blast' score=0.18787879 (required > 0.4)
02-13 10:11:01.752  3397  3592 E GlyphScraper:   RAWG candidate: 'Altered Beast (1988)' score=0.15 (required > 0.4)
02-13 10:11:01.752  3397  3592 E GlyphScraper:   RAWG candidate: 'Almightree: The Last Dreamer' score=0.10714284 (required > 0.4)
02-13 10:11:01.752  3397  3592 E GlyphScraper:   RAWG candidate: 'The Last Door - Collector's Edition' score=0.15428571 (required > 0.4)
02-13 10:11:01.752  3397  3592 E GlyphScraper:   RAWG candidate: 'Last Horizon' score=0.3 (required > 0.4)
02-13 10:11:01.753  3397  3592 E GlyphScraper:   RAWG candidate: 'The Inner World: The Last Wind Monk' score=0.08571428 (required > 0.4)
02-13 10:11:01.753  3397  3592 E GlyphScraper:   RAWG candidate: 'The Last Warlock' score=0.22500001 (required > 0.4)
02-13 10:11:01.753  3397  3592 E GlyphScraper:   RAWG candidate: 'The Last Express' score=0.26250002 (required > 0.4)
02-13 10:11:01.754  3397  3592 E GlyphScraper:   rawg -> no match
02-13 10:11:01.754  3397  3592 E GlyphScraper:   No results from any scraper
02-13 10:11:01.977  3397  3592 E GlyphScraper:   RAWG candidate: 'Bio Inc. Redemption' score=0.354386 (required > 0.4)
02-13 10:11:01.978  3397  3592 E GlyphScraper:   RAWG candidate: 'BiO-project' score=0.16 (required > 0.4)
02-13 10:11:01.978  3397  3592 E GlyphScraper:   RAWG candidate: 'Bio-Rage' score=0.2 (required > 0.4)
02-13 10:11:01.978  3397  3592 E GlyphScraper:   RAWG candidate: 'Bio Inc - Biomedical Plague' score=0.3 (required > 0.4)
02-13 10:11:01.978  3397  3592 E GlyphScraper:   RAWG candidate: 'Bio Inc. - Biomedical Plague' score=0.29285717 (required > 0.4)
02-13 10:11:01.978  3397  3592 E GlyphScraper:   RAWG candidate: 'Bio Managment' score=0.36 (required > 0.4)
02-13 10:11:01.979  3397  3592 E GlyphScraper:   RAWG candidate: 'N64 Bios' score=0.08 (required > 0.4)
02-13 10:11:01.981  3397  3592 E GlyphScraper:   rawg -> no match
02-13 10:11:01.981  3397  3592 E GlyphScraper:   No results from any scraper
02-13 10:11:02.187  3397  3618 E GlyphScraper: Scraping: 'Blast Corps (U) [!].z64' -> cleaned: 'Blast Corps' [n64]
02-13 10:11:02.188  3397  3618 D GlyphScraper:     LibRetro trying: https://thumbnails.libretro.com/Nintendo%20-%20Nintendo%2064/Named_Boxarts/Blast%20Corps.png
02-13 10:11:02.188  3397  3506 E GlyphScraper: Scraping: 'Bomberman 64 - The Second Attack! (U) [!].z64' -> cleaned: 'Bomberman 64 The Second Attack!' [n64]
02-13 10:11:02.188  3397  3506 D GlyphScraper:     LibRetro trying: https://thumbnails.libretro.com/Nintendo%20-%20Nintendo%2064/Named_Boxarts/Bomberman%2064%20The%20Second%20Attack%21.png
02-13 10:11:02.188  3397  3508 E GlyphScraper: Scraping: 'Blues Brothers 2000 (U) [!].z64' -> cleaned: 'Blues Brothers 2000' [n64]
02-13 10:11:02.188  3397  3688 E GlyphScraper: Scraping: 'Body Harvest (U) [!].z64' -> cleaned: 'Body Harvest' [n64]
02-13 10:11:02.189  3397  3688 D GlyphScraper:     LibRetro trying: https://thumbnails.libretro.com/Nintendo%20-%20Nintendo%2064/Named_Boxarts/Body%20Harvest.png
02-13 10:11:02.189  3397  3508 D GlyphScraper:     LibRetro trying: https://thumbnails.libretro.com/Nintendo%20-%20Nintendo%2064/Named_Boxarts/Blues%20Brothers%202000.png
02-13 10:11:02.273  3397  3688 E GlyphScraper:   libretro -> no match, trying keyed APIs...
02-13 10:11:02.273  3397  3618 E GlyphScraper:   libretro -> no match, trying keyed APIs...
02-13 10:11:02.273  3397  3506 E GlyphScraper:   libretro -> no match, trying keyed APIs...
02-13 10:11:02.278  3397  3514 E GlyphScraper: Scrapers active: [rawg] (Keys: TGDB=false, RAWG=true, Moby=false)
02-13 10:11:02.279  3397  3508 E GlyphScraper:   libretro -> no match, trying keyed APIs...
02-13 10:11:02.280  3397  3648 E GlyphScraper: Scrapers active: [rawg] (Keys: TGDB=false, RAWG=true, Moby=false)
02-13 10:11:02.284  3397  3648 E GlyphScraper: Scrapers active: [rawg] (Keys: TGDB=false, RAWG=true, Moby=false)
02-13 10:11:02.285  3397  3689 E GlyphScraper: Scrapers active: [rawg] (Keys: TGDB=false, RAWG=true, Moby=false)
02-13 10:11:02.795  3397  3689 E GlyphScraper:   RAWG candidate: 'Corpse Party: Blood Drive' score=0.12 (required > 0.4)
02-13 10:11:02.795  3397  3689 E GlyphScraper:   RAWG candidate: 'Doomsday: Last Survivors' score=0.17500001 (required > 0.4)
02-13 10:11:02.795  3397  3689 E GlyphScraper:   RAWG candidate: 'Candy Blast' score=0.18787879 (required > 0.4)
02-13 10:11:02.795  3397  3689 E GlyphScraper:   RAWG candidate: 'Altered Beast (1988)' score=0.15 (required > 0.4)
02-13 10:11:02.796  3397  3689 E GlyphScraper:   RAWG candidate: 'Almightree: The Last Dreamer' score=0.10714284 (required > 0.4)
02-13 10:11:02.796  3397  3689 E GlyphScraper:   RAWG candidate: 'The Last Door - Collector's Edition' score=0.15428571 (required > 0.4)
02-13 10:11:02.796  3397  3689 E GlyphScraper:   RAWG candidate: 'Last Horizon' score=0.3 (required > 0.4)
02-13 10:11:02.796  3397  3689 E GlyphScraper:   RAWG candidate: 'The Inner World: The Last Wind Monk' score=0.08571428 (required > 0.4)
02-13 10:11:02.796  3397  3689 E GlyphScraper:   RAWG candidate: 'The Last Warlock' score=0.22500001 (required > 0.4)
02-13 10:11:02.796  3397  3689 E GlyphScraper:   RAWG candidate: 'The Last Express' score=0.26250002 (required > 0.4)
02-13 10:11:02.797  3397  3689 E GlyphScraper:   rawg -> no match
02-13 10:11:02.797  3397  3689 E GlyphScraper:   No results from any scraper
02-13 10:11:02.801  3397  3689 E GlyphScraper:   RAWG candidate: 'Harvest Moon: Light of Hope' score=0.13333333 (required > 0.4)
02-13 10:11:02.802  3397  3689 E GlyphScraper:   RAWG candidate: 'A Boy and His Blob' score=0.13333333 (required > 0.4)
02-13 10:11:02.802  3397  3689 E GlyphScraper:   RAWG candidate: 'Orchard: Harvest Season' score=0.33478263 (required > 0.4)
02-13 10:11:02.802  3397  3689 E GlyphScraper:   RAWG candidate: 'FarmVille: Harvest Swap' score=0.30869564 (required > 0.4)
02-13 10:11:02.802  3397  3689 E GlyphScraper:   RAWG candidate: 'Spooky's First Harvest' score=0.37272727 (required > 0.4)
02-13 10:11:02.802  3397  3689 E GlyphScraper:   RAWG candidate: 'Boda - Boda madness' score=0.22105266 (required > 0.4)
02-13 10:11:02.802  3397  3689 E GlyphScraper:   RAWG candidate: 'Body Parts Adventure: Discover body secret' score=0.22380954 (required > 0.4)
02-13 10:11:02.802  3397  3689 E GlyphScraper:   RAWG candidate: 'Solitaire - Grand Harvest' score=0.316 (required > 0.4)
02-13 10:11:02.802  3397  3689 E GlyphScraper:   RAWG candidate: 'HARVEST GIRLS:GARDEN ASSAULT' score=0.22857144 (required > 0.4)
02-13 10:11:02.802  3397  3689 E GlyphScraper:   RAWG candidate: 'Boris and the Dark Survival' score=0.15555558 (required > 0.4)
02-13 10:11:02.804  3397  3689 E GlyphScraper:   rawg -> no match
02-13 10:11:02.804  3397  3689 E GlyphScraper:   No results from any scraper
02-13 10:11:03.113  3397  3689 E GlyphScraper:   RAWG candidate: 'Timberman' score=0.13548389 (required > 0.4)
02-13 10:11:03.113  3397  3689 E GlyphScraper:   RAWG candidate: 'Serious Sam: Kamikaze Attack!' score=0.2435484 (required > 0.4)
02-13 10:11:03.113  3397  3689 E GlyphScraper:   RAWG candidate: 'Second Galaxy' score=0.22150537 (required > 0.4)
02-13 10:11:03.113  3397  3689 E GlyphScraper:   RAWG candidate: '60 Seconds!' score=0.17419356 (required > 0.4)
02-13 10:11:03.113  3397  3689 E GlyphScraper:   RAWG candidate: 'The Secret Order 4: Beyond Time' score=0.15612903 (required > 0.4)
02-13 10:11:03.113  3397  3689 E GlyphScraper:   RAWG candidate: 'iBomber Attack' score=0.23225807 (required > 0.4)
02-13 10:11:03.113  3397  3689 E GlyphScraper:   RAWG candidate: 'Tibetan Quest: Beyond the World's End' score=0.18594594 (required > 0.4)
02-13 10:11:03.114  3397  3689 E GlyphScraper:   RAWG candidate: 'LEGO Batman 3: Beyond Gotham' score=0.21290325 (required > 0.4)
02-13 10:11:03.114  3397  3689 E GlyphScraper:   RAWG candidate: 'Stack' score=0.09677421 (required > 0.4)
02-13 10:11:03.114  3397  3689 E GlyphScraper:   RAWG candidate: 'Beyond Gravity' score=0.11612903 (required > 0.4)
02-13 10:11:03.114  3397  3648 E GlyphScraper:   RAWG candidate: 'No Clue - Of Brother Blue' score=0.264 (required > 0.4)
02-13 10:11:03.114  3397  3648 E GlyphScraper:   RAWG candidate: 'Brothers: A Tale of Two Sons' score=0.12857145 (required > 0.4)
02-13 10:11:03.114  3397  3648 E GlyphScraper:   RAWG candidate: 'Pilot Brothers' score=0.38421053 (required > 0.4)
02-13 10:11:03.114  3397  3648 E GlyphScraper:   RAWG candidate: 'Pilot Brothers 2' score=0.4473684 (required > 0.4)
02-13 10:11:03.115  3397  3648 E GlyphScraper:   RAWG candidate: 'Pilot Brothers 3: Back Side of the Earth' score=0.19000001 (required > 0.4)
02-13 10:11:03.115  3397  3648 E GlyphScraper:   RAWG candidate: 'Always The Same Blue Sky...' score=0.11111112 (required > 0.4)
02-13 10:11:03.115  3397  3648 E GlyphScraper:   RAWG candidate: 'My Brother Rabbit' score=0.22105266 (required > 0.4)
02-13 10:11:03.115  3397  3648 E GlyphScraper:   RAWG candidate: '9 Clues 2: The Ward' score=0.22105266 (required > 0.4)
02-13 10:11:03.115  3397  3648 E GlyphScraper:   RAWG candidate: 'Blue Archive' score=0.22105266 (required > 0.4)
02-13 10:11:03.115  3397  3648 E GlyphScraper:   RAWG candidate: '9 Clues: The Secret of Serpent Creek' score=0.16666669 (required > 0.4)
02-13 10:11:03.168  3397  3648 D GlyphScraper:     RAWG match: 'Pilot Brothers 2' (screenshot, not box art)
02-13 10:11:03.168  3397  3648 E GlyphScraper:   rawg -> title='Pilot Brothers 2' hasImage=true
02-13 10:11:05.974  3397  3689 E GlyphScraper:   RAWG candidate: 'Timberman' score=0.13548389 (required > 0.4)
02-13 10:11:05.975  3397  3689 E GlyphScraper:   RAWG candidate: 'The Bottom of the Well' score=0.18548389 (required > 0.4)
02-13 10:11:05.975  3397  3689 E GlyphScraper:   RAWG candidate: 'The Graveyard' score=0.16344088 (required > 0.4)
02-13 10:11:05.975  3397  3689 E GlyphScraper:   RAWG candidate: 'The Mooseman' score=0.1827957 (required > 0.4)
02-13 10:11:05.975  3397  3689 E GlyphScraper:   RAWG candidate: 'Hold the Line: The American Revolution' score=0.20233919 (required > 0.4)
02-13 10:11:05.975  3397  3689 E GlyphScraper:   RAWG candidate: 'Behind the Frame: The Finest Scenery' score=0.17777777 (required > 0.4)
02-13 10:11:05.975  3397  3689 E GlyphScraper:   RAWG candidate: 'The Pirate: Plague of the Dead' score=0.1218638 (required > 0.4)
02-13 10:11:05.975  3397  3689 E GlyphScraper:   RAWG candidate: 'Nuts!: The Battle of the Bulge' score=0.1218638 (required > 0.4)
02-13 10:11:05.976  3397  3689 E GlyphScraper:   RAWG candidate: 'The Adventures of Tintin: The Game' score=0.11503267 (required > 0.4)
02-13 10:11:05.976  3397  3689 E GlyphScraper:   RAWG candidate: 'The Inner World: The Last Wind Monk' score=0.19428572 (required > 0.4)
02-13 10:11:05.977  3397  3689 E GlyphScraper:   rawg -> no match
02-13 10:11:05.977  3397  3689 E GlyphScraper:   No results from any scraper
02-13 10:11:06.184  3397  3508 E GlyphScraper: Scraping: 'Bomberman 64 (U) [b1].z64' -> cleaned: 'Bomberman 64' [n64]
02-13 10:11:06.184  3397  3592 E GlyphScraper: Scraping: 'Bottom of the 9th (U) [!].z64' -> cleaned: 'Bottom of the 9th' [n64]
02-13 10:11:06.185  3397  3508 D GlyphScraper:     LibRetro trying: https://thumbnails.libretro.com/Nintendo%20-%20Nintendo%2064/Named_Boxarts/Bomberman%2064.png
02-13 10:11:06.185  3397  3592 D GlyphScraper:     LibRetro trying: https://thumbnails.libretro.com/Nintendo%20-%20Nintendo%2064/Named_Boxarts/Bottom%20of%20the%209th.png
02-13 10:11:06.186  3397  3611 E GlyphScraper: Scraping: 'Bomberman Hero (U) [!].z64' -> cleaned: 'Bomberman Hero' [n64]
02-13 10:11:06.186  3397  3611 D GlyphScraper:     LibRetro trying: https://thumbnails.libretro.com/Nintendo%20-%20Nintendo%2064/Named_Boxarts/Bomberman%20Hero.png
02-13 10:11:06.188  3397  3648 E GlyphScraper: Scraping: 'Bomberman 64 (U) [!].z64' -> cleaned: 'Bomberman 64' [n64]
02-13 10:11:06.188  3397  3648 D GlyphScraper:     LibRetro trying: https://thumbnails.libretro.com/Nintendo%20-%20Nintendo%2064/Named_Boxarts/Bomberman%2064.png
02-13 10:11:06.369  3397  3611 E GlyphScraper:   libretro -> no match, trying keyed APIs...
02-13 10:11:06.369  3397  3508 E GlyphScraper:   libretro -> no match, trying keyed APIs...
02-13 10:11:06.370  3397  3648 E GlyphScraper:   libretro -> no match, trying keyed APIs...
02-13 10:11:06.372  3397  3592 D GlyphScraper:     LibRetro trying: https://thumbnails.libretro.com/Nintendo%20-%20Nintendo%2064/Named_Boxarts/Bottom%20Of%20The%209th.png
02-13 10:11:06.377  3397  3506 E GlyphScraper: Scrapers active: [rawg] (Keys: TGDB=false, RAWG=true, Moby=false)
02-13 10:11:06.377  3397  3514 E GlyphScraper: Scrapers active: [rawg] (Keys: TGDB=false, RAWG=true, Moby=false)
02-13 10:11:06.381  3397  3658 E GlyphScraper: Scrapers active: [rawg] (Keys: TGDB=false, RAWG=true, Moby=false)
02-13 10:11:06.472  3397  3592 E GlyphScraper:   libretro -> no match, trying keyed APIs...
02-13 10:11:06.477  3397  3689 E GlyphScraper: Scrapers active: [rawg] (Keys: TGDB=false, RAWG=true, Moby=false)
02-13 10:11:06.689  3397  3689 E GlyphScraper:   RAWG candidate: 'Timberman' score=0.35000002 (required > 0.4)
02-13 10:11:06.689  3397  3689 E GlyphScraper:   RAWG candidate: 'J.E.R.O. (C64) Commodore 64' score=0.19111112 (required > 0.4)
02-13 10:11:06.689  3397  3689 E GlyphScraper:   RAWG candidate: 'Bomberman Alquimista' score=0.43333334 (required > 0.4)
02-13 10:11:06.690  3397  3689 E GlyphScraper:   RAWG candidate: 'Taisen! Bomberman' score=0.34509805 (required > 0.4)
02-13 10:11:06.690  3397  3689 E GlyphScraper:   RAWG candidate: 'Amazon Blocks (McKinley-64, renatarinaldi)' score=0.10000002 (required > 0.4)
02-13 10:11:06.690  3397  3689 E GlyphScraper:   RAWG candidate: 'Sub Mare Imperium: Derelict 64' score=0.22666666 (required > 0.4)
02-13 10:11:06.690  3397  3689 E GlyphScraper:   RAWG candidate: 'Adventure 64' score=0.28333336 (required > 0.4)
02-13 10:11:06.690  3397  3689 E GlyphScraper:   RAWG candidate: 'math 64' score=0.33333334 (required > 0.4)
02-13 10:11:06.690  3397  3689 E GlyphScraper:   RAWG candidate: 'Bombrun 64' score=0.5833334 (required > 0.4)
02-13 10:11:06.690  3397  3689 E GlyphScraper:   RAWG candidate: 'Araign├®e - Spider Thief (C64) Commodore 64' score=0.14285713 (required > 0.4)
02-13 10:11:06.729  3397  3689 D GlyphScraper:     RAWG match: 'Bombrun 64' (screenshot, not box art)
02-13 10:11:06.730  3397  3689 E GlyphScraper:   rawg -> title='Bombrun 64' hasImage=true
02-13 10:11:07.008  3397  3689 E GlyphScraper:   RAWG candidate: 'Bottom of the 9th' score=1.0 (required > 0.4)
02-13 10:11:07.008  3397  3514 E GlyphScraper:   RAWG candidate: 'Timberman' score=0.3 (required > 0.4)
02-13 10:11:07.008  3397  3689 E GlyphScraper:   RAWG candidate: 'The Bottom of the Well' score=0.6218182 (required > 0.4)
02-13 10:11:07.008  3397  3514 E GlyphScraper:   RAWG candidate: 'Not A Hero' score=0.43333334 (required > 0.4)
02-13 10:11:07.009  3397  3514 E GlyphScraper:   RAWG candidate: 'Loop Hero' score=0.39047617 (required > 0.4)
02-13 10:11:07.009  3397  3689 E GlyphScraper:   RAWG candidate: 'SpongeBob SquarePants: Battle for Bikini Bottom ÔÇö Rehydrated' score=0.14000002 (required > 0.4)
02-13 10:11:07.009  3397  3514 E GlyphScraper:   RAWG candidate: 'Hero of Many' score=0.18571427 (required > 0.4)
02-13 10:11:07.009  3397  3689 E GlyphScraper:   RAWG candidate: 'LD48 - The Bottom Dweller' score=0.25333333 (required > 0.4)
02-13 10:11:07.009  3397  3514 E GlyphScraper:   RAWG candidate: 'Space Hero Line' score=0.18 (required > 0.4)
02-13 10:11:07.009  3397  3689 E GlyphScraper:   RAWG candidate: 'Nuts!: The Battle of the Bulge' score=0.33428574 (required > 0.4)
02-13 10:11:07.009  3397  3514 E GlyphScraper:   RAWG candidate: 'Sparkle ZERO' score=0.21428573 (required > 0.4)
02-13 10:11:07.009  3397  3689 E GlyphScraper:   RAWG candidate: 'The Pirate: Plague of the Dead' score=0.2942857 (required > 0.4)
02-13 10:11:07.009  3397  3514 E GlyphScraper:   RAWG candidate: 'Her Story' score=0.12857145 (required > 0.4)
02-13 10:11:07.009  3397  3689 E GlyphScraper:   RAWG candidate: 'The Adventures of Tintin: The Game' score=0.27310926 (required > 0.4)
02-13 10:11:07.009  3397  3514 E GlyphScraper:   RAWG candidate: 'Zenless Zone Zero' score=0.21176471 (required > 0.4)
02-13 10:11:07.009  3397  3689 E GlyphScraper:   RAWG candidate: 'Skulls of the Shogun' score=0.37333333 (required > 0.4)
02-13 10:11:07.009  3397  3514 E GlyphScraper:   RAWG candidate: 'Strike Suit Zero' score=0.1875 (required > 0.4)
02-13 10:11:07.009  3397  3689 E GlyphScraper:   RAWG candidate: 'The Lords of Midnight' score=0.3047619 (required > 0.4)
02-13 10:11:07.009  3397  3514 E GlyphScraper:   RAWG candidate: 'Reigns: Her Majesty' score=0.094736844 (required > 0.4)
02-13 10:11:07.010  3397  3689 E GlyphScraper:   RAWG candidate: 'Lords of the Fallen (2014)' score=0.29890108 (required > 0.4)
02-13 10:11:07.043  3397  3689 D GlyphScraper:     RAWG match: 'Bottom of the 9th' (screenshot, not box art)
02-13 10:11:07.043  3397  3689 E GlyphScraper:   rawg -> title='Bottom of the 9th' hasImage=true
02-13 10:11:07.067  3397  3514 D GlyphScraper:     RAWG match: 'Not A Hero' (screenshot, not box art)
02-13 10:11:07.067  3397  3514 E GlyphScraper:   rawg -> title='Not A Hero' hasImage=true
02-13 10:11:09.428  3397  3506 E GlyphScraper:   RAWG candidate: 'Timberman' score=0.35000002 (required > 0.4)
02-13 10:11:09.428  3397  3506 E GlyphScraper:   RAWG candidate: 'J.E.R.O. (C64) Commodore 64' score=0.19111112 (required > 0.4)
02-13 10:11:09.429  3397  3506 E GlyphScraper:   RAWG candidate: 'Bomberman Alquimista' score=0.43333334 (required > 0.4)
02-13 10:11:09.429  3397  3506 E GlyphScraper:   RAWG candidate: 'Taisen! Bomberman' score=0.34509805 (required > 0.4)
02-13 10:11:09.429  3397  3506 E GlyphScraper:   RAWG candidate: 'Amazon Blocks (McKinley-64, renatarinaldi)' score=0.10000002 (required > 0.4)
02-13 10:11:09.429  3397  3506 E GlyphScraper:   RAWG candidate: 'Sub Mare Imperium: Derelict 64' score=0.22666666 (required > 0.4)
02-13 10:11:09.429  3397  3506 E GlyphScraper:   RAWG candidate: 'Adventure 64' score=0.28333336 (required > 0.4)
02-13 10:11:09.429  3397  3506 E GlyphScraper:   RAWG candidate: 'math 64' score=0.33333334 (required > 0.4)
02-13 10:11:09.430  3397  3506 E GlyphScraper:   RAWG candidate: 'Bombrun 64' score=0.5833334 (required > 0.4)
02-13 10:11:09.430  3397  3506 E GlyphScraper:   RAWG candidate: 'Araign├®e - Spider Thief (C64) Commodore 64' score=0.14285713 (required > 0.4)
02-13 10:11:09.471  3397  3506 D GlyphScraper:     RAWG match: 'Bombrun 64' (screenshot, not box art)
02-13 10:11:09.471  3397  3506 E GlyphScraper:   rawg -> title='Bombrun 64' hasImage=true
02-13 10:11:09.684  3397  3516 E GlyphScraper: Scraping: 'Bust-A-Move 2 - Arcade Edition (U) [!].z64' -> cleaned: 'Bust A Move 2 Arcade Edition' [n64]
02-13 10:11:09.685  3397  3516 D GlyphScraper:     LibRetro trying: https://thumbnails.libretro.com/Nintendo%20-%20Nintendo%2064/Named_Boxarts/Bust%20A%20Move%202%20Arcade%20Edition.png
02-13 10:11:09.685  3397  3506 E GlyphScraper: Scraping: 'Bug's Life, A (U) [!].z64' -> cleaned: 'Bug's Life, A' [n64]
02-13 10:11:09.686  3397  3506 D GlyphScraper:     LibRetro trying: https://thumbnails.libretro.com/Nintendo%20-%20Nintendo%2064/Named_Boxarts/Bug%27s%20Life%2C%20A.png
02-13 10:11:09.687  3397  3513 E GlyphScraper: Scraping: 'Brunswick Circuit Pro Bowling (U) [!].z64' -> cleaned: 'Brunswick Circuit Pro Bowling' [n64]
02-13 10:11:09.688  3397  3618 E GlyphScraper: Scraping: 'Buck Bumble (U) [!].z64' -> cleaned: 'Buck Bumble' [n64]
02-13 10:11:09.689  3397  3513 D GlyphScraper:     LibRetro trying: https://thumbnails.libretro.com/Nintendo%20-%20Nintendo%2064/Named_Boxarts/Brunswick%20Circuit%20Pro%20Bowling.png
02-13 10:11:09.689  3397  3618 D GlyphScraper:     LibRetro trying: https://thumbnails.libretro.com/Nintendo%20-%20Nintendo%2064/Named_Boxarts/Buck%20Bumble.png
02-13 10:11:09.851  3397  3516 E GlyphScraper:   libretro -> no match, trying keyed APIs...
02-13 10:11:09.852  3397  3513 E GlyphScraper:   libretro -> no match, trying keyed APIs...
02-13 10:11:09.854  3397  3506 E GlyphScraper:   libretro -> no match, trying keyed APIs...
02-13 10:11:09.855  3397  3618 E GlyphScraper:   libretro -> no match, trying keyed APIs...
02-13 10:11:09.860  3397  3610 E GlyphScraper: Scrapers active: [rawg] (Keys: TGDB=false, RAWG=true, Moby=false)
02-13 10:11:09.863  3397  3618 E GlyphScraper: Scrapers active: [rawg] (Keys: TGDB=false, RAWG=true, Moby=false)
02-13 10:11:09.865  3397  3513 E GlyphScraper: Scrapers active: [rawg] (Keys: TGDB=false, RAWG=true, Moby=false)
02-13 10:11:09.867  3397  3516 E GlyphScraper: Scrapers active: [rawg] (Keys: TGDB=false, RAWG=true, Moby=false)
02-13 10:11:10.275  3397  3516 E GlyphScraper:   RAWG candidate: 'Panda Bubble Shooter: Bubbles' score=0.16551727 (required > 0.4)
02-13 10:11:10.276  3397  3516 E GlyphScraper:   RAWG candidate: 'Bubble Pop - Shoot Bubbles' score=0.18461537 (required > 0.4)
02-13 10:11:10.276  3397  3516 E GlyphScraper:   RAWG candidate: 'Back to Bed' score=0.27272728 (required > 0.4)
02-13 10:11:10.276  3397  3516 E GlyphScraper:   RAWG candidate: 'Tactical Monsters Rumble Arena' score=0.14000002 (required > 0.4)
02-13 10:11:10.276  3397  3516 E GlyphScraper:   RAWG candidate: 'Pilot Brothers 3: Back Side of the Earth' score=0.075 (required > 0.4)
02-13 10:11:10.276  3397  3516 E GlyphScraper:   RAWG candidate: 'Bubble Shoot: Pop all Bubbles' score=0.16551727 (required > 0.4)
02-13 10:11:10.276  3397  3516 E GlyphScraper:   RAWG candidate: 'Bubble Shooter: Bubble Pet, Shoot & Pop Bubbles' score=0.10212765 (required > 0.4)
02-13 10:11:10.276  3397  3516 E GlyphScraper:   RAWG candidate: 'Farm Bubbles - Bubble Shooter Puzzle Game' score=0.11707317 (required > 0.4)
02-13 10:11:10.276  3397  3516 E GlyphScraper:   RAWG candidate: 'Bubble Bust! - Bubble Shooter' score=0.16551727 (required > 0.4)
02-13 10:11:10.276  3397  3516 E GlyphScraper:   RAWG candidate: 'Lost Bubble - Bubble Shooter' score=0.17142856 (required > 0.4)
02-13 10:11:10.278  3397  3516 E GlyphScraper:   rawg -> no match
02-13 10:11:10.278  3397  3516 E GlyphScraper:   No results from any scraper
02-13 10:11:10.482  3397  3516 E GlyphScraper:   RAWG candidate: 'Putt-Putt Joins the Circus' score=0.062068965 (required > 0.4)
02-13 10:11:10.482  3397  3516 E GlyphScraper:   RAWG candidate: 'Bob's Bowling' score=0.28689656 (required > 0.4)
02-13 10:11:10.482  3397  3516 E GlyphScraper:   RAWG candidate: '3D Bowling' score=0.24551728 (required > 0.4)
02-13 10:11:10.482  3397  3516 E GlyphScraper:   RAWG candidate: 'Circuit: Street Racing' score=0.18620689 (required > 0.4)
02-13 10:11:10.482  3397  3516 E GlyphScraper:   RAWG candidate: 'Galaxy Bowling 3D' score=0.17011493 (required > 0.4)
02-13 10:11:10.482  3397  3516 E GlyphScraper:   RAWG candidate: 'Blood Bowl' score=0.12413793 (required > 0.4)
02-13 10:11:10.483  3397  3516 E GlyphScraper:   RAWG candidate: 'Rolling Bowling' score=0.28689656 (required > 0.4)
02-13 10:11:10.483  3397  3516 E GlyphScraper:   RAWG candidate: 'Bowling 3D Pro FREE' score=0.2988506 (required > 0.4)
02-13 10:11:10.483  3397  3516 E GlyphScraper:   RAWG candidate: 'Super! 10-Pin Bowling' score=0.2942529 (required > 0.4)
02-13 10:11:10.483  3397  3516 E GlyphScraper:   RAWG candidate: 'Galaxy Bowling 3D Free' score=0.11921182 (required > 0.4)
02-13 10:11:10.485  3397  3513 E GlyphScraper:   RAWG candidate: 'BUST-A-MOVE JOURNEY' score=0.25714284 (required > 0.4)
02-13 10:11:10.485  3397  3513 E GlyphScraper:   RAWG candidate: 'You Must Build A Boat' score=0.10714284 (required > 0.4)
02-13 10:11:10.485  3397  3513 E GlyphScraper:   RAWG candidate: 'Draw a Stickman: EPIC 2' score=0.15 (required > 0.4)
02-13 10:11:10.485  3397  3513 E GlyphScraper:   RAWG candidate: 'Minecraft: Story Mode' score=0.064285725 (required > 0.4)
02-13 10:11:10.485  3397  3513 E GlyphScraper:   RAWG candidate: 'Minecraft: Pocket Edition' score=0.2809524 (required > 0.4)
02-13 10:11:10.486  3397  3513 E GlyphScraper:   RAWG candidate: 'Talisman: Digital Edition' score=0.30238095 (required > 0.4)
02-13 10:11:10.486  3397  3513 E GlyphScraper:   RAWG candidate: 'Evoland 2' score=0.08571428 (required > 0.4)
02-13 10:11:10.486  3397  3513 E GlyphScraper:   RAWG candidate: 'Distraint: Deluxe Edition' score=0.34523812 (required > 0.4)
02-13 10:11:10.486  3397  3513 E GlyphScraper:   RAWG candidate: 'Crossy Road - Endless Arcade Hopper' score=0.2557143 (required > 0.4)
02-13 10:11:10.486  3397  3513 E GlyphScraper:   RAWG candidate: 'Pinball Arcade' score=0.25142857 (required > 0.4)
02-13 10:11:10.488  3397  3516 E GlyphScraper:   RAWG candidate: 'DisneyÔÇóPixar A Bug's Life' score=0.26799998 (required > 0.4)
02-13 10:11:10.488  3397  3516 E GlyphScraper:   RAWG candidate: 'Sir! I'd Like To Report A Bug!' score=0.14000002 (required > 0.4)
02-13 10:11:10.488  3397  3516 E GlyphScraper:   RAWG candidate: 'Tomoyo After ~It's a Wonderful Life~' score=0.08333334 (required > 0.4)
02-13 10:11:10.488  3397  3516 E GlyphScraper:   RAWG candidate: 'Youtubers Life' score=0.17142856 (required > 0.4)
02-13 10:11:10.488  3397  3516 E GlyphScraper:   RAWG candidate: 'Life is Strange' score=0.08 (required > 0.4)
02-13 10:11:10.488  3397  3516 E GlyphScraper:   RAWG candidate: 'Half-Life 2' score=0.23076923 (required > 0.4)
02-13 10:11:10.488  3397  3516 E GlyphScraper:   RAWG candidate: 'Our Life: Beginnings & Always' score=0.12413793 (required > 0.4)
02-13 10:11:10.488  3397  3516 E GlyphScraper:   RAWG candidate: 'Half-Life 2: Episode One' score=0.10000002 (required > 0.4)
02-13 10:11:10.489  3397  3516 E GlyphScraper:   RAWG candidate: 'Half-Life 2: Episode Two' score=0.10000002 (required > 0.4)
02-13 10:11:10.489  3397  3516 E GlyphScraper:   RAWG candidate: 'Life is Strange: Before The Storm' score=0.09090908 (required > 0.4)
02-13 10:11:10.995  3397  3516 E GlyphScraper:   RAWG candidate: 'DisneyÔÇóPixar A Bug's Life' score=0.26799998 (required > 0.4)
02-13 10:11:10.996  3397  3516 E GlyphScraper:   RAWG candidate: 'Sir! I'd Like To Report A Bug!' score=0.14000002 (required > 0.4)
02-13 10:11:10.996  3397  3516 E GlyphScraper:   RAWG candidate: 'Youtubers Life' score=0.17142856 (required > 0.4)
02-13 10:11:10.996  3397  3516 E GlyphScraper:   RAWG candidate: 'Life is Strange' score=0.08 (required > 0.4)
02-13 10:11:10.996  3397  3516 E GlyphScraper:   RAWG candidate: 'Half-Life 2' score=0.23076923 (required > 0.4)
02-13 10:11:10.996  3397  3516 E GlyphScraper:   RAWG candidate: 'Our Life: Beginnings & Always' score=0.12413793 (required > 0.4)
02-13 10:11:10.996  3397  3516 E GlyphScraper:   RAWG candidate: 'Half-Life 2: Episode One' score=0.10000002 (required > 0.4)
02-13 10:11:10.996  3397  3516 E GlyphScraper:   RAWG candidate: 'Half-Life 2: Episode Two' score=0.10000002 (required > 0.4)
02-13 10:11:10.996  3397  3516 E GlyphScraper:   RAWG candidate: 'Life is Strange: Before The Storm' score=0.09090908 (required > 0.4)
02-13 10:11:10.997  3397  3516 E GlyphScraper:   RAWG candidate: 'Tomoyo After ~It's a Wonderful Life~' score=0.08333334 (required > 0.4)
02-13 10:11:10.998  3397  3516 E GlyphScraper:   rawg -> no match
02-13 10:11:10.998  3397  3516 E GlyphScraper:   No results from any scraper
02-13 10:11:11.037  3397  3516 E GlyphScraper:   RAWG candidate: 'Putt-Putt Joins the Circus' score=0.062068965 (required > 0.4)
02-13 10:11:11.037  3397  3516 E GlyphScraper:   RAWG candidate: 'Circuit: Street Racing' score=0.18620689 (required > 0.4)
02-13 10:11:11.037  3397  3516 E GlyphScraper:   RAWG candidate: 'Drums Pro' score=0.22482762 (required > 0.4)
02-13 10:11:11.037  3397  3516 E GlyphScraper:   RAWG candidate: 'Minesweeper Pro' score=0.22482762 (required > 0.4)
02-13 10:11:11.037  3397  3516 E GlyphScraper:   RAWG candidate: 'Football Pro' score=0.16275865 (required > 0.4)
02-13 10:11:11.037  3397  3516 E GlyphScraper:   RAWG candidate: 'Sudoku Pro' score=0.22482762 (required > 0.4)
02-13 10:11:11.037  3397  3516 E GlyphScraper:   RAWG candidate: 'Curcuit' score=0.12413793 (required > 0.4)
02-13 10:11:11.038  3397  3516 E GlyphScraper:   RAWG candidate: 'Willy's circus' score=0.12413793 (required > 0.4)
02-13 10:11:11.038  3397  3516 E GlyphScraper:   RAWG candidate: 'Labyrinth - Labyrinth Pro' score=0.18344827 (required > 0.4)
02-13 10:11:11.038  3397  3516 E GlyphScraper:   RAWG candidate: 'Spider Solitaire Pro' score=0.1908046 (required > 0.4)
02-13 10:11:11.039  3397  3516 E GlyphScraper:   rawg -> no match
02-13 10:11:11.039  3397  3516 E GlyphScraper:   No results from any scraper
02-13 10:11:11.183  3397  3516 E GlyphScraper:   RAWG candidate: 'BUST-A-MOVE JOURNEY' score=0.25714284 (required > 0.4)
02-13 10:11:11.183  3397  3516 E GlyphScraper:   RAWG candidate: 'Crossy Road - Endless Arcade Hopper' score=0.2557143 (required > 0.4)
02-13 10:11:11.183  3397  3516 E GlyphScraper:   RAWG candidate: 'Pinball Arcade' score=0.25142857 (required > 0.4)
02-13 10:11:11.184  3397  3516 E GlyphScraper:   RAWG candidate: 'Love, Money, Rock'n'Roll' score=0.12857145 (required > 0.4)
02-13 10:11:11.184  3397  3516 E GlyphScraper:   RAWG candidate: 'Minecraft: Story Mode' score=0.064285725 (required > 0.4)
02-13 10:11:11.184  3397  3516 E GlyphScraper:   RAWG candidate: 'You Must Build A Boat' score=0.10714284 (required > 0.4)
02-13 10:11:11.184  3397  3516 E GlyphScraper:   RAWG candidate: 'Love Sick: Interactive Stories' score=0.12 (required > 0.4)
02-13 10:11:11.184  3397  3516 E GlyphScraper:   RAWG candidate: 'Lovecraft Locker: Tentacle Lust' score=0.11612903 (required > 0.4)
02-13 10:11:11.184  3397  3516 E GlyphScraper:   RAWG candidate: 'Fortune 2048 - Arcade mode & Classic mode' score=0.25487804 (required > 0.4)
02-13 10:11:11.184  3397  3516 E GlyphScraper:   RAWG candidate: 'Minecraft: Story Mode ÔÇö Season Two' score=0.12352943 (required > 0.4)
02-13 10:11:11.185  3397  3516 E GlyphScraper:   rawg -> no match
02-13 10:11:11.185  3397  3516 E GlyphScraper:   No results from any scraper
02-13 10:11:11.390  3397  3516 E GlyphScraper: Scraping: 'Carmageddon 64 (U) [!].z64' -> cleaned: 'Carmageddon 64' [n64]
02-13 10:11:11.390  3397  3516 D GlyphScraper:     LibRetro trying: https://thumbnails.libretro.com/Nintendo%20-%20Nintendo%2064/Named_Boxarts/Carmageddon%2064.png
02-13 10:11:11.391  3397  3609 E GlyphScraper: Scraping: 'Castlevania - Legacy of Darkness (U) [!].z64' -> cleaned: 'Castlevania Legacy of Darkness' [n64]
02-13 10:11:11.391  3397  3592 E GlyphScraper: Scraping: 'Bust-A-Move '99 (U) [!].z64' -> cleaned: 'Bust A Move '99' [n64]
02-13 10:11:11.391  3397  3609 D GlyphScraper:     LibRetro trying: https://thumbnails.libretro.com/Nintendo%20-%20Nintendo%2064/Named_Boxarts/Castlevania%20Legacy%20of%20Darkness.png
02-13 10:11:11.392  3397  3592 D GlyphScraper:     LibRetro trying: https://thumbnails.libretro.com/Nintendo%20-%20Nintendo%2064/Named_Boxarts/Bust%20A%20Move%20%2799.png
02-13 10:11:11.393  3397  3513 E GlyphScraper: Scraping: 'California Speed (U) [!].z64' -> cleaned: 'California Speed' [n64]
02-13 10:11:11.398  3397  3513 D GlyphScraper:     LibRetro trying: https://thumbnails.libretro.com/Nintendo%20-%20Nintendo%2064/Named_Boxarts/California%20Speed.png
02-13 10:11:11.457  3397  3609 D GlyphScraper:     LibRetro trying: https://thumbnails.libretro.com/Nintendo%20-%20Nintendo%2064/Named_Boxarts/Castlevania%20Legacy%20Of%20Darkness.png
02-13 10:11:11.458  3397  3592 E GlyphScraper:   libretro -> no match, trying keyed APIs...
02-13 10:11:11.459  3397  3513 E GlyphScraper:   libretro -> no match, trying keyed APIs...
02-13 10:11:11.463  3397  3516 E GlyphScraper:   libretro -> no match, trying keyed APIs...
02-13 10:11:11.467  3397  3513 E GlyphScraper: Scrapers active: [rawg] (Keys: TGDB=false, RAWG=true, Moby=false)
02-13 10:11:11.470  3397  3688 E GlyphScraper: Scrapers active: [rawg] (Keys: TGDB=false, RAWG=true, Moby=false)
02-13 10:11:11.473  3397  3513 E GlyphScraper: Scrapers active: [rawg] (Keys: TGDB=false, RAWG=true, Moby=false)
02-13 10:11:11.507  3397  3609 E GlyphScraper:   libretro -> no match, trying keyed APIs...
02-13 10:11:11.513  3397  3515 E GlyphScraper: Scrapers active: [rawg] (Keys: TGDB=false, RAWG=true, Moby=false)
02-13 10:11:11.913  3397  3515 E GlyphScraper:   RAWG candidate: 'Carmageddon' score=0.67142856 (required > 0.4)
02-13 10:11:11.913  3397  3515 E GlyphScraper:   RAWG candidate: 'Worms 2: Armageddon' score=0.22105266 (required > 0.4)
02-13 10:11:11.913  3397  3515 E GlyphScraper:   RAWG candidate: 'Can You Escape - Armageddon' score=0.17777778 (required > 0.4)
02-13 10:11:11.913  3397  3515 E GlyphScraper:   RAWG candidate: 'J.E.R.O. (C64) Commodore 64' score=0.21333334 (required > 0.4)
02-13 10:11:11.913  3397  3515 E GlyphScraper:   RAWG candidate: 'Amazon Blocks (McKinley-64, renatarinaldi)' score=0.07142859 (required > 0.4)
02-13 10:11:11.913  3397  3515 E GlyphScraper:   RAWG candidate: 'Sub Mare Imperium: Derelict 64' score=0.20666668 (required > 0.4)
02-13 10:11:11.913  3397  3515 E GlyphScraper:   RAWG candidate: 'Adventure 64' score=0.3047619 (required > 0.4)
02-13 10:11:11.913  3397  3515 E GlyphScraper:   RAWG candidate: 'math 64' score=0.34761906 (required > 0.4)
02-13 10:11:11.914  3397  3515 E GlyphScraper:   RAWG candidate: 'Bombrun 64' score=0.34761906 (required > 0.4)
02-13 10:11:11.914  3397  3515 E GlyphScraper:   RAWG candidate: 'Araign├®e - Spider Thief (C64) Commodore 64' score=0.1857143 (required > 0.4)
