02-13 10:09:34.908  2539  2874 E GlyphScraper:   RAWG candidate: 'Projekt: Passion' score=0.15555558 (required > 0.4)
02-13 10:09:34.912  2539  2874 E GlyphScraper:   rawg -> no match
02-13 10:09:34.912  2539  2874 E GlyphScraper:   No results from any scraper
02-13 10:09:35.061  2539  2852 D GlyphScraper:     RAWG match: 'air space combat' (screenshot, not box art)
02-13 10:09:35.061  2539  2852 E GlyphScraper:   rawg -> title='air space combat' hasImage=true
02-13 10:09:35.271  2539  2605 E GlyphScraper: Scraping: 'Army Men - Sarge's Heroes (U) [!].z64' -> cleaned: 'Army Men Sarge's Heroes' [n64]
02-13 10:09:35.271  2539  2879 E GlyphScraper: Scraping: 'Army Men - Sarge's Heroes 2 (U) [!].z64' -> cleaned: 'Army Men Sarge's Heroes 2' [n64]
02-13 10:09:35.271  2539  2604 E GlyphScraper: Scraping: 'Automobili Lamborghini (U) [!].z64' -> cleaned: 'Automobili Lamborghini' [n64]
02-13 10:09:35.272  2539  2605 D GlyphScraper:     LibRetro trying: https://thumbnails.libretro.com/Nintendo%20-%20Nintendo%2064/Named_Boxarts/Army%20Men%20Sarge%27s%20Heroes.png
02-13 10:09:35.272  2539  2879 D GlyphScraper:     LibRetro trying: https://thumbnails.libretro.com/Nintendo%20-%20Nintendo%2064/Named_Boxarts/Army%20Men%20Sarge%27s%20Heroes%202.png
02-13 10:09:35.273  2539  2604 D GlyphScraper:     LibRetro trying: https://thumbnails.libretro.com/Nintendo%20-%20Nintendo%2064/Named_Boxarts/Automobili%20Lamborghini.png
02-13 10:09:35.273  2539  2606 E GlyphScraper: Scraping: 'Asteroids Hyper 64 (U) [!].z64' -> cleaned: 'Asteroids Hyper 64' [n64]
02-13 10:09:35.273  2539  2606 D GlyphScraper:     LibRetro trying: https://thumbnails.libretro.com/Nintendo%20-%20Nintendo%2064/Named_Boxarts/Asteroids%20Hyper%2064.png
02-13 10:09:37.651  2539  2606 E GlyphScraper:   libretro -> no match, trying keyed APIs...
02-13 10:09:37.652  2539  2605 E GlyphScraper:   libretro -> no match, trying keyed APIs...
02-13 10:09:37.653  2539  2604 E GlyphScraper:   libretro -> no match, trying keyed APIs...
02-13 10:09:37.657  2539  2880 E GlyphScraper: Scrapers active: [rawg] (Keys: TGDB=false, RAWG=true, Moby=false)
02-13 10:09:37.658  2539  2879 E GlyphScraper:   libretro -> no match, trying keyed APIs...
02-13 10:09:37.660  2539  2620 E GlyphScraper: Scrapers active: [rawg] (Keys: TGDB=false, RAWG=true, Moby=false)
02-13 10:09:37.661  2539  2875 E GlyphScraper: Scrapers active: [rawg] (Keys: TGDB=false, RAWG=true, Moby=false)
02-13 10:09:37.666  2539  2879 E GlyphScraper: Scrapers active: [rawg] (Keys: TGDB=false, RAWG=true, Moby=false)
02-13 10:09:38.310  2539  2879 E GlyphScraper:   RAWG candidate: 'Asteroids Hyper' score=0.76666665 (required > 0.4)
02-13 10:09:38.310  2539  2879 E GlyphScraper:   RAWG candidate: 'Asteroid Arcade (itch)' score=0.24545456 (required > 0.4)
02-13 10:09:38.311  2539  2879 E GlyphScraper:   RAWG candidate: 'Hyper Tank GearZ: Arcade' score=0.16666669 (required > 0.4)
02-13 10:09:38.311  2539  2604 E GlyphScraper:   RAWG candidate: 'Skrillex - Purple Lamborghini - Kyoto - Beatmaker' score=0.22585034 (required > 0.4)
02-13 10:09:38.311  2539  2604 E GlyphScraper:   rawg -> no match
02-13 10:09:38.311  2539  2604 E GlyphScraper:   No results from any scraper
02-13 10:09:38.311  2539  2879 E GlyphScraper:   RAWG candidate: 'Asteroid Survival - UP957509' score=0.23571429 (required > 0.4)
02-13 10:09:38.312  2539  2879 E GlyphScraper:   RAWG candidate: 'Asteroid destroyer-retro' score=0.275 (required > 0.4)
02-13 10:09:38.312  2539  2879 E GlyphScraper:   RAWG candidate: 'Asteroid (Alestore Inc.)' score=0.275 (required > 0.4)
02-13 10:09:38.313  2539  2879 E GlyphScraper:   RAWG candidate: 'Spaceship Attack: Asteroid' score=0.11538463 (required > 0.4)
02-13 10:09:38.313  2539  2879 E GlyphScraper:   RAWG candidate: 'Asteroid Dig - Mobile' score=0.25714284 (required > 0.4)
02-13 10:09:38.314  2539  2879 E GlyphScraper:   RAWG candidate: 'Asteroids Mini Template - Demo' score=0.32666668 (required > 0.4)
02-13 10:09:38.314  2539  2879 E GlyphScraper:   RAWG candidate: 'J.E.R.O. (C64) Commodore 64' score=0.22222224 (required > 0.4)
02-13 10:09:38.315  2539  2852 E GlyphScraper:   RAWG candidate: 'Shop Heroes' score=0.28869566 (required > 0.4)
02-13 10:09:38.316  2539  2852 E GlyphScraper:   RAWG candidate: 'Army Men Strike - Military Strategy Simulator' score=0.31333333 (required > 0.4)
02-13 10:09:38.316  2539  2852 E GlyphScraper:   RAWG candidate: 'Fire Emblem Heroes' score=0.32753626 (required > 0.4)
02-13 10:09:38.316  2539  2852 E GlyphScraper:   RAWG candidate: 'Heroes Rise: The Prodigy' score=0.15714288 (required > 0.4)
02-13 10:09:38.316  2539  2852 E GlyphScraper:   RAWG candidate: 'Age of Heroes: Conquest' score=0.15652174 (required > 0.4)
02-13 10:09:38.316  2539  2852 E GlyphScraper:   RAWG candidate: 'Pixel Heroes: Byte & Magic' score=0.09230769 (required > 0.4)
02-13 10:09:38.316  2539  2852 E GlyphScraper:   RAWG candidate: 'Army Craft: Heroes of WW2' score=0.33028573 (required > 0.4)
02-13 10:09:38.317  2539  2852 E GlyphScraper:   RAWG candidate: 'Might and Magic Clash of Heroes' score=0.2573477 (required > 0.4)
02-13 10:09:38.317  2539  2852 E GlyphScraper:   RAWG candidate: 'Heroes of Hellas 3: Athens' score=0.16538464 (required > 0.4)
02-13 10:09:38.317  2539  2852 E GlyphScraper:   RAWG candidate: 'Bit Heroes' score=0.2626087 (required > 0.4)
02-13 10:09:38.323  2539  2852 E GlyphScraper:   RAWG candidate: 'LEGO Batman 2 DC Super Heroes' score=0.23620689 (required > 0.4)
02-13 10:09:38.323  2539  2852 E GlyphScraper:   RAWG candidate: 'Shop Heroes' score=0.272 (required > 0.4)
02-13 10:09:38.324  2539  2852 E GlyphScraper:   RAWG candidate: 'Army Men Strike - Military Strategy Simulator' score=0.31333333 (required > 0.4)
02-13 10:09:38.324  2539  2852 E GlyphScraper:   RAWG candidate: 'Fire Emblem Heroes' score=0.30666667 (required > 0.4)
02-13 10:09:38.324  2539  2852 E GlyphScraper:   RAWG candidate: 'Heroes of Loot 2' score=0.23466665 (required > 0.4)
02-13 10:09:38.324  2539  2852 E GlyphScraper:   RAWG candidate: 'Heroes Rise: The Prodigy' score=0.17714286 (required > 0.4)
02-13 10:09:38.325  2539  2852 E GlyphScraper:   RAWG candidate: 'Age of Heroes: Conquest' score=0.16799998 (required > 0.4)
02-13 10:09:38.325  2539  2852 E GlyphScraper:   RAWG candidate: 'Pixel Heroes: Byte & Magic' score=0.06923079 (required > 0.4)
02-13 10:09:38.325  2539  2852 E GlyphScraper:   RAWG candidate: 'Army Craft: Heroes of WW2' score=0.35428572 (required > 0.4)
02-13 10:09:38.325  2539  2852 E GlyphScraper:   RAWG candidate: 'Might and Magic Clash of Heroes' score=0.218638 (required > 0.4)
02-13 10:09:38.371  2539  2879 D GlyphScraper:     RAWG match: 'Asteroids Hyper' (screenshot, not box art)
02-13 10:09:38.371  2539  2879 E GlyphScraper:   rawg -> title='Asteroids Hyper' hasImage=true
02-13 10:09:38.622  2539  2852 E GlyphScraper:   RAWG candidate: 'Army Men Strike - Military Strategy Simulator' score=0.31333333 (required > 0.4)
02-13 10:09:38.623  2539  2852 E GlyphScraper:   RAWG candidate: 'Army Men Strike' score=0.4730435 (required > 0.4)
02-13 10:09:38.623  2539  2852 E GlyphScraper:   RAWG candidate: 'Arma Tactics' score=0.15652174 (required > 0.4)
02-13 10:09:38.623  2539  2852 E GlyphScraper:   RAWG candidate: 'X-Men Arcade' score=0.1826087 (required > 0.4)
02-13 10:09:38.623  2539  2852 E GlyphScraper:   RAWG candidate: 'Tanks: Army Strike!?' score=0.17101452 (required > 0.4)
02-13 10:09:38.623  2539  2852 E GlyphScraper:   RAWG candidate: 'Hyde's Men: Saccharine Voyages' score=0.22000001 (required > 0.4)
02-13 10:09:38.623  2539  2852 E GlyphScraper:   RAWG candidate: 'Batman: The Telltale Series' score=0.2 (required > 0.4)
02-13 10:09:38.624  2539  2852 E GlyphScraper:   RAWG candidate: 'Mind Snares: Alice's Journey' score=0.19285716 (required > 0.4)
02-13 10:09:38.624  2539  2852 E GlyphScraper:   RAWG candidate: 'Stickman Army: The Defenders' score=0.17142856 (required > 0.4)
02-13 10:09:38.624  2539  2852 E GlyphScraper:   RAWG candidate: 'Army of Darkness: Defense' score=0.34514287 (required > 0.4)
02-13 10:09:38.917  2539  2852 D GlyphScraper:     RAWG match: 'Army Men Strike' (screenshot, not box art)
02-13 10:09:38.917  2539  2852 E GlyphScraper:   rawg -> title='Army Men Strike' hasImage=true
02-13 10:09:39.063  2539  2879 E GlyphScraper:   RAWG candidate: 'Army Men Strike - Military Strategy Simulator' score=0.31333333 (required > 0.4)
02-13 10:09:39.063  2539  2879 E GlyphScraper:   RAWG candidate: 'Army Men Strike' score=0.448 (required > 0.4)
02-13 10:09:39.063  2539  2879 E GlyphScraper:   RAWG candidate: 'Arma Tactics' score=0.14400001 (required > 0.4)
02-13 10:09:39.063  2539  2879 E GlyphScraper:   RAWG candidate: 'X-Men Arcade' score=0.16799998 (required > 0.4)
02-13 10:09:39.064  2539  2879 E GlyphScraper:   RAWG candidate: 'Tanks: Army Strike!?' score=0.18666667 (required > 0.4)
02-13 10:09:39.064  2539  2879 E GlyphScraper:   RAWG candidate: 'Hyde's Men: Saccharine Voyages' score=0.18 (required > 0.4)
02-13 10:09:39.064  2539  2879 E GlyphScraper:   RAWG candidate: 'Batman: The Telltale Series' score=0.15555558 (required > 0.4)
02-13 10:09:39.064  2539  2879 E GlyphScraper:   RAWG candidate: 'Mind Snares: Alice's Journey' score=0.15 (required > 0.4)
02-13 10:09:39.064  2539  2879 E GlyphScraper:   RAWG candidate: 'Stickman Army: The Defenders' score=0.15 (required > 0.4)
02-13 10:09:39.064  2539  2879 E GlyphScraper:   RAWG candidate: 'Army of Darkness: Defense' score=0.32114285 (required > 0.4)
02-13 10:09:39.098  2539  2879 D GlyphScraper:     RAWG match: 'Army Men Strike' (screenshot, not box art)
02-13 10:09:39.098  2539  2879 E GlyphScraper:   rawg -> title='Army Men Strike' hasImage=true
02-13 10:09:39.309  2539  2619 E GlyphScraper: Scraping: 'Banjo-Tooie (U) [!].z64' -> cleaned: 'Banjo Tooie' [n64]
02-13 10:09:39.309  2539  2618 E GlyphScraper: Scraping: 'Banjo-Kazooie (U) [!].z64' -> cleaned: 'Banjo Kazooie' [n64]
02-13 10:09:39.309  2539  2881 E GlyphScraper: Scraping: 'Bassmasters 2000 (U) [!].z64' -> cleaned: 'Bassmasters 2000' [n64]
02-13 10:09:39.310  2539  2619 D GlyphScraper:     LibRetro trying: https://thumbnails.libretro.com/Nintendo%20-%20Nintendo%2064/Named_Boxarts/Banjo%20Tooie.png
02-13 10:09:39.310  2539  2881 D GlyphScraper:     LibRetro trying: https://thumbnails.libretro.com/Nintendo%20-%20Nintendo%2064/Named_Boxarts/Bassmasters%202000.png
02-13 10:09:39.313  2539  2876 E GlyphScraper: Scraping: 'Batman Beyond - Return of the Joker (U) [!].z64' -> cleaned: 'Batman Beyond Return of the Joker' [n64]
02-13 10:09:39.313  2539  2618 D GlyphScraper:     LibRetro trying: https://thumbnails.libretro.com/Nintendo%20-%20Nintendo%2064/Named_Boxarts/Banjo%20Kazooie.png
02-13 10:09:39.313  2539  2876 D GlyphScraper:     LibRetro trying: https://thumbnails.libretro.com/Nintendo%20-%20Nintendo%2064/Named_Boxarts/Batman%20Beyond%20Return%20of%20the%20Joker.png
02-13 10:09:39.366  2539  2881 E GlyphScraper:   libretro -> no match, trying keyed APIs...
02-13 10:09:39.366  2539  2876 D GlyphScraper:     LibRetro trying: https://thumbnails.libretro.com/Nintendo%20-%20Nintendo%2064/Named_Boxarts/Batman%20Beyond%20Return%20Of%20The%20Joker.png
02-13 10:09:39.366  2539  2618 E GlyphScraper:   libretro -> no match, trying keyed APIs...
02-13 10:09:39.372  2539  2619 E GlyphScraper:   libretro -> no match, trying keyed APIs...
02-13 10:09:39.372  2539  2852 E GlyphScraper: Scrapers active: [rawg] (Keys: TGDB=false, RAWG=true, Moby=false)
02-13 10:09:39.372  2539  2605 E GlyphScraper: Scrapers active: [rawg] (Keys: TGDB=false, RAWG=true, Moby=false)
02-13 10:09:39.380  2539  2618 E GlyphScraper: Scrapers active: [rawg] (Keys: TGDB=false, RAWG=true, Moby=false)
02-13 10:09:39.415  2539  2876 E GlyphScraper:   libretro -> no match, trying keyed APIs...
02-13 10:09:39.421  2539  2605 E GlyphScraper: Scrapers active: [rawg] (Keys: TGDB=false, RAWG=true, Moby=false)
02-13 10:09:39.843  2539  2605 E GlyphScraper:   RAWG candidate: 'Real Banjo - Banjo Simulator' score=0.27142856 (required > 0.4)
02-13 10:09:39.844  2539  2605 E GlyphScraper:   RAWG candidate: 'Bajo Tierra' score=0.27272728 (required > 0.4)
02-13 10:09:39.844  2539  2605 E GlyphScraper:   RAWG candidate: 'Tiic Taac Tooe AI' score=0.14117646 (required > 0.4)
02-13 10:09:39.844  2539  2605 E GlyphScraper:   RAWG candidate: 'Bajo el Mal Clima' score=0.17647058 (required > 0.4)
02-13 10:09:39.844  2539  2605 E GlyphScraper:   rawg -> no match
02-13 10:09:39.844  2539  2605 E GlyphScraper:   No results from any scraper
02-13 10:09:39.849  2539  2605 E GlyphScraper:   RAWG candidate: 'SimCity 3000' score=0.26250002 (required > 0.4)
02-13 10:09:39.849  2539  2605 E GlyphScraper:   RAWG candidate: 'eFootball PES 2020' score=0.2 (required > 0.4)
02-13 10:09:39.849  2539  2605 E GlyphScraper:   RAWG candidate: 'Resident Evil 4 (2005)' score=0.1909091 (required > 0.4)
02-13 10:09:39.850  2539  2605 E GlyphScraper:   RAWG candidate: 'Ikaruga' score=0.075 (required > 0.4)
02-13 10:09:39.850  2539  2605 E GlyphScraper:   RAWG candidate: 'Chrono Trigger' score=0.075 (required > 0.4)
02-13 10:09:39.850  2539  2605 E GlyphScraper:   RAWG candidate: 'Soulcalibur' score=0.0375 (required > 0.4)
02-13 10:09:39.850  2539  2605 E GlyphScraper:   RAWG candidate: 'The Bard's Tale' score=0.112500004 (required > 0.4)
02-13 10:09:39.850  2539  2605 E GlyphScraper:   RAWG candidate: 'Tactical Monsters Rumble Arena' score=0.16 (required > 0.4)
02-13 10:09:39.850  2539  2605 E GlyphScraper:   RAWG candidate: 'Mega Man X (1993)' score=0.07058823 (required > 0.4)
02-13 10:09:39.850  2539  2605 E GlyphScraper:   RAWG candidate: 'Final Fantasy IX' score=0.075 (required > 0.4)
02-13 10:09:39.851  2539  2605 E GlyphScraper:   rawg -> no match
02-13 10:09:39.851  2539  2605 E GlyphScraper:   No results from any scraper
02-13 10:09:39.886  2539  2605 E GlyphScraper:   RAWG candidate: 'Real Banjo - Banjo Simulator' score=0.29285717 (required > 0.4)
02-13 10:09:39.887  2539  2605 E GlyphScraper:   RAWG candidate: 'Bajo Tierra' score=0.23076923 (required > 0.4)
02-13 10:09:39.887  2539  2605 E GlyphScraper:   RAWG candidate: 'Bajo el Mal Clima' score=0.21176471 (required > 0.4)
02-13 10:09:39.887  2539  2605 E GlyphScraper:   RAWG candidate: 'Karoot' score=0.18461537 (required > 0.4)
02-13 10:09:39.887  2539  2605 E GlyphScraper:   RAWG candidate: 'Kahoot!' score=0.18461537 (required > 0.4)
02-13 10:09:39.887  2539  2605 E GlyphScraper:   RAWG candidate: 'Kahoot' score=0.18461537 (required > 0.4)
02-13 10:09:39.887  2539  2605 E GlyphScraper:   RAWG candidate: 'Kaboor Remake' score=0.13846153 (required > 0.4)
02-13 10:09:39.887  2539  2605 E GlyphScraper:   RAWG candidate: 'Kaboom (TronINK)' score=0.1875 (required > 0.4)
02-13 10:09:39.887  2539  2605 E GlyphScraper:   RAWG candidate: 'KABOOM CACTUS' score=0.13846153 (required > 0.4)
02-13 10:09:39.887  2539  2605 E GlyphScraper:   RAWG candidate: 'Kazaki's Adventure' score=0.10000002 (required > 0.4)
02-13 10:09:39.889  2539  2605 E GlyphScraper:   rawg -> no match
02-13 10:09:39.889  2539  2605 E GlyphScraper:   No results from any scraper
02-13 10:09:39.967  2539  2605 E GlyphScraper:   RAWG candidate: 'LEGO Batman 3: Beyond Gotham' score=0.25252524 (required > 0.4)
02-13 10:09:39.967  2539  2605 E GlyphScraper:   RAWG candidate: 'Batman: The Telltale Series' score=0.24444444 (required > 0.4)
02-13 10:09:39.967  2539  2605 E GlyphScraper:   RAWG candidate: 'Batman: Arkham Origins' score=0.16363636 (required > 0.4)
02-13 10:09:39.967  2539  2605 E GlyphScraper:   RAWG candidate: 'Batman: The Enemy Within' score=0.24444444 (required > 0.4)
02-13 10:09:39.967  2539  2605 E GlyphScraper:   RAWG candidate: 'The Dolls: Reborn' score=0.17727272 (required > 0.4)
02-13 10:09:39.968  2539  2605 E GlyphScraper:   RAWG candidate: 'The Secret Order 4: Beyond Time' score=0.20727274 (required > 0.4)
02-13 10:09:39.968  2539  2605 E GlyphScraper:   RAWG candidate: 'Red Comrades 3. Return of Alaska: Reloaded' score=0.287013 (required > 0.4)
02-13 10:09:39.968  2539  2605 E GlyphScraper:   RAWG candidate: 'LEGO Batman 2 DC Super Heroes' score=0.20363636 (required > 0.4)
02-13 10:09:39.968  2539  2605 E GlyphScraper:   RAWG candidate: 'Tibetan Quest: Beyond the World's End' score=0.2583784 (required > 0.4)
02-13 10:09:39.968  2539  2605 E GlyphScraper:   RAWG candidate: 'Behind the Frame: The Finest Scenery' score=0.15666665 (required > 0.4)
02-13 10:09:40.462  2539  2605 E GlyphScraper:   RAWG candidate: 'LEGO Batman 3: Beyond Gotham' score=0.25252524 (required > 0.4)
02-13 10:09:40.462  2539  2605 E GlyphScraper:   RAWG candidate: 'Batman: Arkham Origins' score=0.16363636 (required > 0.4)
02-13 10:09:40.462  2539  2605 E GlyphScraper:   RAWG candidate: 'Batman: The Telltale Series' score=0.24444444 (required > 0.4)
02-13 10:09:40.462  2539  2605 E GlyphScraper:   RAWG candidate: 'Batman: The Enemy Within' score=0.24444444 (required > 0.4)
02-13 10:09:40.462  2539  2605 E GlyphScraper:   RAWG candidate: 'LEGO Batman 2 DC Super Heroes' score=0.20363636 (required > 0.4)
02-13 10:09:40.462  2539  2605 E GlyphScraper:   RAWG candidate: 'The Secret Order 4: Beyond Time' score=0.20727274 (required > 0.4)
02-13 10:09:40.462  2539  2605 E GlyphScraper:   RAWG candidate: 'Beyond Gravity' score=0.22077921 (required > 0.4)
02-13 10:09:40.462  2539  2605 E GlyphScraper:   RAWG candidate: 'Tibetan Quest: Beyond the World's End' score=0.2583784 (required > 0.4)
02-13 10:09:40.463  2539  2605 E GlyphScraper:   RAWG candidate: 'The Dolls: Reborn' score=0.17727272 (required > 0.4)
02-13 10:09:40.463  2539  2605 E GlyphScraper:   RAWG candidate: 'Red Comrades 3. Return of Alaska: Reloaded' score=0.287013 (required > 0.4)
02-13 10:09:40.464  2539  2605 E GlyphScraper:   rawg -> no match
02-13 10:09:40.464  2539  2605 E GlyphScraper:   No results from any scraper
02-13 10:09:40.671  2539  2854 E GlyphScraper: Scraping: 'BattleTanx (U) [!].z64' -> cleaned: 'BattleTanx' [n64]
02-13 10:09:40.671  2539  2622 E GlyphScraper: Scraping: 'Battlezone - Rise of the Black Dogs (U) [!].z64' -> cleaned: 'Battlezone Rise of the Black Dogs' [n64]
02-13 10:09:40.671  2539  2854 D GlyphScraper:     LibRetro trying: https://thumbnails.libretro.com/Nintendo%20-%20Nintendo%2064/Named_Boxarts/BattleTanx.png
02-13 10:09:40.671  2539  2622 D GlyphScraper:     LibRetro trying: https://thumbnails.libretro.com/Nintendo%20-%20Nintendo%2064/Named_Boxarts/Battlezone%20Rise%20of%20the%20Black%20Dogs.png
02-13 10:09:40.672  2539  2879 E GlyphScraper: Scraping: 'Beetle Adventure Racing! (U) (M3) [!].z64' -> cleaned: 'Beetle Adventure Racing!' [n64]
02-13 10:09:40.672  2539  2878 E GlyphScraper: Scraping: 'BattleTanx - Global Assault (U) [!].z64' -> cleaned: 'BattleTanx Global Assault' [n64]
02-13 10:09:40.672  2539  2879 D GlyphScraper:     LibRetro trying: https://thumbnails.libretro.com/Nintendo%20-%20Nintendo%2064/Named_Boxarts/Beetle%20Adventure%20Racing%21.png
02-13 10:09:40.672  2539  2878 D GlyphScraper:     LibRetro trying: https://thumbnails.libretro.com/Nintendo%20-%20Nintendo%2064/Named_Boxarts/BattleTanx%20Global%20Assault.png
02-13 10:09:40.961  2539  2622 D GlyphScraper:     LibRetro trying: https://thumbnails.libretro.com/Nintendo%20-%20Nintendo%2064/Named_Boxarts/Battlezone%20Rise%20Of%20The%20Black%20Dogs.png
02-13 10:09:40.961  2539  2854 E GlyphScraper:   libretro -> no match, trying keyed APIs...
02-13 10:09:40.963  2539  2879 E GlyphScraper:   libretro -> no match, trying keyed APIs...
02-13 10:09:40.966  2539  2878 E GlyphScraper:   libretro -> no match, trying keyed APIs...
02-13 10:09:40.970  2539  2620 E GlyphScraper: Scrapers active: [rawg] (Keys: TGDB=false, RAWG=true, Moby=false)
02-13 10:09:40.972  2539  2873 E GlyphScraper: Scrapers active: [rawg] (Keys: TGDB=false, RAWG=true, Moby=false)
02-13 10:09:40.976  2539  2874 E GlyphScraper: Scrapers active: [rawg] (Keys: TGDB=false, RAWG=true, Moby=false)
02-13 10:09:41.005  2539  2622 E GlyphScraper:   libretro -> no match, trying keyed APIs...
02-13 10:09:41.012  2539  2879 E GlyphScraper: Scrapers active: [rawg] (Keys: TGDB=false, RAWG=true, Moby=false)
02-13 10:09:41.686  2539  2879 E GlyphScraper:   RAWG candidate: 'BattleTanks' score=0.4909091 (required > 0.4)
02-13 10:09:41.686  2539  2879 E GlyphScraper:   RAWG candidate: 'BattleHand' score=0.48000002 (required > 0.4)
02-13 10:09:41.686  2539  2879 E GlyphScraper:   RAWG candidate: 'BattleTanks Full' score=0.3375 (required > 0.4)
02-13 10:09:41.687  2539  2879 E GlyphScraper:   RAWG candidate: 'Battlelands Royale' score=0.26666665 (required > 0.4)
02-13 10:09:41.688  2539  2618 E GlyphScraper:   RAWG candidate: 'RISK: Global Domination' score=0.224 (required > 0.4)
02-13 10:09:41.688  2539  2618 E GlyphScraper:   RAWG candidate: 'SAS: Zombie Assault 4' score=0.29600003 (required > 0.4)
02-13 10:09:41.688  2539  2618 E GlyphScraper:   RAWG candidate: 'War Planet Online: Global Conquest' score=0.32184875 (required > 0.4)
02-13 10:09:41.688  2539  2618 E GlyphScraper:   RAWG candidate: 'BattleTanks' score=0.24 (required > 0.4)
02-13 10:09:41.689  2539  2618 E GlyphScraper:   RAWG candidate: 'BattleHand' score=0.192 (required > 0.4)
02-13 10:09:41.689  2539  2618 E GlyphScraper:   RAWG candidate: 'Forward Assault' score=0.316 (required > 0.4)
02-13 10:09:41.689  2539  2618 E GlyphScraper:   RAWG candidate: 'Global Defense: Aliens' score=0.17600003 (required > 0.4)
02-13 10:09:41.689  2539  2618 E GlyphScraper:   RAWG candidate: 'Crossing Void - Global' score=0.17600003 (required > 0.4)
02-13 10:09:41.689  2539  2618 E GlyphScraper:   RAWG candidate: 'Armored Warfare: Assault' score=0.29600003 (required > 0.4)
02-13 10:09:41.689  2539  2618 E GlyphScraper:   RAWG candidate: 'Northern Guard: Assault' score=0.39200002 (required > 0.4)
02-13 10:09:41.690  2539  2618 E GlyphScraper:   rawg -> no match
02-13 10:09:41.690  2539  2618 E GlyphScraper:   No results from any scraper
02-13 10:09:41.697  2539  2854 E GlyphScraper:   RAWG candidate: 'Alto's Adventure' score=0.35000002 (required > 0.4)
02-13 10:09:41.697  2539  2854 E GlyphScraper:   RAWG candidate: 'Little Big Adventure' score=0.305 (required > 0.4)
02-13 10:09:41.697  2539  2854 E GlyphScraper:   RAWG candidate: 'Sonic & All-Stars Racing Transformed' score=0.18333335 (required > 0.4)
02-13 10:09:41.697  2539  2854 E GlyphScraper:   RAWG candidate: 'Grand Mountain Adventure: Wonderlands' score=0.21081084 (required > 0.4)
02-13 10:09:41.697  2539  2854 E GlyphScraper:   RAWG candidate: 'Sonic & SEGA All-Stars Racing' score=0.22758622 (required > 0.4)
02-13 10:09:41.698  2539  2854 E GlyphScraper:   RAWG candidate: 'Cyberline Racing' score=0.25000003 (required > 0.4)
02-13 10:09:41.698  2539  2854 E GlyphScraper:   RAWG candidate: 'Drop Hunt - Adventure Puzzle' score=0.30238095 (required > 0.4)
02-13 10:09:41.698  2539  2854 E GlyphScraper:   RAWG candidate: 'Tap Adventure: Time Travel' score=0.20769233 (required > 0.4)
02-13 10:09:41.698  2539  2854 E GlyphScraper:   RAWG candidate: 'Demetrios - The BIG Cynical Adventure' score=0.1868726 (required > 0.4)
02-13 10:09:41.698  2539  2854 E GlyphScraper:   RAWG candidate: 'My Hunting Adventure Time v1.26' score=0.28940094 (required > 0.4)
02-13 10:09:41.699  2539  2854 E GlyphScraper:   rawg -> no match
02-13 10:09:41.699  2539  2854 E GlyphScraper:   No results from any scraper
02-13 10:09:41.728  2539  2879 D GlyphScraper:     RAWG match: 'BattleTanks' (screenshot, not box art)
02-13 10:09:41.728  2539  2879 E GlyphScraper:   rawg -> title='BattleTanks' hasImage=true
02-13 10:09:41.905  2539  2879 E GlyphScraper:   RAWG candidate: 'Heroes Rise: The Prodigy' score=0.29898992 (required > 0.4)
02-13 10:09:41.905  2539  2879 E GlyphScraper:   RAWG candidate: 'The Beggar's Ride' score=0.15909092 (required > 0.4)
02-13 10:09:41.905  2539  2879 E GlyphScraper:   RAWG candidate: 'Spider: Rite of the Shrouded Moon' score=0.29818183 (required > 0.4)
02-13 10:09:41.905  2539  2879 E GlyphScraper:   RAWG candidate: 'Kingmaker: Rise to the Throne' score=0.30707073 (required > 0.4)
02-13 10:09:41.906  2539  2879 E GlyphScraper:   RAWG candidate: '1979 Revolution: Black Friday' score=0.189899 (required > 0.4)
02-13 10:09:41.906  2539  2879 E GlyphScraper:   RAWG candidate: 'Ticket to Ride' score=0.10909092 (required > 0.4)
02-13 10:09:41.906  2539  2879 E GlyphScraper:   RAWG candidate: 'Block Story Free' score=0.12727273 (required > 0.4)
02-13 10:09:41.906  2539  2879 E GlyphScraper:   RAWG candidate: 'The Rise of the Golden Idol' score=0.45909092 (required > 0.4)
02-13 10:09:41.906  2539  2879 E GlyphScraper:   RAWG candidate: 'Myths of the World: Black Rose (Full)' score=0.2821622 (required > 0.4)
02-13 10:09:41.906  2539  2879 E GlyphScraper:   RAWG candidate: 'RISK: Global Domination' score=0.07272728 (required > 0.4)
02-13 10:09:45.017  2539  2879 D GlyphScraper:     RAWG match: 'The Rise of the Golden Idol' (screenshot, not box art)
02-13 10:09:45.017  2539  2879 E GlyphScraper:   rawg -> title='The Rise of the Golden Idol' hasImage=true
02-13 10:09:45.222  2539  2618 E GlyphScraper: Scraping: 'Beetle Adventure Racing! (U) [!].z64' -> cleaned: 'Beetle Adventure Racing!' [n64]
02-13 10:09:45.222  2539  2880 E GlyphScraper: Scraping: 'Bio F.R.E.A.K.S. (U) [!].z64' -> cleaned: 'Bio F R E A K S' [n64]
02-13 10:09:45.222  2539  2618 D GlyphScraper:     LibRetro trying: https://thumbnails.libretro.com/Nintendo%20-%20Nintendo%2064/Named_Boxarts/Beetle%20Adventure%20Racing%21.png
02-13 10:09:45.222  2539  2880 D GlyphScraper:     LibRetro trying: https://thumbnails.libretro.com/Nintendo%20-%20Nintendo%2064/Named_Boxarts/Bio%20F%20R%20E%20A%20K%20S.png
02-13 10:09:45.223  2539  2879 E GlyphScraper: Scraping: 'Blast Corps (U) (V1.0) [!].z64' -> cleaned: 'Blast Corps' [n64]
02-13 10:09:45.223  2539  2879 D GlyphScraper:     LibRetro trying: https://thumbnails.libretro.com/Nintendo%20-%20Nintendo%2064/Named_Boxarts/Blast%20Corps.png
02-13 10:09:45.224  2539  2604 E GlyphScraper: Scraping: 'Big Mountain 2000 (U) [!].z64' -> cleaned: 'Big Mountain 2000' [n64]
02-13 10:09:45.224  2539  2604 D GlyphScraper:     LibRetro trying: https://thumbnails.libretro.com/Nintendo%20-%20Nintendo%2064/Named_Boxarts/Big%20Mountain%202000.png
02-13 10:09:45.468  2539  2618 E GlyphScraper:   libretro -> no match, trying keyed APIs...
02-13 10:09:45.469  2539  2604 E GlyphScraper:   libretro -> no match, trying keyed APIs...
02-13 10:09:45.474  2539  2881 E GlyphScraper: Scrapers active: [rawg] (Keys: TGDB=false, RAWG=true, Moby=false)
02-13 10:09:45.474  2539  2880 E GlyphScraper:   libretro -> no match, trying keyed APIs...
02-13 10:09:45.475  2539  2879 E GlyphScraper:   libretro -> no match, trying keyed APIs...
02-13 10:09:45.477  2539  2853 E GlyphScraper: Scrapers active: [rawg] (Keys: TGDB=false, RAWG=true, Moby=false)
02-13 10:09:45.481  2539  2605 E GlyphScraper: Scrapers active: [rawg] (Keys: TGDB=false, RAWG=true, Moby=false)
02-13 10:09:45.484  2539  2620 E GlyphScraper: Scrapers active: [rawg] (Keys: TGDB=false, RAWG=true, Moby=false)
02-13 10:09:45.888  2539  2620 E GlyphScraper:   RAWG candidate: 'Bio Inc. Redemption' score=0.354386 (required > 0.4)
02-13 10:09:45.888  2539  2620 E GlyphScraper:   RAWG candidate: 'BiO-project' score=0.16 (required > 0.4)
02-13 10:09:45.888  2539  2853 E GlyphScraper:   RAWG candidate: 'Corpse Party: Blood Drive' score=0.12 (required > 0.4)
02-13 10:09:45.888  2539  2620 E GlyphScraper:   RAWG candidate: 'Bio-Rage' score=0.2 (required > 0.4)
02-13 10:09:45.888  2539  2853 E GlyphScraper:   RAWG candidate: 'Doomsday: Last Survivors' score=0.17500001 (required > 0.4)
02-13 10:09:45.888  2539  2620 E GlyphScraper:   RAWG candidate: 'Oswald A-R [fnaf A-R fnagame]' score=0.12413793 (required > 0.4)
02-13 10:09:45.888  2539  2853 E GlyphScraper:   RAWG candidate: 'Candy Blast' score=0.18787879 (required > 0.4)
02-13 10:09:45.888  2539  2620 E GlyphScraper:   RAWG candidate: 'T O W E R - 8 0' score=0.0 (required > 0.4)
02-13 10:09:45.888  2539  2853 E GlyphScraper:   RAWG candidate: 'Altered Beast (1988)' score=0.15 (required > 0.4)
02-13 10:09:45.888  2539  2853 E GlyphScraper:   RAWG candidate: 'Almightree: The Last Dreamer' score=0.10714284 (required > 0.4)
02-13 10:09:45.889  2539  2620 E GlyphScraper:   RAWG candidate: 'f 2.0' score=0.08 (required > 0.4)
02-13 10:09:45.889  2539  2620 E GlyphScraper:   RAWG candidate: 'F-REX' score=0.12 (required > 0.4)
02-13 10:09:45.889  2539  2853 E GlyphScraper:   RAWG candidate: 'The Last Door - Collector's Edition' score=0.15428571 (required > 0.4)
02-13 10:09:45.889  2539  2620 E GlyphScraper:   RAWG candidate: 'F-Goat' score=0.08 (required > 0.4)
02-13 10:09:45.889  2539  2853 E GlyphScraper:   RAWG candidate: 'Last Horizon' score=0.3 (required > 0.4)
02-13 10:09:45.889  2539  2620 E GlyphScraper:   RAWG candidate: 'F-5' score=0.04 (required > 0.4)
02-13 10:09:45.889  2539  2853 E GlyphScraper:   RAWG candidate: 'The Inner World: The Last Wind Monk' score=0.08571428 (required > 0.4)
02-13 10:09:45.889  2539  2620 E GlyphScraper:   RAWG candidate: 'Bio Inc - Biomedical Plague' score=0.3 (required > 0.4)
02-13 10:09:45.889  2539  2853 E GlyphScraper:   RAWG candidate: 'The Last Warlock' score=0.22500001 (required > 0.4)
02-13 10:09:45.889  2539  2853 E GlyphScraper:   RAWG candidate: 'The Last Express' score=0.26250002 (required > 0.4)
02-13 10:09:45.890  2539  2881 E GlyphScraper:   RAWG candidate: 'Grand Mountain Adventure: Wonderlands' score=0.22882885 (required > 0.4)
02-13 10:09:45.890  2539  2881 E GlyphScraper:   RAWG candidate: 'Skyland: Heart of the Mountain' score=0.13714287 (required > 0.4)
02-13 10:09:45.890  2539  2881 E GlyphScraper:   RAWG candidate: 'Little Big Adventure' score=0.14000002 (required > 0.4)
02-13 10:09:45.890  2539  2881 E GlyphScraper:   RAWG candidate: 'Demetrios - The BIG Cynical Adventure' score=0.13822393 (required > 0.4)
02-13 10:09:45.890  2539  2881 E GlyphScraper:   RAWG candidate: 'Agricola: All Creatures Big and Small' score=0.14729732 (required > 0.4)
02-13 10:09:45.890  2539  2881 E GlyphScraper:   RAWG candidate: 'The Big Journey' score=0.18588236 (required > 0.4)
02-13 10:09:45.890  2539  2881 E GlyphScraper:   RAWG candidate: 'SimCity 3000' score=0.24705882 (required > 0.4)
02-13 10:09:45.891  2539  2881 E GlyphScraper:   RAWG candidate: 'Big Action Mega Fight!' score=0.23030302 (required > 0.4)
02-13 10:09:45.891  2539  2881 E GlyphScraper:   RAWG candidate: 'eFootball PES 2020' score=0.13333333 (required > 0.4)
02-13 10:09:45.891  2539  2881 E GlyphScraper:   RAWG candidate: 'Resident Evil 4 (2005)' score=0.16363636 (required > 0.4)
02-13 10:09:45.891  2539  2853 E GlyphScraper:   rawg -> no match
02-13 10:09:45.891  2539  2853 E GlyphScraper:   No results from any scraper
02-13 10:09:45.892  2539  2881 E GlyphScraper:   rawg -> no match
02-13 10:09:45.892  2539  2881 E GlyphScraper:   No results from any scraper
02-13 10:09:46.099  2539  2881 E GlyphScraper:   RAWG candidate: 'Alto's Adventure' score=0.35000002 (required > 0.4)
02-13 10:09:46.099  2539  2881 E GlyphScraper:   RAWG candidate: 'Little Big Adventure' score=0.305 (required > 0.4)
02-13 10:09:46.099  2539  2881 E GlyphScraper:   RAWG candidate: 'Sonic & All-Stars Racing Transformed' score=0.18333335 (required > 0.4)
02-13 10:09:46.100  2539  2881 E GlyphScraper:   RAWG candidate: 'Grand Mountain Adventure: Wonderlands' score=0.21081084 (required > 0.4)
02-13 10:09:46.100  2539  2881 E GlyphScraper:   RAWG candidate: 'Sonic & SEGA All-Stars Racing' score=0.22758622 (required > 0.4)
02-13 10:09:46.100  2539  2881 E GlyphScraper:   RAWG candidate: 'Cyberline Racing' score=0.25000003 (required > 0.4)
02-13 10:09:46.100  2539  2881 E GlyphScraper:   RAWG candidate: 'Drop Hunt - Adventure Puzzle' score=0.30238095 (required > 0.4)
02-13 10:09:46.100  2539  2881 E GlyphScraper:   RAWG candidate: 'Tap Adventure: Time Travel' score=0.20769233 (required > 0.4)
02-13 10:09:46.100  2539  2881 E GlyphScraper:   RAWG candidate: 'Demetrios - The BIG Cynical Adventure' score=0.1868726 (required > 0.4)
02-13 10:09:46.101  2539  2881 E GlyphScraper:   RAWG candidate: 'My Hunting Adventure Time v1.26' score=0.28940094 (required > 0.4)
02-13 10:09:46.102  2539  2881 E GlyphScraper:   rawg -> no match
02-13 10:09:46.102  2539  2881 E GlyphScraper:   No results from any scraper
02-13 10:09:46.187  2539  2881 E GlyphScraper:   RAWG candidate: 'Bio Inc. Redemption' score=0.354386 (required > 0.4)
02-13 10:09:46.187  2539  2881 E GlyphScraper:   RAWG candidate: 'BiO-project' score=0.16 (required > 0.4)
02-13 10:09:46.188  2539  2881 E GlyphScraper:   RAWG candidate: 'Bio-Rage' score=0.2 (required > 0.4)
02-13 10:09:46.188  2539  2881 E GlyphScraper:   RAWG candidate: 'Bio Inc - Biomedical Plague' score=0.3 (required > 0.4)
02-13 10:09:46.188  2539  2881 E GlyphScraper:   RAWG candidate: 'Bio Inc. - Biomedical Plague' score=0.29285717 (required > 0.4)
02-13 10:09:46.188  2539  2881 E GlyphScraper:   RAWG candidate: 'Bio Managment' score=0.36 (required > 0.4)
02-13 10:09:46.188  2539  2881 E GlyphScraper:   RAWG candidate: 'N64 Bios' score=0.08 (required > 0.4)
02-13 10:09:46.189  2539  2881 E GlyphScraper:   rawg -> no match
02-13 10:09:46.189  2539  2881 E GlyphScraper:   No results from any scraper
02-13 10:09:46.397  2539  2604 E GlyphScraper: Scraping: 'Bomberman 64 - The Second Attack! (U) [!].z64' -> cleaned: 'Bomberman 64 The Second Attack!' [n64]
02-13 10:09:46.397  2539  2620 E GlyphScraper: Scraping: 'Body Harvest (U) [!].z64' -> cleaned: 'Body Harvest' [n64]
02-13 10:09:46.398  2539  2604 D GlyphScraper:     LibRetro trying: https://thumbnails.libretro.com/Nintendo%20-%20Nintendo%2064/Named_Boxarts/Bomberman%2064%20The%20Second%20Attack%21.png
02-13 10:09:46.398  2539  2620 D GlyphScraper:     LibRetro trying: https://thumbnails.libretro.com/Nintendo%20-%20Nintendo%2064/Named_Boxarts/Body%20Harvest.png
02-13 10:09:46.398  2539  2619 E GlyphScraper: Scraping: 'Blues Brothers 2000 (U) [!].z64' -> cleaned: 'Blues Brothers 2000' [n64]
02-13 10:09:46.399  2539  2619 D GlyphScraper:     LibRetro trying: https://thumbnails.libretro.com/Nintendo%20-%20Nintendo%2064/Named_Boxarts/Blues%20Brothers%202000.png
02-13 10:09:46.400  2539  2853 E GlyphScraper: Scraping: 'Blast Corps (U) [!].z64' -> cleaned: 'Blast Corps' [n64]
02-13 10:09:46.400  2539  2853 D GlyphScraper:     LibRetro trying: https://thumbnails.libretro.com/Nintendo%20-%20Nintendo%2064/Named_Boxarts/Blast%20Corps.png
02-13 10:09:46.466  2539  2604 E GlyphScraper:   libretro -> no match, trying keyed APIs...
02-13 10:09:46.467  2539  2620 E GlyphScraper:   libretro -> no match, trying keyed APIs...
02-13 10:09:46.471  2539  2620 E GlyphScraper: Scrapers active: [rawg] (Keys: TGDB=false, RAWG=true, Moby=false)
02-13 10:09:46.471  2539  2878 E GlyphScraper: Scrapers active: [rawg] (Keys: TGDB=false, RAWG=true, Moby=false)
02-13 10:09:46.472  2539  2619 E GlyphScraper:   libretro -> no match, trying keyed APIs...
02-13 10:09:46.473  2539  2853 E GlyphScraper:   libretro -> no match, trying keyed APIs...
02-13 10:09:46.479  2539  2606 E GlyphScraper: Scrapers active: [rawg] (Keys: TGDB=false, RAWG=true, Moby=false)
02-13 10:09:46.481  2539  2880 E GlyphScraper: Scrapers active: [rawg] (Keys: TGDB=false, RAWG=true, Moby=false)
02-13 10:09:47.014  2539  2880 E GlyphScraper:   RAWG candidate: 'Harvest Moon: Light of Hope' score=0.13333333 (required > 0.4)
02-13 10:09:47.014  2539  2880 E GlyphScraper:   RAWG candidate: 'A Boy and His Blob' score=0.13333333 (required > 0.4)
02-13 10:09:47.014  2539  2880 E GlyphScraper:   RAWG candidate: 'Orchard: Harvest Season' score=0.33478263 (required > 0.4)
02-13 10:09:47.015  2539  2880 E GlyphScraper:   RAWG candidate: 'FarmVille: Harvest Swap' score=0.30869564 (required > 0.4)
02-13 10:09:47.015  2539  2880 E GlyphScraper:   RAWG candidate: 'Spooky's First Harvest' score=0.37272727 (required > 0.4)
02-13 10:09:47.015  2539  2880 E GlyphScraper:   RAWG candidate: 'Boda - Boda madness' score=0.22105266 (required > 0.4)
02-13 10:09:47.015  2539  2880 E GlyphScraper:   RAWG candidate: 'Body Parts Adventure: Discover body secret' score=0.22380954 (required > 0.4)
02-13 10:09:47.015  2539  2880 E GlyphScraper:   RAWG candidate: 'Solitaire - Grand Harvest' score=0.316 (required > 0.4)
02-13 10:09:47.015  2539  2880 E GlyphScraper:   RAWG candidate: 'HARVEST GIRLS:GARDEN ASSAULT' score=0.22857144 (required > 0.4)
02-13 10:09:47.015  2539  2880 E GlyphScraper:   RAWG candidate: 'Boris and the Dark Survival' score=0.15555558 (required > 0.4)
02-13 10:09:47.016  2539  2881 E GlyphScraper:   RAWG candidate: 'No Clue - Of Brother Blue' score=0.264 (required > 0.4)
02-13 10:09:47.016  2539  2881 E GlyphScraper:   RAWG candidate: 'Brothers: A Tale of Two Sons' score=0.12857145 (required > 0.4)
02-13 10:09:47.016  2539  2881 E GlyphScraper:   RAWG candidate: 'Pilot Brothers' score=0.38421053 (required > 0.4)
02-13 10:09:47.016  2539  2881 E GlyphScraper:   RAWG candidate: 'Pilot Brothers 2' score=0.4473684 (required > 0.4)
02-13 10:09:47.016  2539  2881 E GlyphScraper:   RAWG candidate: 'Pilot Brothers 3: Back Side of the Earth' score=0.19000001 (required > 0.4)
02-13 10:09:47.016  2539  2881 E GlyphScraper:   RAWG candidate: 'Always The Same Blue Sky...' score=0.11111112 (required > 0.4)
02-13 10:09:47.016  2539  2881 E GlyphScraper:   RAWG candidate: 'My Brother Rabbit' score=0.22105266 (required > 0.4)
02-13 10:09:47.016  2539  2880 E GlyphScraper:   rawg -> no match
02-13 10:09:47.016  2539  2880 E GlyphScraper:   No results from any scraper
02-13 10:09:47.016  2539  2881 E GlyphScraper:   RAWG candidate: '9 Clues 2: The Ward' score=0.22105266 (required > 0.4)
02-13 10:09:47.016  2539  2881 E GlyphScraper:   RAWG candidate: 'Blue Archive' score=0.22105266 (required > 0.4)
02-13 10:09:47.016  2539  2881 E GlyphScraper:   RAWG candidate: '9 Clues: The Secret of Serpent Creek' score=0.16666669 (required > 0.4)
02-13 10:09:47.023  2539  2880 E GlyphScraper:   RAWG candidate: 'Corpse Party: Blood Drive' score=0.12 (required > 0.4)
02-13 10:09:47.023  2539  2880 E GlyphScraper:   RAWG candidate: 'Doomsday: Last Survivors' score=0.17500001 (required > 0.4)
02-13 10:09:47.023  2539  2880 E GlyphScraper:   RAWG candidate: 'Candy Blast' score=0.18787879 (required > 0.4)
02-13 10:09:47.023  2539  2880 E GlyphScraper:   RAWG candidate: 'Altered Beast (1988)' score=0.15 (required > 0.4)
02-13 10:09:47.023  2539  2880 E GlyphScraper:   RAWG candidate: 'Almightree: The Last Dreamer' score=0.10714284 (required > 0.4)
02-13 10:09:47.023  2539  2880 E GlyphScraper:   RAWG candidate: 'The Last Door - Collector's Edition' score=0.15428571 (required > 0.4)
02-13 10:09:47.023  2539  2880 E GlyphScraper:   RAWG candidate: 'Last Horizon' score=0.3 (required > 0.4)
02-13 10:09:47.023  2539  2880 E GlyphScraper:   RAWG candidate: 'The Inner World: The Last Wind Monk' score=0.08571428 (required > 0.4)
02-13 10:09:47.023  2539  2880 E GlyphScraper:   RAWG candidate: 'The Last Warlock' score=0.22500001 (required > 0.4)
02-13 10:09:47.023  2539  2876 E GlyphScraper:   RAWG candidate: 'Timberman' score=0.13548389 (required > 0.4)
02-13 10:09:47.023  2539  2880 E GlyphScraper:   RAWG candidate: 'The Last Express' score=0.26250002 (required > 0.4)
02-13 10:09:47.024  2539  2876 E GlyphScraper:   RAWG candidate: 'Serious Sam: Kamikaze Attack!' score=0.2435484 (required > 0.4)
02-13 10:09:47.024  2539  2876 E GlyphScraper:   RAWG candidate: 'Second Galaxy' score=0.22150537 (required > 0.4)
02-13 10:09:47.024  2539  2876 E GlyphScraper:   RAWG candidate: '60 Seconds!' score=0.17419356 (required > 0.4)
02-13 10:09:47.024  2539  2876 E GlyphScraper:   RAWG candidate: 'The Secret Order 4: Beyond Time' score=0.15612903 (required > 0.4)
02-13 10:09:47.024  2539  2876 E GlyphScraper:   RAWG candidate: 'iBomber Attack' score=0.23225807 (required > 0.4)
02-13 10:09:47.024  2539  2876 E GlyphScraper:   RAWG candidate: 'Tibetan Quest: Beyond the World's End' score=0.18594594 (required > 0.4)
02-13 10:09:47.024  2539  2876 E GlyphScraper:   RAWG candidate: 'LEGO Batman 3: Beyond Gotham' score=0.21290325 (required > 0.4)
02-13 10:09:47.024  2539  2876 E GlyphScraper:   RAWG candidate: 'Stack' score=0.09677421 (required > 0.4)
02-13 10:09:47.024  2539  2876 E GlyphScraper:   RAWG candidate: 'Beyond Gravity' score=0.11612903 (required > 0.4)
02-13 10:09:47.025  2539  2880 E GlyphScraper:   rawg -> no match
02-13 10:09:47.025  2539  2880 E GlyphScraper:   No results from any scraper
02-13 10:09:47.329  2539  2881 D GlyphScraper:     RAWG match: 'Pilot Brothers 2' (screenshot, not box art)
02-13 10:09:47.329  2539  2881 E GlyphScraper:   rawg -> title='Pilot Brothers 2' hasImage=true
02-13 10:09:47.342  2539  2881 E GlyphScraper:   RAWG candidate: 'Timberman' score=0.13548389 (required > 0.4)
02-13 10:09:47.342  2539  2881 E GlyphScraper:   RAWG candidate: 'The Bottom of the Well' score=0.18548389 (required > 0.4)
02-13 10:09:47.342  2539  2881 E GlyphScraper:   RAWG candidate: 'The Graveyard' score=0.16344088 (required > 0.4)
02-13 10:09:47.342  2539  2881 E GlyphScraper:   RAWG candidate: 'The Mooseman' score=0.1827957 (required > 0.4)
02-13 10:09:47.343  2539  2881 E GlyphScraper:   RAWG candidate: 'Hold the Line: The American Revolution' score=0.20233919 (required > 0.4)
02-13 10:09:47.343  2539  2881 E GlyphScraper:   RAWG candidate: 'Behind the Frame: The Finest Scenery' score=0.17777777 (required > 0.4)
02-13 10:09:47.343  2539  2881 E GlyphScraper:   RAWG candidate: 'The Pirate: Plague of the Dead' score=0.1218638 (required > 0.4)
02-13 10:09:47.343  2539  2881 E GlyphScraper:   RAWG candidate: 'Nuts!: The Battle of the Bulge' score=0.1218638 (required > 0.4)
02-13 10:09:47.343  2539  2881 E GlyphScraper:   RAWG candidate: 'The Adventures of Tintin: The Game' score=0.11503267 (required > 0.4)
02-13 10:09:47.343  2539  2881 E GlyphScraper:   RAWG candidate: 'The Inner World: The Last Wind Monk' score=0.19428572 (required > 0.4)
02-13 10:09:47.344  2539  2881 E GlyphScraper:   rawg -> no match
02-13 10:09:47.344  2539  2881 E GlyphScraper:   No results from any scraper
02-13 10:09:47.550  2539  2880 E GlyphScraper: Scraping: 'Bomberman 64 (U) [b1].z64' -> cleaned: 'Bomberman 64' [n64]
02-13 10:09:47.550  2539  2618 E GlyphScraper: Scraping: 'Bomberman Hero (U) [!].z64' -> cleaned: 'Bomberman Hero' [n64]
02-13 10:09:47.550  2539  2606 E GlyphScraper: Scraping: 'Bottom of the 9th (U) [!].z64' -> cleaned: 'Bottom of the 9th' [n64]
02-13 10:09:47.551  2539  2880 D GlyphScraper:     LibRetro trying: https://thumbnails.libretro.com/Nintendo%20-%20Nintendo%2064/Named_Boxarts/Bomberman%2064.png
02-13 10:09:47.551  2539  2618 D GlyphScraper:     LibRetro trying: https://thumbnails.libretro.com/Nintendo%20-%20Nintendo%2064/Named_Boxarts/Bomberman%20Hero.png
02-13 10:09:47.552  2539  2606 D GlyphScraper:     LibRetro trying: https://thumbnails.libretro.com/Nintendo%20-%20Nintendo%2064/Named_Boxarts/Bottom%20of%20the%209th.png
02-13 10:09:47.552  2539  2879 E GlyphScraper: Scraping: 'Bomberman 64 (U) [!].z64' -> cleaned: 'Bomberman 64' [n64]
02-13 10:09:47.553  2539  2879 D GlyphScraper:     LibRetro trying: https://thumbnails.libretro.com/Nintendo%20-%20Nintendo%2064/Named_Boxarts/Bomberman%2064.png
02-13 10:09:50.452  2539  2618 E GlyphScraper:   libretro -> no match, trying keyed APIs...
02-13 10:09:50.453  2539  2606 D GlyphScraper:     LibRetro trying: https://thumbnails.libretro.com/Nintendo%20-%20Nintendo%2064/Named_Boxarts/Bottom%20Of%20The%209th.png
02-13 10:09:50.455  2539  2880 E GlyphScraper:   libretro -> no match, trying keyed APIs...
02-13 10:09:50.456  2539  2879 E GlyphScraper:   libretro -> no match, trying keyed APIs...
02-13 10:09:50.460  2539  2854 E GlyphScraper: Scrapers active: [rawg] (Keys: TGDB=false, RAWG=true, Moby=false)
02-13 10:09:50.461  2539  2881 E GlyphScraper: Scrapers active: [rawg] (Keys: TGDB=false, RAWG=true, Moby=false)
02-13 10:09:50.464  2539  2876 E GlyphScraper: Scrapers active: [rawg] (Keys: TGDB=false, RAWG=true, Moby=false)
02-13 10:09:50.498  2539  2606 E GlyphScraper:   libretro -> no match, trying keyed APIs...
02-13 10:09:50.505  2539  2876 E GlyphScraper: Scrapers active: [rawg] (Keys: TGDB=false, RAWG=true, Moby=false)
02-13 10:09:50.810  2539  2876 E GlyphScraper:   RAWG candidate: 'Timberman' score=0.35000002 (required > 0.4)
02-13 10:09:50.810  2539  2876 E GlyphScraper:   RAWG candidate: 'J.E.R.O. (C64) Commodore 64' score=0.19111112 (required > 0.4)
02-13 10:09:50.810  2539  2876 E GlyphScraper:   RAWG candidate: 'Bomberman Alquimista' score=0.43333334 (required > 0.4)
02-13 10:09:50.810  2539  2876 E GlyphScraper:   RAWG candidate: 'Taisen! Bomberman' score=0.34509805 (required > 0.4)
02-13 10:09:50.810  2539  2876 E GlyphScraper:   RAWG candidate: 'Amazon Blocks (McKinley-64, renatarinaldi)' score=0.10000002 (required > 0.4)
02-13 10:09:50.810  2539  2876 E GlyphScraper:   RAWG candidate: 'Sub Mare Imperium: Derelict 64' score=0.22666666 (required > 0.4)
02-13 10:09:50.810  2539  2876 E GlyphScraper:   RAWG candidate: 'Adventure 64' score=0.28333336 (required > 0.4)
02-13 10:09:50.810  2539  2876 E GlyphScraper:   RAWG candidate: 'math 64' score=0.33333334 (required > 0.4)
02-13 10:09:50.810  2539  2876 E GlyphScraper:   RAWG candidate: 'Bombrun 64' score=0.5833334 (required > 0.4)
02-13 10:09:50.811  2539  2876 E GlyphScraper:   RAWG candidate: 'Araign├®e - Spider Thief (C64) Commodore 64' score=0.14285713 (required > 0.4)
02-13 10:09:50.813  2539  2875 E GlyphScraper:   RAWG candidate: 'Bottom of the 9th' score=1.0 (required > 0.4)
02-13 10:09:50.813  2539  2875 E GlyphScraper:   RAWG candidate: 'The Bottom of the Well' score=0.6218182 (required > 0.4)
02-13 10:09:50.814  2539  2875 E GlyphScraper:   RAWG candidate: 'SpongeBob SquarePants: Battle for Bikini Bottom ÔÇö Rehydrated' score=0.14000002 (required > 0.4)
02-13 10:09:50.814  2539  2875 E GlyphScraper:   RAWG candidate: 'LD48 - The Bottom Dweller' score=0.25333333 (required > 0.4)
02-13 10:09:50.814  2539  2875 E GlyphScraper:   RAWG candidate: 'Nuts!: The Battle of the Bulge' score=0.33428574 (required > 0.4)
02-13 10:09:50.814  2539  2875 E GlyphScraper:   RAWG candidate: 'The Pirate: Plague of the Dead' score=0.2942857 (required > 0.4)
02-13 10:09:50.814  2539  2875 E GlyphScraper:   RAWG candidate: 'The Adventures of Tintin: The Game' score=0.27310926 (required > 0.4)
02-13 10:09:50.814  2539  2875 E GlyphScraper:   RAWG candidate: 'Skulls of the Shogun' score=0.37333333 (required > 0.4)
02-13 10:09:50.814  2539  2875 E GlyphScraper:   RAWG candidate: 'The Lords of Midnight' score=0.3047619 (required > 0.4)
02-13 10:09:50.814  2539  2875 E GlyphScraper:   RAWG candidate: 'Lords of the Fallen (2014)' score=0.29890108 (required > 0.4)
02-13 10:09:50.838  2539  2606 E GlyphScraper:   RAWG candidate: 'Timberman' score=0.3 (required > 0.4)
02-13 10:09:50.838  2539  2606 E GlyphScraper:   RAWG candidate: 'Not A Hero' score=0.43333334 (required > 0.4)
02-13 10:09:50.839  2539  2606 E GlyphScraper:   RAWG candidate: 'Loop Hero' score=0.39047617 (required > 0.4)
02-13 10:09:50.839  2539  2606 E GlyphScraper:   RAWG candidate: 'Hero of Many' score=0.18571427 (required > 0.4)
02-13 10:09:50.839  2539  2606 E GlyphScraper:   RAWG candidate: 'Space Hero Line' score=0.18 (required > 0.4)
02-13 10:09:50.839  2539  2606 E GlyphScraper:   RAWG candidate: 'Sparkle ZERO' score=0.21428573 (required > 0.4)
02-13 10:09:50.839  2539  2606 E GlyphScraper:   RAWG candidate: 'Her Story' score=0.12857145 (required > 0.4)
02-13 10:09:50.839  2539  2606 E GlyphScraper:   RAWG candidate: 'Zenless Zone Zero' score=0.21176471 (required > 0.4)
02-13 10:09:50.839  2539  2606 E GlyphScraper:   RAWG candidate: 'Strike Suit Zero' score=0.1875 (required > 0.4)
02-13 10:09:50.839  2539  2606 E GlyphScraper:   RAWG candidate: 'Reigns: Her Majesty' score=0.094736844 (required > 0.4)
02-13 10:09:50.868  2539  2875 D GlyphScraper:     RAWG match: 'Bottom of the 9th' (screenshot, not box art)
02-13 10:09:50.868  2539  2875 E GlyphScraper:   rawg -> title='Bottom of the 9th' hasImage=true
02-13 10:09:50.895  2539  2606 D GlyphScraper:     RAWG match: 'Not A Hero' (screenshot, not box art)
02-13 10:09:50.895  2539  2606 E GlyphScraper:   rawg -> title='Not A Hero' hasImage=true
02-13 10:09:54.663  2539  2876 D GlyphScraper:     RAWG match: 'Bombrun 64' (screenshot, not box art)
02-13 10:09:54.663  2539  2876 E GlyphScraper:   rawg -> title='Bombrun 64' hasImage=true
02-13 10:09:54.666  2539  2875 E GlyphScraper:   RAWG candidate: 'Timberman' score=0.35000002 (required > 0.4)
02-13 10:09:54.666  2539  2875 E GlyphScraper:   RAWG candidate: 'J.E.R.O. (C64) Commodore 64' score=0.19111112 (required > 0.4)
02-13 10:09:54.666  2539  2875 E GlyphScraper:   RAWG candidate: 'Bomberman Alquimista' score=0.43333334 (required > 0.4)
02-13 10:09:54.667  2539  2875 E GlyphScraper:   RAWG candidate: 'Taisen! Bomberman' score=0.34509805 (required > 0.4)
02-13 10:09:54.667  2539  2875 E GlyphScraper:   RAWG candidate: 'Amazon Blocks (McKinley-64, renatarinaldi)' score=0.10000002 (required > 0.4)
02-13 10:09:54.667  2539  2875 E GlyphScraper:   RAWG candidate: 'Sub Mare Imperium: Derelict 64' score=0.22666666 (required > 0.4)
02-13 10:09:54.667  2539  2875 E GlyphScraper:   RAWG candidate: 'Adventure 64' score=0.28333336 (required > 0.4)
02-13 10:09:54.667  2539  2875 E GlyphScraper:   RAWG candidate: 'math 64' score=0.33333334 (required > 0.4)
02-13 10:09:54.667  2539  2875 E GlyphScraper:   RAWG candidate: 'Bombrun 64' score=0.5833334 (required > 0.4)
02-13 10:09:54.667  2539  2875 E GlyphScraper:   RAWG candidate: 'Araign├®e - Spider Thief (C64) Commodore 64' score=0.14285713 (required > 0.4)
02-13 10:09:54.709  2539  2875 D GlyphScraper:     RAWG match: 'Bombrun 64' (screenshot, not box art)
