02-13 10:09:46.187  2539  2881 E GlyphScraper:   RAWG candidate: 'Bio Inc. Redemption' score=0.354386 (required > 0.4)
02-13 10:09:46.187  2539  2881 E GlyphScraper:   RAWG candidate: 'BiO-project' score=0.16 (required > 0.4)
02-13 10:09:46.188  2539  2881 E GlyphScraper:   RAWG candidate: 'Bio-Rage' score=0.2 (required > 0.4)
02-13 10:09:46.188  2539  2881 E GlyphScraper:   RAWG candidate: 'Bio Inc - Biomedical Plague' score=0.3 (required > 0.4)
02-13 10:09:46.188  2539  2881 E GlyphScraper:   RAWG candidate: 'Bio Inc. - Biomedical Plague' score=0.29285717 (required > 0.4)
02-13 10:09:46.188  2539  2881 E GlyphScraper:   RAWG candidate: 'Bio Managment' score=0.36 (required > 0.4)
02-13 10:09:46.188  2539  2881 E GlyphScraper:   RAWG candidate: 'N64 Bios' score=0.08 (required > 0.4)
02-13 10:09:46.189  2539  2881 E GlyphScraper:   rawg -> no match
02-13 10:09:46.189  2539  2881 E GlyphScraper:   No results from any scraper
02-13 10:09:46.397  2539  2604 E GlyphScraper: Scraping: 'Bomberman 64 - The Second Attack! (U) [!].z64' -> cleaned: 'Bomberman 64 The Second Attack!' [n64]
02-13 10:09:46.397  2539  2620 E GlyphScraper: Scraping: 'Body Harvest (U) [!].z64' -> cleaned: 'Body Harvest' [n64]
02-13 10:09:46.398  2539  2604 D GlyphScraper:     LibRetro trying: https://thumbnails.libretro.com/Nintendo%20-%20Nintendo%2064/Named_Boxarts/Bomberman%2064%20The%20Second%20Attack%21.png
02-13 10:09:46.398  2539  2620 D GlyphScraper:     LibRetro trying: https://thumbnails.libretro.com/Nintendo%20-%20Nintendo%2064/Named_Boxarts/Body%20Harvest.png
02-13 10:09:46.398  2539  2619 E GlyphScraper: Scraping: 'Blues Brothers 2000 (U) [!].z64' -> cleaned: 'Blues Brothers 2000' [n64]
02-13 10:09:46.399  2539  2619 D GlyphScraper:     LibRetro trying: https://thumbnails.libretro.com/Nintendo%20-%20Nintendo%2064/Named_Boxarts/Blues%20Brothers%202000.png
02-13 10:09:46.400  2539  2853 E GlyphScraper: Scraping: 'Blast Corps (U) [!].z64' -> cleaned: 'Blast Corps' [n64]
02-13 10:09:46.400  2539  2853 D GlyphScraper:     LibRetro trying: https://thumbnails.libretro.com/Nintendo%20-%20Nintendo%2064/Named_Boxarts/Blast%20Corps.png
02-13 10:09:46.466  2539  2604 E GlyphScraper:   libretro -> no match, trying keyed APIs...
02-13 10:09:46.467  2539  2620 E GlyphScraper:   libretro -> no match, trying keyed APIs...
02-13 10:09:46.471  2539  2620 E GlyphScraper: Scrapers active: [rawg] (Keys: TGDB=false, RAWG=true, Moby=false)
02-13 10:09:46.471  2539  2878 E GlyphScraper: Scrapers active: [rawg] (Keys: TGDB=false, RAWG=true, Moby=false)
02-13 10:09:46.472  2539  2619 E GlyphScraper:   libretro -> no match, trying keyed APIs...
02-13 10:09:46.473  2539  2853 E GlyphScraper:   libretro -> no match, trying keyed APIs...
02-13 10:09:46.479  2539  2606 E GlyphScraper: Scrapers active: [rawg] (Keys: TGDB=false, RAWG=true, Moby=false)
02-13 10:09:46.481  2539  2880 E GlyphScraper: Scrapers active: [rawg] (Keys: TGDB=false, RAWG=true, Moby=false)
02-13 10:09:47.014  2539  2880 E GlyphScraper:   RAWG candidate: 'Harvest Moon: Light of Hope' score=0.13333333 (required > 0.4)
02-13 10:09:47.014  2539  2880 E GlyphScraper:   RAWG candidate: 'A Boy and His Blob' score=0.13333333 (required > 0.4)
02-13 10:09:47.014  2539  2880 E GlyphScraper:   RAWG candidate: 'Orchard: Harvest Season' score=0.33478263 (required > 0.4)
02-13 10:09:47.015  2539  2880 E GlyphScraper:   RAWG candidate: 'FarmVille: Harvest Swap' score=0.30869564 (required > 0.4)
02-13 10:09:47.015  2539  2880 E GlyphScraper:   RAWG candidate: 'Spooky's First Harvest' score=0.37272727 (required > 0.4)
02-13 10:09:47.015  2539  2880 E GlyphScraper:   RAWG candidate: 'Boda - Boda madness' score=0.22105266 (required > 0.4)
02-13 10:09:47.015  2539  2880 E GlyphScraper:   RAWG candidate: 'Body Parts Adventure: Discover body secret' score=0.22380954 (required > 0.4)
02-13 10:09:47.015  2539  2880 E GlyphScraper:   RAWG candidate: 'Solitaire - Grand Harvest' score=0.316 (required > 0.4)
02-13 10:09:47.015  2539  2880 E GlyphScraper:   RAWG candidate: 'HARVEST GIRLS:GARDEN ASSAULT' score=0.22857144 (required > 0.4)
02-13 10:09:47.015  2539  2880 E GlyphScraper:   RAWG candidate: 'Boris and the Dark Survival' score=0.15555558 (required > 0.4)
02-13 10:09:47.016  2539  2881 E GlyphScraper:   RAWG candidate: 'No Clue - Of Brother Blue' score=0.264 (required > 0.4)
02-13 10:09:47.016  2539  2881 E GlyphScraper:   RAWG candidate: 'Brothers: A Tale of Two Sons' score=0.12857145 (required > 0.4)
02-13 10:09:47.016  2539  2881 E GlyphScraper:   RAWG candidate: 'Pilot Brothers' score=0.38421053 (required > 0.4)
02-13 10:09:47.016  2539  2881 E GlyphScraper:   RAWG candidate: 'Pilot Brothers 2' score=0.4473684 (required > 0.4)
02-13 10:09:47.016  2539  2881 E GlyphScraper:   RAWG candidate: 'Pilot Brothers 3: Back Side of the Earth' score=0.19000001 (required > 0.4)
02-13 10:09:47.016  2539  2881 E GlyphScraper:   RAWG candidate: 'Always The Same Blue Sky...' score=0.11111112 (required > 0.4)
02-13 10:09:47.016  2539  2881 E GlyphScraper:   RAWG candidate: 'My Brother Rabbit' score=0.22105266 (required > 0.4)
02-13 10:09:47.016  2539  2880 E GlyphScraper:   rawg -> no match
02-13 10:09:47.016  2539  2880 E GlyphScraper:   No results from any scraper
02-13 10:09:47.016  2539  2881 E GlyphScraper:   RAWG candidate: '9 Clues 2: The Ward' score=0.22105266 (required > 0.4)
02-13 10:09:47.016  2539  2881 E GlyphScraper:   RAWG candidate: 'Blue Archive' score=0.22105266 (required > 0.4)
02-13 10:09:47.016  2539  2881 E GlyphScraper:   RAWG candidate: '9 Clues: The Secret of Serpent Creek' score=0.16666669 (required > 0.4)
02-13 10:09:47.023  2539  2880 E GlyphScraper:   RAWG candidate: 'Corpse Party: Blood Drive' score=0.12 (required > 0.4)
02-13 10:09:47.023  2539  2880 E GlyphScraper:   RAWG candidate: 'Doomsday: Last Survivors' score=0.17500001 (required > 0.4)
02-13 10:09:47.023  2539  2880 E GlyphScraper:   RAWG candidate: 'Candy Blast' score=0.18787879 (required > 0.4)
02-13 10:09:47.023  2539  2880 E GlyphScraper:   RAWG candidate: 'Altered Beast (1988)' score=0.15 (required > 0.4)
02-13 10:09:47.023  2539  2880 E GlyphScraper:   RAWG candidate: 'Almightree: The Last Dreamer' score=0.10714284 (required > 0.4)
02-13 10:09:47.023  2539  2880 E GlyphScraper:   RAWG candidate: 'The Last Door - Collector's Edition' score=0.15428571 (required > 0.4)
02-13 10:09:47.023  2539  2880 E GlyphScraper:   RAWG candidate: 'Last Horizon' score=0.3 (required > 0.4)
02-13 10:09:47.023  2539  2880 E GlyphScraper:   RAWG candidate: 'The Inner World: The Last Wind Monk' score=0.08571428 (required > 0.4)
02-13 10:09:47.023  2539  2880 E GlyphScraper:   RAWG candidate: 'The Last Warlock' score=0.22500001 (required > 0.4)
02-13 10:09:47.023  2539  2876 E GlyphScraper:   RAWG candidate: 'Timberman' score=0.13548389 (required > 0.4)
02-13 10:09:47.023  2539  2880 E GlyphScraper:   RAWG candidate: 'The Last Express' score=0.26250002 (required > 0.4)
02-13 10:09:47.024  2539  2876 E GlyphScraper:   RAWG candidate: 'Serious Sam: Kamikaze Attack!' score=0.2435484 (required > 0.4)
02-13 10:09:47.024  2539  2876 E GlyphScraper:   RAWG candidate: 'Second Galaxy' score=0.22150537 (required > 0.4)
02-13 10:09:47.024  2539  2876 E GlyphScraper:   RAWG candidate: '60 Seconds!' score=0.17419356 (required > 0.4)
02-13 10:09:47.024  2539  2876 E GlyphScraper:   RAWG candidate: 'The Secret Order 4: Beyond Time' score=0.15612903 (required > 0.4)
02-13 10:09:47.024  2539  2876 E GlyphScraper:   RAWG candidate: 'iBomber Attack' score=0.23225807 (required > 0.4)
02-13 10:09:47.024  2539  2876 E GlyphScraper:   RAWG candidate: 'Tibetan Quest: Beyond the World's End' score=0.18594594 (required > 0.4)
02-13 10:09:47.024  2539  2876 E GlyphScraper:   RAWG candidate: 'LEGO Batman 3: Beyond Gotham' score=0.21290325 (required > 0.4)
02-13 10:09:47.024  2539  2876 E GlyphScraper:   RAWG candidate: 'Stack' score=0.09677421 (required > 0.4)
02-13 10:09:47.024  2539  2876 E GlyphScraper:   RAWG candidate: 'Beyond Gravity' score=0.11612903 (required > 0.4)
02-13 10:09:47.025  2539  2880 E GlyphScraper:   rawg -> no match
02-13 10:09:47.025  2539  2880 E GlyphScraper:   No results from any scraper
02-13 10:09:47.329  2539  2881 D GlyphScraper:     RAWG match: 'Pilot Brothers 2' (screenshot, not box art)
02-13 10:09:47.329  2539  2881 E GlyphScraper:   rawg -> title='Pilot Brothers 2' hasImage=true
02-13 10:09:47.342  2539  2881 E GlyphScraper:   RAWG candidate: 'Timberman' score=0.13548389 (required > 0.4)
02-13 10:09:47.342  2539  2881 E GlyphScraper:   RAWG candidate: 'The Bottom of the Well' score=0.18548389 (required > 0.4)
02-13 10:09:47.342  2539  2881 E GlyphScraper:   RAWG candidate: 'The Graveyard' score=0.16344088 (required > 0.4)
02-13 10:09:47.342  2539  2881 E GlyphScraper:   RAWG candidate: 'The Mooseman' score=0.1827957 (required > 0.4)
02-13 10:09:47.343  2539  2881 E GlyphScraper:   RAWG candidate: 'Hold the Line: The American Revolution' score=0.20233919 (required > 0.4)
02-13 10:09:47.343  2539  2881 E GlyphScraper:   RAWG candidate: 'Behind the Frame: The Finest Scenery' score=0.17777777 (required > 0.4)
02-13 10:09:47.343  2539  2881 E GlyphScraper:   RAWG candidate: 'The Pirate: Plague of the Dead' score=0.1218638 (required > 0.4)
02-13 10:09:47.343  2539  2881 E GlyphScraper:   RAWG candidate: 'Nuts!: The Battle of the Bulge' score=0.1218638 (required > 0.4)
02-13 10:09:47.343  2539  2881 E GlyphScraper:   RAWG candidate: 'The Adventures of Tintin: The Game' score=0.11503267 (required > 0.4)
02-13 10:09:47.343  2539  2881 E GlyphScraper:   RAWG candidate: 'The Inner World: The Last Wind Monk' score=0.19428572 (required > 0.4)
02-13 10:09:47.344  2539  2881 E GlyphScraper:   rawg -> no match
02-13 10:09:47.344  2539  2881 E GlyphScraper:   No results from any scraper
02-13 10:09:47.550  2539  2880 E GlyphScraper: Scraping: 'Bomberman 64 (U) [b1].z64' -> cleaned: 'Bomberman 64' [n64]
02-13 10:09:47.550  2539  2618 E GlyphScraper: Scraping: 'Bomberman Hero (U) [!].z64' -> cleaned: 'Bomberman Hero' [n64]
02-13 10:09:47.550  2539  2606 E GlyphScraper: Scraping: 'Bottom of the 9th (U) [!].z64' -> cleaned: 'Bottom of the 9th' [n64]
02-13 10:09:47.551  2539  2880 D GlyphScraper:     LibRetro trying: https://thumbnails.libretro.com/Nintendo%20-%20Nintendo%2064/Named_Boxarts/Bomberman%2064.png
02-13 10:09:47.551  2539  2618 D GlyphScraper:     LibRetro trying: https://thumbnails.libretro.com/Nintendo%20-%20Nintendo%2064/Named_Boxarts/Bomberman%20Hero.png
02-13 10:09:47.552  2539  2606 D GlyphScraper:     LibRetro trying: https://thumbnails.libretro.com/Nintendo%20-%20Nintendo%2064/Named_Boxarts/Bottom%20of%20the%209th.png
02-13 10:09:47.552  2539  2879 E GlyphScraper: Scraping: 'Bomberman 64 (U) [!].z64' -> cleaned: 'Bomberman 64' [n64]
02-13 10:09:47.553  2539  2879 D GlyphScraper:     LibRetro trying: https://thumbnails.libretro.com/Nintendo%20-%20Nintendo%2064/Named_Boxarts/Bomberman%2064.png
02-13 10:09:50.452  2539  2618 E GlyphScraper:   libretro -> no match, trying keyed APIs...
02-13 10:09:50.453  2539  2606 D GlyphScraper:     LibRetro trying: https://thumbnails.libretro.com/Nintendo%20-%20Nintendo%2064/Named_Boxarts/Bottom%20Of%20The%209th.png
02-13 10:09:50.455  2539  2880 E GlyphScraper:   libretro -> no match, trying keyed APIs...
02-13 10:09:50.456  2539  2879 E GlyphScraper:   libretro -> no match, trying keyed APIs...
02-13 10:09:50.460  2539  2854 E GlyphScraper: Scrapers active: [rawg] (Keys: TGDB=false, RAWG=true, Moby=false)
02-13 10:09:50.461  2539  2881 E GlyphScraper: Scrapers active: [rawg] (Keys: TGDB=false, RAWG=true, Moby=false)
02-13 10:09:50.464  2539  2876 E GlyphScraper: Scrapers active: [rawg] (Keys: TGDB=false, RAWG=true, Moby=false)
02-13 10:09:50.498  2539  2606 E GlyphScraper:   libretro -> no match, trying keyed APIs...
02-13 10:09:50.505  2539  2876 E GlyphScraper: Scrapers active: [rawg] (Keys: TGDB=false, RAWG=true, Moby=false)
02-13 10:09:50.810  2539  2876 E GlyphScraper:   RAWG candidate: 'Timberman' score=0.35000002 (required > 0.4)
02-13 10:09:50.810  2539  2876 E GlyphScraper:   RAWG candidate: 'J.E.R.O. (C64) Commodore 64' score=0.19111112 (required > 0.4)
02-13 10:09:50.810  2539  2876 E GlyphScraper:   RAWG candidate: 'Bomberman Alquimista' score=0.43333334 (required > 0.4)
02-13 10:09:50.810  2539  2876 E GlyphScraper:   RAWG candidate: 'Taisen! Bomberman' score=0.34509805 (required > 0.4)
02-13 10:09:50.810  2539  2876 E GlyphScraper:   RAWG candidate: 'Amazon Blocks (McKinley-64, renatarinaldi)' score=0.10000002 (required > 0.4)
02-13 10:09:50.810  2539  2876 E GlyphScraper:   RAWG candidate: 'Sub Mare Imperium: Derelict 64' score=0.22666666 (required > 0.4)
02-13 10:09:50.810  2539  2876 E GlyphScraper:   RAWG candidate: 'Adventure 64' score=0.28333336 (required > 0.4)
02-13 10:09:50.810  2539  2876 E GlyphScraper:   RAWG candidate: 'math 64' score=0.33333334 (required > 0.4)
02-13 10:09:50.810  2539  2876 E GlyphScraper:   RAWG candidate: 'Bombrun 64' score=0.5833334 (required > 0.4)
02-13 10:09:50.811  2539  2876 E GlyphScraper:   RAWG candidate: 'Araign├®e - Spider Thief (C64) Commodore 64' score=0.14285713 (required > 0.4)
02-13 10:09:50.813  2539  2875 E GlyphScraper:   RAWG candidate: 'Bottom of the 9th' score=1.0 (required > 0.4)
02-13 10:09:50.813  2539  2875 E GlyphScraper:   RAWG candidate: 'The Bottom of the Well' score=0.6218182 (required > 0.4)
02-13 10:09:50.814  2539  2875 E GlyphScraper:   RAWG candidate: 'SpongeBob SquarePants: Battle for Bikini Bottom ÔÇö Rehydrated' score=0.14000002 (required > 0.4)
02-13 10:09:50.814  2539  2875 E GlyphScraper:   RAWG candidate: 'LD48 - The Bottom Dweller' score=0.25333333 (required > 0.4)
02-13 10:09:50.814  2539  2875 E GlyphScraper:   RAWG candidate: 'Nuts!: The Battle of the Bulge' score=0.33428574 (required > 0.4)
02-13 10:09:50.814  2539  2875 E GlyphScraper:   RAWG candidate: 'The Pirate: Plague of the Dead' score=0.2942857 (required > 0.4)
02-13 10:09:50.814  2539  2875 E GlyphScraper:   RAWG candidate: 'The Adventures of Tintin: The Game' score=0.27310926 (required > 0.4)
02-13 10:09:50.814  2539  2875 E GlyphScraper:   RAWG candidate: 'Skulls of the Shogun' score=0.37333333 (required > 0.4)
02-13 10:09:50.814  2539  2875 E GlyphScraper:   RAWG candidate: 'The Lords of Midnight' score=0.3047619 (required > 0.4)
02-13 10:09:50.814  2539  2875 E GlyphScraper:   RAWG candidate: 'Lords of the Fallen (2014)' score=0.29890108 (required > 0.4)
02-13 10:09:50.838  2539  2606 E GlyphScraper:   RAWG candidate: 'Timberman' score=0.3 (required > 0.4)
02-13 10:09:50.838  2539  2606 E GlyphScraper:   RAWG candidate: 'Not A Hero' score=0.43333334 (required > 0.4)
02-13 10:09:50.839  2539  2606 E GlyphScraper:   RAWG candidate: 'Loop Hero' score=0.39047617 (required > 0.4)
02-13 10:09:50.839  2539  2606 E GlyphScraper:   RAWG candidate: 'Hero of Many' score=0.18571427 (required > 0.4)
02-13 10:09:50.839  2539  2606 E GlyphScraper:   RAWG candidate: 'Space Hero Line' score=0.18 (required > 0.4)
02-13 10:09:50.839  2539  2606 E GlyphScraper:   RAWG candidate: 'Sparkle ZERO' score=0.21428573 (required > 0.4)
02-13 10:09:50.839  2539  2606 E GlyphScraper:   RAWG candidate: 'Her Story' score=0.12857145 (required > 0.4)
02-13 10:09:50.839  2539  2606 E GlyphScraper:   RAWG candidate: 'Zenless Zone Zero' score=0.21176471 (required > 0.4)
02-13 10:09:50.839  2539  2606 E GlyphScraper:   RAWG candidate: 'Strike Suit Zero' score=0.1875 (required > 0.4)
02-13 10:09:50.839  2539  2606 E GlyphScraper:   RAWG candidate: 'Reigns: Her Majesty' score=0.094736844 (required > 0.4)
02-13 10:09:50.868  2539  2875 D GlyphScraper:     RAWG match: 'Bottom of the 9th' (screenshot, not box art)
02-13 10:09:50.868  2539  2875 E GlyphScraper:   rawg -> title='Bottom of the 9th' hasImage=true
02-13 10:09:50.895  2539  2606 D GlyphScraper:     RAWG match: 'Not A Hero' (screenshot, not box art)
02-13 10:09:50.895  2539  2606 E GlyphScraper:   rawg -> title='Not A Hero' hasImage=true
02-13 10:09:54.663  2539  2876 D GlyphScraper:     RAWG match: 'Bombrun 64' (screenshot, not box art)
02-13 10:09:54.663  2539  2876 E GlyphScraper:   rawg -> title='Bombrun 64' hasImage=true
02-13 10:09:54.666  2539  2875 E GlyphScraper:   RAWG candidate: 'Timberman' score=0.35000002 (required > 0.4)
02-13 10:09:54.666  2539  2875 E GlyphScraper:   RAWG candidate: 'J.E.R.O. (C64) Commodore 64' score=0.19111112 (required > 0.4)
02-13 10:09:54.666  2539  2875 E GlyphScraper:   RAWG candidate: 'Bomberman Alquimista' score=0.43333334 (required > 0.4)
02-13 10:09:54.667  2539  2875 E GlyphScraper:   RAWG candidate: 'Taisen! Bomberman' score=0.34509805 (required > 0.4)
02-13 10:09:54.667  2539  2875 E GlyphScraper:   RAWG candidate: 'Amazon Blocks (McKinley-64, renatarinaldi)' score=0.10000002 (required > 0.4)
02-13 10:09:54.667  2539  2875 E GlyphScraper:   RAWG candidate: 'Sub Mare Imperium: Derelict 64' score=0.22666666 (required > 0.4)
02-13 10:09:54.667  2539  2875 E GlyphScraper:   RAWG candidate: 'Adventure 64' score=0.28333336 (required > 0.4)
02-13 10:09:54.667  2539  2875 E GlyphScraper:   RAWG candidate: 'math 64' score=0.33333334 (required > 0.4)
02-13 10:09:54.667  2539  2875 E GlyphScraper:   RAWG candidate: 'Bombrun 64' score=0.5833334 (required > 0.4)
02-13 10:09:54.667  2539  2875 E GlyphScraper:   RAWG candidate: 'Araign├®e - Spider Thief (C64) Commodore 64' score=0.14285713 (required > 0.4)
02-13 10:09:54.709  2539  2875 D GlyphScraper:     RAWG match: 'Bombrun 64' (screenshot, not box art)
02-13 10:09:54.709  2539  2875 E GlyphScraper:   rawg -> title='Bombrun 64' hasImage=true
02-13 10:09:54.915  2539  2620 E GlyphScraper: Scraping: 'Brunswick Circuit Pro Bowling (U) [!].z64' -> cleaned: 'Brunswick Circuit Pro Bowling' [n64]
02-13 10:09:54.916  2539  2974 E GlyphScraper: Scraping: 'Bust-A-Move 2 - Arcade Edition (U) [!].z64' -> cleaned: 'Bust A Move 2 Arcade Edition' [n64]
02-13 10:09:54.917  2539  2620 D GlyphScraper:     LibRetro trying: https://thumbnails.libretro.com/Nintendo%20-%20Nintendo%2064/Named_Boxarts/Brunswick%20Circuit%20Pro%20Bowling.png
02-13 10:09:54.917  2539  2974 D GlyphScraper:     LibRetro trying: https://thumbnails.libretro.com/Nintendo%20-%20Nintendo%2064/Named_Boxarts/Bust%20A%20Move%202%20Arcade%20Edition.png
02-13 10:09:54.921  2539  2880 E GlyphScraper: Scraping: 'Buck Bumble (U) [!].z64' -> cleaned: 'Buck Bumble' [n64]
02-13 10:09:54.921  2539  2876 E GlyphScraper: Scraping: 'Bug's Life, A (U) [!].z64' -> cleaned: 'Bug's Life, A' [n64]
02-13 10:09:54.922  2539  2880 D GlyphScraper:     LibRetro trying: https://thumbnails.libretro.com/Nintendo%20-%20Nintendo%2064/Named_Boxarts/Buck%20Bumble.png
02-13 10:09:54.922  2539  2876 D GlyphScraper:     LibRetro trying: https://thumbnails.libretro.com/Nintendo%20-%20Nintendo%2064/Named_Boxarts/Bug%27s%20Life%2C%20A.png
02-13 10:09:55.075  2539  2974 E GlyphScraper:   libretro -> no match, trying keyed APIs...
02-13 10:09:55.080  2539  2622 E GlyphScraper: Scrapers active: [rawg] (Keys: TGDB=false, RAWG=true, Moby=false)
02-13 10:09:58.132  2539  2880 E GlyphScraper:   libretro -> no match, trying keyed APIs...
02-13 10:09:58.132  2539  2876 E GlyphScraper:   libretro -> no match, trying keyed APIs...
02-13 10:09:58.141  2539  2622 E GlyphScraper: Scrapers active: [rawg] (Keys: TGDB=false, RAWG=true, Moby=false)
02-13 10:09:58.141  2539  2606 E GlyphScraper: Scrapers active: [rawg] (Keys: TGDB=false, RAWG=true, Moby=false)
02-13 10:09:58.142  2539  2620 E GlyphScraper:   libretro -> no match, trying keyed APIs...
02-13 10:09:58.147  2539  2876 E GlyphScraper: Scrapers active: [rawg] (Keys: TGDB=false, RAWG=true, Moby=false)
02-13 10:09:58.150  2539  2876 E GlyphScraper:   RAWG candidate: 'BUST-A-MOVE JOURNEY' score=0.25714284 (required > 0.4)
02-13 10:09:58.150  2539  2876 E GlyphScraper:   RAWG candidate: 'You Must Build A Boat' score=0.10714284 (required > 0.4)
02-13 10:09:58.150  2539  2876 E GlyphScraper:   RAWG candidate: 'Draw a Stickman: EPIC 2' score=0.15 (required > 0.4)
02-13 10:09:58.150  2539  2876 E GlyphScraper:   RAWG candidate: 'Minecraft: Story Mode' score=0.064285725 (required > 0.4)
02-13 10:09:58.150  2539  2876 E GlyphScraper:   RAWG candidate: 'Minecraft: Pocket Edition' score=0.2809524 (required > 0.4)
02-13 10:09:58.150  2539  2876 E GlyphScraper:   RAWG candidate: 'Talisman: Digital Edition' score=0.30238095 (required > 0.4)
02-13 10:09:58.150  2539  2876 E GlyphScraper:   RAWG candidate: 'Evoland 2' score=0.08571428 (required > 0.4)
02-13 10:09:58.150  2539  2876 E GlyphScraper:   RAWG candidate: 'Distraint: Deluxe Edition' score=0.34523812 (required > 0.4)
02-13 10:09:58.150  2539  2876 E GlyphScraper:   RAWG candidate: 'Crossy Road - Endless Arcade Hopper' score=0.2557143 (required > 0.4)
02-13 10:09:58.150  2539  2876 E GlyphScraper:   RAWG candidate: 'Pinball Arcade' score=0.25142857 (required > 0.4)
02-13 10:09:58.486  2539  2876 E GlyphScraper:   RAWG candidate: 'DisneyÔÇóPixar A Bug's Life' score=0.26799998 (required > 0.4)
02-13 10:09:58.486  2539  2876 E GlyphScraper:   RAWG candidate: 'Sir! I'd Like To Report A Bug!' score=0.14000002 (required > 0.4)
02-13 10:09:58.486  2539  2876 E GlyphScraper:   RAWG candidate: 'Tomoyo After ~It's a Wonderful Life~' score=0.08333334 (required > 0.4)
02-13 10:09:58.486  2539  2876 E GlyphScraper:   RAWG candidate: 'Youtubers Life' score=0.17142856 (required > 0.4)
02-13 10:09:58.486  2539  2876 E GlyphScraper:   RAWG candidate: 'Life is Strange' score=0.08 (required > 0.4)
02-13 10:09:58.486  2539  2876 E GlyphScraper:   RAWG candidate: 'Half-Life 2' score=0.23076923 (required > 0.4)
02-13 10:09:58.487  2539  2876 E GlyphScraper:   RAWG candidate: 'Our Life: Beginnings & Always' score=0.12413793 (required > 0.4)
02-13 10:09:58.487  2539  2876 E GlyphScraper:   RAWG candidate: 'Half-Life 2: Episode One' score=0.10000002 (required > 0.4)
02-13 10:09:58.487  2539  2876 E GlyphScraper:   RAWG candidate: 'Half-Life 2: Episode Two' score=0.10000002 (required > 0.4)
02-13 10:09:58.487  2539  2876 E GlyphScraper:   RAWG candidate: 'Life is Strange: Before The Storm' score=0.09090908 (required > 0.4)
02-13 10:09:58.568  2539  2876 E GlyphScraper:   RAWG candidate: 'Panda Bubble Shooter: Bubbles' score=0.16551727 (required > 0.4)
02-13 10:09:58.568  2539  2876 E GlyphScraper:   RAWG candidate: 'Bubble Pop - Shoot Bubbles' score=0.18461537 (required > 0.4)
02-13 10:09:58.568  2539  2876 E GlyphScraper:   RAWG candidate: 'Back to Bed' score=0.27272728 (required > 0.4)
02-13 10:09:58.568  2539  2876 E GlyphScraper:   RAWG candidate: 'Tactical Monsters Rumble Arena' score=0.14000002 (required > 0.4)
02-13 10:09:58.568  2539  2876 E GlyphScraper:   RAWG candidate: 'Pilot Brothers 3: Back Side of the Earth' score=0.075 (required > 0.4)
02-13 10:09:58.568  2539  2876 E GlyphScraper:   RAWG candidate: 'Bubble Shoot: Pop all Bubbles' score=0.16551727 (required > 0.4)
02-13 10:09:58.568  2539  2876 E GlyphScraper:   RAWG candidate: 'Bubble Shooter: Bubble Pet, Shoot & Pop Bubbles' score=0.10212765 (required > 0.4)
02-13 10:09:58.568  2539  2876 E GlyphScraper:   RAWG candidate: 'Farm Bubbles - Bubble Shooter Puzzle Game' score=0.11707317 (required > 0.4)
02-13 10:09:58.568  2539  2876 E GlyphScraper:   RAWG candidate: 'Bubble Bust! - Bubble Shooter' score=0.16551727 (required > 0.4)
02-13 10:09:58.569  2539  2876 E GlyphScraper:   RAWG candidate: 'Lost Bubble - Bubble Shooter' score=0.17142856 (required > 0.4)
02-13 10:09:58.570  2539  2876 E GlyphScraper:   rawg -> no match
02-13 10:09:58.570  2539  2876 E GlyphScraper:   No results from any scraper
02-13 10:09:59.716  2539  2606 E GlyphScraper:   RAWG candidate: 'Putt-Putt Joins the Circus' score=0.062068965 (required > 0.4)
02-13 10:09:59.716  2539  2606 E GlyphScraper:   RAWG candidate: 'Bob's Bowling' score=0.28689656 (required > 0.4)
02-13 10:09:59.717  2539  2606 E GlyphScraper:   RAWG candidate: '3D Bowling' score=0.24551728 (required > 0.4)
02-13 10:09:59.717  2539  2606 E GlyphScraper:   RAWG candidate: 'Circuit: Street Racing' score=0.18620689 (required > 0.4)
02-13 10:09:59.717  2539  2606 E GlyphScraper:   RAWG candidate: 'Galaxy Bowling 3D' score=0.17011493 (required > 0.4)
02-13 10:09:59.717  2539  2606 E GlyphScraper:   RAWG candidate: 'Blood Bowl' score=0.12413793 (required > 0.4)
02-13 10:09:59.717  2539  2606 E GlyphScraper:   RAWG candidate: 'Rolling Bowling' score=0.28689656 (required > 0.4)
02-13 10:09:59.717  2539  2606 E GlyphScraper:   RAWG candidate: 'Bowling 3D Pro FREE' score=0.2988506 (required > 0.4)
02-13 10:09:59.717  2539  2606 E GlyphScraper:   RAWG candidate: 'Super! 10-Pin Bowling' score=0.2942529 (required > 0.4)
02-13 10:09:59.717  2539  2606 E GlyphScraper:   RAWG candidate: 'Galaxy Bowling 3D Free' score=0.11921182 (required > 0.4)
02-13 10:09:59.720  2539  2606 E GlyphScraper:   RAWG candidate: 'BUST-A-MOVE JOURNEY' score=0.25714284 (required > 0.4)
02-13 10:09:59.721  2539  2606 E GlyphScraper:   RAWG candidate: 'Crossy Road - Endless Arcade Hopper' score=0.2557143 (required > 0.4)
02-13 10:09:59.721  2539  2606 E GlyphScraper:   RAWG candidate: 'Pinball Arcade' score=0.25142857 (required > 0.4)
02-13 10:09:59.721  2539  2606 E GlyphScraper:   RAWG candidate: 'Love, Money, Rock'n'Roll' score=0.12857145 (required > 0.4)
02-13 10:09:59.721  2539  2606 E GlyphScraper:   RAWG candidate: 'Minecraft: Story Mode' score=0.064285725 (required > 0.4)
02-13 10:09:59.721  2539  2606 E GlyphScraper:   RAWG candidate: 'You Must Build A Boat' score=0.10714284 (required > 0.4)
02-13 10:09:59.721  2539  2606 E GlyphScraper:   RAWG candidate: 'Love Sick: Interactive Stories' score=0.12 (required > 0.4)
02-13 10:09:59.722  2539  2606 E GlyphScraper:   RAWG candidate: 'Lovecraft Locker: Tentacle Lust' score=0.11612903 (required > 0.4)
02-13 10:09:59.722  2539  2606 E GlyphScraper:   RAWG candidate: 'Fortune 2048 - Arcade mode & Classic mode' score=0.25487804 (required > 0.4)
02-13 10:09:59.722  2539  2606 E GlyphScraper:   RAWG candidate: 'Minecraft: Story Mode ÔÇö Season Two' score=0.12352943 (required > 0.4)
02-13 10:09:59.724  2539  2876 E GlyphScraper:   RAWG candidate: 'DisneyÔÇóPixar A Bug's Life' score=0.26799998 (required > 0.4)
02-13 10:09:59.724  2539  2876 E GlyphScraper:   RAWG candidate: 'Sir! I'd Like To Report A Bug!' score=0.14000002 (required > 0.4)
02-13 10:09:59.724  2539  2876 E GlyphScraper:   RAWG candidate: 'Youtubers Life' score=0.17142856 (required > 0.4)
02-13 10:09:59.724  2539  2876 E GlyphScraper:   RAWG candidate: 'Life is Strange' score=0.08 (required > 0.4)
02-13 10:09:59.724  2539  2876 E GlyphScraper:   RAWG candidate: 'Half-Life 2' score=0.23076923 (required > 0.4)
02-13 10:09:59.724  2539  2876 E GlyphScraper:   RAWG candidate: 'Our Life: Beginnings & Always' score=0.12413793 (required > 0.4)
02-13 10:09:59.724  2539  2876 E GlyphScraper:   RAWG candidate: 'Half-Life 2: Episode One' score=0.10000002 (required > 0.4)
02-13 10:09:59.724  2539  2876 E GlyphScraper:   RAWG candidate: 'Half-Life 2: Episode Two' score=0.10000002 (required > 0.4)
02-13 10:09:59.724  2539  2876 E GlyphScraper:   RAWG candidate: 'Life is Strange: Before The Storm' score=0.09090908 (required > 0.4)
02-13 10:09:59.724  2539  2876 E GlyphScraper:   RAWG candidate: 'Tomoyo After ~It's a Wonderful Life~' score=0.08333334 (required > 0.4)
02-13 10:09:59.725  2539  2876 E GlyphScraper:   rawg -> no match
02-13 10:09:59.726  2539  2876 E GlyphScraper:   No results from any scraper
02-13 10:09:59.726  2539  2606 E GlyphScraper:   rawg -> no match
02-13 10:09:59.726  2539  2606 E GlyphScraper:   No results from any scraper
02-13 10:10:00.220  2539  2606 E GlyphScraper:   RAWG candidate: 'Putt-Putt Joins the Circus' score=0.062068965 (required > 0.4)
02-13 10:10:00.220  2539  2606 E GlyphScraper:   RAWG candidate: 'Circuit: Street Racing' score=0.18620689 (required > 0.4)
02-13 10:10:00.220  2539  2606 E GlyphScraper:   RAWG candidate: 'Drums Pro' score=0.22482762 (required > 0.4)
02-13 10:10:00.221  2539  2606 E GlyphScraper:   RAWG candidate: 'Minesweeper Pro' score=0.22482762 (required > 0.4)
02-13 10:10:00.221  2539  2606 E GlyphScraper:   RAWG candidate: 'Football Pro' score=0.16275865 (required > 0.4)
02-13 10:10:00.221  2539  2606 E GlyphScraper:   RAWG candidate: 'Sudoku Pro' score=0.22482762 (required > 0.4)
02-13 10:10:00.221  2539  2606 E GlyphScraper:   RAWG candidate: 'Curcuit' score=0.12413793 (required > 0.4)
02-13 10:10:00.221  2539  2606 E GlyphScraper:   RAWG candidate: 'Willy's circus' score=0.12413793 (required > 0.4)
02-13 10:10:00.221  2539  2606 E GlyphScraper:   RAWG candidate: 'Labyrinth - Labyrinth Pro' score=0.18344827 (required > 0.4)
02-13 10:10:00.221  2539  2606 E GlyphScraper:   RAWG candidate: 'Spider Solitaire Pro' score=0.1908046 (required > 0.4)
02-13 10:10:00.222  2539  2606 E GlyphScraper:   rawg -> no match
02-13 10:10:00.222  2539  2606 E GlyphScraper:   No results from any scraper
02-13 10:10:00.426  2539  2880 E GlyphScraper: Scraping: 'Carmageddon 64 (U) [!].z64' -> cleaned: 'Carmageddon 64' [n64]
02-13 10:10:00.426  2539  2873 E GlyphScraper: Scraping: 'California Speed (U) [!].z64' -> cleaned: 'California Speed' [n64]
02-13 10:10:00.427  2539  2880 D GlyphScraper:     LibRetro trying: https://thumbnails.libretro.com/Nintendo%20-%20Nintendo%2064/Named_Boxarts/Carmageddon%2064.png
02-13 10:10:00.427  2539  2873 D GlyphScraper:     LibRetro trying: https://thumbnails.libretro.com/Nintendo%20-%20Nintendo%2064/Named_Boxarts/California%20Speed.png
02-13 10:10:00.428  2539  2853 E GlyphScraper: Scraping: 'Bust-A-Move '99 (U) [!].z64' -> cleaned: 'Bust A Move '99' [n64]
02-13 10:10:00.428  2539  2853 D GlyphScraper:     LibRetro trying: https://thumbnails.libretro.com/Nintendo%20-%20Nintendo%2064/Named_Boxarts/Bust%20A%20Move%20%2799.png
02-13 10:10:00.428  2539  2619 E GlyphScraper: Scraping: 'Castlevania - Legacy of Darkness (U) [!].z64' -> cleaned: 'Castlevania Legacy of Darkness' [n64]
02-13 10:10:00.429  2539  2619 D GlyphScraper:     LibRetro trying: https://thumbnails.libretro.com/Nintendo%20-%20Nintendo%2064/Named_Boxarts/Castlevania%20Legacy%20of%20Darkness.png
02-13 10:10:00.643  2539  2619 D GlyphScraper:     LibRetro trying: https://thumbnails.libretro.com/Nintendo%20-%20Nintendo%2064/Named_Boxarts/Castlevania%20Legacy%20Of%20Darkness.png
02-13 10:10:00.647  2539  2880 E GlyphScraper:   libretro -> no match, trying keyed APIs...
02-13 10:10:00.649  2539  2853 E GlyphScraper:   libretro -> no match, trying keyed APIs...
02-13 10:10:00.651  2539  2873 E GlyphScraper:   libretro -> no match, trying keyed APIs...
02-13 10:10:00.652  2539  2620 E GlyphScraper: Scrapers active: [rawg] (Keys: TGDB=false, RAWG=true, Moby=false)
02-13 10:10:00.655  2539  2880 E GlyphScraper: Scrapers active: [rawg] (Keys: TGDB=false, RAWG=true, Moby=false)
02-13 10:10:00.656  2539  2622 E GlyphScraper: Scrapers active: [rawg] (Keys: TGDB=false, RAWG=true, Moby=false)
02-13 10:10:00.691  2539  2619 E GlyphScraper:   libretro -> no match, trying keyed APIs...
02-13 10:10:00.696  2539  2878 E GlyphScraper: Scrapers active: [rawg] (Keys: TGDB=false, RAWG=true, Moby=false)
02-13 10:10:01.248  2539  2620 E GlyphScraper:   RAWG candidate: 'Carmageddon' score=0.67142856 (required > 0.4)
02-13 10:10:01.249  2539  2620 E GlyphScraper:   RAWG candidate: 'Worms 2: Armageddon' score=0.22105266 (required > 0.4)
02-13 10:10:01.249  2539  2620 E GlyphScraper:   RAWG candidate: 'Can You Escape - Armageddon' score=0.17777778 (required > 0.4)
02-13 10:10:01.249  2539  2620 E GlyphScraper:   RAWG candidate: 'J.E.R.O. (C64) Commodore 64' score=0.21333334 (required > 0.4)
02-13 10:10:01.249  2539  2620 E GlyphScraper:   RAWG candidate: 'Amazon Blocks (McKinley-64, renatarinaldi)' score=0.07142859 (required > 0.4)
02-13 10:10:01.249  2539  2620 E GlyphScraper:   RAWG candidate: 'Sub Mare Imperium: Derelict 64' score=0.20666668 (required > 0.4)
02-13 10:10:01.249  2539  2620 E GlyphScraper:   RAWG candidate: 'Adventure 64' score=0.3047619 (required > 0.4)
02-13 10:10:01.249  2539  2620 E GlyphScraper:   RAWG candidate: 'math 64' score=0.34761906 (required > 0.4)
02-13 10:10:01.249  2539  2620 E GlyphScraper:   RAWG candidate: 'Bombrun 64' score=0.34761906 (required > 0.4)
02-13 10:10:01.250  2539  2620 E GlyphScraper:   RAWG candidate: 'Araign├®e - Spider Thief (C64) Commodore 64' score=0.1857143 (required > 0.4)
02-13 10:10:01.265  2539  2874 E GlyphScraper:   RAWG candidate: 'BUST-A-MOVE JOURNEY' score=0.3157895 (required > 0.4)
02-13 10:10:01.265  2539  2874 E GlyphScraper:   RAWG candidate: 'You Must Build A Boat' score=0.14285713 (required > 0.4)
02-13 10:10:01.265  2539  2874 E GlyphScraper:   RAWG candidate: 'Minecraft: Story Mode' score=0.114285715 (required > 0.4)
02-13 10:10:01.265  2539  2874 E GlyphScraper:   RAWG candidate: 'Love, Money, Rock'n'Roll' score=0.12499999 (required > 0.4)
02-13 10:10:01.265  2539  2874 E GlyphScraper:   RAWG candidate: 'Love Sick: Interactive Stories' score=0.12 (required > 0.4)
02-13 10:10:01.265  2539  2874 E GlyphScraper:   RAWG candidate: 'Lovecraft Locker: Tentacle Lust' score=0.09677421 (required > 0.4)
02-13 10:10:01.265  2539  2874 E GlyphScraper:   RAWG candidate: 'Minecraft: Story Mode ÔÇö Season Two' score=0.12352943 (required > 0.4)
02-13 10:10:01.266  2539  2874 E GlyphScraper:   RAWG candidate: 'I Have No Mouth, and I Must Scream' score=0.105882354 (required > 0.4)
02-13 10:10:01.266  2539  2874 E GlyphScraper:   RAWG candidate: 'Must-a-Mine' score=0.24 (required > 0.4)
02-13 10:10:01.266  2539  2874 E GlyphScraper:   RAWG candidate: 'Agent A: A puzzle in disguise' score=0.12413793 (required > 0.4)
02-13 10:10:01.288  2539  2620 D GlyphScraper:     RAWG match: 'Carmageddon' (screenshot, not box art)
02-13 10:10:01.288  2539  2620 E GlyphScraper:   rawg -> title='Carmageddon' hasImage=true
02-13 10:10:01.320  2539  2874 E GlyphScraper:   RAWG candidate: 'Need for Speed: Shift' score=0.17142856 (required > 0.4)
02-13 10:10:01.320  2539  2874 E GlyphScraper:   RAWG candidate: 'Need for Speed No Limits' score=0.21666667 (required > 0.4)
02-13 10:10:01.320  2539  2874 E GlyphScraper:   RAWG candidate: 'Need For Speed: Hot Pursuit' score=0.13333333 (required > 0.4)
02-13 10:10:01.320  2539  2874 E GlyphScraper:   RAWG candidate: 'Need for Speed: Most Wanted - A Criterion Game' score=0.09130436 (required > 0.4)
02-13 10:10:01.320  2539  2874 E GlyphScraper:   RAWG candidate: 'squares: speed' score=0.39583337 (required > 0.4)
02-13 10:10:01.320  2539  2874 E GlyphScraper:   RAWG candidate: 'Speedy Speed Boy' score=0.17500001 (required > 0.4)
02-13 10:10:01.321  2539  2874 E GlyphScraper:   RAWG candidate: 'Speed 2D' score=0.20833334 (required > 0.4)
02-13 10:10:01.321  2539  2874 E GlyphScraper:   RAWG candidate: 'Seeds of Chaos' score=0.0375 (required > 0.4)
02-13 10:10:01.321  2539  2874 E GlyphScraper:   RAWG candidate: 'Racing: Speed Racer' score=0.28947368 (required > 0.4)
02-13 10:10:01.321  2539  2874 E GlyphScraper:   RAWG candidate: 'Speed in Space - Free' score=0.19428572 (required > 0.4)
02-13 10:10:01.322  2539  2874 E GlyphScraper:   rawg -> no match
02-13 10:10:01.322  2539  2874 E GlyphScraper:   No results from any scraper
02-13 10:10:01.561  2539  2620 E GlyphScraper:   RAWG candidate: 'Castlevania: Symphony of the Night' score=0.3676471 (required > 0.4)
02-13 10:10:01.561  2539  2620 E GlyphScraper:   RAWG candidate: 'Queen's Quest: Tower of Darkness' score=0.33928573 (required > 0.4)
02-13 10:10:01.561  2539  2620 E GlyphScraper:   RAWG candidate: 'Eventide 3: Legacy of Legends' score=0.37428576 (required > 0.4)
02-13 10:10:01.562  2539  2620 E GlyphScraper:   RAWG candidate: 'The Myth Seekers: The Legacy of Vulcan' score=0.27368423 (required > 0.4)
02-13 10:10:01.562  2539  2620 E GlyphScraper:   RAWG candidate: 'Raiden Legacy' score=0.28 (required > 0.4)
02-13 10:10:01.562  2539  2620 E GlyphScraper:   RAWG candidate: 'Legacy of Discord-FuriousWings' score=0.22000003 (required > 0.4)
02-13 10:10:01.562  2539  2620 E GlyphScraper:   RAWG candidate: 'Castlevania: Grimoire of Souls' score=0.33714285 (required > 0.4)
02-13 10:10:01.562  2539  2620 E GlyphScraper:   RAWG candidate: 'Dark Heritage: Guardians of Hope' score=0.16250001 (required > 0.4)
02-13 10:10:01.562  2539  2620 E GlyphScraper:   RAWG candidate: 'LIF - Legacy' score=0.24000001 (required > 0.4)
02-13 10:10:01.562  2539  2620 E GlyphScraper:   RAWG candidate: 'Garou: Mark of the Wolves' score=0.17 (required > 0.4)
02-13 10:10:01.607  2539  2620 E GlyphScraper:   RAWG candidate: 'BUST-A-MOVE JOURNEY' score=0.3157895 (required > 0.4)
02-13 10:10:01.607  2539  2620 E GlyphScraper:   RAWG candidate: 'Love, Money, Rock'n'Roll' score=0.12499999 (required > 0.4)
02-13 10:10:01.607  2539  2620 E GlyphScraper:   RAWG candidate: 'Minecraft: Story Mode' score=0.114285715 (required > 0.4)
02-13 10:10:01.607  2539  2620 E GlyphScraper:   RAWG candidate: 'You Must Build A Boat' score=0.14285713 (required > 0.4)
02-13 10:10:01.607  2539  2620 E GlyphScraper:   RAWG candidate: 'Love Sick: Interactive Stories' score=0.12 (required > 0.4)
02-13 10:10:01.607  2539  2620 E GlyphScraper:   RAWG candidate: 'Lovecraft Locker: Tentacle Lust' score=0.09677421 (required > 0.4)
02-13 10:10:01.607  2539  2620 E GlyphScraper:   RAWG candidate: 'Minecraft: Story Mode ÔÇö Season Two' score=0.12352943 (required > 0.4)
02-13 10:10:01.608  2539  2620 E GlyphScraper:   RAWG candidate: 'I Have No Mouth, and I Must Scream' score=0.105882354 (required > 0.4)
02-13 10:10:01.608  2539  2620 E GlyphScraper:   RAWG candidate: 'One More Line' score=0.16 (required > 0.4)
02-13 10:10:01.608  2539  2620 E GlyphScraper:   RAWG candidate: 'Love You To Bits' score=0.075 (required > 0.4)
02-13 10:10:01.609  2539  2620 E GlyphScraper:   rawg -> no match
02-13 10:10:01.609  2539  2620 E GlyphScraper:   No results from any scraper
02-13 10:10:02.067  2539  2620 E GlyphScraper:   RAWG candidate: 'Castlevania: Symphony of the Night' score=0.3676471 (required > 0.4)
02-13 10:10:02.068  2539  2620 E GlyphScraper:   RAWG candidate: 'Eventide 3: Legacy of Legends' score=0.37428576 (required > 0.4)
02-13 10:10:02.068  2539  2620 E GlyphScraper:   RAWG candidate: 'The Myth Seekers: The Legacy of Vulcan' score=0.27368423 (required > 0.4)
02-13 10:10:02.068  2539  2620 E GlyphScraper:   RAWG candidate: 'Raiden Legacy' score=0.28 (required > 0.4)
02-13 10:10:02.068  2539  2620 E GlyphScraper:   RAWG candidate: 'Legacy of Discord-FuriousWings' score=0.22000003 (required > 0.4)
02-13 10:10:02.068  2539  2620 E GlyphScraper:   RAWG candidate: 'Castlevania: Grimoire of Souls' score=0.33714285 (required > 0.4)
02-13 10:10:02.068  2539  2620 E GlyphScraper:   RAWG candidate: 'LIF - Legacy' score=0.24000001 (required > 0.4)
02-13 10:10:02.068  2539  2620 E GlyphScraper:   RAWG candidate: 'Grandmother's Legacy' score=0.2 (required > 0.4)
02-13 10:10:02.069  2539  2620 E GlyphScraper:   RAWG candidate: 'Ravensword: Legacy' score=0.24000001 (required > 0.4)
02-13 10:10:02.069  2539  2620 E GlyphScraper:   RAWG candidate: 'N.O.V.A. Legacy' score=0.24000001 (required > 0.4)
02-13 10:10:02.070  2539  2620 E GlyphScraper:   rawg -> no match
02-13 10:10:02.070  2539  2620 E GlyphScraper:   No results from any scraper
02-13 10:10:02.274  2539  2854 E GlyphScraper: Scraping: 'Castlevania (U) [!].z64' -> cleaned: 'Castlevania' [n64]
02-13 10:10:02.274  2539  2854 D GlyphScraper:     LibRetro trying: https://thumbnails.libretro.com/Nintendo%20-%20Nintendo%2064/Named_Boxarts/Castlevania.png
02-13 10:10:02.274  2539  2619 E GlyphScraper: Scraping: 'Centre Court Tennis (E) [!].z64' -> cleaned: 'Centre Court Tennis' [n64]
02-13 10:10:02.275  2539  2619 D GlyphScraper:     LibRetro trying: https://thumbnails.libretro.com/Nintendo%20-%20Nintendo%2064/Named_Boxarts/Centre%20Court%20Tennis.png
02-13 10:10:02.276  2539  2620 E GlyphScraper: Scraping: 'Chameleon Twist 2 (U) [!].z64' -> cleaned: 'Chameleon Twist 2' [n64]
02-13 10:10:02.277  2539  2620 D GlyphScraper:     LibRetro trying: https://thumbnails.libretro.com/Nintendo%20-%20Nintendo%2064/Named_Boxarts/Chameleon%20Twist%202.png
02-13 10:10:02.277  2539  2878 E GlyphScraper: Scraping: 'Chameleon Twist (U) [!].z64' -> cleaned: 'Chameleon Twist' [n64]
02-13 10:10:02.277  2539  2878 D GlyphScraper:     LibRetro trying: https://thumbnails.libretro.com/Nintendo%20-%20Nintendo%2064/Named_Boxarts/Chameleon%20Twist.png
02-13 10:10:02.467  2539  2878 E GlyphScraper:   libretro -> no match, trying keyed APIs...
02-13 10:10:02.468  2539  2620 E GlyphScraper:   libretro -> no match, trying keyed APIs...
02-13 10:10:02.468  2539  2619 E GlyphScraper:   libretro -> no match, trying keyed APIs...
02-13 10:10:02.468  2539  2854 E GlyphScraper:   libretro -> no match, trying keyed APIs...
02-13 10:10:02.474  2539  2852 E GlyphScraper: Scrapers active: [rawg] (Keys: TGDB=false, RAWG=true, Moby=false)
02-13 10:10:02.474  2539  2875 E GlyphScraper: Scrapers active: [rawg] (Keys: TGDB=false, RAWG=true, Moby=false)
02-13 10:10:02.475  2539  2879 E GlyphScraper: Scrapers active: [rawg] (Keys: TGDB=false, RAWG=true, Moby=false)
02-13 10:10:02.476  2539  2620 E GlyphScraper: Scrapers active: [rawg] (Keys: TGDB=false, RAWG=true, Moby=false)
02-13 10:10:02.885  2539  2875 E GlyphScraper:   RAWG candidate: 'Kid Chameleon (1992)' score=0.4 (required > 0.4)
02-13 10:10:02.885  2539  2875 E GlyphScraper:   RAWG candidate: 'The Chameleon' score=0.33333334 (required > 0.4)
02-13 10:10:02.886  2539  2875 E GlyphScraper:   RAWG candidate: 'PixiCubes: Jigsaw with a Twist' score=0.24000001 (required > 0.4)
02-13 10:10:02.886  2539  2875 E GlyphScraper:   RAWG candidate: 'Twist' score=0.4 (required > 0.4)
02-13 10:10:02.886  2539  2875 E GlyphScraper:   RAWG candidate: 'Tyrant - A Twist of Fate' score=0.25500003 (required > 0.4)
02-13 10:10:02.886  2539  2875 E GlyphScraper:   RAWG candidate: 'Chameleon Run' score=0.53333336 (required > 0.4)
02-13 10:10:02.886  2539  2875 E GlyphScraper:   RAWG candidate: 'Anagraphs: A Word Game with a Twist' score=0.23809522 (required > 0.4)
02-13 10:10:02.886  2539  2875 E GlyphScraper:   RAWG candidate: 'Magic Twist: Twister Music Ball Game' score=0.10000002 (required > 0.4)
02-13 10:10:02.886  2539  2875 E GlyphScraper:   RAWG candidate: 'Twist Fingers' score=0.21333334 (required > 0.4)
02-13 10:10:02.886  2539  2875 E GlyphScraper:   RAWG candidate: 'Sonic Twist' score=0.37333333 (required > 0.4)
02-13 10:10:02.888  2539  2606 E GlyphScraper:   RAWG candidate: 'Castlevania: Symphony of the Night' score=0.19411767 (required > 0.4)
02-13 10:10:02.888  2539  2606 E GlyphScraper:   RAWG candidate: 'Castlevania: Grimoire of Souls' score=0.22000001 (required > 0.4)
02-13 10:10:02.888  2539  2606 E GlyphScraper:   RAWG candidate: 'Castlemania (Acytra)' score=0.3 (required > 0.4)
02-13 10:10:02.888  2539  2606 E GlyphScraper:   RAWG candidate: 'CastleMania (UFO GAMES)' score=0.2608696 (required > 0.4)
02-13 10:10:02.889  2539  2606 E GlyphScraper:   rawg -> no match
02-13 10:10:02.889  2539  2606 E GlyphScraper:   No results from any scraper
02-13 10:10:02.939  2539  2620 E GlyphScraper:   RAWG candidate: 'Kid Chameleon (1992)' score=0.37 (required > 0.4)
02-13 10:10:02.939  2539  2620 E GlyphScraper:   RAWG candidate: 'Syberia 2' score=0.14117646 (required > 0.4)
02-13 10:10:02.939  2539  2620 E GlyphScraper:   RAWG candidate: 'Sparkle 2' score=0.17647058 (required > 0.4)
02-13 10:10:02.939  2539  2620 E GlyphScraper:   RAWG candidate: 'Evoland 2' score=0.14117646 (required > 0.4)
02-13 10:10:02.940  2539  2620 E GlyphScraper:   RAWG candidate: 'Farm Frenzy 2' score=0.14117646 (required > 0.4)
02-13 10:10:02.940  2539  2620 E GlyphScraper:   RAWG candidate: 'Sparkle 2 Evo' score=0.14117646 (required > 0.4)
02-13 10:10:02.940  2539  2620 E GlyphScraper:   RAWG candidate: 'METAL SLUG 2' score=0.17647058 (required > 0.4)
02-13 10:10:02.940  2539  2620 E GlyphScraper:   RAWG candidate: 'Worms 2: Armageddon' score=0.031578936 (required > 0.4)
02-13 10:10:02.940  2539  2620 E GlyphScraper:   RAWG candidate: 'Small World 2' score=0.17647058 (required > 0.4)
02-13 10:10:02.940  2539  2620 E GlyphScraper:   RAWG candidate: 'Sonic the Hedgehog 2' score=0.08999999 (required > 0.4)
02-13 10:10:02.945  2539  2606 E GlyphScraper:   RAWG candidate: 'Tennis in the Face' score=0.19298244 (required > 0.4)
02-13 10:10:02.945  2539  2606 E GlyphScraper:   RAWG candidate: 'Cross Court Tennis 2' score=0.59000003 (required > 0.4)
02-13 10:10:02.945  2539  2606 E GlyphScraper:   RAWG candidate: '3D Tennis' score=0.32105267 (required > 0.4)
02-13 10:10:02.945  2539  2606 E GlyphScraper:   RAWG candidate: 'King's Court: Volume 1' score=0.21818183 (required > 0.4)
02-13 10:10:02.945  2539  2606 E GlyphScraper:   RAWG candidate: 'Stickman Tennis - Carrer' score=0.205 (required > 0.4)
02-13 10:10:02.945  2539  2606 E GlyphScraper:   RAWG candidate: 'Count Crunch's Candy' score=0.15 (required > 0.4)
02-13 10:10:02.946  2539  2606 E GlyphScraper:   RAWG candidate: 'Court Piece - My Rung & HOKM' score=0.1857143 (required > 0.4)
02-13 10:10:02.946  2539  2606 E GlyphScraper:   RAWG candidate: 'Affairs of the Court: Choice of Romance' score=0.16923076 (required > 0.4)
02-13 10:10:02.946  2539  2606 E GlyphScraper:   RAWG candidate: 'Court Piece' score=0.28947368 (required > 0.4)
02-13 10:10:02.946  2539  2606 E GlyphScraper:   RAWG candidate: 'Half Court' score=0.28947368 (required > 0.4)
02-13 10:10:03.188  2539  2875 D GlyphScraper:     RAWG match: 'Chameleon Run' (screenshot, not box art)
02-13 10:10:03.188  2539  2875 E GlyphScraper:   rawg -> title='Chameleon Run' hasImage=true
02-13 10:10:03.209  2539  2606 D GlyphScraper:     RAWG match: 'Cross Court Tennis 2' (screenshot, not box art)
02-13 10:10:03.209  2539  2606 E GlyphScraper:   rawg -> title='Cross Court Tennis 2' hasImage=true
02-13 10:10:03.242  2539  2606 E GlyphScraper:   RAWG candidate: 'Kid Chameleon (1992)' score=0.37 (required > 0.4)
02-13 10:10:03.243  2539  2606 E GlyphScraper:   RAWG candidate: 'The Chameleon' score=0.3098039 (required > 0.4)
02-13 10:10:03.243  2539  2606 E GlyphScraper:   RAWG candidate: 'PixiCubes: Jigsaw with a Twist' score=0.2 (required > 0.4)
02-13 10:10:03.243  2539  2606 E GlyphScraper:   RAWG candidate: 'Twist' score=0.37647057 (required > 0.4)
02-13 10:10:03.243  2539  2606 E GlyphScraper:   RAWG candidate: 'Tyrant - A Twist of Fate' score=0.28 (required > 0.4)
02-13 10:10:03.243  2539  2606 E GlyphScraper:   RAWG candidate: 'Chameleon Run' score=0.48627448 (required > 0.4)
02-13 10:10:03.243  2539  2606 E GlyphScraper:   RAWG candidate: 'Anagraphs: A Word Game with a Twist' score=0.20380953 (required > 0.4)
02-13 10:10:03.243  2539  2606 E GlyphScraper:   RAWG candidate: 'Magic Twist: Twister Music Ball Game' score=0.11666665 (required > 0.4)
02-13 10:10:03.243  2539  2606 E GlyphScraper:   RAWG candidate: 'Twist Fingers' score=0.20392157 (required > 0.4)
02-13 10:10:03.243  2539  2606 E GlyphScraper:   RAWG candidate: 'Sonic Twist' score=0.34509805 (required > 0.4)
02-13 10:10:03.275  2539  2606 D GlyphScraper:     RAWG match: 'Chameleon Run' (screenshot, not box art)
02-13 10:10:03.275  2539  2606 E GlyphScraper:   rawg -> title='Chameleon Run' hasImage=true
02-13 10:10:03.481  2539  2874 E GlyphScraper: Scraping: 'Charlie Blast's Territory (U) [!].z64' -> cleaned: 'Charlie Blast's Territory' [n64]
02-13 10:10:03.481  2539  2880 E GlyphScraper: Scraping: 'Clay Fighter 63 1-3 (U) [!].z64' -> cleaned: 'Clay Fighter 63 1 3' [n64]
02-13 10:10:03.481  2539  2874 D GlyphScraper:     LibRetro trying: https://thumbnails.libretro.com/Nintendo%20-%20Nintendo%2064/Named_Boxarts/Charlie%20Blast%27s%20Territory.png
02-13 10:10:03.482  2539  2875 E GlyphScraper: Scraping: 'Clay Fighter - Sculptor's Cut (U) [!].z64' -> cleaned: 'Clay Fighter Sculptor's Cut' [n64]
02-13 10:10:03.482  2539  2875 D GlyphScraper:     LibRetro trying: https://thumbnails.libretro.com/Nintendo%20-%20Nintendo%2064/Named_Boxarts/Clay%20Fighter%20Sculptor%27s%20Cut.png
02-13 10:10:03.482  2539  2880 D GlyphScraper:     LibRetro trying: https://thumbnails.libretro.com/Nintendo%20-%20Nintendo%2064/Named_Boxarts/Clay%20Fighter%2063%201%203.png
02-13 10:10:03.483  2539  2852 E GlyphScraper: Scraping: 'Chopper Attack (U) [!].z64' -> cleaned: 'Chopper Attack' [n64]
02-13 10:10:03.484  2539  2852 D GlyphScraper:     LibRetro trying: https://thumbnails.libretro.com/Nintendo%20-%20Nintendo%2064/Named_Boxarts/Chopper%20Attack.png
02-13 10:10:03.548  2539  2880 E GlyphScraper:   libretro -> no match, trying keyed APIs...
02-13 10:10:03.548  2539  2874 E GlyphScraper:   libretro -> no match, trying keyed APIs...
02-13 10:10:03.549  2539  2852 E GlyphScraper:   libretro -> no match, trying keyed APIs...
02-13 10:10:03.550  2539  2875 E GlyphScraper:   libretro -> no match, trying keyed APIs...
02-13 10:10:03.554  2539  2604 E GlyphScraper: Scrapers active: [rawg] (Keys: TGDB=false, RAWG=true, Moby=false)
02-13 10:10:03.555  2539  2974 E GlyphScraper: Scrapers active: [rawg] (Keys: TGDB=false, RAWG=true, Moby=false)
02-13 10:10:03.558  2539  2974 E GlyphScraper: Scrapers active: [rawg] (Keys: TGDB=false, RAWG=true, Moby=false)
02-13 10:10:03.559  2539  2622 E GlyphScraper: Scrapers active: [rawg] (Keys: TGDB=false, RAWG=true, Moby=false)
02-13 10:10:04.115  2539  2622 E GlyphScraper:   RAWG candidate: 'Serious Sam: Kamikaze Attack!' score=0.16551727 (required > 0.4)
02-13 10:10:04.115  2539  2622 E GlyphScraper:   RAWG candidate: 'iBomber Attack' score=0.5619048 (required > 0.4)
02-13 10:10:04.115  2539  2622 E GlyphScraper:   RAWG candidate: 'Crossy Road - Endless Arcade Hopper' score=0.10285714 (required > 0.4)
02-13 10:10:04.115  2539  2622 E GlyphScraper:   RAWG candidate: 'Chopper Stopper' score=0.49333334 (required > 0.4)
