02-13 10:11:16.826  3397  3571 E GlyphScraper:   RAWG candidate: 'Bad Piggies' score=0.2 (required > 0.4)
02-13 10:11:16.826  3397  3571 E GlyphScraper:   RAWG candidate: 'Bad Hotel' score=0.2 (required > 0.4)
02-13 10:11:16.826  3397  3571 E GlyphScraper:   RAWG candidate: 'Bad North' score=0.23000002 (required > 0.4)
02-13 10:11:16.827  3397  3571 E GlyphScraper:   RAWG candidate: 'BAD 2 BAD: EXTINCTION' score=0.12380953 (required > 0.4)
02-13 10:11:16.827  3397  3571 E GlyphScraper:   RAWG candidate: 'Mythic Wonders: The Philosopher's Stone' score=0.13846153 (required > 0.4)
02-13 10:11:16.827  3397  3571 E GlyphScraper:   RAWG candidate: 'Persian Nights: Sands of Wonders' score=0.15 (required > 0.4)
02-13 10:11:16.827  3397  3571 E GlyphScraper:   RAWG candidate: 'CatHotel VR: Fur-tual Reality' score=0.18620689 (required > 0.4)
02-13 10:11:16.827  3397  3571 E GlyphScraper:   RAWG candidate: 'That Dragon, Cancer' score=0.030000009 (required > 0.4)
02-13 10:11:16.827  3397  3571 E GlyphScraper:   RAWG candidate: 'Rick's Bad Connection' score=0.23809522 (required > 0.4)
02-13 10:11:16.828  3397  3571 E GlyphScraper:   RAWG candidate: 'Society Fur' score=0.26000002 (required > 0.4)
02-13 10:11:16.829  3397  3571 E GlyphScraper:   rawg -> no match
02-13 10:11:16.829  3397  3571 E GlyphScraper:   No results from any scraper
02-13 10:11:17.035  3397  3506 E GlyphScraper: Scraping: 'Cruis'n USA (U) [!].z64' -> cleaned: 'Cruis'n USA' [n64]
02-13 10:11:17.036  3397  3506 D GlyphScraper:     LibRetro trying: https://thumbnails.libretro.com/Nintendo%20-%20Nintendo%2064/Named_Boxarts/Cruis%27n%20USA.png
02-13 10:11:17.036  3397  3507 E GlyphScraper: Scraping: 'Dark Rift (U) [!].z64' -> cleaned: 'Dark Rift' [n64]
02-13 10:11:17.036  3397  3507 D GlyphScraper:     LibRetro trying: https://thumbnails.libretro.com/Nintendo%20-%20Nintendo%2064/Named_Boxarts/Dark%20Rift.png
02-13 10:11:17.036  3397  3508 E GlyphScraper: Scraping: 'Cruis'n World (U) [!].z64' -> cleaned: 'Cruis'n World' [n64]
02-13 10:11:17.038  3397  3508 D GlyphScraper:     LibRetro trying: https://thumbnails.libretro.com/Nintendo%20-%20Nintendo%2064/Named_Boxarts/Cruis%27n%20World.png
02-13 10:11:17.038  3397  3614 E GlyphScraper: Scraping: 'CyberTiger (U) [!].z64' -> cleaned: 'CyberTiger' [n64]
02-13 10:11:17.038  3397  3614 D GlyphScraper:     LibRetro trying: https://thumbnails.libretro.com/Nintendo%20-%20Nintendo%2064/Named_Boxarts/CyberTiger.png
02-13 10:11:17.224  3397  3508 E GlyphScraper:   libretro -> no match, trying keyed APIs...
02-13 10:11:17.224  3397  3506 E GlyphScraper:   libretro -> no match, trying keyed APIs...
02-13 10:11:17.225  3397  3507 E GlyphScraper:   libretro -> no match, trying keyed APIs...
02-13 10:11:17.232  3397  3614 E GlyphScraper:   libretro -> no match, trying keyed APIs...
02-13 10:11:17.233  3397  3613 E GlyphScraper: Scrapers active: [rawg] (Keys: TGDB=false, RAWG=true, Moby=false)
02-13 10:11:17.235  3397  3689 E GlyphScraper: Scrapers active: [rawg] (Keys: TGDB=false, RAWG=true, Moby=false)
02-13 10:11:17.235  3397  3648 E GlyphScraper: Scrapers active: [rawg] (Keys: TGDB=false, RAWG=true, Moby=false)
02-13 10:11:17.237  3397  3507 E GlyphScraper: Scrapers active: [rawg] (Keys: TGDB=false, RAWG=true, Moby=false)
02-13 10:11:17.640  3397  3507 E GlyphScraper:   RAWG candidate: 'Cyberline Racing' score=0.3 (required > 0.4)
02-13 10:11:17.640  3397  3507 E GlyphScraper:   rawg -> no match
02-13 10:11:17.640  3397  3507 E GlyphScraper:   No results from any scraper
02-13 10:11:17.656  3397  3507 E GlyphScraper:   RAWG candidate: 'KartRider: Drift' score=0.26250002 (required > 0.4)
02-13 10:11:17.656  3397  3507 E GlyphScraper:   RAWG candidate: 'Dark Arcana: The Carnival' score=0.248 (required > 0.4)
02-13 10:11:17.656  3397  3507 E GlyphScraper:   RAWG candidate: 'Tormentum - Dark Sorrow' score=0.25652173 (required > 0.4)
02-13 10:11:17.657  3397  3507 E GlyphScraper:   RAWG candidate: 'Sentinel 4: Dark Star' score=0.22285715 (required > 0.4)
02-13 10:11:17.657  3397  3507 E GlyphScraper:   RAWG candidate: 'League of Legends: Wild Rift' score=0.19523811 (required > 0.4)
02-13 10:11:17.657  3397  3507 E GlyphScraper:   RAWG candidate: 'Boris and the Dark Survival' score=0.22222224 (required > 0.4)
02-13 10:11:17.658  3397  3507 E GlyphScraper:   RAWG candidate: 'Cataclysm: Dark Days Ahead' score=0.19538464 (required > 0.4)
02-13 10:11:17.658  3397  3507 E GlyphScraper:   RAWG candidate: 'Endless Fables 3: Dark Moor' score=0.1777778 (required > 0.4)
02-13 10:11:17.658  3397  3507 E GlyphScraper:   RAWG candidate: 'Dark Heritage: Guardians of Hope' score=0.21666667 (required > 0.4)
02-13 10:11:17.658  3397  3507 E GlyphScraper:   RAWG candidate: 'Dark Fear' score=0.4666667 (required > 0.4)
02-13 10:11:17.669  3397  3614 E GlyphScraper:   RAWG candidate: 'Crush Your Enemies' score=0.13333333 (required > 0.4)
02-13 10:11:17.669  3397  3614 E GlyphScraper:   RAWG candidate: 'Candy Crush Saga' score=0.15 (required > 0.4)
02-13 10:11:17.670  3397  3614 E GlyphScraper:   RAWG candidate: 'Farm Invasion USA - Premium' score=0.25777778 (required > 0.4)
02-13 10:11:17.670  3397  3614 E GlyphScraper:   RAWG candidate: 'Chef Solitaire: USA TriPeaks' score=0.20857146 (required > 0.4)
02-13 10:11:17.670  3397  3614 E GlyphScraper:   RAWG candidate: 'Strategy & Tactics:USSR vs USA' score=0.22000003 (required > 0.4)
02-13 10:11:17.670  3397  3614 E GlyphScraper:   RAWG candidate: 'USA President Fighter - Trump Boxing' score=0.15 (required > 0.4)
02-13 10:11:17.670  3397  3614 E GlyphScraper:   RAWG candidate: 'Farming USA' score=0.40606064 (required > 0.4)
02-13 10:11:17.670  3397  3614 E GlyphScraper:   RAWG candidate: 'Pulling USA' score=0.40606064 (required > 0.4)
02-13 10:11:17.670  3397  3614 E GlyphScraper:   RAWG candidate: 'Zombieville USA' score=0.33333334 (required > 0.4)
02-13 10:11:17.670  3397  3614 E GlyphScraper:   RAWG candidate: 'Hunting USA' score=0.40606064 (required > 0.4)
02-13 10:11:17.681  3397  3612 E GlyphScraper:   RAWG candidate: 'Another World' score=0.4102564 (required > 0.4)
02-13 10:11:17.681  3397  3612 E GlyphScraper:   RAWG candidate: 'Prime World: Defenders' score=0.16363636 (required > 0.4)
02-13 10:11:17.681  3397  3612 E GlyphScraper:   RAWG candidate: 'Rapture - World Conquest' score=0.275 (required > 0.4)
02-13 10:11:17.681  3397  3612 E GlyphScraper:   RAWG candidate: 'World of Goo' score=0.19230768 (required > 0.4)
02-13 10:11:17.681  3397  3612 E GlyphScraper:   RAWG candidate: 'Small World 2' score=0.3179487 (required > 0.4)
02-13 10:11:17.681  3397  3612 E GlyphScraper:   RAWG candidate: 'Pixel Worlds' score=0.27692306 (required > 0.4)
02-13 10:11:17.682  3397  3612 E GlyphScraper:   RAWG candidate: 'Crush Your Enemies' score=0.16666669 (required > 0.4)
02-13 10:11:17.682  3397  3612 E GlyphScraper:   RAWG candidate: 'LEGO Jurassic World' score=0.3526316 (required > 0.4)
02-13 10:11:17.682  3397  3612 E GlyphScraper:   RAWG candidate: 'Prime World: Defenders 2' score=0.15 (required > 0.4)
02-13 10:11:17.682  3397  3612 E GlyphScraper:   RAWG candidate: 'Mini World: Block Art' score=0.114285715 (required > 0.4)
02-13 10:11:17.694  3397  3507 D GlyphScraper:     RAWG match: 'Dark Fear' (screenshot, not box art)
02-13 10:11:17.694  3397  3507 E GlyphScraper:   rawg -> title='Dark Fear' hasImage=true
02-13 10:11:17.709  3397  3614 D GlyphScraper:     RAWG match: 'Farming USA' (screenshot, not box art)
02-13 10:11:17.709  3397  3614 E GlyphScraper:   rawg -> title='Farming USA' hasImage=true
02-13 10:11:17.721  3397  3612 D GlyphScraper:     RAWG match: 'Another World' (screenshot, not box art)
02-13 10:11:17.721  3397  3612 E GlyphScraper:   rawg -> title='Another World' hasImage=true
02-13 10:11:17.926  3397  3610 E GlyphScraper: Scraping: 'Deadly Arts (U) [!].z64' -> cleaned: 'Deadly Arts' [n64]
02-13 10:11:17.927  3397  3610 D GlyphScraper:     LibRetro trying: https://thumbnails.libretro.com/Nintendo%20-%20Nintendo%2064/Named_Boxarts/Deadly%20Arts.png
02-13 10:11:17.927  3397  3508 E GlyphScraper: Scraping: 'Destruction Derby 64 (U) [!].z64' -> cleaned: 'Destruction Derby 64' [n64]
02-13 10:11:17.928  3397  3508 D GlyphScraper:     LibRetro trying: https://thumbnails.libretro.com/Nintendo%20-%20Nintendo%2064/Named_Boxarts/Destruction%20Derby%2064.png
02-13 10:11:17.930  3397  3609 E GlyphScraper: Scraping: 'Diddy Kong Racing (U) [!].z64' -> cleaned: 'Diddy Kong Racing' [n64]
02-13 10:11:17.930  3397  3615 E GlyphScraper: Scraping: 'Diddy Kong Racing (U) (M2) (V1.1) [!].z64' -> cleaned: 'Diddy Kong Racing' [n64]
02-13 10:11:17.931  3397  3609 D GlyphScraper:     LibRetro trying: https://thumbnails.libretro.com/Nintendo%20-%20Nintendo%2064/Named_Boxarts/Diddy%20Kong%20Racing.png
02-13 10:11:17.935  3397  3615 D GlyphScraper:     LibRetro trying: https://thumbnails.libretro.com/Nintendo%20-%20Nintendo%2064/Named_Boxarts/Diddy%20Kong%20Racing.png
02-13 10:11:17.987  3397  3609 E GlyphScraper:   libretro -> no match, trying keyed APIs...
02-13 10:11:17.987  3397  3610 E GlyphScraper:   libretro -> no match, trying keyed APIs...
02-13 10:11:17.989  3397  3508 E GlyphScraper:   libretro -> no match, trying keyed APIs...
02-13 10:11:17.991  3397  3615 E GlyphScraper:   libretro -> no match, trying keyed APIs...
02-13 10:11:17.994  3397  3689 E GlyphScraper: Scrapers active: [rawg] (Keys: TGDB=false, RAWG=true, Moby=false)
02-13 10:11:17.996  3397  3614 E GlyphScraper: Scrapers active: [rawg] (Keys: TGDB=false, RAWG=true, Moby=false)
02-13 10:11:17.998  3397  3618 E GlyphScraper: Scrapers active: [rawg] (Keys: TGDB=false, RAWG=true, Moby=false)
02-13 10:11:18.000  3397  3610 E GlyphScraper: Scrapers active: [rawg] (Keys: TGDB=false, RAWG=true, Moby=false)
02-13 10:11:18.997  3397  3610 E GlyphScraper:   RAWG candidate: 'Destruction Derby' score=0.77666676 (required > 0.4)
02-13 10:11:18.997  3397  3610 E GlyphScraper:   RAWG candidate: 'Creative Destruction' score=0.22 (required > 0.4)
02-13 10:11:18.998  3397  3610 E GlyphScraper:   RAWG candidate: 'Zombie Derby 2' score=0.34 (required > 0.4)
02-13 10:11:18.998  3397  3610 E GlyphScraper:   RAWG candidate: 'Derby Destruction Simulator' score=0.46666664 (required > 0.4)
02-13 10:11:18.998  3397  3610 E GlyphScraper:   RAWG candidate: 'Monster Truck Destruction' score=0.248 (required > 0.4)
02-13 10:11:18.998  3397  3610 E GlyphScraper:   RAWG candidate: 'Horse Racing: Derby Quest' score=0.30666667 (required > 0.4)
02-13 10:11:18.998  3397  3610 E GlyphScraper:   RAWG candidate: 'Demolition Derby: Crash Racing' score=0.24 (required > 0.4)
02-13 10:11:18.998  3397  3610 E GlyphScraper:   RAWG candidate: 'MLB.com Home Run Derby VR' score=0.27314287 (required > 0.4)
02-13 10:11:18.998  3397  3610 E GlyphScraper:   RAWG candidate: 'Path of Destruction: Dragons' score=0.27857146 (required > 0.4)
02-13 10:11:18.998  3397  3610 E GlyphScraper:   RAWG candidate: 'J.E.R.O. (C64) Commodore 64' score=0.22222224 (required > 0.4)
02-13 10:11:19.002  3397  3618 E GlyphScraper:   RAWG candidate: 'Kong Pong v2.0' score=0.2564706 (required > 0.4)
02-13 10:11:19.002  3397  3506 E GlyphScraper:   RAWG candidate: 'Kong Pong v2.0' score=0.2564706 (required > 0.4)
02-13 10:11:19.002  3397  3618 E GlyphScraper:   RAWG candidate: 'Kung Fury: Street Rage' score=0.08181818 (required > 0.4)
02-13 10:11:19.002  3397  3506 E GlyphScraper:   RAWG candidate: 'Kung Fury: Street Rage' score=0.08181818 (required > 0.4)
02-13 10:11:19.002  3397  3618 E GlyphScraper:   RAWG candidate: 'King Oddball' score=0.14117646 (required > 0.4)
02-13 10:11:19.002  3397  3506 E GlyphScraper:   RAWG candidate: 'King Oddball' score=0.14117646 (required > 0.4)
02-13 10:11:19.002  3397  3618 E GlyphScraper:   RAWG candidate: 'The LionÔÇÖs Song' score=0.14117646 (required > 0.4)
02-13 10:11:19.002  3397  3506 E GlyphScraper:   RAWG candidate: 'The LionÔÇÖs Song' score=0.14117646 (required > 0.4)
02-13 10:11:19.002  3397  3618 E GlyphScraper:   RAWG candidate: 'Sonic & All-Stars Racing Transformed' score=0.21666667 (required > 0.4)
02-13 10:11:19.002  3397  3506 E GlyphScraper:   RAWG candidate: 'Sonic & All-Stars Racing Transformed' score=0.21666667 (required > 0.4)
02-13 10:11:19.002  3397  3618 E GlyphScraper:   RAWG candidate: 'Sonic & SEGA All-Stars Racing' score=0.25287357 (required > 0.4)
02-13 10:11:19.003  3397  3506 E GlyphScraper:   RAWG candidate: 'Sonic & SEGA All-Stars Racing' score=0.25287357 (required > 0.4)
02-13 10:11:19.003  3397  3618 E GlyphScraper:   RAWG candidate: 'Cyberline Racing' score=0.38235292 (required > 0.4)
02-13 10:11:19.003  3397  3506 E GlyphScraper:   RAWG candidate: 'Cyberline Racing' score=0.38235292 (required > 0.4)
02-13 10:11:19.003  3397  3618 E GlyphScraper:   RAWG candidate: 'King and Assassins: The Board Game' score=0.105882354 (required > 0.4)
02-13 10:11:19.003  3397  3506 E GlyphScraper:   RAWG candidate: 'King and Assassins: The Board Game' score=0.105882354 (required > 0.4)
02-13 10:11:19.003  3397  3618 E GlyphScraper:   RAWG candidate: 'THE KING OF FIGHTERS '98' score=0.10000002 (required > 0.4)
02-13 10:11:19.003  3397  3506 E GlyphScraper:   RAWG candidate: 'THE KING OF FIGHTERS '98' score=0.10000002 (required > 0.4)
02-13 10:11:19.003  3397  3506 E GlyphScraper:   RAWG candidate: 'King of Dragon Pass' score=0.12631577 (required > 0.4)
02-13 10:11:19.003  3397  3618 E GlyphScraper:   RAWG candidate: 'King of Dragon Pass' score=0.12631577 (required > 0.4)
02-13 10:11:19.004  3397  3506 E GlyphScraper:   rawg -> no match
02-13 10:11:19.004  3397  3506 E GlyphScraper:   No results from any scraper
02-13 10:11:19.004  3397  3618 E GlyphScraper:   rawg -> no match
02-13 10:11:19.004  3397  3618 E GlyphScraper:   No results from any scraper
02-13 10:11:19.011  3397  3618 E GlyphScraper:   RAWG candidate: 'Mini World: Block Art' score=0.14285713 (required > 0.4)
02-13 10:11:19.011  3397  3618 E GlyphScraper:   RAWG candidate: 'Sword Art Online: Integral Factor' score=0.10909092 (required > 0.4)
02-13 10:11:19.012  3397  3618 E GlyphScraper:   RAWG candidate: 'Rusted Warfare - RTS' score=0.18 (required > 0.4)
02-13 10:11:19.012  3397  3618 E GlyphScraper:   RAWG candidate: 'Adventures of Bertram Fiddle: Episode 1: A Dreadly Business' score=0.09152541 (required > 0.4)
02-13 10:11:19.012  3397  3618 E GlyphScraper:   RAWG candidate: 'Dead Space Mobile' score=0.17647058 (required > 0.4)
02-13 10:11:19.012  3397  3618 E GlyphScraper:   RAWG candidate: 'The Walking Dead: Michonne' score=0.09230769 (required > 0.4)
02-13 10:11:19.012  3397  3618 E GlyphScraper:   RAWG candidate: 'The Pirate: Plague of the Dead' score=0.10000002 (required > 0.4)
02-13 10:11:19.012  3397  3618 E GlyphScraper:   RAWG candidate: 'The Walking Dead: Season 1' score=0.11538463 (required > 0.4)
02-13 10:11:19.012  3397  3618 E GlyphScraper:   RAWG candidate: 'The Walking Dead: 400 Days' score=0.13846153 (required > 0.4)
02-13 10:11:19.012  3397  3618 E GlyphScraper:   RAWG candidate: 'The Walking Dead: Season 2' score=0.11538463 (required > 0.4)
02-13 10:11:19.013  3397  3618 E GlyphScraper:   rawg -> no match
02-13 10:11:19.013  3397  3618 E GlyphScraper:   No results from any scraper
02-13 10:11:19.034  3397  3610 D GlyphScraper:     RAWG match: 'Destruction Derby' (screenshot, not box art)
02-13 10:11:19.034  3397  3610 E GlyphScraper:   rawg -> title='Destruction Derby' hasImage=true
02-13 10:11:19.241  3397  3688 E GlyphScraper: Scraping: 'Disney's Donald Duck - Goin' Quackers (U) [!].z64' -> cleaned: 'Disney's Donald Duck Goin' Quackers' [n64]
02-13 10:11:19.242  3397  3618 E GlyphScraper: Scraping: 'Disney's Tarzan (U) [!].z64' -> cleaned: 'Disney's Tarzan' [n64]
02-13 10:11:19.243  3397  3688 D GlyphScraper:     LibRetro trying: https://thumbnails.libretro.com/Nintendo%20-%20Nintendo%2064/Named_Boxarts/Disney%27s%20Donald%20Duck%20Goin%27%20Quackers.png
02-13 10:11:19.243  3397  3618 D GlyphScraper:     LibRetro trying: https://thumbnails.libretro.com/Nintendo%20-%20Nintendo%2064/Named_Boxarts/Disney%27s%20Tarzan.png
02-13 10:11:20.696  3397  3688 E GlyphScraper:   libretro -> no match, trying keyed APIs...
02-13 10:11:20.697  3397  3618 E GlyphScraper:   libretro -> no match, trying keyed APIs...
02-13 10:11:20.706  3397  3615 E GlyphScraper: Scrapers active: [rawg] (Keys: TGDB=false, RAWG=true, Moby=false)
02-13 10:11:20.708  3397  3688 E GlyphScraper: Scrapers active: [rawg] (Keys: TGDB=false, RAWG=true, Moby=false)
02-13 10:11:21.235  3397  3688 E GlyphScraper:   RAWG candidate: 'Disney Dreamlight Valley' score=0.22285713 (required > 0.4)
02-13 10:11:21.235  3397  3688 E GlyphScraper:   RAWG candidate: 'Koin's Coin' score=0.13714285 (required > 0.4)
02-13 10:11:21.236  3397  3688 E GlyphScraper:   RAWG candidate: 'DisneyÔÇóPixar A Bug's Life' score=0.18857142 (required > 0.4)
02-13 10:11:21.236  3397  3688 E GlyphScraper:   RAWG candidate: 'One Deck Dungeon' score=0.15428571 (required > 0.4)
02-13 10:11:21.236  3397  3688 E GlyphScraper:   RAWG candidate: 'Koin's Coin (Chan Yuen Theng)' score=0.13714285 (required > 0.4)
02-13 10:11:21.236  3397  3688 E GlyphScraper:   RAWG candidate: 'Angry Duck's 0.2.8' score=0.12 (required > 0.4)
02-13 10:11:21.236  3397  3688 E GlyphScraper:   RAWG candidate: 'Dunk Dunk (itch)' score=0.15428571 (required > 0.4)
02-13 10:11:21.236  3397  3688 E GlyphScraper:   RAWG candidate: 'Duck Hunting - HD' score=0.16 (required > 0.4)
02-13 10:11:21.236  3397  3688 E GlyphScraper:   RAWG candidate: 'Duck Life: Space' score=0.21142858 (required > 0.4)
02-13 10:11:21.236  3397  3688 E GlyphScraper:   RAWG candidate: 'Duck Life: Battle' score=0.17714286 (required > 0.4)
02-13 10:11:21.432  3397  3688 E GlyphScraper:   RAWG candidate: 'Disney Dreamlight Valley' score=0.2 (required > 0.4)
02-13 10:11:21.432  3397  3688 E GlyphScraper:   RAWG candidate: 'DisneyÔÇóPixar A Bug's Life' score=0.21600002 (required > 0.4)
02-13 10:11:21.432  3397  3688 E GlyphScraper:   RAWG candidate: 'Diner Mania' score=0.28 (required > 0.4)
02-13 10:11:21.432  3397  3688 E GlyphScraper:   RAWG candidate: 'Diner Dash' score=0.24 (required > 0.4)
02-13 10:11:21.433  3397  3688 E GlyphScraper:   RAWG candidate: 'Disney Infinity 3.0' score=0.22105266 (required > 0.4)
02-13 10:11:21.433  3397  3688 E GlyphScraper:   RAWG candidate: 'Disney Infinity 2.0' score=0.22105266 (required > 0.4)
02-13 10:11:21.433  3397  3688 E GlyphScraper:   RAWG candidate: 'Disney Sorcerer's Arena' score=0.2608696 (required > 0.4)
02-13 10:11:21.433  3397  3688 E GlyphScraper:   RAWG candidate: 'LINE: Disney Tsum Tsum' score=0.1909091 (required > 0.4)
02-13 10:11:21.433  3397  3688 E GlyphScraper:   RAWG candidate: 'Disney Heroes: Battle Mode' score=0.20769233 (required > 0.4)
02-13 10:11:21.433  3397  3688 E GlyphScraper:   RAWG candidate: 'Barman 2. New adventures' score=0.075 (required > 0.4)
02-13 10:11:21.435  3397  3688 E GlyphScraper:   rawg -> no match
02-13 10:11:21.435  3397  3688 E GlyphScraper:   No results from any scraper
02-13 10:11:21.748  3397  3688 E GlyphScraper:   RAWG candidate: 'Disney Dreamlight Valley' score=0.22285713 (required > 0.4)
02-13 10:11:21.749  3397  3688 E GlyphScraper:   RAWG candidate: 'DisneyÔÇóPixar A Bug's Life' score=0.18857142 (required > 0.4)
02-13 10:11:21.749  3397  3688 E GlyphScraper:   RAWG candidate: 'One Deck Dungeon' score=0.15428571 (required > 0.4)
02-13 10:11:21.749  3397  3688 E GlyphScraper:   RAWG candidate: 'Angry Duck's 0.2.8' score=0.12 (required > 0.4)
02-13 10:11:21.749  3397  3688 E GlyphScraper:   RAWG candidate: 'Dunk Dunk (itch)' score=0.15428571 (required > 0.4)
02-13 10:11:21.749  3397  3688 E GlyphScraper:   RAWG candidate: 'Duck Hunting - HD' score=0.16 (required > 0.4)
02-13 10:11:21.749  3397  3688 E GlyphScraper:   RAWG candidate: 'Duck Life: Space' score=0.21142858 (required > 0.4)
02-13 10:11:21.750  3397  3688 E GlyphScraper:   RAWG candidate: 'Duck Life: Battle' score=0.17714286 (required > 0.4)
02-13 10:11:21.750  3397  3688 E GlyphScraper:   RAWG candidate: 'Diner Mania' score=0.13714285 (required > 0.4)
02-13 10:11:21.750  3397  3688 E GlyphScraper:   RAWG candidate: 'Diner Dash' score=0.12 (required > 0.4)
02-13 10:11:21.752  3397  3688 E GlyphScraper:   rawg -> no match
02-13 10:11:21.752  3397  3688 E GlyphScraper:   No results from any scraper
02-13 10:16:29.841  5065  5102 E GlyphScraper: Scraping: 'All-Star Baseball '99 (U) [!].z64' -> cleaned: 'All Star Baseball '99' [n64]
02-13 10:16:29.841  5065  5103 E GlyphScraper: Scraping: 'Airboarder 64 (E) [!].z64' -> cleaned: 'Airboarder 64' [n64]
02-13 10:16:29.841  5065  5214 E GlyphScraper: Scraping: 'Donkey Kong 64 (U) [!].z64' -> cleaned: 'Donkey Kong 64' [n64]
02-13 10:16:29.841  5065  5215 E GlyphScraper: Scraping: 'All Star Tennis '99 (U) [!].z64' -> cleaned: 'All Star Tennis '99' [n64]
02-13 10:16:29.842  5065  5215 D GlyphScraper:     LibRetro candidates: [All Star Tennis '99]
02-13 10:16:29.844  5065  5214 D GlyphScraper:     LibRetro candidates: [Donkey Kong 64]
02-13 10:16:29.845  5065  5103 D GlyphScraper:     LibRetro candidates: [Airboarder 64]
02-13 10:16:29.845  5065  5102 D GlyphScraper:     LibRetro candidates: [All-Star Baseball '99, All Star Baseball '99]
02-13 10:16:30.396  5065  5214 E GlyphScraper:   libretro -> no match, trying keyed APIs...
02-13 10:16:30.397  5065  5103 E GlyphScraper:   libretro -> no match, trying keyed APIs...
02-13 10:16:30.397  5065  5215 E GlyphScraper:   libretro -> no match, trying keyed APIs...
02-13 10:16:30.404  5065  5216 E GlyphScraper: Scrapers active: [rawg] (Keys: TGDB=false, RAWG=true, Moby=false)
02-13 10:16:30.405  5065  5099 E GlyphScraper: Scrapers active: [rawg] (Keys: TGDB=false, RAWG=true, Moby=false)
02-13 10:16:30.409  5065  5239 E GlyphScraper: Scrapers active: [rawg] (Keys: TGDB=false, RAWG=true, Moby=false)
02-13 10:16:30.448  5065  5102 E GlyphScraper:   libretro -> no match, trying keyed APIs...
02-13 10:16:30.454  5065  5239 E GlyphScraper: Scrapers active: [rawg] (Keys: TGDB=false, RAWG=true, Moby=false)
02-13 10:16:31.132  5065  5239 E GlyphScraper:   RAWG candidate: 'Asphalt 8: Airborne' score=0.094736844 (required > 0.85)
02-13 10:16:31.132  5065  5239 E GlyphScraper:   RAWG candidate: 'J.E.R.O. (C64) Commodore 64' score=0.23555559 (required > 0.85)
02-13 10:16:31.132  5065  5239 E GlyphScraper:   RAWG candidate: 'Amazon Blocks (McKinley-64, renatarinaldi)' score=0.08571428 (required > 0.85)
02-13 10:16:31.133  5065  5239 E GlyphScraper:   RAWG candidate: 'Sub Mare Imperium: Derelict 64' score=0.24666667 (required > 0.85)
02-13 10:16:31.133  5065  5239 E GlyphScraper:   RAWG candidate: 'Adventure 64' score=0.36410257 (required > 0.85)
02-13 10:16:31.133  5065  5239 E GlyphScraper:   RAWG candidate: 'math 64' score=0.3179487 (required > 0.85)
02-13 10:16:31.133  5065  5239 E GlyphScraper:   RAWG candidate: 'Bombrun 64' score=0.36410257 (required > 0.85)
02-13 10:16:31.133  5065  5239 E GlyphScraper:   RAWG candidate: 'Araign├®e - Spider Thief (C64) Commodore 64' score=0.1857143 (required > 0.85)
02-13 10:16:31.133  5065  5239 E GlyphScraper:   RAWG candidate: 'Blizzard! Part II: Jihadi Moon (C64) Commodore 64' score=0.15464851 (required > 0.85)
02-13 10:16:31.134  5065  5239 E GlyphScraper:   RAWG candidate: '64 Pixels of Cute' score=0.11529412 (required > 0.85)
02-13 10:16:31.136  5065  5239 E GlyphScraper:   rawg -> no match
02-13 10:16:31.136  5065  5239 E GlyphScraper:   No results from any scraper
02-13 10:16:31.137  5065  5102 E GlyphScraper:   RAWG candidate: 'Donkey Kong's Shoot Characters' score=0.30666667 (required > 0.85)
02-13 10:16:31.139  5065  5102 E GlyphScraper:   RAWG candidate: 'Kong Pong v2.0' score=0.29428574 (required > 0.85)
02-13 10:16:31.139  5065  5102 E GlyphScraper:   RAWG candidate: 'King Oddball' score=0.08571428 (required > 0.85)
02-13 10:16:31.140  5065  5102 E GlyphScraper:   RAWG candidate: 'The LionÔÇÖs Song' score=0.08 (required > 0.85)
02-13 10:16:31.140  5065  5102 E GlyphScraper:   RAWG candidate: 'Kung Fury: Street Rage' score=0.10909092 (required > 0.85)
02-13 10:16:31.140  5065  5102 E GlyphScraper:   RAWG candidate: 'King and Assassins: The Board Game' score=0.08823531 (required > 0.85)
02-13 10:16:31.140  5065  5102 E GlyphScraper:   RAWG candidate: 'THE KING OF FIGHTERS '98' score=0.10000002 (required > 0.85)
02-13 10:16:31.140  5065  5102 E GlyphScraper:   RAWG candidate: 'King of Dragon Pass' score=0.12631577 (required > 0.85)
02-13 10:16:31.141  5065  5102 E GlyphScraper:   RAWG candidate: 'Bloons Monkey City' score=0.13333333 (required > 0.85)
02-13 10:16:31.141  5065  5102 E GlyphScraper:   RAWG candidate: 'THE KING OF FIGHTERS '97' score=0.10000002 (required > 0.85)
02-13 10:16:31.141  5065  5215 E GlyphScraper:   RAWG candidate: 'Sonic & SEGA All-Stars Racing' score=0.103448264 (required > 0.85)
02-13 10:16:31.141  5065  5215 E GlyphScraper:   RAWG candidate: 'Sonic & All-Stars Racing Transformed' score=0.16666669 (required > 0.85)
02-13 10:16:31.142  5065  5215 E GlyphScraper:   RAWG candidate: 'All-Star Basketball - Score with Super Power-Ups' score=0.21250002 (required > 0.85)
02-13 10:16:31.142  5065  5215 E GlyphScraper:   RAWG candidate: 'Star Traders: Frontiers' score=0.14492756 (required > 0.85)
02-13 10:16:31.142  5065  5215 E GlyphScraper:   RAWG candidate: 'Baseball Riot' score=0.30857143 (required > 0.85)
02-13 10:16:31.142  5065  5215 E GlyphScraper:   RAWG candidate: 'Phantasy Star II' score=0.2095238 (required > 0.85)
02-13 10:16:31.142  5065  5215 E GlyphScraper:   RAWG candidate: 'Sentinel 4: Dark Star' score=0.11428572 (required > 0.85)
02-13 10:16:31.142  5065  5215 E GlyphScraper:   RAWG candidate: 'Star Traders: 4X Empires' score=0.15714288 (required > 0.85)
02-13 10:16:31.142  5065  5215 E GlyphScraper:   RAWG candidate: 'Agricola: All Creatures Big and Small' score=0.19039038 (required > 0.85)
02-13 10:16:31.142  5065  5099 E GlyphScraper:   RAWG candidate: 'Sonic & SEGA All-Stars Racing' score=0.103448264 (required > 0.85)
02-13 10:16:31.142  5065  5215 E GlyphScraper:   RAWG candidate: 'Baseball Star' score=0.42857143 (required > 0.85)
02-13 10:16:31.146  5065  5099 E GlyphScraper:   RAWG candidate: 'Sonic & All-Stars Racing Transformed' score=0.16666669 (required > 0.85)
02-13 10:16:31.146  5065  5099 E GlyphScraper:   RAWG candidate: 'Tennis in the Face' score=0.12030077 (required > 0.85)
02-13 10:16:31.146  5065  5099 E GlyphScraper:   RAWG candidate: 'Star Traders: Frontiers' score=0.17101452 (required > 0.85)
02-13 10:16:31.146  5065  5102 E GlyphScraper:   rawg -> no match
02-13 10:16:31.146  5065  5102 E GlyphScraper:   No results from any scraper
02-13 10:16:31.146  5065  5099 E GlyphScraper:   RAWG candidate: 'Phantasy Star II' score=0.1614035 (required > 0.85)
02-13 10:16:31.147  5065  5099 E GlyphScraper:   RAWG candidate: 'Sentinel 4: Dark Star' score=0.11428572 (required > 0.85)
02-13 10:16:31.148  5065  5099 E GlyphScraper:   RAWG candidate: 'Star Traders: 4X Empires' score=0.15714288 (required > 0.85)
02-13 10:16:31.148  5065  5099 E GlyphScraper:   RAWG candidate: 'Agricola: All Creatures Big and Small' score=0.19039038 (required > 0.85)
02-13 10:16:31.148  5065  5099 E GlyphScraper:   RAWG candidate: 'PlayStation All-Stars Island' score=0.17142856 (required > 0.85)
02-13 10:16:31.149  5065  5099 E GlyphScraper:   RAWG candidate: 'Power Rangers: All Stars' score=0.13214287 (required > 0.85)
02-13 10:16:31.535  5065  5099 E GlyphScraper:   RAWG candidate: 'Sonic & SEGA All-Stars Racing' score=0.103448264 (required > 0.85)
02-13 10:16:31.535  5065  5099 E GlyphScraper:   RAWG candidate: 'Sonic & All-Stars Racing Transformed' score=0.16666669 (required > 0.85)
02-13 10:16:31.535  5065  5099 E GlyphScraper:   RAWG candidate: 'All-Star Basketball - Score with Super Power-Ups' score=0.21250002 (required > 0.85)
02-13 10:16:31.535  5065  5099 E GlyphScraper:   RAWG candidate: 'Star Traders: Frontiers' score=0.14492756 (required > 0.85)
02-13 10:16:31.536  5065  5099 E GlyphScraper:   RAWG candidate: 'Baseball Riot' score=0.30857143 (required > 0.85)
02-13 10:16:31.536  5065  5099 E GlyphScraper:   RAWG candidate: 'Phantasy Star II' score=0.2095238 (required > 0.85)
02-13 10:16:31.536  5065  5099 E GlyphScraper:   RAWG candidate: 'Sentinel 4: Dark Star' score=0.11428572 (required > 0.85)
02-13 10:16:31.536  5065  5099 E GlyphScraper:   RAWG candidate: 'Star Traders: 4X Empires' score=0.15714288 (required > 0.85)
02-13 10:16:31.536  5065  5099 E GlyphScraper:   RAWG candidate: 'Agricola: All Creatures Big and Small' score=0.19039038 (required > 0.85)
02-13 10:16:31.537  5065  5099 E GlyphScraper:   RAWG candidate: 'Baseball Star' score=0.42857143 (required > 0.85)
02-13 10:16:31.537  5065  5102 E GlyphScraper:   RAWG candidate: 'Sonic & SEGA All-Stars Racing' score=0.103448264 (required > 0.85)
02-13 10:16:31.538  5065  5102 E GlyphScraper:   RAWG candidate: 'Sonic & All-Stars Racing Transformed' score=0.16666669 (required > 0.85)
02-13 10:16:31.538  5065  5102 E GlyphScraper:   RAWG candidate: 'Tennis in the Face' score=0.12030077 (required > 0.85)
02-13 10:16:31.538  5065  5102 E GlyphScraper:   RAWG candidate: 'Star Traders: Frontiers' score=0.17101452 (required > 0.85)
02-13 10:16:31.538  5065  5102 E GlyphScraper:   RAWG candidate: 'Phantasy Star II' score=0.1614035 (required > 0.85)
02-13 10:16:31.538  5065  5102 E GlyphScraper:   RAWG candidate: 'Sentinel 4: Dark Star' score=0.11428572 (required > 0.85)
02-13 10:16:31.539  5065  5102 E GlyphScraper:   RAWG candidate: 'Star Traders: 4X Empires' score=0.15714288 (required > 0.85)
02-13 10:16:31.539  5065  5102 E GlyphScraper:   RAWG candidate: 'Agricola: All Creatures Big and Small' score=0.19039038 (required > 0.85)
02-13 10:16:31.539  5065  5102 E GlyphScraper:   RAWG candidate: 'PlayStation All-Stars Island' score=0.17142856 (required > 0.85)
02-13 10:16:31.539  5065  5102 E GlyphScraper:   RAWG candidate: 'Power Rangers: All Stars' score=0.13214287 (required > 0.85)
02-13 10:16:31.539  5065  5099 E GlyphScraper:   rawg -> no match
02-13 10:16:31.539  5065  5099 E GlyphScraper:   No results from any scraper
02-13 10:16:31.542  5065  5102 E GlyphScraper:   rawg -> no match
02-13 10:16:31.542  5065  5102 E GlyphScraper:   No results from any scraper
02-13 10:16:31.746  5065  5237 E GlyphScraper: Scraping: 'Army Men - Air Combat (U) [!].z64' -> cleaned: 'Army Men Air Combat' [n64]
02-13 10:16:31.746  5065  5102 E GlyphScraper: Scraping: 'All-Star Baseball 2000 (U) [!].z64' -> cleaned: 'All Star Baseball 2000' [n64]
02-13 10:16:31.746  5065  5237 D GlyphScraper:     LibRetro candidates: [Army Men - Air Combat, Army Men Air Combat, Army Men: Air Combat]
02-13 10:16:31.747  5065  5102 D GlyphScraper:     LibRetro candidates: [All-Star Baseball 2000, All Star Baseball 2000]
02-13 10:16:31.748  5065  5099 E GlyphScraper: Scraping: 'All-Star Baseball 2001 (U) [!].z64' -> cleaned: 'All Star Baseball 2001' [n64]
02-13 10:16:31.749  5065  5215 E GlyphScraper: Scraping: 'Armorines - Project S.W.A.R.M. (U) [!].z64' -> cleaned: 'Armorines Project S W A R M' [n64]
02-13 10:16:31.750  5065  5099 D GlyphScraper:     LibRetro candidates: [All-Star Baseball 2001, All Star Baseball 2001]
02-13 10:16:31.751  5065  5215 D GlyphScraper:     LibRetro candidates: [Armorines - Project S.W.A.R.M., Armorines Project S W A R M, Armorines: Project S.W.A.R.M.]
02-13 10:16:31.876  5065  5099 E GlyphScraper:   libretro -> no match, trying keyed APIs...
02-13 10:16:31.879  5065  5102 E GlyphScraper:   libretro -> no match, trying keyed APIs...
02-13 10:16:31.886  5065  5241 E GlyphScraper: Scrapers active: [rawg] (Keys: TGDB=false, RAWG=true, Moby=false)
02-13 10:16:31.890  5065  5098 E GlyphScraper: Scrapers active: [rawg] (Keys: TGDB=false, RAWG=true, Moby=false)
02-13 10:16:31.929  5065  5215 E GlyphScraper:   libretro -> no match, trying keyed APIs...
02-13 10:16:31.929  5065  5237 E GlyphScraper:   libretro -> no match, trying keyed APIs...
02-13 10:16:31.937  5065  5241 E GlyphScraper: Scrapers active: [rawg] (Keys: TGDB=false, RAWG=true, Moby=false)
02-13 10:16:31.937  5065  5240 E GlyphScraper: Scrapers active: [rawg] (Keys: TGDB=false, RAWG=true, Moby=false)
02-13 10:16:32.451  5065  5240 E GlyphScraper:   RAWG candidate: 'Sonic & SEGA All-Stars Racing' score=0.103448264 (required > 0.85)
02-13 10:16:32.452  5065  5240 E GlyphScraper:   RAWG candidate: 'Sonic & All-Stars Racing Transformed' score=0.16666669 (required > 0.85)
02-13 10:16:32.453  5065  5240 E GlyphScraper:   RAWG candidate: 'All-Star Basketball - Score with Super Power-Ups' score=0.21250002 (required > 0.85)
02-13 10:16:32.453  5065  5241 E GlyphScraper:   RAWG candidate: 'Sonic & SEGA All-Stars Racing' score=0.103448264 (required > 0.85)
02-13 10:16:32.453  5065  5241 E GlyphScraper:   RAWG candidate: 'Sonic & All-Stars Racing Transformed' score=0.16666669 (required > 0.85)
02-13 10:16:32.453  5065  5240 E GlyphScraper:   RAWG candidate: 'Star Traders: Frontiers' score=0.14492756 (required > 0.85)
02-13 10:16:32.454  5065  5241 E GlyphScraper:   RAWG candidate: 'All-Star Basketball - Score with Super Power-Ups' score=0.21250002 (required > 0.85)
02-13 10:16:32.454  5065  5241 E GlyphScraper:   RAWG candidate: 'Star Traders: Frontiers' score=0.14492756 (required > 0.85)
02-13 10:16:32.454  5065  5241 E GlyphScraper:   RAWG candidate: 'Baseball Riot' score=0.32545456 (required > 0.85)
02-13 10:16:32.454  5065  5241 E GlyphScraper:   RAWG candidate: 'Phantasy Star II' score=0.20303032 (required > 0.85)
02-13 10:16:32.454  5065  5240 E GlyphScraper:   RAWG candidate: 'Baseball Riot' score=0.32545456 (required > 0.85)
02-13 10:16:32.454  5065  5241 E GlyphScraper:   RAWG candidate: 'Sentinel 4: Dark Star' score=0.13896105 (required > 0.85)
02-13 10:16:32.454  5065  5241 E GlyphScraper:   RAWG candidate: 'Star Traders: 4X Empires' score=0.15714288 (required > 0.85)
02-13 10:16:32.455  5065  5241 E GlyphScraper:   RAWG candidate: 'Agricola: All Creatures Big and Small' score=0.19039038 (required > 0.85)
02-13 10:16:32.455  5065  5240 E GlyphScraper:   RAWG candidate: 'Phantasy Star II' score=0.20303032 (required > 0.85)
02-13 10:16:32.455  5065  5241 E GlyphScraper:   RAWG candidate: 'Baseball Star' score=0.44545457 (required > 0.85)
02-13 10:16:32.455  5065  5240 E GlyphScraper:   RAWG candidate: 'Sentinel 4: Dark Star' score=0.13896105 (required > 0.85)
02-13 10:16:32.456  5065  5235 E GlyphScraper:   RAWG candidate: 'Doodle Combat - Army Air Force Planes Battle' score=0.3 (required > 0.85)
02-13 10:16:32.456  5065  5235 E GlyphScraper:   RAWG candidate: 'Modern Combat 5' score=0.30105266 (required > 0.85)
02-13 10:16:32.456  5065  5240 E GlyphScraper:   RAWG candidate: 'Star Traders: 4X Empires' score=0.15714288 (required > 0.85)
02-13 10:16:32.456  5065  5235 E GlyphScraper:   RAWG candidate: 'Army Men Strike - Military Strategy Simulator' score=0.3 (required > 0.85)
02-13 10:16:32.456  5065  5235 E GlyphScraper:   RAWG candidate: 'Combat Monsters' score=0.17473686 (required > 0.85)
02-13 10:16:32.457  5065  5235 E GlyphScraper:   RAWG candidate: 'Real Air Combat War: Airfighters Game' score=0.24594593 (required > 0.85)
02-13 10:16:32.457  5065  5235 E GlyphScraper:   RAWG candidate: 'Army Men Strike' score=0.4757895 (required > 0.85)
02-13 10:16:32.457  5065  5240 E GlyphScraper:   RAWG candidate: 'Agricola: All Creatures Big and Small' score=0.19039038 (required > 0.85)
02-13 10:16:32.457  5065  5235 E GlyphScraper:   RAWG candidate: 'Modern Combat Versus' score=0.15666667 (required > 0.85)
02-13 10:16:32.457  5065  5235 E GlyphScraper:   RAWG candidate: 'Arma Tactics' score=0.18947369 (required > 0.85)
02-13 10:16:32.457  5065  5235 E GlyphScraper:   RAWG candidate: 'air space combat' score=0.4757895 (required > 0.85)
02-13 10:16:32.457  5065  5235 E GlyphScraper:   RAWG candidate: 'X-Men Arcade' score=0.22105266 (required > 0.85)
02-13 10:16:32.458  5065  5240 E GlyphScraper:   RAWG candidate: 'Baseball Star' score=0.44545457 (required > 0.85)
02-13 10:16:32.532  5065  5240 E GlyphScraper:   RAWG candidate: 'Oswald A-R [fnaf A-R fnagame]' score=0.062068965 (required > 0.85)
02-13 10:16:32.532  5065  5240 E GlyphScraper:   RAWG candidate: 'T O W E R - 8 0' score=0.0 (required > 0.85)
02-13 10:16:32.533  5065  5240 E GlyphScraper:   RAWG candidate: 'Destroy W*s' score=0.13333333 (required > 0.85)
02-13 10:16:32.533  5065  5240 E GlyphScraper:   RAWG candidate: 'Project Highrise' score=0.31111112 (required > 0.85)
02-13 10:16:32.533  5065  5240 E GlyphScraper:   RAWG candidate: 'SimCity 3000' score=0.088888876 (required > 0.85)
02-13 10:16:32.534  5065  5240 E GlyphScraper:   RAWG candidate: 'Chess Opening Lab (1400-2000)' score=0.020689666 (required > 0.85)
02-13 10:16:32.535  5065  5240 E GlyphScraper:   RAWG candidate: 'House of 1,000 Doors: Family Secrets Collector's Edition' score=0.117857166 (required > 0.85)
02-13 10:16:32.535  5065  5240 E GlyphScraper:   RAWG candidate: 'R-726' score=0.02222221 (required > 0.85)
02-13 10:16:32.535  5065  5240 E GlyphScraper:   RAWG candidate: 'R-Survive' score=0.06666666 (required > 0.85)
02-13 10:16:32.536  5065  5240 E GlyphScraper:   RAWG candidate: 'R-Type' score=0.06666666 (required > 0.85)
02-13 10:16:35.700  5065  5240 E GlyphScraper:   RAWG candidate: 'Sonic & SEGA All-Stars Racing' score=0.103448264 (required > 0.85)
02-13 10:16:35.701  5065  5240 E GlyphScraper:   RAWG candidate: 'Sonic & All-Stars Racing Transformed' score=0.16666669 (required > 0.85)
02-13 10:16:35.701  5065  5240 E GlyphScraper:   RAWG candidate: 'All-Star Basketball - Score with Super Power-Ups' score=0.21250002 (required > 0.85)
02-13 10:16:35.701  5065  5240 E GlyphScraper:   RAWG candidate: 'Star Traders: Frontiers' score=0.14492756 (required > 0.85)
02-13 10:16:35.701  5065  5240 E GlyphScraper:   RAWG candidate: 'Baseball Riot' score=0.32545456 (required > 0.85)
02-13 10:16:35.701  5065  5240 E GlyphScraper:   RAWG candidate: 'Phantasy Star II' score=0.20303032 (required > 0.85)
02-13 10:16:35.702  5065  5240 E GlyphScraper:   RAWG candidate: 'Sentinel 4: Dark Star' score=0.13896105 (required > 0.85)
02-13 10:16:35.702  5065  5240 E GlyphScraper:   RAWG candidate: 'Star Traders: 4X Empires' score=0.15714288 (required > 0.85)
02-13 10:16:35.702  5065  5240 E GlyphScraper:   RAWG candidate: 'Agricola: All Creatures Big and Small' score=0.19039038 (required > 0.85)
02-13 10:16:35.702  5065  5240 E GlyphScraper:   RAWG candidate: 'Baseball Star' score=0.44545457 (required > 0.85)
02-13 10:16:35.703  5065  5241 E GlyphScraper:   RAWG candidate: 'Project Highrise' score=0.31111112 (required > 0.85)
02-13 10:16:35.704  5065  5241 E GlyphScraper:   RAWG candidate: '.projekt' score=0.13333333 (required > 0.85)
02-13 10:16:35.704  5065  5241 E GlyphScraper:   RAWG candidate: 'Project: N' score=0.17777778 (required > 0.85)
02-13 10:16:35.704  5065  5241 E GlyphScraper:   RAWG candidate: 'Project: DUNGEON' score=0.17777778 (required > 0.85)
02-13 10:16:35.704  5065  5241 E GlyphScraper:   RAWG candidate: '[PROJECT: DRIFT]' score=0.17777778 (required > 0.85)
02-13 10:16:35.704  5065  5236 E GlyphScraper:   RAWG candidate: 'Army Men Strike - Military Strategy Simulator' score=0.3 (required > 0.85)
02-13 10:16:35.704  5065  5241 E GlyphScraper:   RAWG candidate: 'Project: Muse' score=0.17777778 (required > 0.85)
02-13 10:16:35.704  5065  5236 E GlyphScraper:   RAWG candidate: 'Doodle Combat - Army Air Force Planes Battle' score=0.3 (required > 0.85)
02-13 10:16:35.704  5065  5241 E GlyphScraper:   RAWG candidate: 'BiO-project' score=0.17777778 (required > 0.85)
02-13 10:16:35.705  5065  5236 E GlyphScraper:   RAWG candidate: 'Army Men Strike' score=0.4757895 (required > 0.85)
02-13 10:16:35.705  5065  5241 E GlyphScraper:   RAWG candidate: 'Project-Farm' score=0.22222224 (required > 0.85)
02-13 10:16:35.705  5065  5236 E GlyphScraper:   RAWG candidate: 'Arma Tactics' score=0.18947369 (required > 0.85)
02-13 10:16:35.705  5065  5241 E GlyphScraper:   RAWG candidate: 'test-project' score=0.17777778 (required > 0.85)
02-13 10:16:35.705  5065  5236 E GlyphScraper:   RAWG candidate: 'X-Men Arcade' score=0.22105266 (required > 0.85)
02-13 10:16:35.705  5065  5241 E GlyphScraper:   RAWG candidate: 'Projekt: Passion' score=0.15555558 (required > 0.85)
02-13 10:16:35.705  5065  5236 E GlyphScraper:   RAWG candidate: 'Tanks: Army Strike!?' score=0.1266667 (required > 0.85)
02-13 10:16:35.705  5065  5236 E GlyphScraper:   RAWG candidate: 'Air Penguin Origin' score=0.25614035 (required > 0.85)
02-13 10:16:35.705  5065  5236 E GlyphScraper:   RAWG candidate: 'Air Battle: 1945' score=0.1614035 (required > 0.85)
02-13 10:16:35.706  5065  5236 E GlyphScraper:   RAWG candidate: 'Hyde's Men: Saccharine Voyages' score=0.18 (required > 0.85)
02-13 10:16:35.706  5065  5236 E GlyphScraper:   RAWG candidate: 'Stickman Army: The Defenders' score=0.10714284 (required > 0.85)
02-13 10:16:35.707  5065  5241 E GlyphScraper:   rawg -> no match
02-13 10:16:35.707  5065  5241 E GlyphScraper:   No results from any scraper
02-13 10:16:35.708  5065  5236 E GlyphScraper:   rawg -> no match
02-13 10:16:35.708  5065  5236 E GlyphScraper:   No results from any scraper
02-13 10:16:35.709  5065  5240 E GlyphScraper:   rawg -> no match
02-13 10:16:35.709  5065  5240 E GlyphScraper:   No results from any scraper
02-13 10:16:35.735  5065  5240 E GlyphScraper:   RAWG candidate: 'Sonic & SEGA All-Stars Racing' score=0.103448264 (required > 0.85)
02-13 10:16:35.735  5065  5240 E GlyphScraper:   RAWG candidate: 'Sonic & All-Stars Racing Transformed' score=0.16666669 (required > 0.85)
02-13 10:16:35.735  5065  5240 E GlyphScraper:   RAWG candidate: 'All-Star Basketball - Score with Super Power-Ups' score=0.21250002 (required > 0.85)
02-13 10:16:35.735  5065  5240 E GlyphScraper:   RAWG candidate: 'Star Traders: Frontiers' score=0.14492756 (required > 0.85)
02-13 10:16:35.735  5065  5240 E GlyphScraper:   RAWG candidate: 'Baseball Riot' score=0.32545456 (required > 0.85)
02-13 10:16:35.736  5065  5240 E GlyphScraper:   RAWG candidate: 'Phantasy Star II' score=0.20303032 (required > 0.85)
02-13 10:16:35.736  5065  5240 E GlyphScraper:   RAWG candidate: 'Sentinel 4: Dark Star' score=0.13896105 (required > 0.85)
02-13 10:16:35.736  5065  5240 E GlyphScraper:   RAWG candidate: 'Star Traders: 4X Empires' score=0.15714288 (required > 0.85)
02-13 10:16:35.736  5065  5240 E GlyphScraper:   RAWG candidate: 'Agricola: All Creatures Big and Small' score=0.19039038 (required > 0.85)
02-13 10:16:35.736  5065  5240 E GlyphScraper:   RAWG candidate: 'Baseball Star' score=0.44545457 (required > 0.85)
02-13 10:16:35.738  5065  5240 E GlyphScraper:   rawg -> no match
02-13 10:16:35.738  5065  5240 E GlyphScraper:   No results from any scraper
02-13 10:16:35.945  5065  5103 E GlyphScraper: Scraping: 'Army Men - Sarge's Heroes (U) [!].z64' -> cleaned: 'Army Men Sarge's Heroes' [n64]
02-13 10:16:35.945  5065  5241 E GlyphScraper: Scraping: 'Army Men - Sarge's Heroes 2 (U) [!].z64' -> cleaned: 'Army Men Sarge's Heroes 2' [n64]
02-13 10:16:35.945  5065  5216 E GlyphScraper: Scraping: 'Asteroids Hyper 64 (U) [!].z64' -> cleaned: 'Asteroids Hyper 64' [n64]
02-13 10:16:35.945  5065  5240 E GlyphScraper: Scraping: 'Automobili Lamborghini (U) [!].z64' -> cleaned: 'Automobili Lamborghini' [n64]
02-13 10:16:35.945  5065  5103 D GlyphScraper:     LibRetro candidates: [Army Men - Sarge's Heroes, Army Men Sarge's Heroes, Army Men: Sarge's Heroes]
02-13 10:16:35.946  5065  5241 D GlyphScraper:     LibRetro candidates: [Army Men - Sarge's Heroes 2, Army Men Sarge's Heroes 2, Army Men: Sarge's Heroes 2]
02-13 10:16:35.946  5065  5240 D GlyphScraper:     LibRetro candidates: [Automobili Lamborghini]
02-13 10:16:35.946  5065  5216 D GlyphScraper:     LibRetro candidates: [Asteroids Hyper 64]
02-13 10:16:36.122  5065  5216 E GlyphScraper:   libretro -> no match, trying keyed APIs...
02-13 10:16:36.123  5065  5240 E GlyphScraper:   libretro -> no match, trying keyed APIs...
02-13 10:16:36.131  5065  5233 E GlyphScraper: Scrapers active: [rawg] (Keys: TGDB=false, RAWG=true, Moby=false)
02-13 10:16:36.134  5065  5105 E GlyphScraper: Scrapers active: [rawg] (Keys: TGDB=false, RAWG=true, Moby=false)
02-13 10:16:36.326  5065  5241 E GlyphScraper:   libretro -> no match, trying keyed APIs...
02-13 10:16:36.326  5065  5103 E GlyphScraper:   libretro -> no match, trying keyed APIs...
02-13 10:16:36.335  5065  5099 E GlyphScraper: Scrapers active: [rawg] (Keys: TGDB=false, RAWG=true, Moby=false)
02-13 10:16:36.337  5065  5102 E GlyphScraper: Scrapers active: [rawg] (Keys: TGDB=false, RAWG=true, Moby=false)
02-13 10:16:36.536  5065  5102 E GlyphScraper:   RAWG candidate: 'Skrillex - Purple Lamborghini - Kyoto - Beatmaker' score=0.22585034 (required > 0.85)
02-13 10:16:36.537  5065  5102 E GlyphScraper:   rawg -> no match
02-13 10:16:36.537  5065  5102 E GlyphScraper:   No results from any scraper
02-13 10:16:36.650  5065  5102 E GlyphScraper:   RAWG candidate: 'Asteroids Hyper' score=0.76666665 (required > 0.85)
02-13 10:16:36.651  5065  5102 E GlyphScraper:   RAWG candidate: 'Asteroid Arcade (itch)' score=0.24545456 (required > 0.85)
02-13 10:16:36.651  5065  5102 E GlyphScraper:   RAWG candidate: 'Hyper Tank GearZ: Arcade' score=0.16666669 (required > 0.85)
02-13 10:16:36.651  5065  5102 E GlyphScraper:   RAWG candidate: 'Asteroid Survival - UP957509' score=0.23571429 (required > 0.85)
02-13 10:16:36.651  5065  5102 E GlyphScraper:   RAWG candidate: 'Asteroid destroyer-retro' score=0.275 (required > 0.85)
02-13 10:16:36.652  5065  5102 E GlyphScraper:   RAWG candidate: 'Asteroid (Alestore Inc.)' score=0.275 (required > 0.85)
02-13 10:16:36.652  5065  5102 E GlyphScraper:   RAWG candidate: 'Spaceship Attack: Asteroid' score=0.11538463 (required > 0.85)
02-13 10:16:36.652  5065  5102 E GlyphScraper:   RAWG candidate: 'Asteroid Dig - Mobile' score=0.25714284 (required > 0.85)
02-13 10:16:36.652  5065  5102 E GlyphScraper:   RAWG candidate: 'Asteroids Mini Template - Demo' score=0.32666668 (required > 0.85)
02-13 10:16:36.652  5065  5102 E GlyphScraper:   RAWG candidate: 'J.E.R.O. (C64) Commodore 64' score=0.22222224 (required > 0.85)
02-13 10:16:36.655  5065  5102 E GlyphScraper:   rawg -> no match
02-13 10:16:36.655  5065  5102 E GlyphScraper:   No results from any scraper
02-13 10:16:36.856  5065  5102 E GlyphScraper:   RAWG candidate: 'Shop Heroes' score=0.28869566 (required > 0.85)
02-13 10:16:36.856  5065  5102 E GlyphScraper:   RAWG candidate: 'Army Men Strike - Military Strategy Simulator' score=0.31333333 (required > 0.85)
02-13 10:16:36.856  5065  5238 E GlyphScraper:   RAWG candidate: 'LEGO Batman 2 DC Super Heroes' score=0.23620689 (required > 0.85)
02-13 10:16:36.856  5065  5102 E GlyphScraper:   RAWG candidate: 'Fire Emblem Heroes' score=0.32753626 (required > 0.85)
02-13 10:16:36.856  5065  5102 E GlyphScraper:   RAWG candidate: 'Heroes Rise: The Prodigy' score=0.15714288 (required > 0.85)
02-13 10:16:36.856  5065  5238 E GlyphScraper:   RAWG candidate: 'Shop Heroes' score=0.272 (required > 0.85)
02-13 10:16:36.856  5065  5102 E GlyphScraper:   RAWG candidate: 'Age of Heroes: Conquest' score=0.15652174 (required > 0.85)
02-13 10:16:36.856  5065  5238 E GlyphScraper:   RAWG candidate: 'Army Men Strike - Military Strategy Simulator' score=0.31333333 (required > 0.85)
02-13 10:16:36.857  5065  5102 E GlyphScraper:   RAWG candidate: 'Pixel Heroes: Byte & Magic' score=0.09230769 (required > 0.85)
02-13 10:16:36.857  5065  5238 E GlyphScraper:   RAWG candidate: 'Fire Emblem Heroes' score=0.30666667 (required > 0.85)
02-13 10:16:36.857  5065  5102 E GlyphScraper:   RAWG candidate: 'Army Craft: Heroes of WW2' score=0.33028573 (required > 0.85)
02-13 10:16:36.857  5065  5238 E GlyphScraper:   RAWG candidate: 'Heroes of Loot 2' score=0.23466665 (required > 0.85)
02-13 10:16:36.857  5065  5102 E GlyphScraper:   RAWG candidate: 'Might and Magic Clash of Heroes' score=0.2573477 (required > 0.85)
02-13 10:16:36.857  5065  5238 E GlyphScraper:   RAWG candidate: 'Heroes Rise: The Prodigy' score=0.17714286 (required > 0.85)
02-13 10:16:36.857  5065  5102 E GlyphScraper:   RAWG candidate: 'Heroes of Hellas 3: Athens' score=0.16538464 (required > 0.85)
02-13 10:16:36.857  5065  5238 E GlyphScraper:   RAWG candidate: 'Age of Heroes: Conquest' score=0.16799998 (required > 0.85)
02-13 10:16:36.857  5065  5102 E GlyphScraper:   RAWG candidate: 'Bit Heroes' score=0.2626087 (required > 0.85)
02-13 10:16:36.857  5065  5238 E GlyphScraper:   RAWG candidate: 'Pixel Heroes: Byte & Magic' score=0.06923079 (required > 0.85)
02-13 10:16:36.857  5065  5238 E GlyphScraper:   RAWG candidate: 'Army Craft: Heroes of WW2' score=0.35428572 (required > 0.85)
02-13 10:16:36.857  5065  5238 E GlyphScraper:   RAWG candidate: 'Might and Magic Clash of Heroes' score=0.218638 (required > 0.85)
02-13 10:16:38.803  5065  5214 E GlyphScraper:   RAWG candidate: 'Army Men Strike - Military Strategy Simulator' score=0.31333333 (required > 0.85)
02-13 10:16:38.803  5065  5103 E GlyphScraper:   RAWG candidate: 'Army Men Strike - Military Strategy Simulator' score=0.31333333 (required > 0.85)
02-13 10:16:38.803  5065  5214 E GlyphScraper:   RAWG candidate: 'Army Men Strike' score=0.4730435 (required > 0.85)
02-13 10:16:38.803  5065  5103 E GlyphScraper:   RAWG candidate: 'Army Men Strike' score=0.448 (required > 0.85)
02-13 10:16:38.803  5065  5214 E GlyphScraper:   RAWG candidate: 'Arma Tactics' score=0.15652174 (required > 0.85)
02-13 10:16:38.803  5065  5103 E GlyphScraper:   RAWG candidate: 'Arma Tactics' score=0.14400001 (required > 0.85)
02-13 10:16:38.803  5065  5214 E GlyphScraper:   RAWG candidate: 'X-Men Arcade' score=0.1826087 (required > 0.85)
02-13 10:16:38.803  5065  5103 E GlyphScraper:   RAWG candidate: 'X-Men Arcade' score=0.16799998 (required > 0.85)
