02-13 10:10:04.115  2539  2622 E GlyphScraper:   RAWG candidate: 'Stack' score=0.17142856 (required > 0.4)
02-13 10:10:04.116  2539  2622 E GlyphScraper:   RAWG candidate: 'Otaku's attack' score=0.43333334 (required > 0.4)
02-13 10:10:04.116  2539  2622 E GlyphScraper:   RAWG candidate: 'Snap Attack' score=0.47619045 (required > 0.4)
02-13 10:10:04.116  2539  2622 E GlyphScraper:   RAWG candidate: 'The Nightmare Cooperative' score=0.12 (required > 0.4)
02-13 10:10:04.116  2539  2622 E GlyphScraper:   RAWG candidate: 'Panic Attack (itch)' score=0.25789475 (required > 0.4)
02-13 10:10:04.116  2539  2622 E GlyphScraper:   RAWG candidate: 'Ani-Hopper' score=0.12857145 (required > 0.4)
02-13 10:10:04.121  2539  2876 E GlyphScraper:   RAWG candidate: 'Fighter X-1' score=0.38421053 (required > 0.4)
02-13 10:10:04.121  2539  2876 E GlyphScraper:   RAWG candidate: 'Samorost 3' score=0.12631577 (required > 0.4)
02-13 10:10:04.121  2539  2876 E GlyphScraper:   RAWG candidate: 'THE KING OF FIGHTERS '98' score=0.17500001 (required > 0.4)
02-13 10:10:04.121  2539  2876 E GlyphScraper:   RAWG candidate: 'Sorcery! Part 3' score=0.094736844 (required > 0.4)
02-13 10:10:04.121  2539  2876 E GlyphScraper:   RAWG candidate: 'Cally's Caves 3' score=0.15789475 (required > 0.4)
02-13 10:10:04.122  2539  2876 E GlyphScraper:   RAWG candidate: 'THE KING OF FIGHTERS '97' score=0.17500001 (required > 0.4)
02-13 10:10:04.122  2539  2876 E GlyphScraper:   RAWG candidate: 'Sparkle 3 Genesis' score=0.031578936 (required > 0.4)
02-13 10:10:04.122  2539  2876 E GlyphScraper:   RAWG candidate: 'Sentinel 3: Homeworld' score=0.0 (required > 0.4)
02-13 10:10:04.122  2539  2876 E GlyphScraper:   RAWG candidate: 'Play with Gwen' score=0.22105266 (required > 0.4)
02-13 10:10:04.122  2539  2876 E GlyphScraper:   RAWG candidate: 'The Banner Saga 3' score=0.18947369 (required > 0.4)
02-13 10:10:04.122  2539  2605 E GlyphScraper:   RAWG candidate: 'Q.U.B.E: Director's Cut' score=0.31111112 (required > 0.4)
02-13 10:10:04.122  2539  2605 E GlyphScraper:   RAWG candidate: 'Organ Trail: Director's Cut' score=0.3015873 (required > 0.4)
02-13 10:10:04.123  2539  2605 E GlyphScraper:   RAWG candidate: 'Shadowrun: Dragonfall - Director's Cut' score=0.26240602 (required > 0.4)
02-13 10:10:04.123  2539  2605 E GlyphScraper:   RAWG candidate: 'Slayaway Camp: Butcher's Cut' score=0.29285714 (required > 0.4)
02-13 10:10:04.124  2539  2605 E GlyphScraper:   RAWG candidate: 'Cut the Rope' score=0.19999999 (required > 0.4)
02-13 10:10:04.124  2539  2605 E GlyphScraper:   RAWG candidate: 'THE KING OF FIGHTERS '98' score=0.15555558 (required > 0.4)
02-13 10:10:04.124  2539  2605 E GlyphScraper:   RAWG candidate: 'THE KING OF FIGHTERS '97' score=0.15555558 (required > 0.4)
02-13 10:10:04.125  2539  2605 E GlyphScraper:   RAWG candidate: 'Play with Gwen' score=0.15555558 (required > 0.4)
02-13 10:10:04.125  2539  2605 E GlyphScraper:   RAWG candidate: 'Broken Sword 1 - Shadow of the Templars (The Director's Cut)' score=0.17000002 (required > 0.4)
02-13 10:10:04.126  2539  2605 E GlyphScraper:   RAWG candidate: 'Animal Jam - Play Wild!' score=0.06666666 (required > 0.4)
02-13 10:10:04.128  2539  2876 E GlyphScraper:   RAWG candidate: 'Candy Blast' score=0.192 (required > 0.4)
02-13 10:10:04.128  2539  2876 E GlyphScraper:   RAWG candidate: 'Plants vs. Zombies' score=0.12 (required > 0.4)
02-13 10:10:04.128  2539  2876 E GlyphScraper:   RAWG candidate: 'A Night at Charlie's Daycare' score=0.08571428 (required > 0.4)
02-13 10:10:04.128  2539  2876 E GlyphScraper:   RAWG candidate: 'The Elder Scrolls: Blades' score=0.072000004 (required > 0.4)
02-13 10:10:04.128  2539  2876 E GlyphScraper:   RAWG candidate: 'Doomsday: Last Survivors' score=0.192 (required > 0.4)
02-13 10:10:04.128  2539  2876 E GlyphScraper:   RAWG candidate: 'Altered Beast (1988)' score=0.14400001 (required > 0.4)
02-13 10:10:04.128  2539  2876 E GlyphScraper:   RAWG candidate: 'Charlie Charlie Challenge' score=0.34 (required > 0.4)
02-13 10:10:04.128  2539  2876 E GlyphScraper:   RAWG candidate: 'Almightree: The Last Dreamer' score=0.12857145 (required > 0.4)
02-13 10:10:04.129  2539  2876 E GlyphScraper:   RAWG candidate: 'Plants vs. Zombies GOTY Edition' score=0.13548389 (required > 0.4)
02-13 10:10:04.129  2539  2876 E GlyphScraper:   RAWG candidate: 'The Last Door - Collector's Edition' score=0.15428571 (required > 0.4)
02-13 10:10:04.130  2539  2876 E GlyphScraper:   rawg -> no match
02-13 10:10:04.130  2539  2876 E GlyphScraper:   No results from any scraper
02-13 10:10:04.447  2539  2622 D GlyphScraper:     RAWG match: 'iBomber Attack' (screenshot, not box art)
02-13 10:10:04.448  2539  2622 E GlyphScraper:   rawg -> title='iBomber Attack' hasImage=true
02-13 10:10:04.475  2539  2622 E GlyphScraper:   RAWG candidate: 'THE KING OF FIGHTERS '98' score=0.17500001 (required > 0.4)
02-13 10:10:04.475  2539  2622 E GlyphScraper:   RAWG candidate: 'THE KING OF FIGHTERS '97' score=0.17500001 (required > 0.4)
02-13 10:10:04.475  2539  2622 E GlyphScraper:   RAWG candidate: 'Play with Gwen' score=0.22105266 (required > 0.4)
02-13 10:10:04.475  2539  2622 E GlyphScraper:   RAWG candidate: 'Animal Jam - Play Wild!' score=0.07826089 (required > 0.4)
02-13 10:10:04.475  2539  2622 E GlyphScraper:   RAWG candidate: 'Balloon Fight (1985)' score=0.18 (required > 0.4)
02-13 10:10:04.475  2539  2622 E GlyphScraper:   RAWG candidate: 'Stick Fight: The Game' score=0.2 (required > 0.4)
02-13 10:10:04.476  2539  2622 E GlyphScraper:   RAWG candidate: 'Slay the Spire' score=0.22105266 (required > 0.4)
02-13 10:10:04.476  2539  2622 E GlyphScraper:   RAWG candidate: 'Plug & Play' score=0.094736844 (required > 0.4)
02-13 10:10:04.476  2539  2622 E GlyphScraper:   RAWG candidate: 'Shadow Fight 2' score=0.18947369 (required > 0.4)
02-13 10:10:04.476  2539  2622 E GlyphScraper:   RAWG candidate: 'Clash of Clans' score=0.15789475 (required > 0.4)
02-13 10:10:04.477  2539  2622 E GlyphScraper:   rawg -> no match
02-13 10:10:04.477  2539  2622 E GlyphScraper:   No results from any scraper
02-13 10:10:04.506  2539  2605 E GlyphScraper:   RAWG candidate: 'THE KING OF FIGHTERS '98' score=0.15555558 (required > 0.4)
02-13 10:10:04.506  2539  2605 E GlyphScraper:   RAWG candidate: 'THE KING OF FIGHTERS '97' score=0.15555558 (required > 0.4)
02-13 10:10:04.506  2539  2605 E GlyphScraper:   RAWG candidate: 'Play with Gwen' score=0.15555558 (required > 0.4)
02-13 10:10:04.506  2539  2605 E GlyphScraper:   RAWG candidate: 'Animal Jam - Play Wild!' score=0.06666666 (required > 0.4)
02-13 10:10:04.506  2539  2605 E GlyphScraper:   RAWG candidate: 'SculptrVR' score=0.15555558 (required > 0.4)
02-13 10:10:04.507  2539  2605 E GlyphScraper:   RAWG candidate: 'Balloon Fight (1985)' score=0.11111112 (required > 0.4)
02-13 10:10:04.507  2539  2605 E GlyphScraper:   RAWG candidate: 'Stick Fight: The Game' score=0.15555558 (required > 0.4)
02-13 10:10:04.507  2539  2605 E GlyphScraper:   RAWG candidate: 'Slay the Spire' score=0.22222224 (required > 0.4)
02-13 10:10:04.507  2539  2605 E GlyphScraper:   RAWG candidate: 'Plug & Play' score=0.088888876 (required > 0.4)
02-13 10:10:04.507  2539  2605 E GlyphScraper:   RAWG candidate: 'Shadow Fight 2' score=0.13333333 (required > 0.4)
02-13 10:10:04.508  2539  2605 E GlyphScraper:   rawg -> no match
02-13 10:10:04.508  2539  2605 E GlyphScraper:   No results from any scraper
02-13 10:10:04.711  2539  2605 E GlyphScraper: Scraping: 'Conker's Bad Fur Day (U) [!].z64' -> cleaned: 'Conker's Bad Fur Day' [n64]
02-13 10:10:04.712  2539  2974 E GlyphScraper: Scraping: 'Command & Conquer (U) [!].z64' -> cleaned: 'Command & Conquer' [n64]
02-13 10:10:04.712  2539  2874 E GlyphScraper: Scraping: 'Cruis'n Exotica (U) [!].z64' -> cleaned: 'Cruis'n Exotica' [n64]
02-13 10:10:04.713  2539  2974 D GlyphScraper:     LibRetro trying: https://thumbnails.libretro.com/Nintendo%20-%20Nintendo%2064/Named_Boxarts/Command%20_%20Conquer.png
02-13 10:10:04.713  2539  2873 E GlyphScraper: Scraping: 'Cruis'n USA (U) (V1.2) [!].z64' -> cleaned: 'Cruis'n USA' [n64]
02-13 10:10:04.714  2539  2605 D GlyphScraper:     LibRetro trying: https://thumbnails.libretro.com/Nintendo%20-%20Nintendo%2064/Named_Boxarts/Conker%27s%20Bad%20Fur%20Day.png
02-13 10:10:04.714  2539  2873 D GlyphScraper:     LibRetro trying: https://thumbnails.libretro.com/Nintendo%20-%20Nintendo%2064/Named_Boxarts/Cruis%27n%20USA.png
02-13 10:10:04.715  2539  2874 D GlyphScraper:     LibRetro trying: https://thumbnails.libretro.com/Nintendo%20-%20Nintendo%2064/Named_Boxarts/Cruis%27n%20Exotica.png
02-13 10:10:08.170  2539  2605 E GlyphScraper:   libretro -> no match, trying keyed APIs...
02-13 10:10:08.171  2539  2874 E GlyphScraper:   libretro -> no match, trying keyed APIs...
02-13 10:10:08.172  2539  2974 E GlyphScraper:   libretro -> no match, trying keyed APIs...
02-13 10:10:08.176  2539  2606 E GlyphScraper: Scrapers active: [rawg] (Keys: TGDB=false, RAWG=true, Moby=false)
02-13 10:10:08.176  2539  2873 E GlyphScraper:   libretro -> no match, trying keyed APIs...
02-13 10:10:08.177  2539  2853 E GlyphScraper: Scrapers active: [rawg] (Keys: TGDB=false, RAWG=true, Moby=false)
02-13 10:10:08.181  2539  2879 E GlyphScraper: Scrapers active: [rawg] (Keys: TGDB=false, RAWG=true, Moby=false)
02-13 10:10:08.184  2539  2853 E GlyphScraper: Scrapers active: [rawg] (Keys: TGDB=false, RAWG=true, Moby=false)
02-13 10:10:09.137  2539  2853 E GlyphScraper:   RAWG candidate: 'Crush Your Enemies' score=0.13333333 (required > 0.4)
02-13 10:10:09.137  2539  2853 E GlyphScraper:   RAWG candidate: 'Candy Crush Saga' score=0.15 (required > 0.4)
02-13 10:10:09.137  2539  2853 E GlyphScraper:   RAWG candidate: 'Farm Invasion USA - Premium' score=0.25777778 (required > 0.4)
02-13 10:10:09.138  2539  2853 E GlyphScraper:   RAWG candidate: 'Chef Solitaire: USA TriPeaks' score=0.20857146 (required > 0.4)
02-13 10:10:09.138  2539  2853 E GlyphScraper:   RAWG candidate: 'Strategy & Tactics:USSR vs USA' score=0.22000003 (required > 0.4)
02-13 10:10:09.138  2539  2853 E GlyphScraper:   RAWG candidate: 'USA President Fighter - Trump Boxing' score=0.15 (required > 0.4)
02-13 10:10:09.138  2539  2853 E GlyphScraper:   RAWG candidate: 'Farming USA' score=0.40606064 (required > 0.4)
02-13 10:10:09.138  2539  2853 E GlyphScraper:   RAWG candidate: 'Pulling USA' score=0.40606064 (required > 0.4)
02-13 10:10:09.138  2539  2853 E GlyphScraper:   RAWG candidate: 'Zombieville USA' score=0.33333334 (required > 0.4)
02-13 10:10:09.138  2539  2853 E GlyphScraper:   RAWG candidate: 'Hunting USA' score=0.40606064 (required > 0.4)
02-13 10:10:09.139  2539  2876 E GlyphScraper:   RAWG candidate: 'Crush Your Enemies' score=0.2 (required > 0.4)
02-13 10:10:09.139  2539  2876 E GlyphScraper:   RAWG candidate: 'Candy Crush Saga' score=0.075 (required > 0.4)
02-13 10:10:09.139  2539  2876 E GlyphScraper:   RAWG candidate: 'Delicious - Emily's Honeymoon Cruise' score=0.13333333 (required > 0.4)
02-13 10:10:09.139  2539  2876 E GlyphScraper:   RAWG candidate: 'Cruise On' score=0.28 (required > 0.4)
02-13 10:10:09.139  2539  2876 E GlyphScraper:   RAWG candidate: 'Lowriders Comeback 2: Cruising' score=0.08 (required > 0.4)
02-13 10:10:09.139  2539  2876 E GlyphScraper:   RAWG candidate: 'ONE PIECE TREASURE CRUISE' score=0.09600002 (required > 0.4)
02-13 10:10:09.139  2539  2876 E GlyphScraper:   RAWG candidate: 'My Exotic Farm - Safari Farm' score=0.08571428 (required > 0.4)
02-13 10:10:09.139  2539  2876 E GlyphScraper:   RAWG candidate: 'Fruit Cruise' score=0.2 (required > 0.4)
02-13 10:10:09.139  2539  2876 E GlyphScraper:   RAWG candidate: 'Sand Cruiser - ÏÀÏ╣Ï│ Ïº┘äÏ¬Ï¡Ï»┘è' score=0.14400001 (required > 0.4)
02-13 10:10:09.139  2539  2876 E GlyphScraper:   RAWG candidate: 'Cruisin' for a Word that Rhymes With Cruisin'' score=0.14666666 (required > 0.4)
02-13 10:10:09.140  2539  2876 E GlyphScraper:   rawg -> no match
02-13 10:10:09.140  2539  2876 E GlyphScraper:   No results from any scraper
02-13 10:10:09.148  2539  2876 E GlyphScraper:   RAWG candidate: 'Lightning: D-Day' score=0.12 (required > 0.4)
02-13 10:10:09.148  2539  2876 E GlyphScraper:   RAWG candidate: 'Bad Piggies' score=0.2 (required > 0.4)
02-13 10:10:09.148  2539  2876 E GlyphScraper:   RAWG candidate: 'Bad Hotel' score=0.2 (required > 0.4)
02-13 10:10:09.148  2539  2876 E GlyphScraper:   RAWG candidate: 'Bad North' score=0.23000002 (required > 0.4)
02-13 10:10:09.148  2539  2876 E GlyphScraper:   RAWG candidate: 'OPUS: The Day We Found Earth' score=0.19444445 (required > 0.4)
02-13 10:10:09.148  2539  2876 E GlyphScraper:   RAWG candidate: 'BAD 2 BAD: EXTINCTION' score=0.12380953 (required > 0.4)
02-13 10:10:09.148  2539  2876 E GlyphScraper:   RAWG candidate: 'Mythic Wonders: The Philosopher's Stone' score=0.13846153 (required > 0.4)
02-13 10:10:09.148  2539  2876 E GlyphScraper:   RAWG candidate: 'Persian Nights: Sands of Wonders' score=0.15 (required > 0.4)
02-13 10:10:09.148  2539  2876 E GlyphScraper:   RAWG candidate: 'CatHotel VR: Fur-tual Reality' score=0.18620689 (required > 0.4)
02-13 10:10:09.149  2539  2876 E GlyphScraper:   RAWG candidate: '80 Days' score=0.08999999 (required > 0.4)
02-13 10:10:09.150  2539  2876 E GlyphScraper:   RAWG candidate: 'Command & Conquer: Rivals' score=0.508 (required > 0.4)
02-13 10:10:09.151  2539  2876 E GlyphScraper:   RAWG candidate: 'Rapture - World Conquest' score=0.2 (required > 0.4)
02-13 10:10:09.151  2539  2876 E GlyphScraper:   RAWG candidate: 'Age of Heroes: Conquest' score=0.20869565 (required > 0.4)
02-13 10:10:09.151  2539  2876 E GlyphScraper:   RAWG candidate: 'Warhammer: Chaos And Conquest' score=0.22758622 (required > 0.4)
02-13 10:10:09.152  2539  2876 E GlyphScraper:   RAWG candidate: 'War Planet Online: Global Conquest' score=0.17647058 (required > 0.4)
02-13 10:10:09.152  2539  2876 E GlyphScraper:   RAWG candidate: 'Limbus Company' score=0.14117646 (required > 0.4)
02-13 10:10:09.152  2539  2876 E GlyphScraper:   RAWG candidate: 'Command and Conquer Rivals' score=0.56923074 (required > 0.4)
02-13 10:10:09.152  2539  2876 E GlyphScraper:   RAWG candidate: 'Epic Conquest 2' score=0.14117646 (required > 0.4)
02-13 10:10:09.152  2539  2876 E GlyphScraper:   RAWG candidate: 'Age of Conquest IV' score=0.16666669 (required > 0.4)
02-13 10:10:09.152  2539  2876 E GlyphScraper:   RAWG candidate: 'Conquest of Elysium 3' score=0.14285713 (required > 0.4)
02-13 10:10:09.337  2539  2853 D GlyphScraper:     RAWG match: 'Farming USA' (screenshot, not box art)
02-13 10:10:09.337  2539  2853 E GlyphScraper:   rawg -> title='Farming USA' hasImage=true
02-13 10:10:09.368  2539  2880 E GlyphScraper:   RAWG candidate: 'Bad Piggies' score=0.2 (required > 0.4)
02-13 10:10:09.368  2539  2880 E GlyphScraper:   RAWG candidate: 'Bad Hotel' score=0.2 (required > 0.4)
02-13 10:10:09.368  2539  2880 E GlyphScraper:   RAWG candidate: 'Bad North' score=0.23000002 (required > 0.4)
02-13 10:10:09.368  2539  2880 E GlyphScraper:   RAWG candidate: 'BAD 2 BAD: EXTINCTION' score=0.12380953 (required > 0.4)
02-13 10:10:09.368  2539  2880 E GlyphScraper:   RAWG candidate: 'Mythic Wonders: The Philosopher's Stone' score=0.13846153 (required > 0.4)
02-13 10:10:09.368  2539  2880 E GlyphScraper:   RAWG candidate: 'Persian Nights: Sands of Wonders' score=0.15 (required > 0.4)
02-13 10:10:09.368  2539  2880 E GlyphScraper:   RAWG candidate: 'CatHotel VR: Fur-tual Reality' score=0.18620689 (required > 0.4)
02-13 10:10:09.368  2539  2880 E GlyphScraper:   RAWG candidate: 'That Dragon, Cancer' score=0.030000009 (required > 0.4)
02-13 10:10:09.369  2539  2880 E GlyphScraper:   RAWG candidate: 'Rick's Bad Connection' score=0.23809522 (required > 0.4)
02-13 10:10:09.369  2539  2880 E GlyphScraper:   RAWG candidate: 'Society Fur' score=0.26000002 (required > 0.4)
02-13 10:10:09.370  2539  2880 E GlyphScraper:   rawg -> no match
02-13 10:10:09.370  2539  2880 E GlyphScraper:   No results from any scraper
02-13 10:10:09.475  2539  2876 D GlyphScraper:     RAWG match: 'Command and Conquer Rivals' (screenshot, not box art)
02-13 10:10:09.475  2539  2876 E GlyphScraper:   rawg -> title='Command and Conquer Rivals' hasImage=true
02-13 10:10:09.680  2539  2876 E GlyphScraper: Scraping: 'CyberTiger (U) [!].z64' -> cleaned: 'CyberTiger' [n64]
02-13 10:10:09.680  2539  2880 E GlyphScraper: Scraping: 'Cruis'n World (U) [!].z64' -> cleaned: 'Cruis'n World' [n64]
02-13 10:10:09.681  2539  2876 D GlyphScraper:     LibRetro trying: https://thumbnails.libretro.com/Nintendo%20-%20Nintendo%2064/Named_Boxarts/CyberTiger.png
02-13 10:10:09.681  2539  2880 D GlyphScraper:     LibRetro trying: https://thumbnails.libretro.com/Nintendo%20-%20Nintendo%2064/Named_Boxarts/Cruis%27n%20World.png
02-13 10:10:09.682  2539  2875 E GlyphScraper: Scraping: 'Cruis'n USA (U) [!].z64' -> cleaned: 'Cruis'n USA' [n64]
02-13 10:10:09.683  2539  2875 D GlyphScraper:     LibRetro trying: https://thumbnails.libretro.com/Nintendo%20-%20Nintendo%2064/Named_Boxarts/Cruis%27n%20USA.png
02-13 10:10:09.686  2539  2874 E GlyphScraper: Scraping: 'Dark Rift (U) [!].z64' -> cleaned: 'Dark Rift' [n64]
02-13 10:10:09.687  2539  2874 D GlyphScraper:     LibRetro trying: https://thumbnails.libretro.com/Nintendo%20-%20Nintendo%2064/Named_Boxarts/Dark%20Rift.png
02-13 10:10:12.679  2539  2875 E GlyphScraper:   libretro -> no match, trying keyed APIs...
02-13 10:10:12.679  2539  2874 E GlyphScraper:   libretro -> no match, trying keyed APIs...
02-13 10:10:12.679  2539  2876 E GlyphScraper:   libretro -> no match, trying keyed APIs...
02-13 10:10:12.679  2539  2880 E GlyphScraper:   libretro -> no match, trying keyed APIs...
02-13 10:10:12.685  2539  2620 E GlyphScraper: Scrapers active: [rawg] (Keys: TGDB=false, RAWG=true, Moby=false)
02-13 10:10:12.689  2539  2852 E GlyphScraper: Scrapers active: [rawg] (Keys: TGDB=false, RAWG=true, Moby=false)
02-13 10:10:12.690  2539  2873 E GlyphScraper: Scrapers active: [rawg] (Keys: TGDB=false, RAWG=true, Moby=false)
02-13 10:10:12.692  2539  2880 E GlyphScraper: Scrapers active: [rawg] (Keys: TGDB=false, RAWG=true, Moby=false)
02-13 10:10:13.026  2539  2880 E GlyphScraper:   RAWG candidate: 'Crush Your Enemies' score=0.13333333 (required > 0.4)
02-13 10:10:13.026  2539  2880 E GlyphScraper:   RAWG candidate: 'Candy Crush Saga' score=0.15 (required > 0.4)
02-13 10:10:13.027  2539  2880 E GlyphScraper:   RAWG candidate: 'Farm Invasion USA - Premium' score=0.25777778 (required > 0.4)
02-13 10:10:13.027  2539  2880 E GlyphScraper:   RAWG candidate: 'Chef Solitaire: USA TriPeaks' score=0.20857146 (required > 0.4)
02-13 10:10:13.027  2539  2880 E GlyphScraper:   RAWG candidate: 'Strategy & Tactics:USSR vs USA' score=0.22000003 (required > 0.4)
02-13 10:10:13.027  2539  2880 E GlyphScraper:   RAWG candidate: 'USA President Fighter - Trump Boxing' score=0.15 (required > 0.4)
02-13 10:10:13.027  2539  2880 E GlyphScraper:   RAWG candidate: 'Farming USA' score=0.40606064 (required > 0.4)
02-13 10:10:13.027  2539  2880 E GlyphScraper:   RAWG candidate: 'Pulling USA' score=0.40606064 (required > 0.4)
02-13 10:10:13.027  2539  2880 E GlyphScraper:   RAWG candidate: 'Zombieville USA' score=0.33333334 (required > 0.4)
02-13 10:10:13.027  2539  2880 E GlyphScraper:   RAWG candidate: 'Hunting USA' score=0.40606064 (required > 0.4)
02-13 10:10:13.064  2539  2880 D GlyphScraper:     RAWG match: 'Farming USA' (screenshot, not box art)
02-13 10:10:13.064  2539  2880 E GlyphScraper:   rawg -> title='Farming USA' hasImage=true
02-13 10:10:13.080  2539  2880 E GlyphScraper:   RAWG candidate: 'Cyberline Racing' score=0.3 (required > 0.4)
02-13 10:10:13.081  2539  2880 E GlyphScraper:   rawg -> no match
02-13 10:10:13.081  2539  2880 E GlyphScraper:   No results from any scraper
02-13 10:10:13.341  2539  2880 E GlyphScraper:   RAWG candidate: 'KartRider: Drift' score=0.26250002 (required > 0.4)
02-13 10:10:13.341  2539  2880 E GlyphScraper:   RAWG candidate: 'Dark Arcana: The Carnival' score=0.248 (required > 0.4)
02-13 10:10:13.341  2539  2880 E GlyphScraper:   RAWG candidate: 'Tormentum - Dark Sorrow' score=0.25652173 (required > 0.4)
02-13 10:10:13.342  2539  2880 E GlyphScraper:   RAWG candidate: 'Sentinel 4: Dark Star' score=0.22285715 (required > 0.4)
02-13 10:10:13.342  2539  2880 E GlyphScraper:   RAWG candidate: 'League of Legends: Wild Rift' score=0.19523811 (required > 0.4)
02-13 10:10:13.342  2539  2880 E GlyphScraper:   RAWG candidate: 'Boris and the Dark Survival' score=0.22222224 (required > 0.4)
02-13 10:10:13.342  2539  2880 E GlyphScraper:   RAWG candidate: 'Cataclysm: Dark Days Ahead' score=0.19538464 (required > 0.4)
02-13 10:10:13.342  2539  2880 E GlyphScraper:   RAWG candidate: 'Endless Fables 3: Dark Moor' score=0.1777778 (required > 0.4)
02-13 10:10:13.342  2539  2880 E GlyphScraper:   RAWG candidate: 'Dark Heritage: Guardians of Hope' score=0.21666667 (required > 0.4)
02-13 10:10:13.343  2539  2880 E GlyphScraper:   RAWG candidate: 'Dark Fear' score=0.4666667 (required > 0.4)
02-13 10:10:13.453  2539  2873 E GlyphScraper:   RAWG candidate: 'Another World' score=0.4102564 (required > 0.4)
02-13 10:10:13.453  2539  2873 E GlyphScraper:   RAWG candidate: 'Prime World: Defenders' score=0.16363636 (required > 0.4)
02-13 10:10:13.453  2539  2873 E GlyphScraper:   RAWG candidate: 'Rapture - World Conquest' score=0.275 (required > 0.4)
02-13 10:10:13.454  2539  2873 E GlyphScraper:   RAWG candidate: 'World of Goo' score=0.19230768 (required > 0.4)
02-13 10:10:13.454  2539  2873 E GlyphScraper:   RAWG candidate: 'Small World 2' score=0.3179487 (required > 0.4)
02-13 10:10:13.454  2539  2873 E GlyphScraper:   RAWG candidate: 'Pixel Worlds' score=0.27692306 (required > 0.4)
02-13 10:10:13.454  2539  2873 E GlyphScraper:   RAWG candidate: 'Crush Your Enemies' score=0.16666669 (required > 0.4)
02-13 10:10:13.454  2539  2873 E GlyphScraper:   RAWG candidate: 'LEGO Jurassic World' score=0.3526316 (required > 0.4)
02-13 10:10:13.454  2539  2873 E GlyphScraper:   RAWG candidate: 'Prime World: Defenders 2' score=0.15 (required > 0.4)
02-13 10:10:13.454  2539  2873 E GlyphScraper:   RAWG candidate: 'Mini World: Block Art' score=0.114285715 (required > 0.4)
02-13 10:10:13.505  2539  2873 D GlyphScraper:     RAWG match: 'Another World' (screenshot, not box art)
02-13 10:10:13.505  2539  2873 E GlyphScraper:   rawg -> title='Another World' hasImage=true
02-13 10:10:13.575  2539  2880 D GlyphScraper:     RAWG match: 'Dark Fear' (screenshot, not box art)
02-13 10:10:13.575  2539  2880 E GlyphScraper:   rawg -> title='Dark Fear' hasImage=true
02-13 10:10:13.781  2539  2881 E GlyphScraper: Scraping: 'Deadly Arts (U) [!].z64' -> cleaned: 'Deadly Arts' [n64]
02-13 10:10:13.782  2539  2881 D GlyphScraper:     LibRetro trying: https://thumbnails.libretro.com/Nintendo%20-%20Nintendo%2064/Named_Boxarts/Deadly%20Arts.png
02-13 10:10:13.782  2539  2854 E GlyphScraper: Scraping: 'Diddy Kong Racing (U) [!].z64' -> cleaned: 'Diddy Kong Racing' [n64]
02-13 10:10:13.782  2539  2852 E GlyphScraper: Scraping: 'Destruction Derby 64 (U) [!].z64' -> cleaned: 'Destruction Derby 64' [n64]
02-13 10:10:13.782  2539  2854 D GlyphScraper:     LibRetro trying: https://thumbnails.libretro.com/Nintendo%20-%20Nintendo%2064/Named_Boxarts/Diddy%20Kong%20Racing.png
02-13 10:10:13.782  2539  2852 D GlyphScraper:     LibRetro trying: https://thumbnails.libretro.com/Nintendo%20-%20Nintendo%2064/Named_Boxarts/Destruction%20Derby%2064.png
02-13 10:10:13.783  2539  2606 E GlyphScraper: Scraping: 'Diddy Kong Racing (U) (M2) (V1.1) [!].z64' -> cleaned: 'Diddy Kong Racing' [n64]
02-13 10:10:13.783  2539  2606 D GlyphScraper:     LibRetro trying: https://thumbnails.libretro.com/Nintendo%20-%20Nintendo%2064/Named_Boxarts/Diddy%20Kong%20Racing.png
02-13 10:10:15.167  2539  2854 E GlyphScraper:   libretro -> no match, trying keyed APIs...
02-13 10:10:15.167  2539  2881 E GlyphScraper:   libretro -> no match, trying keyed APIs...
02-13 10:10:15.169  2539  2852 E GlyphScraper:   libretro -> no match, trying keyed APIs...
02-13 10:10:15.169  2539  2606 E GlyphScraper:   libretro -> no match, trying keyed APIs...
02-13 10:10:15.175  2539  2880 E GlyphScraper: Scrapers active: [rawg] (Keys: TGDB=false, RAWG=true, Moby=false)
02-13 10:10:15.176  2539  2620 E GlyphScraper: Scrapers active: [rawg] (Keys: TGDB=false, RAWG=true, Moby=false)
02-13 10:10:15.178  2539  2606 E GlyphScraper: Scrapers active: [rawg] (Keys: TGDB=false, RAWG=true, Moby=false)
02-13 10:10:15.181  2539  2974 E GlyphScraper: Scrapers active: [rawg] (Keys: TGDB=false, RAWG=true, Moby=false)
02-13 10:10:15.596  2539  2620 E GlyphScraper:   RAWG candidate: 'Kong Pong v2.0' score=0.2564706 (required > 0.4)
02-13 10:10:15.596  2539  2620 E GlyphScraper:   RAWG candidate: 'Kung Fury: Street Rage' score=0.08181818 (required > 0.4)
02-13 10:10:15.596  2539  2620 E GlyphScraper:   RAWG candidate: 'King Oddball' score=0.14117646 (required > 0.4)
02-13 10:10:15.596  2539  2620 E GlyphScraper:   RAWG candidate: 'The LionÔÇÖs Song' score=0.14117646 (required > 0.4)
02-13 10:10:15.596  2539  2620 E GlyphScraper:   RAWG candidate: 'Sonic & All-Stars Racing Transformed' score=0.21666667 (required > 0.4)
02-13 10:10:15.597  2539  2620 E GlyphScraper:   RAWG candidate: 'Sonic & SEGA All-Stars Racing' score=0.25287357 (required > 0.4)
02-13 10:10:15.597  2539  2620 E GlyphScraper:   RAWG candidate: 'Cyberline Racing' score=0.38235292 (required > 0.4)
02-13 10:10:15.597  2539  2620 E GlyphScraper:   RAWG candidate: 'King and Assassins: The Board Game' score=0.105882354 (required > 0.4)
02-13 10:10:15.597  2539  2620 E GlyphScraper:   RAWG candidate: 'THE KING OF FIGHTERS '98' score=0.10000002 (required > 0.4)
02-13 10:10:15.597  2539  2620 E GlyphScraper:   RAWG candidate: 'King of Dragon Pass' score=0.12631577 (required > 0.4)
02-13 10:10:15.599  2539  2620 E GlyphScraper:   rawg -> no match
02-13 10:10:15.599  2539  2620 E GlyphScraper:   No results from any scraper
02-13 10:10:15.608  2539  2873 E GlyphScraper:   RAWG candidate: 'Destruction Derby' score=0.77666676 (required > 0.4)
02-13 10:10:15.608  2539  2873 E GlyphScraper:   RAWG candidate: 'Creative Destruction' score=0.22 (required > 0.4)
02-13 10:10:15.609  2539  2873 E GlyphScraper:   RAWG candidate: 'Zombie Derby 2' score=0.34 (required > 0.4)
02-13 10:10:15.609  2539  2873 E GlyphScraper:   RAWG candidate: 'Derby Destruction Simulator' score=0.46666664 (required > 0.4)
02-13 10:10:15.609  2539  2873 E GlyphScraper:   RAWG candidate: 'Monster Truck Destruction' score=0.248 (required > 0.4)
02-13 10:10:15.609  2539  2873 E GlyphScraper:   RAWG candidate: 'Horse Racing: Derby Quest' score=0.30666667 (required > 0.4)
02-13 10:10:15.609  2539  2873 E GlyphScraper:   RAWG candidate: 'Demolition Derby: Crash Racing' score=0.24 (required > 0.4)
02-13 10:10:15.609  2539  2873 E GlyphScraper:   RAWG candidate: 'MLB.com Home Run Derby VR' score=0.27314287 (required > 0.4)
02-13 10:10:15.609  2539  2873 E GlyphScraper:   RAWG candidate: 'Path of Destruction: Dragons' score=0.27857146 (required > 0.4)
02-13 10:10:15.609  2539  2873 E GlyphScraper:   RAWG candidate: 'J.E.R.O. (C64) Commodore 64' score=0.22222224 (required > 0.4)
02-13 10:10:15.643  2539  2873 D GlyphScraper:     RAWG match: 'Destruction Derby' (screenshot, not box art)
02-13 10:10:15.643  2539  2873 E GlyphScraper:   rawg -> title='Destruction Derby' hasImage=true
02-13 10:10:15.646  2539  2620 E GlyphScraper:   RAWG candidate: 'Mini World: Block Art' score=0.14285713 (required > 0.4)
02-13 10:10:15.646  2539  2620 E GlyphScraper:   RAWG candidate: 'Sword Art Online: Integral Factor' score=0.10909092 (required > 0.4)
02-13 10:10:15.646  2539  2620 E GlyphScraper:   RAWG candidate: 'Rusted Warfare - RTS' score=0.18 (required > 0.4)
02-13 10:10:15.646  2539  2620 E GlyphScraper:   RAWG candidate: 'Adventures of Bertram Fiddle: Episode 1: A Dreadly Business' score=0.09152541 (required > 0.4)
02-13 10:10:15.646  2539  2620 E GlyphScraper:   RAWG candidate: 'Dead Space Mobile' score=0.17647058 (required > 0.4)
02-13 10:10:15.646  2539  2620 E GlyphScraper:   RAWG candidate: 'The Walking Dead: Michonne' score=0.09230769 (required > 0.4)
02-13 10:10:15.646  2539  2620 E GlyphScraper:   RAWG candidate: 'The Pirate: Plague of the Dead' score=0.10000002 (required > 0.4)
02-13 10:10:15.646  2539  2620 E GlyphScraper:   RAWG candidate: 'The Walking Dead: Season 1' score=0.11538463 (required > 0.4)
02-13 10:10:15.646  2539  2620 E GlyphScraper:   RAWG candidate: 'The Walking Dead: 400 Days' score=0.13846153 (required > 0.4)
02-13 10:10:15.647  2539  2620 E GlyphScraper:   RAWG candidate: 'The Walking Dead: Season 2' score=0.11538463 (required > 0.4)
02-13 10:10:15.648  2539  2620 E GlyphScraper:   rawg -> no match
02-13 10:10:15.648  2539  2620 E GlyphScraper:   No results from any scraper
02-13 10:10:16.206  2539  2620 E GlyphScraper:   RAWG candidate: 'Kong Pong v2.0' score=0.2564706 (required > 0.4)
02-13 10:10:16.206  2539  2620 E GlyphScraper:   RAWG candidate: 'Kung Fury: Street Rage' score=0.08181818 (required > 0.4)
02-13 10:10:16.206  2539  2620 E GlyphScraper:   RAWG candidate: 'King Oddball' score=0.14117646 (required > 0.4)
02-13 10:10:16.207  2539  2620 E GlyphScraper:   RAWG candidate: 'The LionÔÇÖs Song' score=0.14117646 (required > 0.4)
02-13 10:10:16.207  2539  2620 E GlyphScraper:   RAWG candidate: 'Sonic & All-Stars Racing Transformed' score=0.21666667 (required > 0.4)
02-13 10:10:16.207  2539  2620 E GlyphScraper:   RAWG candidate: 'Sonic & SEGA All-Stars Racing' score=0.25287357 (required > 0.4)
02-13 10:10:16.207  2539  2620 E GlyphScraper:   RAWG candidate: 'Cyberline Racing' score=0.38235292 (required > 0.4)
02-13 10:10:16.207  2539  2620 E GlyphScraper:   RAWG candidate: 'King and Assassins: The Board Game' score=0.105882354 (required > 0.4)
02-13 10:10:16.207  2539  2620 E GlyphScraper:   RAWG candidate: 'THE KING OF FIGHTERS '98' score=0.10000002 (required > 0.4)
02-13 10:10:16.207  2539  2620 E GlyphScraper:   RAWG candidate: 'King of Dragon Pass' score=0.12631577 (required > 0.4)
02-13 10:10:16.209  2539  2620 E GlyphScraper:   rawg -> no match
02-13 10:10:16.209  2539  2620 E GlyphScraper:   No results from any scraper
02-13 10:10:16.413  2539  2873 E GlyphScraper: Scraping: 'Disney's Tarzan (U) [!].z64' -> cleaned: 'Disney's Tarzan' [n64]
02-13 10:10:16.413  2539  2606 E GlyphScraper: Scraping: 'Disney's Donald Duck - Goin' Quackers (U) [!].z64' -> cleaned: 'Disney's Donald Duck Goin' Quackers' [n64]
02-13 10:10:16.414  2539  2873 D GlyphScraper:     LibRetro trying: https://thumbnails.libretro.com/Nintendo%20-%20Nintendo%2064/Named_Boxarts/Disney%27s%20Tarzan.png
02-13 10:10:16.414  2539  2606 D GlyphScraper:     LibRetro trying: https://thumbnails.libretro.com/Nintendo%20-%20Nintendo%2064/Named_Boxarts/Disney%27s%20Donald%20Duck%20Goin%27%20Quackers.png
02-13 10:10:16.702  2539  2873 E GlyphScraper:   libretro -> no match, trying keyed APIs...
02-13 10:10:16.704  2539  2606 E GlyphScraper:   libretro -> no match, trying keyed APIs...
02-13 10:10:16.710  2539  2620 E GlyphScraper: Scrapers active: [rawg] (Keys: TGDB=false, RAWG=true, Moby=false)
02-13 10:10:16.714  2539  2618 E GlyphScraper: Scrapers active: [rawg] (Keys: TGDB=false, RAWG=true, Moby=false)
02-13 10:10:17.082  2539  2618 E GlyphScraper:   RAWG candidate: 'Disney Dreamlight Valley' score=0.2 (required > 0.4)
02-13 10:10:17.082  2539  2618 E GlyphScraper:   RAWG candidate: 'DisneyÔÇóPixar A Bug's Life' score=0.21600002 (required > 0.4)
02-13 10:10:17.082  2539  2618 E GlyphScraper:   RAWG candidate: 'Diner Mania' score=0.28 (required > 0.4)
02-13 10:10:17.082  2539  2618 E GlyphScraper:   RAWG candidate: 'Diner Dash' score=0.24 (required > 0.4)
02-13 10:10:17.082  2539  2618 E GlyphScraper:   RAWG candidate: 'Disney Infinity 3.0' score=0.22105266 (required > 0.4)
02-13 10:10:17.082  2539  2618 E GlyphScraper:   RAWG candidate: 'Disney Infinity 2.0' score=0.22105266 (required > 0.4)
02-13 10:10:17.082  2539  2618 E GlyphScraper:   RAWG candidate: 'Disney Sorcerer's Arena' score=0.2608696 (required > 0.4)
02-13 10:10:17.083  2539  2618 E GlyphScraper:   RAWG candidate: 'LINE: Disney Tsum Tsum' score=0.1909091 (required > 0.4)
02-13 10:10:17.083  2539  2618 E GlyphScraper:   RAWG candidate: 'Disney Heroes: Battle Mode' score=0.20769233 (required > 0.4)
02-13 10:10:17.083  2539  2618 E GlyphScraper:   RAWG candidate: 'Barman 2. New adventures' score=0.075 (required > 0.4)
02-13 10:10:17.084  2539  2618 E GlyphScraper:   rawg -> no match
02-13 10:10:17.084  2539  2618 E GlyphScraper:   No results from any scraper
02-13 10:10:17.425  2539  2618 E GlyphScraper:   RAWG candidate: 'Disney Dreamlight Valley' score=0.22285713 (required > 0.4)
02-13 10:10:17.425  2539  2618 E GlyphScraper:   RAWG candidate: 'Koin's Coin' score=0.13714285 (required > 0.4)
02-13 10:10:17.425  2539  2618 E GlyphScraper:   RAWG candidate: 'DisneyÔÇóPixar A Bug's Life' score=0.18857142 (required > 0.4)
02-13 10:10:17.425  2539  2618 E GlyphScraper:   RAWG candidate: 'One Deck Dungeon' score=0.15428571 (required > 0.4)
02-13 10:10:17.425  2539  2618 E GlyphScraper:   RAWG candidate: 'Koin's Coin (Chan Yuen Theng)' score=0.13714285 (required > 0.4)
02-13 10:10:17.425  2539  2618 E GlyphScraper:   RAWG candidate: 'Angry Duck's 0.2.8' score=0.12 (required > 0.4)
02-13 10:10:17.425  2539  2618 E GlyphScraper:   RAWG candidate: 'Dunk Dunk (itch)' score=0.15428571 (required > 0.4)
02-13 10:10:17.426  2539  2618 E GlyphScraper:   RAWG candidate: 'Duck Hunting - HD' score=0.16 (required > 0.4)
02-13 10:10:17.426  2539  2618 E GlyphScraper:   RAWG candidate: 'Duck Life: Space' score=0.21142858 (required > 0.4)
02-13 10:10:17.426  2539  2618 E GlyphScraper:   RAWG candidate: 'Duck Life: Battle' score=0.17714286 (required > 0.4)
02-13 10:10:18.041  2539  2880 E GlyphScraper:   RAWG candidate: 'Disney Dreamlight Valley' score=0.22285713 (required > 0.4)
02-13 10:10:18.041  2539  2880 E GlyphScraper:   RAWG candidate: 'DisneyÔÇóPixar A Bug's Life' score=0.18857142 (required > 0.4)
02-13 10:10:18.041  2539  2880 E GlyphScraper:   RAWG candidate: 'One Deck Dungeon' score=0.15428571 (required > 0.4)
02-13 10:10:18.041  2539  2880 E GlyphScraper:   RAWG candidate: 'Angry Duck's 0.2.8' score=0.12 (required > 0.4)
02-13 10:10:18.041  2539  2880 E GlyphScraper:   RAWG candidate: 'Dunk Dunk (itch)' score=0.15428571 (required > 0.4)
02-13 10:10:18.041  2539  2880 E GlyphScraper:   RAWG candidate: 'Duck Hunting - HD' score=0.16 (required > 0.4)
02-13 10:10:18.042  2539  2880 E GlyphScraper:   RAWG candidate: 'Duck Life: Space' score=0.21142858 (required > 0.4)
02-13 10:10:18.042  2539  2880 E GlyphScraper:   RAWG candidate: 'Duck Life: Battle' score=0.17714286 (required > 0.4)
02-13 10:10:18.042  2539  2880 E GlyphScraper:   RAWG candidate: 'Diner Mania' score=0.13714285 (required > 0.4)
02-13 10:10:18.042  2539  2880 E GlyphScraper:   RAWG candidate: 'Diner Dash' score=0.12 (required > 0.4)
02-13 10:10:18.043  2539  2880 E GlyphScraper:   rawg -> no match
02-13 10:10:18.043  2539  2880 E GlyphScraper:   No results from any scraper
02-13 10:10:48.866  3397  3514 E GlyphScraper: Scraping: 'All-Star Baseball '99 (U) [!].z64' -> cleaned: 'All Star Baseball '99' [n64]
02-13 10:10:48.867  3397  3516 E GlyphScraper: Scraping: 'Airboarder 64 (E) [!].z64' -> cleaned: 'Airboarder 64' [n64]
02-13 10:10:48.867  3397  3514 D GlyphScraper:     LibRetro trying: https://thumbnails.libretro.com/Nintendo%20-%20Nintendo%2064/Named_Boxarts/All%20Star%20Baseball%20%2799.png
02-13 10:10:48.867  3397  3516 D GlyphScraper:     LibRetro trying: https://thumbnails.libretro.com/Nintendo%20-%20Nintendo%2064/Named_Boxarts/Airboarder%2064.png
02-13 10:10:48.868  3397  3506 E GlyphScraper: Scraping: 'Donkey Kong 64 (U) [!].z64' -> cleaned: 'Donkey Kong 64' [n64]
02-13 10:10:48.868  3397  3506 D GlyphScraper:     LibRetro trying: https://thumbnails.libretro.com/Nintendo%20-%20Nintendo%2064/Named_Boxarts/Donkey%20Kong%2064.png
02-13 10:10:48.869  3397  3570 E GlyphScraper: Scraping: 'All Star Tennis '99 (U) [!].z64' -> cleaned: 'All Star Tennis '99' [n64]
02-13 10:10:48.870  3397  3570 D GlyphScraper:     LibRetro trying: https://thumbnails.libretro.com/Nintendo%20-%20Nintendo%2064/Named_Boxarts/All%20Star%20Tennis%20%2799.png
02-13 10:10:49.372  3397  3570 E GlyphScraper:   libretro -> no match, trying keyed APIs...
02-13 10:10:49.373  3397  3516 E GlyphScraper:   libretro -> no match, trying keyed APIs...
02-13 10:10:49.375  3397  3514 E GlyphScraper:   libretro -> no match, trying keyed APIs...
02-13 10:10:49.375  3397  3506 E GlyphScraper:   libretro -> no match, trying keyed APIs...
02-13 10:10:49.378  3397  3609 E GlyphScraper: Scrapers active: [rawg] (Keys: TGDB=false, RAWG=true, Moby=false)
02-13 10:10:49.381  3397  3515 E GlyphScraper: Scrapers active: [rawg] (Keys: TGDB=false, RAWG=true, Moby=false)
02-13 10:10:49.382  3397  3514 E GlyphScraper: Scrapers active: [rawg] (Keys: TGDB=false, RAWG=true, Moby=false)
02-13 10:10:49.385  3397  3612 E GlyphScraper: Scrapers active: [rawg] (Keys: TGDB=false, RAWG=true, Moby=false)
02-13 10:10:50.017  3397  3609 E GlyphScraper:   RAWG candidate: 'Asphalt 8: Airborne' score=0.094736844 (required > 0.4)
02-13 10:10:50.018  3397  3609 E GlyphScraper:   RAWG candidate: 'J.E.R.O. (C64) Commodore 64' score=0.23555559 (required > 0.4)
02-13 10:10:50.018  3397  3609 E GlyphScraper:   RAWG candidate: 'Amazon Blocks (McKinley-64, renatarinaldi)' score=0.08571428 (required > 0.4)
02-13 10:10:50.018  3397  3609 E GlyphScraper:   RAWG candidate: 'Sub Mare Imperium: Derelict 64' score=0.24666667 (required > 0.4)
02-13 10:10:50.018  3397  3609 E GlyphScraper:   RAWG candidate: 'Adventure 64' score=0.36410257 (required > 0.4)
02-13 10:10:50.018  3397  3609 E GlyphScraper:   RAWG candidate: 'math 64' score=0.3179487 (required > 0.4)
02-13 10:10:50.018  3397  3609 E GlyphScraper:   RAWG candidate: 'Bombrun 64' score=0.36410257 (required > 0.4)
02-13 10:10:50.018  3397  3609 E GlyphScraper:   RAWG candidate: 'Araign├®e - Spider Thief (C64) Commodore 64' score=0.1857143 (required > 0.4)
02-13 10:10:50.019  3397  3609 E GlyphScraper:   RAWG candidate: 'Blizzard! Part II: Jihadi Moon (C64) Commodore 64' score=0.15464851 (required > 0.4)
02-13 10:10:50.019  3397  3609 E GlyphScraper:   RAWG candidate: '64 Pixels of Cute' score=0.11529412 (required > 0.4)
02-13 10:10:50.021  3397  3609 E GlyphScraper:   rawg -> no match
02-13 10:10:50.021  3397  3609 E GlyphScraper:   No results from any scraper
02-13 10:10:50.022  3397  3609 E GlyphScraper:   RAWG candidate: 'Donkey Kong's Shoot Characters' score=0.30666667 (required > 0.4)
02-13 10:10:50.022  3397  3609 E GlyphScraper:   RAWG candidate: 'Kong Pong v2.0' score=0.29428574 (required > 0.4)
02-13 10:10:50.022  3397  3609 E GlyphScraper:   RAWG candidate: 'King Oddball' score=0.08571428 (required > 0.4)
02-13 10:10:50.022  3397  3609 E GlyphScraper:   RAWG candidate: 'The LionÔÇÖs Song' score=0.08 (required > 0.4)
02-13 10:10:50.022  3397  3609 E GlyphScraper:   RAWG candidate: 'Kung Fury: Street Rage' score=0.10909092 (required > 0.4)
02-13 10:10:50.022  3397  3609 E GlyphScraper:   RAWG candidate: 'King and Assassins: The Board Game' score=0.08823531 (required > 0.4)
02-13 10:10:50.023  3397  3609 E GlyphScraper:   RAWG candidate: 'THE KING OF FIGHTERS '98' score=0.10000002 (required > 0.4)
02-13 10:10:50.023  3397  3609 E GlyphScraper:   RAWG candidate: 'King of Dragon Pass' score=0.12631577 (required > 0.4)
02-13 10:10:50.023  3397  3609 E GlyphScraper:   RAWG candidate: 'Bloons Monkey City' score=0.13333333 (required > 0.4)
02-13 10:10:50.023  3397  3609 E GlyphScraper:   RAWG candidate: 'THE KING OF FIGHTERS '97' score=0.10000002 (required > 0.4)
02-13 10:10:50.023  3397  3612 E GlyphScraper:   RAWG candidate: 'Sonic & SEGA All-Stars Racing' score=0.103448264 (required > 0.4)
02-13 10:10:50.024  3397  3612 E GlyphScraper:   RAWG candidate: 'Sonic & All-Stars Racing Transformed' score=0.16666669 (required > 0.4)
02-13 10:10:50.024  3397  3612 E GlyphScraper:   RAWG candidate: 'All-Star Basketball - Score with Super Power-Ups' score=0.21250002 (required > 0.4)
02-13 10:10:50.025  3397  3612 E GlyphScraper:   RAWG candidate: 'Star Traders: Frontiers' score=0.14492756 (required > 0.4)
02-13 10:10:50.025  3397  3515 E GlyphScraper:   RAWG candidate: 'Sonic & SEGA All-Stars Racing' score=0.103448264 (required > 0.4)
02-13 10:10:50.025  3397  3612 E GlyphScraper:   RAWG candidate: 'Baseball Riot' score=0.30857143 (required > 0.4)
02-13 10:10:50.025  3397  3515 E GlyphScraper:   RAWG candidate: 'Sonic & All-Stars Racing Transformed' score=0.16666669 (required > 0.4)
02-13 10:10:50.025  3397  3612 E GlyphScraper:   RAWG candidate: 'Phantasy Star II' score=0.2095238 (required > 0.4)
02-13 10:10:50.025  3397  3515 E GlyphScraper:   RAWG candidate: 'Tennis in the Face' score=0.12030077 (required > 0.4)
02-13 10:10:50.025  3397  3609 E GlyphScraper:   rawg -> no match
02-13 10:10:50.025  3397  3609 E GlyphScraper:   No results from any scraper
02-13 10:10:50.025  3397  3612 E GlyphScraper:   RAWG candidate: 'Sentinel 4: Dark Star' score=0.11428572 (required > 0.4)
02-13 10:10:50.025  3397  3515 E GlyphScraper:   RAWG candidate: 'Star Traders: Frontiers' score=0.17101452 (required > 0.4)
02-13 10:10:50.026  3397  3612 E GlyphScraper:   RAWG candidate: 'Star Traders: 4X Empires' score=0.15714288 (required > 0.4)
02-13 10:10:50.026  3397  3515 E GlyphScraper:   RAWG candidate: 'Phantasy Star II' score=0.1614035 (required > 0.4)
02-13 10:10:50.026  3397  3612 E GlyphScraper:   RAWG candidate: 'Agricola: All Creatures Big and Small' score=0.19039038 (required > 0.4)
02-13 10:10:50.026  3397  3515 E GlyphScraper:   RAWG candidate: 'Sentinel 4: Dark Star' score=0.11428572 (required > 0.4)
02-13 10:10:50.026  3397  3612 E GlyphScraper:   RAWG candidate: 'Baseball Star' score=0.42857143 (required > 0.4)
02-13 10:10:50.026  3397  3515 E GlyphScraper:   RAWG candidate: 'Star Traders: 4X Empires' score=0.15714288 (required > 0.4)
02-13 10:10:50.026  3397  3515 E GlyphScraper:   RAWG candidate: 'Agricola: All Creatures Big and Small' score=0.19039038 (required > 0.4)
02-13 10:10:50.026  3397  3515 E GlyphScraper:   RAWG candidate: 'PlayStation All-Stars Island' score=0.17142856 (required > 0.4)
02-13 10:10:50.027  3397  3515 E GlyphScraper:   RAWG candidate: 'Power Rangers: All Stars' score=0.13214287 (required > 0.4)
02-13 10:10:50.102  3397  3612 D GlyphScraper:     RAWG match: 'Baseball Star' (screenshot, not box art)
02-13 10:10:50.102  3397  3612 E GlyphScraper:   rawg -> title='Baseball Star' hasImage=true
02-13 10:10:50.344  3397  3612 E GlyphScraper:   RAWG candidate: 'Sonic & SEGA All-Stars Racing' score=0.103448264 (required > 0.4)
02-13 10:10:50.344  3397  3612 E GlyphScraper:   RAWG candidate: 'Sonic & All-Stars Racing Transformed' score=0.16666669 (required > 0.4)
02-13 10:10:50.344  3397  3612 E GlyphScraper:   RAWG candidate: 'Tennis in the Face' score=0.12030077 (required > 0.4)
02-13 10:10:50.344  3397  3612 E GlyphScraper:   RAWG candidate: 'Star Traders: Frontiers' score=0.17101452 (required > 0.4)
02-13 10:10:50.344  3397  3612 E GlyphScraper:   RAWG candidate: 'Phantasy Star II' score=0.1614035 (required > 0.4)
02-13 10:10:50.344  3397  3612 E GlyphScraper:   RAWG candidate: 'Sentinel 4: Dark Star' score=0.11428572 (required > 0.4)
02-13 10:10:50.345  3397  3612 E GlyphScraper:   RAWG candidate: 'Star Traders: 4X Empires' score=0.15714288 (required > 0.4)
02-13 10:10:50.345  3397  3612 E GlyphScraper:   RAWG candidate: 'Agricola: All Creatures Big and Small' score=0.19039038 (required > 0.4)
02-13 10:10:50.345  3397  3612 E GlyphScraper:   RAWG candidate: 'PlayStation All-Stars Island' score=0.17142856 (required > 0.4)
02-13 10:10:50.345  3397  3612 E GlyphScraper:   RAWG candidate: 'Power Rangers: All Stars' score=0.13214287 (required > 0.4)
02-13 10:10:50.347  3397  3612 E GlyphScraper:   rawg -> no match
02-13 10:10:50.347  3397  3612 E GlyphScraper:   No results from any scraper
02-13 10:10:50.554  3397  3515 E GlyphScraper: Scraping: 'All-Star Baseball 2000 (U) [!].z64' -> cleaned: 'All Star Baseball 2000' [n64]
02-13 10:10:50.554  3397  3514 E GlyphScraper: Scraping: 'Armorines - Project S.W.A.R.M. (U) [!].z64' -> cleaned: 'Armorines Project S W A R M' [n64]
02-13 10:10:50.554  3397  3612 E GlyphScraper: Scraping: 'All-Star Baseball 2001 (U) [!].z64' -> cleaned: 'All Star Baseball 2001' [n64]
02-13 10:10:50.555  3397  3614 E GlyphScraper: Scraping: 'Army Men - Air Combat (U) [!].z64' -> cleaned: 'Army Men Air Combat' [n64]
02-13 10:10:50.555  3397  3515 D GlyphScraper:     LibRetro trying: https://thumbnails.libretro.com/Nintendo%20-%20Nintendo%2064/Named_Boxarts/All%20Star%20Baseball%202000.png
02-13 10:10:50.556  3397  3514 D GlyphScraper:     LibRetro trying: https://thumbnails.libretro.com/Nintendo%20-%20Nintendo%2064/Named_Boxarts/Armorines%20Project%20S%20W%20A%20R%20M.png
02-13 10:10:50.556  3397  3612 D GlyphScraper:     LibRetro trying: https://thumbnails.libretro.com/Nintendo%20-%20Nintendo%2064/Named_Boxarts/All%20Star%20Baseball%202001.png
02-13 10:10:50.556  3397  3614 D GlyphScraper:     LibRetro trying: https://thumbnails.libretro.com/Nintendo%20-%20Nintendo%2064/Named_Boxarts/Army%20Men%20Air%20Combat.png
02-13 10:10:50.623  3397  3514 E GlyphScraper:   libretro -> no match, trying keyed APIs...
02-13 10:10:50.624  3397  3612 E GlyphScraper:   libretro -> no match, trying keyed APIs...
02-13 10:10:50.624  3397  3515 E GlyphScraper:   libretro -> no match, trying keyed APIs...
02-13 10:10:50.625  3397  3614 E GlyphScraper:   libretro -> no match, trying keyed APIs...
02-13 10:10:50.631  3397  3611 E GlyphScraper: Scrapers active: [rawg] (Keys: TGDB=false, RAWG=true, Moby=false)
02-13 10:10:50.632  3397  3609 E GlyphScraper: Scrapers active: [rawg] (Keys: TGDB=false, RAWG=true, Moby=false)
02-13 10:10:50.636  3397  3614 E GlyphScraper: Scrapers active: [rawg] (Keys: TGDB=false, RAWG=true, Moby=false)
02-13 10:10:50.637  3397  3571 E GlyphScraper: Scrapers active: [rawg] (Keys: TGDB=false, RAWG=true, Moby=false)
02-13 10:10:51.123  3397  3614 E GlyphScraper:   RAWG candidate: 'Sonic & SEGA All-Stars Racing' score=0.103448264 (required > 0.4)
02-13 10:10:51.123  3397  3614 E GlyphScraper:   RAWG candidate: 'Sonic & All-Stars Racing Transformed' score=0.16666669 (required > 0.4)
02-13 10:10:51.123  3397  3614 E GlyphScraper:   RAWG candidate: 'All-Star Basketball - Score with Super Power-Ups' score=0.21250002 (required > 0.4)
02-13 10:10:51.123  3397  3614 E GlyphScraper:   RAWG candidate: 'Star Traders: Frontiers' score=0.14492756 (required > 0.4)
02-13 10:10:51.124  3397  3614 E GlyphScraper:   RAWG candidate: 'Baseball Riot' score=0.32545456 (required > 0.4)
02-13 10:10:51.124  3397  3614 E GlyphScraper:   RAWG candidate: 'Phantasy Star II' score=0.20303032 (required > 0.4)
02-13 10:10:51.124  3397  3614 E GlyphScraper:   RAWG candidate: 'Sentinel 4: Dark Star' score=0.13896105 (required > 0.4)
02-13 10:10:51.124  3397  3614 E GlyphScraper:   RAWG candidate: 'Star Traders: 4X Empires' score=0.15714288 (required > 0.4)
02-13 10:10:51.124  3397  3614 E GlyphScraper:   RAWG candidate: 'Agricola: All Creatures Big and Small' score=0.19039038 (required > 0.4)
02-13 10:10:51.124  3397  3614 E GlyphScraper:   RAWG candidate: 'Baseball Star' score=0.44545457 (required > 0.4)
02-13 10:10:51.137  3397  3571 E GlyphScraper:   RAWG candidate: 'Doodle Combat - Army Air Force Planes Battle' score=0.3 (required > 0.4)
02-13 10:10:51.137  3397  3571 E GlyphScraper:   RAWG candidate: 'Modern Combat 5' score=0.30105266 (required > 0.4)
02-13 10:10:51.137  3397  3571 E GlyphScraper:   RAWG candidate: 'Army Men Strike - Military Strategy Simulator' score=0.3 (required > 0.4)
02-13 10:10:51.137  3397  3571 E GlyphScraper:   RAWG candidate: 'Combat Monsters' score=0.17473686 (required > 0.4)
02-13 10:10:51.138  3397  3571 E GlyphScraper:   RAWG candidate: 'Real Air Combat War: Airfighters Game' score=0.24594593 (required > 0.4)
02-13 10:10:51.138  3397  3571 E GlyphScraper:   RAWG candidate: 'Army Men Strike' score=0.4757895 (required > 0.4)
02-13 10:10:51.138  3397  3571 E GlyphScraper:   RAWG candidate: 'Modern Combat Versus' score=0.15666667 (required > 0.4)
02-13 10:10:51.138  3397  3571 E GlyphScraper:   RAWG candidate: 'Arma Tactics' score=0.18947369 (required > 0.4)
02-13 10:10:51.138  3397  3571 E GlyphScraper:   RAWG candidate: 'air space combat' score=0.4757895 (required > 0.4)
02-13 10:10:51.138  3397  3571 E GlyphScraper:   RAWG candidate: 'X-Men Arcade' score=0.22105266 (required > 0.4)
02-13 10:10:51.211  3397  3614 D GlyphScraper:     RAWG match: 'Baseball Star' (screenshot, not box art)
02-13 10:10:51.211  3397  3614 E GlyphScraper:   rawg -> title='Baseball Star' hasImage=true
02-13 10:10:51.252  3397  3571 D GlyphScraper:     RAWG match: 'air space combat' (screenshot, not box art)
02-13 10:10:51.252  3397  3571 E GlyphScraper:   rawg -> title='air space combat' hasImage=true
02-13 10:10:51.261  3397  3648 E GlyphScraper:   RAWG candidate: 'Oswald A-R [fnaf A-R fnagame]' score=0.062068965 (required > 0.4)
02-13 10:10:51.261  3397  3571 E GlyphScraper:   RAWG candidate: 'Sonic & SEGA All-Stars Racing' score=0.103448264 (required > 0.4)
02-13 10:10:51.261  3397  3571 E GlyphScraper:   RAWG candidate: 'Sonic & All-Stars Racing Transformed' score=0.16666669 (required > 0.4)
02-13 10:10:51.261  3397  3648 E GlyphScraper:   RAWG candidate: 'T O W E R - 8 0' score=0.0 (required > 0.4)
02-13 10:10:51.261  3397  3571 E GlyphScraper:   RAWG candidate: 'All-Star Basketball - Score with Super Power-Ups' score=0.21250002 (required > 0.4)
02-13 10:10:51.261  3397  3648 E GlyphScraper:   RAWG candidate: 'Destroy W*s' score=0.13333333 (required > 0.4)
