02-13 10:09:54.709  2539  2875 E GlyphScraper:   rawg -> title='Bombrun 64' hasImage=true
02-13 10:09:54.915  2539  2620 E GlyphScraper: Scraping: 'Brunswick Circuit Pro Bowling (U) [!].z64' -> cleaned: 'Brunswick Circuit Pro Bowling' [n64]
02-13 10:09:54.916  2539  2974 E GlyphScraper: Scraping: 'Bust-A-Move 2 - Arcade Edition (U) [!].z64' -> cleaned: 'Bust A Move 2 Arcade Edition' [n64]
02-13 10:09:54.917  2539  2620 D GlyphScraper:     LibRetro trying: https://thumbnails.libretro.com/Nintendo%20-%20Nintendo%2064/Named_Boxarts/Brunswick%20Circuit%20Pro%20Bowling.png
02-13 10:09:54.917  2539  2974 D GlyphScraper:     LibRetro trying: https://thumbnails.libretro.com/Nintendo%20-%20Nintendo%2064/Named_Boxarts/Bust%20A%20Move%202%20Arcade%20Edition.png
02-13 10:09:54.921  2539  2880 E GlyphScraper: Scraping: 'Buck Bumble (U) [!].z64' -> cleaned: 'Buck Bumble' [n64]
02-13 10:09:54.921  2539  2876 E GlyphScraper: Scraping: 'Bug's Life, A (U) [!].z64' -> cleaned: 'Bug's Life, A' [n64]
02-13 10:09:54.922  2539  2880 D GlyphScraper:     LibRetro trying: https://thumbnails.libretro.com/Nintendo%20-%20Nintendo%2064/Named_Boxarts/Buck%20Bumble.png
02-13 10:09:54.922  2539  2876 D GlyphScraper:     LibRetro trying: https://thumbnails.libretro.com/Nintendo%20-%20Nintendo%2064/Named_Boxarts/Bug%27s%20Life%2C%20A.png
02-13 10:09:55.075  2539  2974 E GlyphScraper:   libretro -> no match, trying keyed APIs...
02-13 10:09:55.080  2539  2622 E GlyphScraper: Scrapers active: [rawg] (Keys: TGDB=false, RAWG=true, Moby=false)
02-13 10:09:58.132  2539  2880 E GlyphScraper:   libretro -> no match, trying keyed APIs...
02-13 10:09:58.132  2539  2876 E GlyphScraper:   libretro -> no match, trying keyed APIs...
02-13 10:09:58.141  2539  2622 E GlyphScraper: Scrapers active: [rawg] (Keys: TGDB=false, RAWG=true, Moby=false)
02-13 10:09:58.141  2539  2606 E GlyphScraper: Scrapers active: [rawg] (Keys: TGDB=false, RAWG=true, Moby=false)
02-13 10:09:58.142  2539  2620 E GlyphScraper:   libretro -> no match, trying keyed APIs...
02-13 10:09:58.147  2539  2876 E GlyphScraper: Scrapers active: [rawg] (Keys: TGDB=false, RAWG=true, Moby=false)
02-13 10:09:58.150  2539  2876 E GlyphScraper:   RAWG candidate: 'BUST-A-MOVE JOURNEY' score=0.25714284 (required > 0.4)
02-13 10:09:58.150  2539  2876 E GlyphScraper:   RAWG candidate: 'You Must Build A Boat' score=0.10714284 (required > 0.4)
02-13 10:09:58.150  2539  2876 E GlyphScraper:   RAWG candidate: 'Draw a Stickman: EPIC 2' score=0.15 (required > 0.4)
02-13 10:09:58.150  2539  2876 E GlyphScraper:   RAWG candidate: 'Minecraft: Story Mode' score=0.064285725 (required > 0.4)
02-13 10:09:58.150  2539  2876 E GlyphScraper:   RAWG candidate: 'Minecraft: Pocket Edition' score=0.2809524 (required > 0.4)
02-13 10:09:58.150  2539  2876 E GlyphScraper:   RAWG candidate: 'Talisman: Digital Edition' score=0.30238095 (required > 0.4)
02-13 10:09:58.150  2539  2876 E GlyphScraper:   RAWG candidate: 'Evoland 2' score=0.08571428 (required > 0.4)
02-13 10:09:58.150  2539  2876 E GlyphScraper:   RAWG candidate: 'Distraint: Deluxe Edition' score=0.34523812 (required > 0.4)
02-13 10:09:58.150  2539  2876 E GlyphScraper:   RAWG candidate: 'Crossy Road - Endless Arcade Hopper' score=0.2557143 (required > 0.4)
02-13 10:09:58.150  2539  2876 E GlyphScraper:   RAWG candidate: 'Pinball Arcade' score=0.25142857 (required > 0.4)
02-13 10:09:58.486  2539  2876 E GlyphScraper:   RAWG candidate: 'DisneyÔÇóPixar A Bug's Life' score=0.26799998 (required > 0.4)
02-13 10:09:58.486  2539  2876 E GlyphScraper:   RAWG candidate: 'Sir! I'd Like To Report A Bug!' score=0.14000002 (required > 0.4)
02-13 10:09:58.486  2539  2876 E GlyphScraper:   RAWG candidate: 'Tomoyo After ~It's a Wonderful Life~' score=0.08333334 (required > 0.4)
02-13 10:09:58.486  2539  2876 E GlyphScraper:   RAWG candidate: 'Youtubers Life' score=0.17142856 (required > 0.4)
02-13 10:09:58.486  2539  2876 E GlyphScraper:   RAWG candidate: 'Life is Strange' score=0.08 (required > 0.4)
02-13 10:09:58.486  2539  2876 E GlyphScraper:   RAWG candidate: 'Half-Life 2' score=0.23076923 (required > 0.4)
02-13 10:09:58.487  2539  2876 E GlyphScraper:   RAWG candidate: 'Our Life: Beginnings & Always' score=0.12413793 (required > 0.4)
02-13 10:09:58.487  2539  2876 E GlyphScraper:   RAWG candidate: 'Half-Life 2: Episode One' score=0.10000002 (required > 0.4)
02-13 10:09:58.487  2539  2876 E GlyphScraper:   RAWG candidate: 'Half-Life 2: Episode Two' score=0.10000002 (required > 0.4)
02-13 10:09:58.487  2539  2876 E GlyphScraper:   RAWG candidate: 'Life is Strange: Before The Storm' score=0.09090908 (required > 0.4)
02-13 10:09:58.568  2539  2876 E GlyphScraper:   RAWG candidate: 'Panda Bubble Shooter: Bubbles' score=0.16551727 (required > 0.4)
02-13 10:09:58.568  2539  2876 E GlyphScraper:   RAWG candidate: 'Bubble Pop - Shoot Bubbles' score=0.18461537 (required > 0.4)
02-13 10:09:58.568  2539  2876 E GlyphScraper:   RAWG candidate: 'Back to Bed' score=0.27272728 (required > 0.4)
02-13 10:09:58.568  2539  2876 E GlyphScraper:   RAWG candidate: 'Tactical Monsters Rumble Arena' score=0.14000002 (required > 0.4)
02-13 10:09:58.568  2539  2876 E GlyphScraper:   RAWG candidate: 'Pilot Brothers 3: Back Side of the Earth' score=0.075 (required > 0.4)
02-13 10:09:58.568  2539  2876 E GlyphScraper:   RAWG candidate: 'Bubble Shoot: Pop all Bubbles' score=0.16551727 (required > 0.4)
02-13 10:09:58.568  2539  2876 E GlyphScraper:   RAWG candidate: 'Bubble Shooter: Bubble Pet, Shoot & Pop Bubbles' score=0.10212765 (required > 0.4)
02-13 10:09:58.568  2539  2876 E GlyphScraper:   RAWG candidate: 'Farm Bubbles - Bubble Shooter Puzzle Game' score=0.11707317 (required > 0.4)
02-13 10:09:58.568  2539  2876 E GlyphScraper:   RAWG candidate: 'Bubble Bust! - Bubble Shooter' score=0.16551727 (required > 0.4)
02-13 10:09:58.569  2539  2876 E GlyphScraper:   RAWG candidate: 'Lost Bubble - Bubble Shooter' score=0.17142856 (required > 0.4)
02-13 10:09:58.570  2539  2876 E GlyphScraper:   rawg -> no match
02-13 10:09:58.570  2539  2876 E GlyphScraper:   No results from any scraper
02-13 10:09:59.716  2539  2606 E GlyphScraper:   RAWG candidate: 'Putt-Putt Joins the Circus' score=0.062068965 (required > 0.4)
02-13 10:09:59.716  2539  2606 E GlyphScraper:   RAWG candidate: 'Bob's Bowling' score=0.28689656 (required > 0.4)
02-13 10:09:59.717  2539  2606 E GlyphScraper:   RAWG candidate: '3D Bowling' score=0.24551728 (required > 0.4)
02-13 10:09:59.717  2539  2606 E GlyphScraper:   RAWG candidate: 'Circuit: Street Racing' score=0.18620689 (required > 0.4)
02-13 10:09:59.717  2539  2606 E GlyphScraper:   RAWG candidate: 'Galaxy Bowling 3D' score=0.17011493 (required > 0.4)
02-13 10:09:59.717  2539  2606 E GlyphScraper:   RAWG candidate: 'Blood Bowl' score=0.12413793 (required > 0.4)
02-13 10:09:59.717  2539  2606 E GlyphScraper:   RAWG candidate: 'Rolling Bowling' score=0.28689656 (required > 0.4)
02-13 10:09:59.717  2539  2606 E GlyphScraper:   RAWG candidate: 'Bowling 3D Pro FREE' score=0.2988506 (required > 0.4)
02-13 10:09:59.717  2539  2606 E GlyphScraper:   RAWG candidate: 'Super! 10-Pin Bowling' score=0.2942529 (required > 0.4)
02-13 10:09:59.717  2539  2606 E GlyphScraper:   RAWG candidate: 'Galaxy Bowling 3D Free' score=0.11921182 (required > 0.4)
02-13 10:09:59.720  2539  2606 E GlyphScraper:   RAWG candidate: 'BUST-A-MOVE JOURNEY' score=0.25714284 (required > 0.4)
02-13 10:09:59.721  2539  2606 E GlyphScraper:   RAWG candidate: 'Crossy Road - Endless Arcade Hopper' score=0.2557143 (required > 0.4)
02-13 10:09:59.721  2539  2606 E GlyphScraper:   RAWG candidate: 'Pinball Arcade' score=0.25142857 (required > 0.4)
02-13 10:09:59.721  2539  2606 E GlyphScraper:   RAWG candidate: 'Love, Money, Rock'n'Roll' score=0.12857145 (required > 0.4)
02-13 10:09:59.721  2539  2606 E GlyphScraper:   RAWG candidate: 'Minecraft: Story Mode' score=0.064285725 (required > 0.4)
02-13 10:09:59.721  2539  2606 E GlyphScraper:   RAWG candidate: 'You Must Build A Boat' score=0.10714284 (required > 0.4)
02-13 10:09:59.721  2539  2606 E GlyphScraper:   RAWG candidate: 'Love Sick: Interactive Stories' score=0.12 (required > 0.4)
02-13 10:09:59.722  2539  2606 E GlyphScraper:   RAWG candidate: 'Lovecraft Locker: Tentacle Lust' score=0.11612903 (required > 0.4)
02-13 10:09:59.722  2539  2606 E GlyphScraper:   RAWG candidate: 'Fortune 2048 - Arcade mode & Classic mode' score=0.25487804 (required > 0.4)
02-13 10:09:59.722  2539  2606 E GlyphScraper:   RAWG candidate: 'Minecraft: Story Mode ÔÇö Season Two' score=0.12352943 (required > 0.4)
02-13 10:09:59.724  2539  2876 E GlyphScraper:   RAWG candidate: 'DisneyÔÇóPixar A Bug's Life' score=0.26799998 (required > 0.4)
02-13 10:09:59.724  2539  2876 E GlyphScraper:   RAWG candidate: 'Sir! I'd Like To Report A Bug!' score=0.14000002 (required > 0.4)
02-13 10:09:59.724  2539  2876 E GlyphScraper:   RAWG candidate: 'Youtubers Life' score=0.17142856 (required > 0.4)
02-13 10:09:59.724  2539  2876 E GlyphScraper:   RAWG candidate: 'Life is Strange' score=0.08 (required > 0.4)
02-13 10:09:59.724  2539  2876 E GlyphScraper:   RAWG candidate: 'Half-Life 2' score=0.23076923 (required > 0.4)
02-13 10:09:59.724  2539  2876 E GlyphScraper:   RAWG candidate: 'Our Life: Beginnings & Always' score=0.12413793 (required > 0.4)
02-13 10:09:59.724  2539  2876 E GlyphScraper:   RAWG candidate: 'Half-Life 2: Episode One' score=0.10000002 (required > 0.4)
02-13 10:09:59.724  2539  2876 E GlyphScraper:   RAWG candidate: 'Half-Life 2: Episode Two' score=0.10000002 (required > 0.4)
02-13 10:09:59.724  2539  2876 E GlyphScraper:   RAWG candidate: 'Life is Strange: Before The Storm' score=0.09090908 (required > 0.4)
02-13 10:09:59.724  2539  2876 E GlyphScraper:   RAWG candidate: 'Tomoyo After ~It's a Wonderful Life~' score=0.08333334 (required > 0.4)
02-13 10:09:59.725  2539  2876 E GlyphScraper:   rawg -> no match
02-13 10:09:59.726  2539  2876 E GlyphScraper:   No results from any scraper
02-13 10:09:59.726  2539  2606 E GlyphScraper:   rawg -> no match
02-13 10:09:59.726  2539  2606 E GlyphScraper:   No results from any scraper
02-13 10:10:00.220  2539  2606 E GlyphScraper:   RAWG candidate: 'Putt-Putt Joins the Circus' score=0.062068965 (required > 0.4)
02-13 10:10:00.220  2539  2606 E GlyphScraper:   RAWG candidate: 'Circuit: Street Racing' score=0.18620689 (required > 0.4)
02-13 10:10:00.220  2539  2606 E GlyphScraper:   RAWG candidate: 'Drums Pro' score=0.22482762 (required > 0.4)
02-13 10:10:00.221  2539  2606 E GlyphScraper:   RAWG candidate: 'Minesweeper Pro' score=0.22482762 (required > 0.4)
02-13 10:10:00.221  2539  2606 E GlyphScraper:   RAWG candidate: 'Football Pro' score=0.16275865 (required > 0.4)
02-13 10:10:00.221  2539  2606 E GlyphScraper:   RAWG candidate: 'Sudoku Pro' score=0.22482762 (required > 0.4)
02-13 10:10:00.221  2539  2606 E GlyphScraper:   RAWG candidate: 'Curcuit' score=0.12413793 (required > 0.4)
02-13 10:10:00.221  2539  2606 E GlyphScraper:   RAWG candidate: 'Willy's circus' score=0.12413793 (required > 0.4)
02-13 10:10:00.221  2539  2606 E GlyphScraper:   RAWG candidate: 'Labyrinth - Labyrinth Pro' score=0.18344827 (required > 0.4)
02-13 10:10:00.221  2539  2606 E GlyphScraper:   RAWG candidate: 'Spider Solitaire Pro' score=0.1908046 (required > 0.4)
02-13 10:10:00.222  2539  2606 E GlyphScraper:   rawg -> no match
02-13 10:10:00.222  2539  2606 E GlyphScraper:   No results from any scraper
02-13 10:10:00.426  2539  2880 E GlyphScraper: Scraping: 'Carmageddon 64 (U) [!].z64' -> cleaned: 'Carmageddon 64' [n64]
02-13 10:10:00.426  2539  2873 E GlyphScraper: Scraping: 'California Speed (U) [!].z64' -> cleaned: 'California Speed' [n64]
02-13 10:10:00.427  2539  2880 D GlyphScraper:     LibRetro trying: https://thumbnails.libretro.com/Nintendo%20-%20Nintendo%2064/Named_Boxarts/Carmageddon%2064.png
02-13 10:10:00.427  2539  2873 D GlyphScraper:     LibRetro trying: https://thumbnails.libretro.com/Nintendo%20-%20Nintendo%2064/Named_Boxarts/California%20Speed.png
02-13 10:10:00.428  2539  2853 E GlyphScraper: Scraping: 'Bust-A-Move '99 (U) [!].z64' -> cleaned: 'Bust A Move '99' [n64]
02-13 10:10:00.428  2539  2853 D GlyphScraper:     LibRetro trying: https://thumbnails.libretro.com/Nintendo%20-%20Nintendo%2064/Named_Boxarts/Bust%20A%20Move%20%2799.png
02-13 10:10:00.428  2539  2619 E GlyphScraper: Scraping: 'Castlevania - Legacy of Darkness (U) [!].z64' -> cleaned: 'Castlevania Legacy of Darkness' [n64]
02-13 10:10:00.429  2539  2619 D GlyphScraper:     LibRetro trying: https://thumbnails.libretro.com/Nintendo%20-%20Nintendo%2064/Named_Boxarts/Castlevania%20Legacy%20of%20Darkness.png
02-13 10:10:00.643  2539  2619 D GlyphScraper:     LibRetro trying: https://thumbnails.libretro.com/Nintendo%20-%20Nintendo%2064/Named_Boxarts/Castlevania%20Legacy%20Of%20Darkness.png
02-13 10:10:00.647  2539  2880 E GlyphScraper:   libretro -> no match, trying keyed APIs...
02-13 10:10:00.649  2539  2853 E GlyphScraper:   libretro -> no match, trying keyed APIs...
02-13 10:10:00.651  2539  2873 E GlyphScraper:   libretro -> no match, trying keyed APIs...
02-13 10:10:00.652  2539  2620 E GlyphScraper: Scrapers active: [rawg] (Keys: TGDB=false, RAWG=true, Moby=false)
02-13 10:10:00.655  2539  2880 E GlyphScraper: Scrapers active: [rawg] (Keys: TGDB=false, RAWG=true, Moby=false)
02-13 10:10:00.656  2539  2622 E GlyphScraper: Scrapers active: [rawg] (Keys: TGDB=false, RAWG=true, Moby=false)
02-13 10:10:00.691  2539  2619 E GlyphScraper:   libretro -> no match, trying keyed APIs...
02-13 10:10:00.696  2539  2878 E GlyphScraper: Scrapers active: [rawg] (Keys: TGDB=false, RAWG=true, Moby=false)
02-13 10:10:01.248  2539  2620 E GlyphScraper:   RAWG candidate: 'Carmageddon' score=0.67142856 (required > 0.4)
02-13 10:10:01.249  2539  2620 E GlyphScraper:   RAWG candidate: 'Worms 2: Armageddon' score=0.22105266 (required > 0.4)
02-13 10:10:01.249  2539  2620 E GlyphScraper:   RAWG candidate: 'Can You Escape - Armageddon' score=0.17777778 (required > 0.4)
02-13 10:10:01.249  2539  2620 E GlyphScraper:   RAWG candidate: 'J.E.R.O. (C64) Commodore 64' score=0.21333334 (required > 0.4)
02-13 10:10:01.249  2539  2620 E GlyphScraper:   RAWG candidate: 'Amazon Blocks (McKinley-64, renatarinaldi)' score=0.07142859 (required > 0.4)
02-13 10:10:01.249  2539  2620 E GlyphScraper:   RAWG candidate: 'Sub Mare Imperium: Derelict 64' score=0.20666668 (required > 0.4)
02-13 10:10:01.249  2539  2620 E GlyphScraper:   RAWG candidate: 'Adventure 64' score=0.3047619 (required > 0.4)
02-13 10:10:01.249  2539  2620 E GlyphScraper:   RAWG candidate: 'math 64' score=0.34761906 (required > 0.4)
02-13 10:10:01.249  2539  2620 E GlyphScraper:   RAWG candidate: 'Bombrun 64' score=0.34761906 (required > 0.4)
02-13 10:10:01.250  2539  2620 E GlyphScraper:   RAWG candidate: 'Araign├®e - Spider Thief (C64) Commodore 64' score=0.1857143 (required > 0.4)
02-13 10:10:01.265  2539  2874 E GlyphScraper:   RAWG candidate: 'BUST-A-MOVE JOURNEY' score=0.3157895 (required > 0.4)
02-13 10:10:01.265  2539  2874 E GlyphScraper:   RAWG candidate: 'You Must Build A Boat' score=0.14285713 (required > 0.4)
02-13 10:10:01.265  2539  2874 E GlyphScraper:   RAWG candidate: 'Minecraft: Story Mode' score=0.114285715 (required > 0.4)
02-13 10:10:01.265  2539  2874 E GlyphScraper:   RAWG candidate: 'Love, Money, Rock'n'Roll' score=0.12499999 (required > 0.4)
02-13 10:10:01.265  2539  2874 E GlyphScraper:   RAWG candidate: 'Love Sick: Interactive Stories' score=0.12 (required > 0.4)
02-13 10:10:01.265  2539  2874 E GlyphScraper:   RAWG candidate: 'Lovecraft Locker: Tentacle Lust' score=0.09677421 (required > 0.4)
02-13 10:10:01.265  2539  2874 E GlyphScraper:   RAWG candidate: 'Minecraft: Story Mode ÔÇö Season Two' score=0.12352943 (required > 0.4)
02-13 10:10:01.266  2539  2874 E GlyphScraper:   RAWG candidate: 'I Have No Mouth, and I Must Scream' score=0.105882354 (required > 0.4)
02-13 10:10:01.266  2539  2874 E GlyphScraper:   RAWG candidate: 'Must-a-Mine' score=0.24 (required > 0.4)
02-13 10:10:01.266  2539  2874 E GlyphScraper:   RAWG candidate: 'Agent A: A puzzle in disguise' score=0.12413793 (required > 0.4)
02-13 10:10:01.288  2539  2620 D GlyphScraper:     RAWG match: 'Carmageddon' (screenshot, not box art)
02-13 10:10:01.288  2539  2620 E GlyphScraper:   rawg -> title='Carmageddon' hasImage=true
02-13 10:10:01.320  2539  2874 E GlyphScraper:   RAWG candidate: 'Need for Speed: Shift' score=0.17142856 (required > 0.4)
02-13 10:10:01.320  2539  2874 E GlyphScraper:   RAWG candidate: 'Need for Speed No Limits' score=0.21666667 (required > 0.4)
02-13 10:10:01.320  2539  2874 E GlyphScraper:   RAWG candidate: 'Need For Speed: Hot Pursuit' score=0.13333333 (required > 0.4)
02-13 10:10:01.320  2539  2874 E GlyphScraper:   RAWG candidate: 'Need for Speed: Most Wanted - A Criterion Game' score=0.09130436 (required > 0.4)
02-13 10:10:01.320  2539  2874 E GlyphScraper:   RAWG candidate: 'squares: speed' score=0.39583337 (required > 0.4)
02-13 10:10:01.320  2539  2874 E GlyphScraper:   RAWG candidate: 'Speedy Speed Boy' score=0.17500001 (required > 0.4)
02-13 10:10:01.321  2539  2874 E GlyphScraper:   RAWG candidate: 'Speed 2D' score=0.20833334 (required > 0.4)
02-13 10:10:01.321  2539  2874 E GlyphScraper:   RAWG candidate: 'Seeds of Chaos' score=0.0375 (required > 0.4)
02-13 10:10:01.321  2539  2874 E GlyphScraper:   RAWG candidate: 'Racing: Speed Racer' score=0.28947368 (required > 0.4)
02-13 10:10:01.321  2539  2874 E GlyphScraper:   RAWG candidate: 'Speed in Space - Free' score=0.19428572 (required > 0.4)
02-13 10:10:01.322  2539  2874 E GlyphScraper:   rawg -> no match
02-13 10:10:01.322  2539  2874 E GlyphScraper:   No results from any scraper
02-13 10:10:01.561  2539  2620 E GlyphScraper:   RAWG candidate: 'Castlevania: Symphony of the Night' score=0.3676471 (required > 0.4)
02-13 10:10:01.561  2539  2620 E GlyphScraper:   RAWG candidate: 'Queen's Quest: Tower of Darkness' score=0.33928573 (required > 0.4)
02-13 10:10:01.561  2539  2620 E GlyphScraper:   RAWG candidate: 'Eventide 3: Legacy of Legends' score=0.37428576 (required > 0.4)
02-13 10:10:01.562  2539  2620 E GlyphScraper:   RAWG candidate: 'The Myth Seekers: The Legacy of Vulcan' score=0.27368423 (required > 0.4)
02-13 10:10:01.562  2539  2620 E GlyphScraper:   RAWG candidate: 'Raiden Legacy' score=0.28 (required > 0.4)
02-13 10:10:01.562  2539  2620 E GlyphScraper:   RAWG candidate: 'Legacy of Discord-FuriousWings' score=0.22000003 (required > 0.4)
02-13 10:10:01.562  2539  2620 E GlyphScraper:   RAWG candidate: 'Castlevania: Grimoire of Souls' score=0.33714285 (required > 0.4)
02-13 10:10:01.562  2539  2620 E GlyphScraper:   RAWG candidate: 'Dark Heritage: Guardians of Hope' score=0.16250001 (required > 0.4)
02-13 10:10:01.562  2539  2620 E GlyphScraper:   RAWG candidate: 'LIF - Legacy' score=0.24000001 (required > 0.4)
02-13 10:10:01.562  2539  2620 E GlyphScraper:   RAWG candidate: 'Garou: Mark of the Wolves' score=0.17 (required > 0.4)
02-13 10:10:01.607  2539  2620 E GlyphScraper:   RAWG candidate: 'BUST-A-MOVE JOURNEY' score=0.3157895 (required > 0.4)
02-13 10:10:01.607  2539  2620 E GlyphScraper:   RAWG candidate: 'Love, Money, Rock'n'Roll' score=0.12499999 (required > 0.4)
02-13 10:10:01.607  2539  2620 E GlyphScraper:   RAWG candidate: 'Minecraft: Story Mode' score=0.114285715 (required > 0.4)
02-13 10:10:01.607  2539  2620 E GlyphScraper:   RAWG candidate: 'You Must Build A Boat' score=0.14285713 (required > 0.4)
02-13 10:10:01.607  2539  2620 E GlyphScraper:   RAWG candidate: 'Love Sick: Interactive Stories' score=0.12 (required > 0.4)
02-13 10:10:01.607  2539  2620 E GlyphScraper:   RAWG candidate: 'Lovecraft Locker: Tentacle Lust' score=0.09677421 (required > 0.4)
02-13 10:10:01.607  2539  2620 E GlyphScraper:   RAWG candidate: 'Minecraft: Story Mode ÔÇö Season Two' score=0.12352943 (required > 0.4)
02-13 10:10:01.608  2539  2620 E GlyphScraper:   RAWG candidate: 'I Have No Mouth, and I Must Scream' score=0.105882354 (required > 0.4)
02-13 10:10:01.608  2539  2620 E GlyphScraper:   RAWG candidate: 'One More Line' score=0.16 (required > 0.4)
02-13 10:10:01.608  2539  2620 E GlyphScraper:   RAWG candidate: 'Love You To Bits' score=0.075 (required > 0.4)
02-13 10:10:01.609  2539  2620 E GlyphScraper:   rawg -> no match
02-13 10:10:01.609  2539  2620 E GlyphScraper:   No results from any scraper
02-13 10:10:02.067  2539  2620 E GlyphScraper:   RAWG candidate: 'Castlevania: Symphony of the Night' score=0.3676471 (required > 0.4)
02-13 10:10:02.068  2539  2620 E GlyphScraper:   RAWG candidate: 'Eventide 3: Legacy of Legends' score=0.37428576 (required > 0.4)
02-13 10:10:02.068  2539  2620 E GlyphScraper:   RAWG candidate: 'The Myth Seekers: The Legacy of Vulcan' score=0.27368423 (required > 0.4)
02-13 10:10:02.068  2539  2620 E GlyphScraper:   RAWG candidate: 'Raiden Legacy' score=0.28 (required > 0.4)
02-13 10:10:02.068  2539  2620 E GlyphScraper:   RAWG candidate: 'Legacy of Discord-FuriousWings' score=0.22000003 (required > 0.4)
02-13 10:10:02.068  2539  2620 E GlyphScraper:   RAWG candidate: 'Castlevania: Grimoire of Souls' score=0.33714285 (required > 0.4)
02-13 10:10:02.068  2539  2620 E GlyphScraper:   RAWG candidate: 'LIF - Legacy' score=0.24000001 (required > 0.4)
02-13 10:10:02.068  2539  2620 E GlyphScraper:   RAWG candidate: 'Grandmother's Legacy' score=0.2 (required > 0.4)
02-13 10:10:02.069  2539  2620 E GlyphScraper:   RAWG candidate: 'Ravensword: Legacy' score=0.24000001 (required > 0.4)
02-13 10:10:02.069  2539  2620 E GlyphScraper:   RAWG candidate: 'N.O.V.A. Legacy' score=0.24000001 (required > 0.4)
02-13 10:10:02.070  2539  2620 E GlyphScraper:   rawg -> no match
02-13 10:10:02.070  2539  2620 E GlyphScraper:   No results from any scraper
02-13 10:10:02.274  2539  2854 E GlyphScraper: Scraping: 'Castlevania (U) [!].z64' -> cleaned: 'Castlevania' [n64]
02-13 10:10:02.274  2539  2854 D GlyphScraper:     LibRetro trying: https://thumbnails.libretro.com/Nintendo%20-%20Nintendo%2064/Named_Boxarts/Castlevania.png
02-13 10:10:02.274  2539  2619 E GlyphScraper: Scraping: 'Centre Court Tennis (E) [!].z64' -> cleaned: 'Centre Court Tennis' [n64]
02-13 10:10:02.275  2539  2619 D GlyphScraper:     LibRetro trying: https://thumbnails.libretro.com/Nintendo%20-%20Nintendo%2064/Named_Boxarts/Centre%20Court%20Tennis.png
02-13 10:10:02.276  2539  2620 E GlyphScraper: Scraping: 'Chameleon Twist 2 (U) [!].z64' -> cleaned: 'Chameleon Twist 2' [n64]
02-13 10:10:02.277  2539  2620 D GlyphScraper:     LibRetro trying: https://thumbnails.libretro.com/Nintendo%20-%20Nintendo%2064/Named_Boxarts/Chameleon%20Twist%202.png
02-13 10:10:02.277  2539  2878 E GlyphScraper: Scraping: 'Chameleon Twist (U) [!].z64' -> cleaned: 'Chameleon Twist' [n64]
02-13 10:10:02.277  2539  2878 D GlyphScraper:     LibRetro trying: https://thumbnails.libretro.com/Nintendo%20-%20Nintendo%2064/Named_Boxarts/Chameleon%20Twist.png
02-13 10:10:02.467  2539  2878 E GlyphScraper:   libretro -> no match, trying keyed APIs...
02-13 10:10:02.468  2539  2620 E GlyphScraper:   libretro -> no match, trying keyed APIs...
02-13 10:10:02.468  2539  2619 E GlyphScraper:   libretro -> no match, trying keyed APIs...
02-13 10:10:02.468  2539  2854 E GlyphScraper:   libretro -> no match, trying keyed APIs...
02-13 10:10:02.474  2539  2852 E GlyphScraper: Scrapers active: [rawg] (Keys: TGDB=false, RAWG=true, Moby=false)
02-13 10:10:02.474  2539  2875 E GlyphScraper: Scrapers active: [rawg] (Keys: TGDB=false, RAWG=true, Moby=false)
02-13 10:10:02.475  2539  2879 E GlyphScraper: Scrapers active: [rawg] (Keys: TGDB=false, RAWG=true, Moby=false)
02-13 10:10:02.476  2539  2620 E GlyphScraper: Scrapers active: [rawg] (Keys: TGDB=false, RAWG=true, Moby=false)
02-13 10:10:02.885  2539  2875 E GlyphScraper:   RAWG candidate: 'Kid Chameleon (1992)' score=0.4 (required > 0.4)
02-13 10:10:02.885  2539  2875 E GlyphScraper:   RAWG candidate: 'The Chameleon' score=0.33333334 (required > 0.4)
02-13 10:10:02.886  2539  2875 E GlyphScraper:   RAWG candidate: 'PixiCubes: Jigsaw with a Twist' score=0.24000001 (required > 0.4)
02-13 10:10:02.886  2539  2875 E GlyphScraper:   RAWG candidate: 'Twist' score=0.4 (required > 0.4)
02-13 10:10:02.886  2539  2875 E GlyphScraper:   RAWG candidate: 'Tyrant - A Twist of Fate' score=0.25500003 (required > 0.4)
02-13 10:10:02.886  2539  2875 E GlyphScraper:   RAWG candidate: 'Chameleon Run' score=0.53333336 (required > 0.4)
02-13 10:10:02.886  2539  2875 E GlyphScraper:   RAWG candidate: 'Anagraphs: A Word Game with a Twist' score=0.23809522 (required > 0.4)
02-13 10:10:02.886  2539  2875 E GlyphScraper:   RAWG candidate: 'Magic Twist: Twister Music Ball Game' score=0.10000002 (required > 0.4)
02-13 10:10:02.886  2539  2875 E GlyphScraper:   RAWG candidate: 'Twist Fingers' score=0.21333334 (required > 0.4)
02-13 10:10:02.886  2539  2875 E GlyphScraper:   RAWG candidate: 'Sonic Twist' score=0.37333333 (required > 0.4)
02-13 10:10:02.888  2539  2606 E GlyphScraper:   RAWG candidate: 'Castlevania: Symphony of the Night' score=0.19411767 (required > 0.4)
02-13 10:10:02.888  2539  2606 E GlyphScraper:   RAWG candidate: 'Castlevania: Grimoire of Souls' score=0.22000001 (required > 0.4)
02-13 10:10:02.888  2539  2606 E GlyphScraper:   RAWG candidate: 'Castlemania (Acytra)' score=0.3 (required > 0.4)
02-13 10:10:02.888  2539  2606 E GlyphScraper:   RAWG candidate: 'CastleMania (UFO GAMES)' score=0.2608696 (required > 0.4)
02-13 10:10:02.889  2539  2606 E GlyphScraper:   rawg -> no match
02-13 10:10:02.889  2539  2606 E GlyphScraper:   No results from any scraper
02-13 10:10:02.939  2539  2620 E GlyphScraper:   RAWG candidate: 'Kid Chameleon (1992)' score=0.37 (required > 0.4)
02-13 10:10:02.939  2539  2620 E GlyphScraper:   RAWG candidate: 'Syberia 2' score=0.14117646 (required > 0.4)
02-13 10:10:02.939  2539  2620 E GlyphScraper:   RAWG candidate: 'Sparkle 2' score=0.17647058 (required > 0.4)
02-13 10:10:02.939  2539  2620 E GlyphScraper:   RAWG candidate: 'Evoland 2' score=0.14117646 (required > 0.4)
02-13 10:10:02.940  2539  2620 E GlyphScraper:   RAWG candidate: 'Farm Frenzy 2' score=0.14117646 (required > 0.4)
02-13 10:10:02.940  2539  2620 E GlyphScraper:   RAWG candidate: 'Sparkle 2 Evo' score=0.14117646 (required > 0.4)
02-13 10:10:02.940  2539  2620 E GlyphScraper:   RAWG candidate: 'METAL SLUG 2' score=0.17647058 (required > 0.4)
02-13 10:10:02.940  2539  2620 E GlyphScraper:   RAWG candidate: 'Worms 2: Armageddon' score=0.031578936 (required > 0.4)
02-13 10:10:02.940  2539  2620 E GlyphScraper:   RAWG candidate: 'Small World 2' score=0.17647058 (required > 0.4)
02-13 10:10:02.940  2539  2620 E GlyphScraper:   RAWG candidate: 'Sonic the Hedgehog 2' score=0.08999999 (required > 0.4)
02-13 10:10:02.945  2539  2606 E GlyphScraper:   RAWG candidate: 'Tennis in the Face' score=0.19298244 (required > 0.4)
02-13 10:10:02.945  2539  2606 E GlyphScraper:   RAWG candidate: 'Cross Court Tennis 2' score=0.59000003 (required > 0.4)
02-13 10:10:02.945  2539  2606 E GlyphScraper:   RAWG candidate: '3D Tennis' score=0.32105267 (required > 0.4)
02-13 10:10:02.945  2539  2606 E GlyphScraper:   RAWG candidate: 'King's Court: Volume 1' score=0.21818183 (required > 0.4)
02-13 10:10:02.945  2539  2606 E GlyphScraper:   RAWG candidate: 'Stickman Tennis - Carrer' score=0.205 (required > 0.4)
02-13 10:10:02.945  2539  2606 E GlyphScraper:   RAWG candidate: 'Count Crunch's Candy' score=0.15 (required > 0.4)
02-13 10:10:02.946  2539  2606 E GlyphScraper:   RAWG candidate: 'Court Piece - My Rung & HOKM' score=0.1857143 (required > 0.4)
02-13 10:10:02.946  2539  2606 E GlyphScraper:   RAWG candidate: 'Affairs of the Court: Choice of Romance' score=0.16923076 (required > 0.4)
02-13 10:10:02.946  2539  2606 E GlyphScraper:   RAWG candidate: 'Court Piece' score=0.28947368 (required > 0.4)
02-13 10:10:02.946  2539  2606 E GlyphScraper:   RAWG candidate: 'Half Court' score=0.28947368 (required > 0.4)
02-13 10:10:03.188  2539  2875 D GlyphScraper:     RAWG match: 'Chameleon Run' (screenshot, not box art)
02-13 10:10:03.188  2539  2875 E GlyphScraper:   rawg -> title='Chameleon Run' hasImage=true
02-13 10:10:03.209  2539  2606 D GlyphScraper:     RAWG match: 'Cross Court Tennis 2' (screenshot, not box art)
02-13 10:10:03.209  2539  2606 E GlyphScraper:   rawg -> title='Cross Court Tennis 2' hasImage=true
02-13 10:10:03.242  2539  2606 E GlyphScraper:   RAWG candidate: 'Kid Chameleon (1992)' score=0.37 (required > 0.4)
02-13 10:10:03.243  2539  2606 E GlyphScraper:   RAWG candidate: 'The Chameleon' score=0.3098039 (required > 0.4)
02-13 10:10:03.243  2539  2606 E GlyphScraper:   RAWG candidate: 'PixiCubes: Jigsaw with a Twist' score=0.2 (required > 0.4)
02-13 10:10:03.243  2539  2606 E GlyphScraper:   RAWG candidate: 'Twist' score=0.37647057 (required > 0.4)
02-13 10:10:03.243  2539  2606 E GlyphScraper:   RAWG candidate: 'Tyrant - A Twist of Fate' score=0.28 (required > 0.4)
02-13 10:10:03.243  2539  2606 E GlyphScraper:   RAWG candidate: 'Chameleon Run' score=0.48627448 (required > 0.4)
02-13 10:10:03.243  2539  2606 E GlyphScraper:   RAWG candidate: 'Anagraphs: A Word Game with a Twist' score=0.20380953 (required > 0.4)
02-13 10:10:03.243  2539  2606 E GlyphScraper:   RAWG candidate: 'Magic Twist: Twister Music Ball Game' score=0.11666665 (required > 0.4)
02-13 10:10:03.243  2539  2606 E GlyphScraper:   RAWG candidate: 'Twist Fingers' score=0.20392157 (required > 0.4)
02-13 10:10:03.243  2539  2606 E GlyphScraper:   RAWG candidate: 'Sonic Twist' score=0.34509805 (required > 0.4)
02-13 10:10:03.275  2539  2606 D GlyphScraper:     RAWG match: 'Chameleon Run' (screenshot, not box art)
02-13 10:10:03.275  2539  2606 E GlyphScraper:   rawg -> title='Chameleon Run' hasImage=true
02-13 10:10:03.481  2539  2874 E GlyphScraper: Scraping: 'Charlie Blast's Territory (U) [!].z64' -> cleaned: 'Charlie Blast's Territory' [n64]
02-13 10:10:03.481  2539  2880 E GlyphScraper: Scraping: 'Clay Fighter 63 1-3 (U) [!].z64' -> cleaned: 'Clay Fighter 63 1 3' [n64]
02-13 10:10:03.481  2539  2874 D GlyphScraper:     LibRetro trying: https://thumbnails.libretro.com/Nintendo%20-%20Nintendo%2064/Named_Boxarts/Charlie%20Blast%27s%20Territory.png
02-13 10:10:03.482  2539  2875 E GlyphScraper: Scraping: 'Clay Fighter - Sculptor's Cut (U) [!].z64' -> cleaned: 'Clay Fighter Sculptor's Cut' [n64]
02-13 10:10:03.482  2539  2875 D GlyphScraper:     LibRetro trying: https://thumbnails.libretro.com/Nintendo%20-%20Nintendo%2064/Named_Boxarts/Clay%20Fighter%20Sculptor%27s%20Cut.png
02-13 10:10:03.482  2539  2880 D GlyphScraper:     LibRetro trying: https://thumbnails.libretro.com/Nintendo%20-%20Nintendo%2064/Named_Boxarts/Clay%20Fighter%2063%201%203.png
02-13 10:10:03.483  2539  2852 E GlyphScraper: Scraping: 'Chopper Attack (U) [!].z64' -> cleaned: 'Chopper Attack' [n64]
02-13 10:10:03.484  2539  2852 D GlyphScraper:     LibRetro trying: https://thumbnails.libretro.com/Nintendo%20-%20Nintendo%2064/Named_Boxarts/Chopper%20Attack.png
02-13 10:10:03.548  2539  2880 E GlyphScraper:   libretro -> no match, trying keyed APIs...
02-13 10:10:03.548  2539  2874 E GlyphScraper:   libretro -> no match, trying keyed APIs...
02-13 10:10:03.549  2539  2852 E GlyphScraper:   libretro -> no match, trying keyed APIs...
02-13 10:10:03.550  2539  2875 E GlyphScraper:   libretro -> no match, trying keyed APIs...
02-13 10:10:03.554  2539  2604 E GlyphScraper: Scrapers active: [rawg] (Keys: TGDB=false, RAWG=true, Moby=false)
02-13 10:10:03.555  2539  2974 E GlyphScraper: Scrapers active: [rawg] (Keys: TGDB=false, RAWG=true, Moby=false)
02-13 10:10:03.558  2539  2974 E GlyphScraper: Scrapers active: [rawg] (Keys: TGDB=false, RAWG=true, Moby=false)
02-13 10:10:03.559  2539  2622 E GlyphScraper: Scrapers active: [rawg] (Keys: TGDB=false, RAWG=true, Moby=false)
02-13 10:10:04.115  2539  2622 E GlyphScraper:   RAWG candidate: 'Serious Sam: Kamikaze Attack!' score=0.16551727 (required > 0.4)
02-13 10:10:04.115  2539  2622 E GlyphScraper:   RAWG candidate: 'iBomber Attack' score=0.5619048 (required > 0.4)
02-13 10:10:04.115  2539  2622 E GlyphScraper:   RAWG candidate: 'Crossy Road - Endless Arcade Hopper' score=0.10285714 (required > 0.4)
02-13 10:10:04.115  2539  2622 E GlyphScraper:   RAWG candidate: 'Chopper Stopper' score=0.49333334 (required > 0.4)
02-13 10:10:04.115  2539  2622 E GlyphScraper:   RAWG candidate: 'Stack' score=0.17142856 (required > 0.4)
02-13 10:10:04.116  2539  2622 E GlyphScraper:   RAWG candidate: 'Otaku's attack' score=0.43333334 (required > 0.4)
02-13 10:10:04.116  2539  2622 E GlyphScraper:   RAWG candidate: 'Snap Attack' score=0.47619045 (required > 0.4)
02-13 10:10:04.116  2539  2622 E GlyphScraper:   RAWG candidate: 'The Nightmare Cooperative' score=0.12 (required > 0.4)
02-13 10:10:04.116  2539  2622 E GlyphScraper:   RAWG candidate: 'Panic Attack (itch)' score=0.25789475 (required > 0.4)
02-13 10:10:04.116  2539  2622 E GlyphScraper:   RAWG candidate: 'Ani-Hopper' score=0.12857145 (required > 0.4)
02-13 10:10:04.121  2539  2876 E GlyphScraper:   RAWG candidate: 'Fighter X-1' score=0.38421053 (required > 0.4)
02-13 10:10:04.121  2539  2876 E GlyphScraper:   RAWG candidate: 'Samorost 3' score=0.12631577 (required > 0.4)
02-13 10:10:04.121  2539  2876 E GlyphScraper:   RAWG candidate: 'THE KING OF FIGHTERS '98' score=0.17500001 (required > 0.4)
02-13 10:10:04.121  2539  2876 E GlyphScraper:   RAWG candidate: 'Sorcery! Part 3' score=0.094736844 (required > 0.4)
02-13 10:10:04.121  2539  2876 E GlyphScraper:   RAWG candidate: 'Cally's Caves 3' score=0.15789475 (required > 0.4)
02-13 10:10:04.122  2539  2876 E GlyphScraper:   RAWG candidate: 'THE KING OF FIGHTERS '97' score=0.17500001 (required > 0.4)
02-13 10:10:04.122  2539  2876 E GlyphScraper:   RAWG candidate: 'Sparkle 3 Genesis' score=0.031578936 (required > 0.4)
02-13 10:10:04.122  2539  2876 E GlyphScraper:   RAWG candidate: 'Sentinel 3: Homeworld' score=0.0 (required > 0.4)
02-13 10:10:04.122  2539  2876 E GlyphScraper:   RAWG candidate: 'Play with Gwen' score=0.22105266 (required > 0.4)
02-13 10:10:04.122  2539  2876 E GlyphScraper:   RAWG candidate: 'The Banner Saga 3' score=0.18947369 (required > 0.4)
02-13 10:10:04.122  2539  2605 E GlyphScraper:   RAWG candidate: 'Q.U.B.E: Director's Cut' score=0.31111112 (required > 0.4)
02-13 10:10:04.122  2539  2605 E GlyphScraper:   RAWG candidate: 'Organ Trail: Director's Cut' score=0.3015873 (required > 0.4)
02-13 10:10:04.123  2539  2605 E GlyphScraper:   RAWG candidate: 'Shadowrun: Dragonfall - Director's Cut' score=0.26240602 (required > 0.4)
02-13 10:10:04.123  2539  2605 E GlyphScraper:   RAWG candidate: 'Slayaway Camp: Butcher's Cut' score=0.29285714 (required > 0.4)
02-13 10:10:04.124  2539  2605 E GlyphScraper:   RAWG candidate: 'Cut the Rope' score=0.19999999 (required > 0.4)
02-13 10:10:04.124  2539  2605 E GlyphScraper:   RAWG candidate: 'THE KING OF FIGHTERS '98' score=0.15555558 (required > 0.4)
02-13 10:10:04.124  2539  2605 E GlyphScraper:   RAWG candidate: 'THE KING OF FIGHTERS '97' score=0.15555558 (required > 0.4)
02-13 10:10:04.125  2539  2605 E GlyphScraper:   RAWG candidate: 'Play with Gwen' score=0.15555558 (required > 0.4)
02-13 10:10:04.125  2539  2605 E GlyphScraper:   RAWG candidate: 'Broken Sword 1 - Shadow of the Templars (The Director's Cut)' score=0.17000002 (required > 0.4)
02-13 10:10:04.126  2539  2605 E GlyphScraper:   RAWG candidate: 'Animal Jam - Play Wild!' score=0.06666666 (required > 0.4)
02-13 10:10:04.128  2539  2876 E GlyphScraper:   RAWG candidate: 'Candy Blast' score=0.192 (required > 0.4)
02-13 10:10:04.128  2539  2876 E GlyphScraper:   RAWG candidate: 'Plants vs. Zombies' score=0.12 (required > 0.4)
02-13 10:10:04.128  2539  2876 E GlyphScraper:   RAWG candidate: 'A Night at Charlie's Daycare' score=0.08571428 (required > 0.4)
02-13 10:10:04.128  2539  2876 E GlyphScraper:   RAWG candidate: 'The Elder Scrolls: Blades' score=0.072000004 (required > 0.4)
02-13 10:10:04.128  2539  2876 E GlyphScraper:   RAWG candidate: 'Doomsday: Last Survivors' score=0.192 (required > 0.4)
02-13 10:10:04.128  2539  2876 E GlyphScraper:   RAWG candidate: 'Altered Beast (1988)' score=0.14400001 (required > 0.4)
02-13 10:10:04.128  2539  2876 E GlyphScraper:   RAWG candidate: 'Charlie Charlie Challenge' score=0.34 (required > 0.4)
02-13 10:10:04.128  2539  2876 E GlyphScraper:   RAWG candidate: 'Almightree: The Last Dreamer' score=0.12857145 (required > 0.4)
02-13 10:10:04.129  2539  2876 E GlyphScraper:   RAWG candidate: 'Plants vs. Zombies GOTY Edition' score=0.13548389 (required > 0.4)
02-13 10:10:04.129  2539  2876 E GlyphScraper:   RAWG candidate: 'The Last Door - Collector's Edition' score=0.15428571 (required > 0.4)
02-13 10:10:04.130  2539  2876 E GlyphScraper:   rawg -> no match
02-13 10:10:04.130  2539  2876 E GlyphScraper:   No results from any scraper
02-13 10:10:04.447  2539  2622 D GlyphScraper:     RAWG match: 'iBomber Attack' (screenshot, not box art)
02-13 10:10:04.448  2539  2622 E GlyphScraper:   rawg -> title='iBomber Attack' hasImage=true
02-13 10:10:04.475  2539  2622 E GlyphScraper:   RAWG candidate: 'THE KING OF FIGHTERS '98' score=0.17500001 (required > 0.4)
02-13 10:10:04.475  2539  2622 E GlyphScraper:   RAWG candidate: 'THE KING OF FIGHTERS '97' score=0.17500001 (required > 0.4)
02-13 10:10:04.475  2539  2622 E GlyphScraper:   RAWG candidate: 'Play with Gwen' score=0.22105266 (required > 0.4)
02-13 10:10:04.475  2539  2622 E GlyphScraper:   RAWG candidate: 'Animal Jam - Play Wild!' score=0.07826089 (required > 0.4)
02-13 10:10:04.475  2539  2622 E GlyphScraper:   RAWG candidate: 'Balloon Fight (1985)' score=0.18 (required > 0.4)
02-13 10:10:04.475  2539  2622 E GlyphScraper:   RAWG candidate: 'Stick Fight: The Game' score=0.2 (required > 0.4)
02-13 10:10:04.476  2539  2622 E GlyphScraper:   RAWG candidate: 'Slay the Spire' score=0.22105266 (required > 0.4)
02-13 10:10:04.476  2539  2622 E GlyphScraper:   RAWG candidate: 'Plug & Play' score=0.094736844 (required > 0.4)
02-13 10:10:04.476  2539  2622 E GlyphScraper:   RAWG candidate: 'Shadow Fight 2' score=0.18947369 (required > 0.4)
02-13 10:10:04.476  2539  2622 E GlyphScraper:   RAWG candidate: 'Clash of Clans' score=0.15789475 (required > 0.4)
02-13 10:10:04.477  2539  2622 E GlyphScraper:   rawg -> no match
02-13 10:10:04.477  2539  2622 E GlyphScraper:   No results from any scraper
02-13 10:10:04.506  2539  2605 E GlyphScraper:   RAWG candidate: 'THE KING OF FIGHTERS '98' score=0.15555558 (required > 0.4)
02-13 10:10:04.506  2539  2605 E GlyphScraper:   RAWG candidate: 'THE KING OF FIGHTERS '97' score=0.15555558 (required > 0.4)
02-13 10:10:04.506  2539  2605 E GlyphScraper:   RAWG candidate: 'Play with Gwen' score=0.15555558 (required > 0.4)
02-13 10:10:04.506  2539  2605 E GlyphScraper:   RAWG candidate: 'Animal Jam - Play Wild!' score=0.06666666 (required > 0.4)
02-13 10:10:04.506  2539  2605 E GlyphScraper:   RAWG candidate: 'SculptrVR' score=0.15555558 (required > 0.4)
02-13 10:10:04.507  2539  2605 E GlyphScraper:   RAWG candidate: 'Balloon Fight (1985)' score=0.11111112 (required > 0.4)
02-13 10:10:04.507  2539  2605 E GlyphScraper:   RAWG candidate: 'Stick Fight: The Game' score=0.15555558 (required > 0.4)
02-13 10:10:04.507  2539  2605 E GlyphScraper:   RAWG candidate: 'Slay the Spire' score=0.22222224 (required > 0.4)
02-13 10:10:04.507  2539  2605 E GlyphScraper:   RAWG candidate: 'Plug & Play' score=0.088888876 (required > 0.4)
02-13 10:10:04.507  2539  2605 E GlyphScraper:   RAWG candidate: 'Shadow Fight 2' score=0.13333333 (required > 0.4)
02-13 10:10:04.508  2539  2605 E GlyphScraper:   rawg -> no match
02-13 10:10:04.508  2539  2605 E GlyphScraper:   No results from any scraper
02-13 10:10:04.711  2539  2605 E GlyphScraper: Scraping: 'Conker's Bad Fur Day (U) [!].z64' -> cleaned: 'Conker's Bad Fur Day' [n64]
02-13 10:10:04.712  2539  2974 E GlyphScraper: Scraping: 'Command & Conquer (U) [!].z64' -> cleaned: 'Command & Conquer' [n64]
02-13 10:10:04.712  2539  2874 E GlyphScraper: Scraping: 'Cruis'n Exotica (U) [!].z64' -> cleaned: 'Cruis'n Exotica' [n64]
02-13 10:10:04.713  2539  2974 D GlyphScraper:     LibRetro trying: https://thumbnails.libretro.com/Nintendo%20-%20Nintendo%2064/Named_Boxarts/Command%20_%20Conquer.png
02-13 10:10:04.713  2539  2873 E GlyphScraper: Scraping: 'Cruis'n USA (U) (V1.2) [!].z64' -> cleaned: 'Cruis'n USA' [n64]
02-13 10:10:04.714  2539  2605 D GlyphScraper:     LibRetro trying: https://thumbnails.libretro.com/Nintendo%20-%20Nintendo%2064/Named_Boxarts/Conker%27s%20Bad%20Fur%20Day.png
02-13 10:10:04.714  2539  2873 D GlyphScraper:     LibRetro trying: https://thumbnails.libretro.com/Nintendo%20-%20Nintendo%2064/Named_Boxarts/Cruis%27n%20USA.png
02-13 10:10:04.715  2539  2874 D GlyphScraper:     LibRetro trying: https://thumbnails.libretro.com/Nintendo%20-%20Nintendo%2064/Named_Boxarts/Cruis%27n%20Exotica.png
02-13 10:10:08.170  2539  2605 E GlyphScraper:   libretro -> no match, trying keyed APIs...
02-13 10:10:08.171  2539  2874 E GlyphScraper:   libretro -> no match, trying keyed APIs...
02-13 10:10:08.172  2539  2974 E GlyphScraper:   libretro -> no match, trying keyed APIs...
02-13 10:10:08.176  2539  2606 E GlyphScraper: Scrapers active: [rawg] (Keys: TGDB=false, RAWG=true, Moby=false)
02-13 10:10:08.176  2539  2873 E GlyphScraper:   libretro -> no match, trying keyed APIs...
02-13 10:10:08.177  2539  2853 E GlyphScraper: Scrapers active: [rawg] (Keys: TGDB=false, RAWG=true, Moby=false)
02-13 10:10:08.181  2539  2879 E GlyphScraper: Scrapers active: [rawg] (Keys: TGDB=false, RAWG=true, Moby=false)
02-13 10:10:08.184  2539  2853 E GlyphScraper: Scrapers active: [rawg] (Keys: TGDB=false, RAWG=true, Moby=false)
02-13 10:10:09.137  2539  2853 E GlyphScraper:   RAWG candidate: 'Crush Your Enemies' score=0.13333333 (required > 0.4)
02-13 10:10:09.137  2539  2853 E GlyphScraper:   RAWG candidate: 'Candy Crush Saga' score=0.15 (required > 0.4)
02-13 10:10:09.137  2539  2853 E GlyphScraper:   RAWG candidate: 'Farm Invasion USA - Premium' score=0.25777778 (required > 0.4)
02-13 10:10:09.138  2539  2853 E GlyphScraper:   RAWG candidate: 'Chef Solitaire: USA TriPeaks' score=0.20857146 (required > 0.4)
02-13 10:10:09.138  2539  2853 E GlyphScraper:   RAWG candidate: 'Strategy & Tactics:USSR vs USA' score=0.22000003 (required > 0.4)
02-13 10:10:09.138  2539  2853 E GlyphScraper:   RAWG candidate: 'USA President Fighter - Trump Boxing' score=0.15 (required > 0.4)
02-13 10:10:09.138  2539  2853 E GlyphScraper:   RAWG candidate: 'Farming USA' score=0.40606064 (required > 0.4)
02-13 10:10:09.138  2539  2853 E GlyphScraper:   RAWG candidate: 'Pulling USA' score=0.40606064 (required > 0.4)
02-13 10:10:09.138  2539  2853 E GlyphScraper:   RAWG candidate: 'Zombieville USA' score=0.33333334 (required > 0.4)
02-13 10:10:09.138  2539  2853 E GlyphScraper:   RAWG candidate: 'Hunting USA' score=0.40606064 (required > 0.4)
02-13 10:10:09.139  2539  2876 E GlyphScraper:   RAWG candidate: 'Crush Your Enemies' score=0.2 (required > 0.4)
02-13 10:10:09.139  2539  2876 E GlyphScraper:   RAWG candidate: 'Candy Crush Saga' score=0.075 (required > 0.4)
02-13 10:10:09.139  2539  2876 E GlyphScraper:   RAWG candidate: 'Delicious - Emily's Honeymoon Cruise' score=0.13333333 (required > 0.4)
02-13 10:10:09.139  2539  2876 E GlyphScraper:   RAWG candidate: 'Cruise On' score=0.28 (required > 0.4)
02-13 10:10:09.139  2539  2876 E GlyphScraper:   RAWG candidate: 'Lowriders Comeback 2: Cruising' score=0.08 (required > 0.4)
02-13 10:10:09.139  2539  2876 E GlyphScraper:   RAWG candidate: 'ONE PIECE TREASURE CRUISE' score=0.09600002 (required > 0.4)
02-13 10:10:09.139  2539  2876 E GlyphScraper:   RAWG candidate: 'My Exotic Farm - Safari Farm' score=0.08571428 (required > 0.4)
02-13 10:10:09.139  2539  2876 E GlyphScraper:   RAWG candidate: 'Fruit Cruise' score=0.2 (required > 0.4)
02-13 10:10:09.139  2539  2876 E GlyphScraper:   RAWG candidate: 'Sand Cruiser - ÏÀÏ╣Ï│ Ïº┘äÏ¬Ï¡Ï»┘è' score=0.14400001 (required > 0.4)
02-13 10:10:09.139  2539  2876 E GlyphScraper:   RAWG candidate: 'Cruisin' for a Word that Rhymes With Cruisin'' score=0.14666666 (required > 0.4)
02-13 10:10:09.140  2539  2876 E GlyphScraper:   rawg -> no match
02-13 10:10:09.140  2539  2876 E GlyphScraper:   No results from any scraper
02-13 10:10:09.148  2539  2876 E GlyphScraper:   RAWG candidate: 'Lightning: D-Day' score=0.12 (required > 0.4)
02-13 10:10:09.148  2539  2876 E GlyphScraper:   RAWG candidate: 'Bad Piggies' score=0.2 (required > 0.4)
02-13 10:10:09.148  2539  2876 E GlyphScraper:   RAWG candidate: 'Bad Hotel' score=0.2 (required > 0.4)
02-13 10:10:09.148  2539  2876 E GlyphScraper:   RAWG candidate: 'Bad North' score=0.23000002 (required > 0.4)
02-13 10:10:09.148  2539  2876 E GlyphScraper:   RAWG candidate: 'OPUS: The Day We Found Earth' score=0.19444445 (required > 0.4)
02-13 10:10:09.148  2539  2876 E GlyphScraper:   RAWG candidate: 'BAD 2 BAD: EXTINCTION' score=0.12380953 (required > 0.4)
02-13 10:10:09.148  2539  2876 E GlyphScraper:   RAWG candidate: 'Mythic Wonders: The Philosopher's Stone' score=0.13846153 (required > 0.4)
02-13 10:10:09.148  2539  2876 E GlyphScraper:   RAWG candidate: 'Persian Nights: Sands of Wonders' score=0.15 (required > 0.4)
02-13 10:10:09.148  2539  2876 E GlyphScraper:   RAWG candidate: 'CatHotel VR: Fur-tual Reality' score=0.18620689 (required > 0.4)
02-13 10:10:09.149  2539  2876 E GlyphScraper:   RAWG candidate: '80 Days' score=0.08999999 (required > 0.4)
02-13 10:10:09.150  2539  2876 E GlyphScraper:   RAWG candidate: 'Command & Conquer: Rivals' score=0.508 (required > 0.4)
02-13 10:10:09.151  2539  2876 E GlyphScraper:   RAWG candidate: 'Rapture - World Conquest' score=0.2 (required > 0.4)
02-13 10:10:09.151  2539  2876 E GlyphScraper:   RAWG candidate: 'Age of Heroes: Conquest' score=0.20869565 (required > 0.4)
02-13 10:10:09.151  2539  2876 E GlyphScraper:   RAWG candidate: 'Warhammer: Chaos And Conquest' score=0.22758622 (required > 0.4)
02-13 10:10:09.152  2539  2876 E GlyphScraper:   RAWG candidate: 'War Planet Online: Global Conquest' score=0.17647058 (required > 0.4)
02-13 10:10:09.152  2539  2876 E GlyphScraper:   RAWG candidate: 'Limbus Company' score=0.14117646 (required > 0.4)
02-13 10:10:09.152  2539  2876 E GlyphScraper:   RAWG candidate: 'Command and Conquer Rivals' score=0.56923074 (required > 0.4)
02-13 10:10:09.152  2539  2876 E GlyphScraper:   RAWG candidate: 'Epic Conquest 2' score=0.14117646 (required > 0.4)
02-13 10:10:09.152  2539  2876 E GlyphScraper:   RAWG candidate: 'Age of Conquest IV' score=0.16666669 (required > 0.4)
02-13 10:10:09.152  2539  2876 E GlyphScraper:   RAWG candidate: 'Conquest of Elysium 3' score=0.14285713 (required > 0.4)
02-13 10:10:09.337  2539  2853 D GlyphScraper:     RAWG match: 'Farming USA' (screenshot, not box art)
02-13 10:10:09.337  2539  2853 E GlyphScraper:   rawg -> title='Farming USA' hasImage=true
02-13 10:10:09.368  2539  2880 E GlyphScraper:   RAWG candidate: 'Bad Piggies' score=0.2 (required > 0.4)
02-13 10:10:09.368  2539  2880 E GlyphScraper:   RAWG candidate: 'Bad Hotel' score=0.2 (required > 0.4)
02-13 10:10:09.368  2539  2880 E GlyphScraper:   RAWG candidate: 'Bad North' score=0.23000002 (required > 0.4)
02-13 10:10:09.368  2539  2880 E GlyphScraper:   RAWG candidate: 'BAD 2 BAD: EXTINCTION' score=0.12380953 (required > 0.4)
02-13 10:10:09.368  2539  2880 E GlyphScraper:   RAWG candidate: 'Mythic Wonders: The Philosopher's Stone' score=0.13846153 (required > 0.4)
02-13 10:10:09.368  2539  2880 E GlyphScraper:   RAWG candidate: 'Persian Nights: Sands of Wonders' score=0.15 (required > 0.4)
02-13 10:10:09.368  2539  2880 E GlyphScraper:   RAWG candidate: 'CatHotel VR: Fur-tual Reality' score=0.18620689 (required > 0.4)
02-13 10:10:09.368  2539  2880 E GlyphScraper:   RAWG candidate: 'That Dragon, Cancer' score=0.030000009 (required > 0.4)
02-13 10:10:09.369  2539  2880 E GlyphScraper:   RAWG candidate: 'Rick's Bad Connection' score=0.23809522 (required > 0.4)
02-13 10:10:09.369  2539  2880 E GlyphScraper:   RAWG candidate: 'Society Fur' score=0.26000002 (required > 0.4)
02-13 10:10:09.370  2539  2880 E GlyphScraper:   rawg -> no match
02-13 10:10:09.370  2539  2880 E GlyphScraper:   No results from any scraper
02-13 10:10:09.475  2539  2876 D GlyphScraper:     RAWG match: 'Command and Conquer Rivals' (screenshot, not box art)
02-13 10:10:09.475  2539  2876 E GlyphScraper:   rawg -> title='Command and Conquer Rivals' hasImage=true
02-13 10:10:09.680  2539  2876 E GlyphScraper: Scraping: 'CyberTiger (U) [!].z64' -> cleaned: 'CyberTiger' [n64]
02-13 10:10:09.680  2539  2880 E GlyphScraper: Scraping: 'Cruis'n World (U) [!].z64' -> cleaned: 'Cruis'n World' [n64]
02-13 10:10:09.681  2539  2876 D GlyphScraper:     LibRetro trying: https://thumbnails.libretro.com/Nintendo%20-%20Nintendo%2064/Named_Boxarts/CyberTiger.png
02-13 10:10:09.681  2539  2880 D GlyphScraper:     LibRetro trying: https://thumbnails.libretro.com/Nintendo%20-%20Nintendo%2064/Named_Boxarts/Cruis%27n%20World.png
02-13 10:10:09.682  2539  2875 E GlyphScraper: Scraping: 'Cruis'n USA (U) [!].z64' -> cleaned: 'Cruis'n USA' [n64]
02-13 10:10:09.683  2539  2875 D GlyphScraper:     LibRetro trying: https://thumbnails.libretro.com/Nintendo%20-%20Nintendo%2064/Named_Boxarts/Cruis%27n%20USA.png
02-13 10:10:09.686  2539  2874 E GlyphScraper: Scraping: 'Dark Rift (U) [!].z64' -> cleaned: 'Dark Rift' [n64]
02-13 10:10:09.687  2539  2874 D GlyphScraper:     LibRetro trying: https://thumbnails.libretro.com/Nintendo%20-%20Nintendo%2064/Named_Boxarts/Dark%20Rift.png
02-13 10:10:12.679  2539  2875 E GlyphScraper:   libretro -> no match, trying keyed APIs...
02-13 10:10:12.679  2539  2874 E GlyphScraper:   libretro -> no match, trying keyed APIs...
02-13 10:10:12.679  2539  2876 E GlyphScraper:   libretro -> no match, trying keyed APIs...
